****************************************
Report : Switching Activity
	-average_activity
	-hierarchy
Design : HV2M23_digital_top
Version: M-2017.06-SP3-3
Date   : Wed Jul 29 17:09:33 2026
****************************************

 Switching Activities per period is with respect to time period 31000.000000 ns
 Simulation time for toggle count is 31000 ns
------------------------------------------------------------------------------------------------------------------------
Object                            Toggle Count       Toggle Rate      Glitch Count   Glitch Rate      # Nets
                                  Per Net            Per Period       Per Net        Per Period       Included
                                                     Per Net                         Per Net          
------------------------------------------------------------------------------------------------------------------------
HV2M23_digital_top                344.46             0.011            0.13           4.3e-06          10201
APR_CDM_10                        0                  0                0              0                0
APR_CDM_11                        0                  0                0              0                0
APR_CDM_12                        0                  0                0              0                0
APR_CDM_13                        0                  0                0              0                0
APR_CDM_14                        0                  0                0              0                0
APR_CDM_15                        0                  0                0              0                0
APR_CDM_16                        0                  0                0              0                0
APR_CDM_17                        0                  0                0              0                0
APR_CDM_18                        0                  0                0              0                0
APR_CDM_19                        0                  0                0              0                0
APR_CDM_20                        0                  0                0              0                0
APR_CDM_21                        0                  0                0              0                0
APR_CDM_22                        0                  0                0              0                0
APR_CDM_23                        0                  0                0              0                0
APR_CDM_24                        0                  0                0              0                0
APR_CDM_25                        0                  0                0              0                0
APR_CDM_26                        0                  0                0              0                0
APR_CDM_27                        0                  0                0              0                0
APR_CDM_28                        0                  0                0              0                0
APR_CDM_29                        0                  0                0              0                0
APR_CDM_30                        0                  0                0              0                0
APR_CDM_31                        0                  0                0              0                0
APR_CDM_32                        0                  0                0              0                0
APR_CDM_33                        0                  0                0              0                0
APR_CDM_34                        0                  0                0              0                0
APR_CDM_35                        0                  0                0              0                0
APR_CDM_36                        0                  0                0              0                0
APR_CDM_37                        0                  0                0              0                0
APR_CDM_38                        0                  0                0              0                0
APR_CDM_39                        0                  0                0              0                0
APR_CDM_40                        0                  0                0              0                0
APR_CDM_41                        0                  0                0              0                0
APR_CDM_42                        0                  0                0              0                0
APR_CDM_43                        0                  0                0              0                0
APR_CDM_44                        0                  0                0              0                0
APR_CDM_45                        0                  0                0              0                0
APR_CDM_46                        0                  0                0              0                0
APR_CDM_47                        0                  0                0              0                0
APR_CDM_48                        0                  0                0              0                0
APR_CDM_49                        0                  0                0              0                0
APR_CDM_50                        0                  0                0              0                0
APR_CDM_51                        0                  0                0              0                0
u_LOGIC_CENTER                    365.70             0.012            0.14           4.6e-06          9403
u_LOGIC_CENTER/DRA_OBUF           0.40               1.3e-05          0              0                25
u_LOGIC_CENTER/CLKGEN_U0          4787.09            0.15             0              0                116
u_LOGIC_CENTER/CLKGEN_U0/U_DCLK0_OD_DIV2 5335.50     0.17             0              0                6
u_LOGIC_CENTER/CLKGEN_U0/U_DCLK0_DIV1P5 3063.35      0.099            0              0                23
u_LOGIC_CENTER/CLKGEN_U0/CG_CELL_SETTING_DCLK0_DIV 1067 0.034         0              0                4
u_LOGIC_CENTER/CLKGEN_U0/U_DCLK0_OD_DIV1P5 8847.93   0.29             0              0                41
u_LOGIC_CENTER/CLKGEN_U1          4317.71            0.14             0              0                85
u_LOGIC_CENTER/CLKGEN_U1/U_DCLK1_DIV1P5 3037.88      0.098            0              0                26
u_LOGIC_CENTER/CLKGEN_U1/U_DCLK1_OD_DIV1P5 5638.25   0.18             0              0                28
u_LOGIC_CENTER/CLKGEN_U1/U_DCLK1_OD_DIV2 0           0                0              0                7
u_LOGIC_CENTER/PAD_INBUF          0                  0                0              0                12
u_LOGIC_CENTER/PAD_INBUF/SDA_DLY_BUF 0               0                0              0                9
u_LOGIC_CENTER/GMA_OBUF           0.29               9.2e-06          0              0                21
u_LOGIC_CENTER/I2C_CTL            1.31               4.2e-05          0              0                226
u_LOGIC_CENTER/I2C_CTL/I2C_EN_CTL 0                  0                0              0                35
u_LOGIC_CENTER/I2C_CTL/I2C_ST     1.49               4.8e-05          0              0                199
u_LOGIC_CENTER/I2C_CTL/I2C_ST/SNPS_CG_CELL_SCL_INV_REG_DATA_reg_0 0 0 0              0                4
u_LOGIC_CENTER/I2C_CTL/I2C_CLK_GEN 0                 0                0              0                12
u_LOGIC_CENTER/DC_INBUF           0                  0                0              0                15
u_LOGIC_CENTER/INBUF_U0           836.31             0.027            0              0                39
u_LOGIC_CENTER/INBUF_U0/DLY_INDATA0_9 412            0.013            0              0                2
u_LOGIC_CENTER/INBUF_U0/DLY_INDATA0_10 552           0.018            0              0                2
u_LOGIC_CENTER/INBUF_U0/DLY_INDATA0_11 2976          0.096            0              0                2
u_LOGIC_CENTER/INBUF_U0/DLY_INDATA0_12 1488          0.048            0              0                2
u_LOGIC_CENTER/INBUF_U0/DLY_INDATA0_13 924           0.03             0              0                2
u_LOGIC_CENTER/INBUF_U0/DLY_INDATA0_0 422            0.014            0              0                2
u_LOGIC_CENTER/INBUF_U0/DLY_INDATA0_14 652           0.021            0              0                2
u_LOGIC_CENTER/INBUF_U0/DLY_INDATA0_1 552            0.018            0              0                2
u_LOGIC_CENTER/INBUF_U0/DLY_INDATA0_2 2986           0.096            0              0                2
u_LOGIC_CENTER/INBUF_U0/DLY_INDATA0_15 283           0.0091           0              0                2
u_LOGIC_CENTER/INBUF_U0/DLY_INDATA0_16 471           0.015            0              0                2
u_LOGIC_CENTER/INBUF_U0/DLY_INDATA0_3 1498           0.048            0              0                2
u_LOGIC_CENTER/INBUF_U0/DLY_INDATA0_17 371           0.012            0              0                2
u_LOGIC_CENTER/INBUF_U0/DLY_INDATA0_4 944            0.03             0              0                2
u_LOGIC_CENTER/INBUF_U0/DLY_INDATA0_5 652            0.021            0              0                2
u_LOGIC_CENTER/INBUF_U0/DLY_INDATA0_6 283            0.0091           0              0                2
u_LOGIC_CENTER/INBUF_U0/DLY_INDATA0_7 461            0.015            0              0                2
u_LOGIC_CENTER/INBUF_U0/DLY_INDATA0_8 381            0.012            0              0                2
u_LOGIC_CENTER/INBUF_U1           0                  0                0              0                36
u_LOGIC_CENTER/INBUF_U1/DLY_INDATA1_16 0             0                0              0                2
u_LOGIC_CENTER/INBUF_U1/DLY_INDATA1_17 0             0                0              0                2
u_LOGIC_CENTER/INBUF_U1/DLY_INDATA1_0 0              0                0              0                2
u_LOGIC_CENTER/INBUF_U1/DLY_INDATA1_1 0              0                0              0                2
u_LOGIC_CENTER/INBUF_U1/DLY_INDATA1_2 0              0                0              0                2
u_LOGIC_CENTER/INBUF_U1/DLY_INDATA1_3 0              0                0              0                2
u_LOGIC_CENTER/INBUF_U1/DLY_INDATA1_4 0              0                0              0                2
u_LOGIC_CENTER/INBUF_U1/DLY_INDATA1_5 0              0                0              0                2
u_LOGIC_CENTER/INBUF_U1/DLY_INDATA1_6 0              0                0              0                2
u_LOGIC_CENTER/INBUF_U1/DLY_INDATA1_7 0              0                0              0                2
u_LOGIC_CENTER/INBUF_U1/DLY_INDATA1_10 0             0                0              0                2
u_LOGIC_CENTER/INBUF_U1/DLY_INDATA1_8 0              0                0              0                2
u_LOGIC_CENTER/INBUF_U1/DLY_INDATA1_11 0             0                0              0                2
u_LOGIC_CENTER/INBUF_U1/DLY_INDATA1_9 0              0                0              0                2
u_LOGIC_CENTER/INBUF_U1/DLY_INDATA1_12 0             0                0              0                2
u_LOGIC_CENTER/INBUF_U1/DLY_INDATA1_13 0             0                0              0                2
u_LOGIC_CENTER/INBUF_U1/DLY_INDATA1_14 0             0                0              0                2
u_LOGIC_CENTER/INBUF_U1/DLY_INDATA1_15 0             0                0              0                2
u_LOGIC_CENTER/PAD_OBUF           0                  0                0              0                8
u_LOGIC_CENTER/LINK_LOGIC         239.44             0.0077           0.19           6e-06            5141
u_LOGIC_CENTER/LINK_LOGIC/SNPS_CG_CELL_DCLK1_KEY_RST_18UI_L1_EXTEND_reg_0 2667.50 0.086 0 0           4
u_LOGIC_CENTER/LINK_LOGIC/CSPI_CMD_ALIGN_L0 304.58   0.0098           0.06           2.1e-06          863
u_LOGIC_CENTER/LINK_LOGIC/CSPI_CMD_ALIGN_L0/SNPS_CG_CELL_DCLK_DATA_POINT_LAT_TMP_reg_0 1605.50 0.052 0 0 4
u_LOGIC_CENTER/LINK_LOGIC/CSPI_CMD_ALIGN_L0/iSP_UTC_DET_L0 309.01 0.01 0             0                340
u_LOGIC_CENTER/LINK_LOGIC/CSPI_CMD_ALIGN_L0/iSP_UTC_DET_L0/SNPS_CG_CELL_DCLK_FRM_UTC_ERR_CNT_reg_0 1600.50 0.052 0 0 4
u_LOGIC_CENTER/LINK_LOGIC/CSPI_CMD_ALIGN_L0/iSP_UTC_DET_L0/SNPS_CG_CELL_DCLK_UTC_CLR_reg_0 3201 0.1 0 0 4
u_LOGIC_CENTER/LINK_LOGIC/CSPI_CMD_ALIGN_L0/iSP_UTC_DET_L0/SNPS_CG_CELL_DCLK_DATA_NUM_CNT_reg_0 3093.50 0.1 0 0 4
u_LOGIC_CENTER/LINK_LOGIC/CSPI_CMD_ALIGN_L0/iSP_UTC_DET_L0/SNPS_CG_CELL_DCLK_SETTING_CNT_reg_0 1600.50 0.052 0 0 4
u_LOGIC_CENTER/LINK_LOGIC/CSPI_WD_BWDBL_POST 7.57    0.00024          0              0                97
u_LOGIC_CENTER/LINK_LOGIC/CSPI_CMD_ALIGN_L1 32.48    0.001            0              0                856
u_LOGIC_CENTER/LINK_LOGIC/CSPI_CMD_ALIGN_L1/SNPS_CG_CELL_DCLK_DATA_POINT_LAT_TMP_reg_0 1600.50 0.052 0 0 4
u_LOGIC_CENTER/LINK_LOGIC/CSPI_CMD_ALIGN_L1/iSP_UTC_DET_L1 76.21 0.0025 0            0                336
u_LOGIC_CENTER/LINK_LOGIC/CSPI_CMD_ALIGN_L1/iSP_UTC_DET_L1/SNPS_CG_CELL_DCLK_FRM_UTC_ERR_CNT_reg_0 1600.50 0.052 0 0 4
u_LOGIC_CENTER/LINK_LOGIC/CSPI_CMD_ALIGN_L1/iSP_UTC_DET_L1/SNPS_CG_CELL_DCLK_UTC_CLR_reg_0 3201 0.1 0 0 4
u_LOGIC_CENTER/LINK_LOGIC/CSPI_CMD_ALIGN_L1/iSP_UTC_DET_L1/SNPS_CG_CELL_DCLK_DATA_NUM_CNT_reg_0 1600.50 0.052 0 0 4
u_LOGIC_CENTER/LINK_LOGIC/CSPI_CMD_ALIGN_L1/iSP_UTC_DET_L1/SNPS_CG_CELL_DCLK_SETTING_CNT_reg_0 1600.50 0.052 0 0 4
u_LOGIC_CENTER/LINK_LOGIC/REG_MAPPING_HV2M23 0.08    2.5e-06          0              0                128
u_LOGIC_CENTER/LINK_LOGIC/LC_CSPIF_L0 469.15         0.015            0.77           2.5e-05          1168
u_LOGIC_CENTER/LINK_LOGIC/LC_CSPIF_L0/SNPS_CG_CELL_DCLK_RR_DATA_reg_0 3201 0.1 0     0                4
u_LOGIC_CENTER/LINK_LOGIC/LC_CSPIF_L0/SNPS_CG_CELL_DCLK_B_DATA_reg_0 3201 0.1 0      0                4
u_LOGIC_CENTER/LINK_LOGIC/LC_CSPIF_L0/CG_CELL_KEY_RST_DCLK 921.71 0.03 0             0                7
u_LOGIC_CENTER/LINK_LOGIC/LC_CSPIF_L0/SNPS_CG_CELL_DCLK_KEY_CODE_reg_0 3201 0.1 0    0                4
u_LOGIC_CENTER/LINK_LOGIC/LC_CSPIF_L0/SNPS_CG_CELL_DCLK_SETTING_CNT_reg_0 1600.50 0.052 0 0           4
u_LOGIC_CENTER/LINK_LOGIC/LC_CSPIF_L0/SNPS_CG_CELL_DCLK_DATA_24BIT_reg_0 3201 0.1 0  0                4
u_LOGIC_CENTER/LINK_LOGIC/LC_CSPIF_L0/SNPS_CG_CELL_DCLK_DATA_24BIT_reg_1 3201 0.1 0  0                4
u_LOGIC_CENTER/LINK_LOGIC/LC_CSPIF_L0/CG_CELL_HSR_DCLK 2664.80 0.086  0              0                5
u_LOGIC_CENTER/LINK_LOGIC/LC_CSPIF_L0/CG_CELL_DLY_CNT_DCLK 1680.50 0.054 0           0                4
u_LOGIC_CENTER/LINK_LOGIC/LC_CSPIF_L0/SNPS_CG_CELL_DCLK_DATA_NUM_CNT_reg_0 3096 0.1 0 0               4
u_LOGIC_CENTER/LINK_LOGIC/LC_CSPIF_L0/SNPS_CG_CELL_HSR_DCLK_HSR_WIDTH_CNT_reg_0 210.00 0.0068 0 0     4
u_LOGIC_CENTER/LINK_LOGIC/CSPI_WD_BWDBL 8.65         0.00028          0              0                102
u_LOGIC_CENTER/LINK_LOGIC/LC_CSPIF_L1 342.82         0.011            0              0                498
u_LOGIC_CENTER/LINK_LOGIC/LC_CSPIF_L1/SNPS_CG_CELL_DCLK_B_DATA_reg_0 3201 0.1 0      0                4
u_LOGIC_CENTER/LINK_LOGIC/LC_CSPIF_L1/SNPS_CG_CELL_DCLK_KEY_CODE_reg_0 3201 0.1 0    0                4
u_LOGIC_CENTER/LINK_LOGIC/LC_CSPIF_L1/SNPS_CG_CELL_DCLK_RR_DATA_reg_0 3734.50 0.12 0 0                4
u_LOGIC_CENTER/LINK_LOGIC/LC_CSPIF_L1/SNPS_CG_CELL_DCLK_DATA_24BIT_reg_0 3201 0.1 0  0                4
u_LOGIC_CENTER/LINK_LOGIC/LC_CSPIF_L1/SNPS_CG_CELL_DCLK_DATA_24BIT_reg_1 3201 0.1 0  0                4
u_LOGIC_CENTER/LINK_LOGIC/LC_MONBLOCK 466.72         0.015            0              0                101
u_LOGIC_CENTER/LINK_LOGIC/SNPS_CG_CELL_DCLK0_BKPOL_EN_P_L0_PRE_STORE_reg_0 1605.50 0.052 0 0          4
u_LOGIC_CENTER/LINK_LOGIC/RSTN_POFF_CTL 4.35         0.00014          0              0                34
u_LOGIC_CENTER/LINK_LOGIC/LC_CPUWR_HV2M23 103.94     0.0034           0              0                520
u_LOGIC_CENTER/LINK_LOGIC/LC_CPUWR_HV2M23/SNPS_CG_CELL_WCK1_A_R_REG_0_reg_0 0 0 0    0                4
u_LOGIC_CENTER/LINK_LOGIC/LC_CPUWR_HV2M23/SNPS_CG_CELL_WCK1_A_R_REG_5_reg_0 0 0 0    0                4
u_LOGIC_CENTER/LINK_LOGIC/LC_CPUWR_HV2M23/SNPS_CG_CELL_WCK1_A_R_REG_1_reg_0 0 0 0    0                4
u_LOGIC_CENTER/LINK_LOGIC/LC_CPUWR_HV2M23/SNPS_CG_CELL_WCK1_A_R_REG_6_reg_0 0 0 0    0                4
u_LOGIC_CENTER/LINK_LOGIC/LC_CPUWR_HV2M23/SNPS_CG_CELL_WCK1_A_R_REG_34_reg_0 0 0 0   0                6
u_LOGIC_CENTER/LINK_LOGIC/LC_CPUWR_HV2M23/SNPS_CG_CELL_WCK1_A_R_REG_39_reg_0 0 0 0   0                4
u_LOGIC_CENTER/LINK_LOGIC/LC_CPUWR_HV2M23/SNPS_CG_CELL_WCK1_A_R_REG_10_reg_0 0 0 0   0                4
u_LOGIC_CENTER/LINK_LOGIC/LC_CPUWR_HV2M23/SNPS_CG_CELL_WCK1_A_R_REG_42_reg_0 0 0 0   0                4
u_LOGIC_CENTER/LINK_LOGIC/LC_CPUWR_HV2M23/SNPS_CG_CELL_WCK1_A_R_REG_2_reg_0 0 0 0    0                4
u_LOGIC_CENTER/LINK_LOGIC/LC_CPUWR_HV2M23/SNPS_CG_CELL_WCK1_A_R_REG_47_reg_0 0 0 0   0                4
u_LOGIC_CENTER/LINK_LOGIC/LC_CPUWR_HV2M23/SNPS_CG_CELL_WCK1_A_R_REG_7_reg_0 0 0 0    0                4
u_LOGIC_CENTER/LINK_LOGIC/LC_CPUWR_HV2M23/SNPS_CG_CELL_WCK1_A_R_REG_35_reg_0 0 0 0   0                4
u_LOGIC_CENTER/LINK_LOGIC/LC_CPUWR_HV2M23/SNPS_CG_CELL_WCK1_A_R_REG_50_reg_0 0 0 0   0                4
u_LOGIC_CENTER/LINK_LOGIC/LC_CPUWR_HV2M23/SNPS_CG_CELL_WCK1_A_R_REG_11_reg_0 0 0 0   0                4
u_LOGIC_CENTER/LINK_LOGIC/LC_CPUWR_HV2M23/SNPS_CG_CELL_WCK1_A_R_REG_43_reg_0 0 0 0   0                4
u_LOGIC_CENTER/LINK_LOGIC/LC_CPUWR_HV2M23/SNPS_CG_CELL_WCK1_A_R_REG_3_reg_0 0 0 0    0                4
u_LOGIC_CENTER/LINK_LOGIC/LC_CPUWR_HV2M23/SNPS_CG_CELL_WCK1_A_R_REG_31_reg_0 0 0 0   0                4
u_LOGIC_CENTER/LINK_LOGIC/LC_CPUWR_HV2M23/SNPS_CG_CELL_WCK1_A_R_REG_48_reg_0 0 0 0   0                4
u_LOGIC_CENTER/LINK_LOGIC/LC_CPUWR_HV2M23/SNPS_CG_CELL_WCK1_A_R_REG_8_reg_0 0 0 0    0                4
u_LOGIC_CENTER/LINK_LOGIC/LC_CPUWR_HV2M23/SNPS_CG_CELL_WCK1_A_R_REG_36_reg_0 0 0 0   0                4
u_LOGIC_CENTER/LINK_LOGIC/LC_CPUWR_HV2M23/SNPS_CG_CELL_WCK1_A_R_REG_12_reg_0 0 0 0   0                4
u_LOGIC_CENTER/LINK_LOGIC/LC_CPUWR_HV2M23/SNPS_CG_CELL_WCK1_A_R_REG_44_reg_0 0 0 0   0                4
u_LOGIC_CENTER/LINK_LOGIC/LC_CPUWR_HV2M23/SNPS_CG_CELL_WCK1_A_R_REG_4_reg_0 0 0 0    0                4
u_LOGIC_CENTER/LINK_LOGIC/LC_CPUWR_HV2M23/SNPS_CG_CELL_WCK1_A_R_REG_32_reg_0 0 0 0   0                4
u_LOGIC_CENTER/LINK_LOGIC/LC_CPUWR_HV2M23/SNPS_CG_CELL_WCK1_A_R_REG_9_reg_0 0 0 0    0                4
u_LOGIC_CENTER/LINK_LOGIC/LC_CPUWR_HV2M23/SNPS_CG_CELL_WCK1_A_R_REG_49_reg_0 0 0 0   0                4
u_LOGIC_CENTER/LINK_LOGIC/LC_CPUWR_HV2M23/SNPS_CG_CELL_WCK1_A_R_REG_37_reg_0 0 0 0   0                6
u_LOGIC_CENTER/LINK_LOGIC/LC_CPUWR_HV2M23/SNPS_CG_CELL_WCK1_A_R_REG_40_reg_0 0 0 0   0                4
u_LOGIC_CENTER/LINK_LOGIC/LC_CPUWR_HV2M23/SNPS_CG_CELL_WCK1_A_R_REG_45_reg_0 0 0 0   0                4
u_LOGIC_CENTER/LINK_LOGIC/LC_CPUWR_HV2M23/SNPS_CG_CELL_WCK1_A_R_REG_60_reg_0 0 0 0   0                4
u_LOGIC_CENTER/LINK_LOGIC/LC_CPUWR_HV2M23/SNPS_CG_CELL_WCK1_A_R_REG_38_reg_0 0 0 0   0                4
u_LOGIC_CENTER/LINK_LOGIC/LC_CPUWR_HV2M23/SNPS_CG_CELL_WCK1_A_R_REG_41_reg_0 0 0 0   0                4
u_LOGIC_CENTER/LINK_LOGIC/LC_CPUWR_HV2M23/SNPS_CG_CELL_WCK1_A_R_REG_46_reg_0 0 0 0   0                4
u_LOGIC_CENTER/LINK_LOGIC/U_SYNC_L0L1 290.11         0.0094           0              0                673
u_LOGIC_CENTER/LINK_LOGIC/U_SYNC_L0L1/SNPS_CG_CELL_DCLK1_L1_BUF1_reg_0 2667.50 0.086 0 0              4
u_LOGIC_CENTER/LINK_LOGIC/U_SYNC_L0L1/U_L0_CIRC_DELAY_BUF 352.91 0.011 0             0                408
u_LOGIC_CENTER/LINK_LOGIC/U_SYNC_L0L1/U_L0_CIRC_DELAY_BUF/SNPS_CG_CELL_DCLK0_L0_BUF4_reg_0 2058.25 0.066 0 0 4
u_LOGIC_CENTER/LINK_LOGIC/U_SYNC_L0L1/U_L0_CIRC_DELAY_BUF/SNPS_CG_CELL_DCLK0_L0_BUF_CNT_FIX_SEL_reg_0 1067 0.034 0 0 6
u_LOGIC_CENTER/LINK_LOGIC/U_SYNC_L0L1/U_L0_CIRC_DELAY_BUF/SNPS_CG_CELL_DCLK0_L0_BUF0_reg_0 2057.50 0.066 0 0 4
u_LOGIC_CENTER/LINK_LOGIC/U_SYNC_L0L1/U_L0_CIRC_DELAY_BUF/SNPS_CG_CELL_DCLK0_L0_BUF5_reg_0 2058.25 0.066 0 0 4
u_LOGIC_CENTER/LINK_LOGIC/U_SYNC_L0L1/U_L0_CIRC_DELAY_BUF/SNPS_CG_CELL_DCLK0_L0_BUF1_reg_0 2057.50 0.066 0 0 4
u_LOGIC_CENTER/LINK_LOGIC/U_SYNC_L0L1/U_L0_CIRC_DELAY_BUF/SNPS_CG_CELL_DCLK0_L0_BUF6_reg_0 2057.75 0.066 0 0 4
u_LOGIC_CENTER/LINK_LOGIC/U_SYNC_L0L1/U_L0_CIRC_DELAY_BUF/SNPS_CG_CELL_DCLK0_L0_BUF2_reg_0 2057.50 0.066 0 0 4
u_LOGIC_CENTER/LINK_LOGIC/U_SYNC_L0L1/U_L0_CIRC_DELAY_BUF/SNPS_CG_CELL_DCLK0_L0_BUF_CNT_SEL_reg_0 1623 0.052 0 0 4
u_LOGIC_CENTER/LINK_LOGIC/U_SYNC_L0L1/U_L0_CIRC_DELAY_BUF/SNPS_CG_CELL_DCLK0_L0_BUF3_reg_0 2057.75 0.066 0 0 4
u_LOGIC_CENTER/LINK_LOGIC/U_SYNC_L0L1/SNPS_CG_CELL_DCLK1_L1_BUF2_reg_0 2667.50 0.086 0 0              4
u_LOGIC_CENTER/LINK_LOGIC/LC_CPUWR_HV2M23_VGMA 119.54 0.0039          0              0                332
u_LOGIC_CENTER/LINK_LOGIC/LC_CPUWR_HV2M23_VGMA/SNPS_CG_CELL_WCK1_A_R_REG_30_reg_0 0 0 0 0             4
u_LOGIC_CENTER/LINK_LOGIC/LC_CPUWR_HV2M23_VGMA/SNPS_CG_CELL_WCK1_A_R_REG_17_reg_0 0 0 0 0             4
u_LOGIC_CENTER/LINK_LOGIC/LC_CPUWR_HV2M23_VGMA/SNPS_CG_CELL_WCK1_A_R_REG_29_reg_0 0 0 0 0             4
u_LOGIC_CENTER/LINK_LOGIC/LC_CPUWR_HV2M23_VGMA/SNPS_CG_CELL_WCK1_A_R_REG_19_reg_0 0 0 0 0             4
u_LOGIC_CENTER/LINK_LOGIC/LC_CPUWR_HV2M23_VGMA/SNPS_CG_CELL_WCK1_A_R_REG_16_reg_0 0 0 0 0             4
u_LOGIC_CENTER/LINK_LOGIC/LC_CPUWR_HV2M23_VGMA/SNPS_CG_CELL_WCK1_A_R_REG_28_reg_0 0 0 0 0             4
u_LOGIC_CENTER/LINK_LOGIC/LC_CPUWR_HV2M23_VGMA/SNPS_CG_CELL_WCK1_A_R_REG_25_reg_0 0 0 0 0             4
u_LOGIC_CENTER/LINK_LOGIC/LC_CPUWR_HV2M23_VGMA/SNPS_CG_CELL_WCK1_A_R_REG_18_reg_0 0 0 0 0             4
u_LOGIC_CENTER/LINK_LOGIC/LC_CPUWR_HV2M23_VGMA/SNPS_CG_CELL_WCK1_A_R_REG_15_reg_0 0 0 0 0             4
u_LOGIC_CENTER/LINK_LOGIC/LC_CPUWR_HV2M23_VGMA/SNPS_CG_CELL_WCK1_A_R_REG_27_reg_0 0 0 0 0             4
u_LOGIC_CENTER/LINK_LOGIC/LC_CPUWR_HV2M23_VGMA/SNPS_CG_CELL_WCK1_A_R_REG_24_reg_0 0 0 0 0             4
u_LOGIC_CENTER/LINK_LOGIC/LC_CPUWR_HV2M23_VGMA/SNPS_CG_CELL_WCK1_A_R_REG_14_reg_0 0 0 0 0             4
u_LOGIC_CENTER/LINK_LOGIC/LC_CPUWR_HV2M23_VGMA/SNPS_CG_CELL_WCK1_A_R_REG_26_reg_0 0 0 0 0             4
u_LOGIC_CENTER/LINK_LOGIC/LC_CPUWR_HV2M23_VGMA/SNPS_CG_CELL_WCK1_A_R_REG_23_reg_0 0 0 0 0             4
u_LOGIC_CENTER/LINK_LOGIC/LC_CPUWR_HV2M23_VGMA/SNPS_CG_CELL_WCK1_A_R_REG_20_reg_0 0 0 0 0             4
u_LOGIC_CENTER/LINK_LOGIC/LC_CPUWR_HV2M23_VGMA/SNPS_CG_CELL_WCK1_A_R_REG_13_reg_0 0 0 0 0             4
u_LOGIC_CENTER/LINK_LOGIC/LC_CPUWR_HV2M23_VGMA/SNPS_CG_CELL_WCK1_A_R_REG_22_reg_0 0 0 0 0             4
u_LOGIC_CENTER/LINK_LOGIC/LC_CPUWR_HV2M23_VGMA/SNPS_CG_CELL_WCK1_A_R_REG_21_reg_0 0 0 0 0             4
u_LOGIC_CENTER/CENTER1            354.48             0.011            0.11           3.6e-06          3505
u_LOGIC_CENTER/CENTER1/TOTAL_DTCTL 369.58            0.012            0.17           5.3e-06          1824
u_LOGIC_CENTER/CENTER1/TOTAL_DTCTL/DTCTL_L1_COMB 1492.38 0.048        0              0                63
u_LOGIC_CENTER/CENTER1/TOTAL_DTCTL/DTCTL_L0 321.89   0.01             0.29           9.3e-06          1047
u_LOGIC_CENTER/CENTER1/TOTAL_DTCTL/DTCTL_L0/SNPS_CG_CELL_DTCLK_CH_CNT_pre_reg_0 2014.00 0.065 0 0     4
u_LOGIC_CENTER/CENTER1/TOTAL_DTCTL/DTCTL_L0/DPLC_PRE_REV 368.14 0.012 0              0                152
u_LOGIC_CENTER/CENTER1/TOTAL_DTCTL/DTCTL_L0/u_H120VMAP_H120V_CH1446_1440 209.71 0.0068 0.22 6.9e-06   240
u_LOGIC_CENTER/CENTER1/TOTAL_DTCTL/DTCTL_L0/CG_CELL_DTCLK 2076.50 0.067 0            0                4
u_LOGIC_CENTER/CENTER1/TOTAL_DTCTL/DTCTL_L0/CG_CELL_DTCLK_1P 1039.50 0.034 0         0                4
u_LOGIC_CENTER/CENTER1/TOTAL_DTCTL/DTCTL_L1 391.63   0.013            0              0                482
u_LOGIC_CENTER/CENTER1/TOTAL_DTCTL/DTCTL_L1/CG_CELL_DTCLK 2076.50 0.067 0            0                4
u_LOGIC_CENTER/CENTER1/TOTAL_DTCTL/DTCTL_COMB 298.27 0.0096           0              0                248
u_LOGIC_CENTER/CENTER1/TOTAL_DTCTL/DTCTL_L0_COMB 590.83 0.019         0              0                208
u_LOGIC_CENTER/CENTER1/DRD_OD     438.36             0.014            0.06           2e-06            1454
u_LOGIC_CENTER/CENTER1/DRD_OD/DRD_OD_ADD_WEIGHT 292.03 0.0094         0.14           4.6e-06          633
u_LOGIC_CENTER/CENTER1/DRD_OD/DRD_OD_ADD_WEIGHT/SNPS_CG_CELL_CLK_L0_line_cnt_od_reg_0 2.50 8.1e-05 0 0 4
u_LOGIC_CENTER/CENTER1/DRD_OD/DRD_OD_ADD_WEIGHT/SNPS_CG_CELL_CLK_L0_shift_sel_od_reg_0 0 0 0 0        4
u_LOGIC_CENTER/CENTER1/DRD_OD/DRD_OD_PATTERN_DETECT 158.46 0.0051     0              0                316
u_LOGIC_CENTER/CENTER1/DRD_OD/CG_CELL_CLK_L0_OD_WG 1067 0.034         0              0                4
u_LOGIC_CENTER/CENTER1/DRD_OD/SNPS_CG_CELL_DTCLK_L1_DATAI_L1_OD_WEIGHT_d1_reg_0 2014.00 0.065 0 0     4
u_LOGIC_CENTER/CENTER1/DRD_OD/SNPS_CG_CELL_DTCLK_L0_DATAI_L0_OD_WEIGHT_d1_reg_0 2014.00 0.065 0 0     4
u_LOGIC_CENTER/CENTER1/ANCTL_COMB 1.20               3.9e-05          0              0                151
u_LOGIC_CENTER/CENTER1/ANCTL      179.44             0.0058           0              0                144
u_LOGIC_CENTER/CENTER1/ANCTL/SNPS_CG_CELL_CLK_OD_time_cnt_reg_0 3201 0.1 0           0                4
u_LOGIC_CENTER/BISR_OBUF_L        18.85              0.00061          0              0                108
u_LOGIC_CENTER/BISR_OBUF_R        19.22              0.00062          0              0                108
APR_CDM_0                         0                  0                0              0                0
APR_CDM_1                         0                  0                0              0                0
APR_CDM_2                         0                  0                0              0                0
APR_CDM_3                         0                  0                0              0                0
APR_CDM_4                         0                  0                0              0                0
APR_CDM_5                         0                  0                0              0                0
APR_CDM_6                         0                  0                0              0                0
APR_CDM_7                         0                  0                0              0                0
APR_CDM_8                         0                  0                0              0                0
APR_CDM_9                         0                  0                0              0                0
------------------------------------------------------------------------------------------------------------------------
1
