****************************************
Report : case_analysis propagation
Design : HV2M23_digital_top
Version: M-2017.06-SP3-3
Date   : Wed Jul 29 17:20:39 2026
****************************************

1.1.1 Forward propagation on NET pins (level 1)
----------------------------------------------------
  Propagation of logic 'constant 1' from pin 'u_LOGIC_CENTER/CLKGEN_U0/U_DCLK0_OD_DIV2/LTIEHI/TIE1' on net 'u_LOGIC_CENTER/CLKGEN_U0/U_DCLK0_OD_DIV2/LTIEHI_NET':
    > pin 'u_LOGIC_CENTER/CLKGEN_U0/U_DCLK0_OD_DIV2/CLK_DIV_NEG_PRE_reg/D1' at logic 'constant 1'

1.1.2 Forward propagation through CELLS (level 1)
----------------------------------------------------

2.1.1 Forward propagation on NET pins (level 1)
----------------------------------------------------
  Propagation of logic 'constant 0' from pin 'u_LOGIC_CENTER/CLKGEN_U0/CG_CELL_SETTING_DCLK0_DIV/LTIELO/TIE0' on net 'u_LOGIC_CENTER/CLKGEN_U0/CG_CELL_SETTING_DCLK0_DIV/LTIELO_NET':
    > pin 'u_LOGIC_CENTER/CLKGEN_U0/CG_CELL_SETTING_DCLK0_DIV/CG_CELL/TE' at logic 'constant 0'

2.1.2 Forward propagation through CELLS (level 1)
----------------------------------------------------

3.1.1 Forward propagation on NET pins (level 1)
----------------------------------------------------
  Propagation of logic 'constant 1' from pin 'u_LOGIC_CENTER/CLKGEN_U1/U_DCLK1_OD_DIV1P5/LTIEHI/TIE1' on net 'u_LOGIC_CENTER/CLKGEN_U1/U_DCLK1_OD_DIV1P5/LTIEHI_NET':
    > pin 'u_LOGIC_CENTER/CLKGEN_U1/U_DCLK1_OD_DIV1P5/SAMP_CNT_0_INV_reg/D1' at logic 'constant 1'

3.1.2 Forward propagation through CELLS (level 1)
----------------------------------------------------

4.1.1 Forward propagation on NET pins (level 1)
----------------------------------------------------
  Propagation of logic 'constant 1' from pin 'u_LOGIC_CENTER/CLKGEN_U1/U_DCLK1_OD_DIV2/LTIEHI/TIE1' on net 'u_LOGIC_CENTER/CLKGEN_U1/U_DCLK1_OD_DIV2/LTIEHI_NET':
    > pin 'u_LOGIC_CENTER/CLKGEN_U1/U_DCLK1_OD_DIV2/CLK_DIV_NEG_PRE_reg/D1' at logic 'constant 1'

4.1.2 Forward propagation through CELLS (level 1)
----------------------------------------------------

5.1.1 Forward propagation on NET pins (level 1)
----------------------------------------------------
  Propagation of logic 'constant 0' from pin 'u_LOGIC_CENTER/GMA_OBUF/LTIELO/TIE0' on net 'u_LOGIC_CENTER/GMA_OBUF/LTIELO_NET':
    > pin 'u_LOGIC_CENTER/GMA_OBUF/BUF_PGMA_MNT_NEG_2/I' at logic 'constant 0'

5.1.2 Forward propagation through CELLS (level 1)
----------------------------------------------------
  Cell 'u_LOGIC_CENTER/GMA_OBUF/BUF_PGMA_MNT_NEG_2' (libcell 'BUFX1AL9') :
    input pin 'u_LOGIC_CENTER/GMA_OBUF/BUF_PGMA_MNT_NEG_2/I' at logic 'constant 0'
    > output pin 'u_LOGIC_CENTER/GMA_OBUF/BUF_PGMA_MNT_NEG_2/O' at logic 'constant 0'

5.2.1 Forward propagation on NET pins (level 2)
----------------------------------------------------
  Propagation of logic 'constant 0' from pin 'u_LOGIC_CENTER/GMA_OBUF/BUF_PGMA_MNT_NEG_2/O'

6.1.1 Forward propagation on NET pins (level 1)
----------------------------------------------------
  Propagation of logic 'constant 0' from pin 'u_LOGIC_CENTER/GMA_OBUF/LTIELO_1/TIE0' on net 'u_LOGIC_CENTER/GMA_OBUF/LTIELO_1_NET':
    > pin 'u_LOGIC_CENTER/GMA_OBUF/BUF_PGMA_MNT_NEG_1/I' at logic 'constant 0'
    > pin 'u_LOGIC_CENTER/GMA_OBUF/BUF_PGMA_MNT_POS_1/I' at logic 'constant 0'

6.1.2 Forward propagation through CELLS (level 1)
----------------------------------------------------
  Cell 'u_LOGIC_CENTER/GMA_OBUF/BUF_PGMA_MNT_NEG_1' (libcell 'BUFX1AL9') :
    input pin 'u_LOGIC_CENTER/GMA_OBUF/BUF_PGMA_MNT_NEG_1/I' at logic 'constant 0'
    > output pin 'u_LOGIC_CENTER/GMA_OBUF/BUF_PGMA_MNT_NEG_1/O' at logic 'constant 0'

6.2.1 Forward propagation on NET pins (level 2)
----------------------------------------------------
  Propagation of logic 'constant 0' from pin 'u_LOGIC_CENTER/GMA_OBUF/BUF_PGMA_MNT_NEG_1/O'

6.1.2 Forward propagation through CELLS (level 1)
----------------------------------------------------
  Cell 'u_LOGIC_CENTER/GMA_OBUF/BUF_PGMA_MNT_POS_1' (libcell 'BUFX1AL9') :
    input pin 'u_LOGIC_CENTER/GMA_OBUF/BUF_PGMA_MNT_POS_1/I' at logic 'constant 0'
    > output pin 'u_LOGIC_CENTER/GMA_OBUF/BUF_PGMA_MNT_POS_1/O' at logic 'constant 0'

6.2.1 Forward propagation on NET pins (level 2)
----------------------------------------------------
  Propagation of logic 'constant 0' from pin 'u_LOGIC_CENTER/GMA_OBUF/BUF_PGMA_MNT_POS_1/O'

7.1.1 Forward propagation on NET pins (level 1)
----------------------------------------------------
  Propagation of logic 'constant 0' from pin 'u_LOGIC_CENTER/GMA_OBUF/LTIELO_2/TIE0' on net 'u_LOGIC_CENTER/GMA_OBUF/LTIELO_2_NET':
    > pin 'u_LOGIC_CENTER/GMA_OBUF/BUF_PGMA_MNT_NEG_0/I' at logic 'constant 0'
    > pin 'u_LOGIC_CENTER/GMA_OBUF/BUF_PGMA_MNT_POS_0/I' at logic 'constant 0'

7.1.2 Forward propagation through CELLS (level 1)
----------------------------------------------------
  Cell 'u_LOGIC_CENTER/GMA_OBUF/BUF_PGMA_MNT_NEG_0' (libcell 'BUFX1AL9') :
    input pin 'u_LOGIC_CENTER/GMA_OBUF/BUF_PGMA_MNT_NEG_0/I' at logic 'constant 0'
    > output pin 'u_LOGIC_CENTER/GMA_OBUF/BUF_PGMA_MNT_NEG_0/O' at logic 'constant 0'

7.2.1 Forward propagation on NET pins (level 2)
----------------------------------------------------
  Propagation of logic 'constant 0' from pin 'u_LOGIC_CENTER/GMA_OBUF/BUF_PGMA_MNT_NEG_0/O'

7.1.2 Forward propagation through CELLS (level 1)
----------------------------------------------------
  Cell 'u_LOGIC_CENTER/GMA_OBUF/BUF_PGMA_MNT_POS_0' (libcell 'BUFX1AL9') :
    input pin 'u_LOGIC_CENTER/GMA_OBUF/BUF_PGMA_MNT_POS_0/I' at logic 'constant 0'
    > output pin 'u_LOGIC_CENTER/GMA_OBUF/BUF_PGMA_MNT_POS_0/O' at logic 'constant 0'

7.2.1 Forward propagation on NET pins (level 2)
----------------------------------------------------
  Propagation of logic 'constant 0' from pin 'u_LOGIC_CENTER/GMA_OBUF/BUF_PGMA_MNT_POS_0/O'

8.1.1 Forward propagation on NET pins (level 1)
----------------------------------------------------
  Propagation of logic 'constant 0' from pin 'u_LOGIC_CENTER/GMA_OBUF/LTIELO_3/TIE0' on net 'u_LOGIC_CENTER/GMA_OBUF/LTIELO_3_NET':
    > pin 'u_LOGIC_CENTER/GMA_OBUF/BUF_PGMA_MNT_POS_2/I' at logic 'constant 0'

8.1.2 Forward propagation through CELLS (level 1)
----------------------------------------------------
  Cell 'u_LOGIC_CENTER/GMA_OBUF/BUF_PGMA_MNT_POS_2' (libcell 'BUFX1AL9') :
    input pin 'u_LOGIC_CENTER/GMA_OBUF/BUF_PGMA_MNT_POS_2/I' at logic 'constant 0'
    > output pin 'u_LOGIC_CENTER/GMA_OBUF/BUF_PGMA_MNT_POS_2/O' at logic 'constant 0'

8.2.1 Forward propagation on NET pins (level 2)
----------------------------------------------------
  Propagation of logic 'constant 0' from pin 'u_LOGIC_CENTER/GMA_OBUF/BUF_PGMA_MNT_POS_2/O'

9.1.1 Forward propagation on NET pins (level 1)
----------------------------------------------------
  Propagation of logic 'constant 1' from pin 'u_LOGIC_CENTER/I2C_CTL/I2C_ST/LTIEHI/TIE1' on net 'u_LOGIC_CENTER/I2C_CTL/I2C_ST/LTIEHI_NET':
    > pin 'u_LOGIC_CENTER/I2C_CTL/I2C_ST/I2C_BIT_CNT_reg_1_/D1' at logic 'constant 1'
    > pin 'u_LOGIC_CENTER/I2C_CTL/I2C_ST/DATA_ACK_D1_reg/D1' at logic 'constant 1'

9.1.2 Forward propagation through CELLS (level 1)
----------------------------------------------------

9.1.2 Forward propagation through CELLS (level 1)
----------------------------------------------------

10.1.1 Forward propagation on NET pins (level 1)
----------------------------------------------------
  Propagation of logic 'constant 1' from pin 'u_LOGIC_CENTER/I2C_CTL/I2C_ST/LTIEHI_1/TIE1' on net 'u_LOGIC_CENTER/I2C_CTL/I2C_ST/LTIEHI_1_NET':
    > pin 'u_LOGIC_CENTER/I2C_CTL/I2C_ST/START_PULSE_SYNC_reg_1_/D1' at logic 'constant 1'

10.1.2 Forward propagation through CELLS (level 1)
----------------------------------------------------

11.1.1 Forward propagation on NET pins (level 1)
----------------------------------------------------
  Propagation of logic 'constant 0' from pin 'u_LOGIC_CENTER/I2C_CTL/I2C_ST/SNPS_CG_CELL_SCL_INV_REG_DATA_reg_0/LTIELO/TIE0' on net 'u_LOGIC_CENTER/I2C_CTL/I2C_ST/SNPS_CG_CELL_SCL_INV_REG_DATA_reg_0/LTIELO_NET':
    > pin 'u_LOGIC_CENTER/I2C_CTL/I2C_ST/SNPS_CG_CELL_SCL_INV_REG_DATA_reg_0/latch/TE' at logic 'constant 0'

11.1.2 Forward propagation through CELLS (level 1)
----------------------------------------------------

12.1.1 Forward propagation on NET pins (level 1)
----------------------------------------------------
  Propagation of logic 'constant 0' from pin 'u_LOGIC_CENTER/DC_INBUF/LTIELO_1/TIE0' on net 'u_LOGIC_CENTER/DC_INBUF/LTIELO_1_NET':
    > pin 'u_LOGIC_CENTER/DC_INBUF/BUF_PON_CS_SEL_0/I' at logic 'constant 0'

12.1.2 Forward propagation through CELLS (level 1)
----------------------------------------------------
  Cell 'u_LOGIC_CENTER/DC_INBUF/BUF_PON_CS_SEL_0' (libcell 'BUFX1AL9') :
    input pin 'u_LOGIC_CENTER/DC_INBUF/BUF_PON_CS_SEL_0/I' at logic 'constant 0'
    > output pin 'u_LOGIC_CENTER/DC_INBUF/BUF_PON_CS_SEL_0/O' at logic 'constant 0'

12.2.1 Forward propagation on NET pins (level 2)
----------------------------------------------------
  Propagation of logic 'constant 0' from pin 'u_LOGIC_CENTER/DC_INBUF/BUF_PON_CS_SEL_0/O'

13.1.1 Forward propagation on NET pins (level 1)
----------------------------------------------------
  Propagation of logic 'constant 0' from pin 'u_LOGIC_CENTER/DC_INBUF/LTIELO/TIE0' on net 'u_LOGIC_CENTER/DC_INBUF/LTIELO_NET':
    > pin 'u_LOGIC_CENTER/DC_INBUF/BUF_POFF_CS_SEL_1/I' at logic 'constant 0'
    > pin 'u_LOGIC_CENTER/DC_INBUF/BUF_POFF_CS_SEL_0/I' at logic 'constant 0'

13.1.2 Forward propagation through CELLS (level 1)
----------------------------------------------------
  Cell 'u_LOGIC_CENTER/DC_INBUF/BUF_POFF_CS_SEL_1' (libcell 'BUFX1AL9') :
    input pin 'u_LOGIC_CENTER/DC_INBUF/BUF_POFF_CS_SEL_1/I' at logic 'constant 0'
    > output pin 'u_LOGIC_CENTER/DC_INBUF/BUF_POFF_CS_SEL_1/O' at logic 'constant 0'

13.2.1 Forward propagation on NET pins (level 2)
----------------------------------------------------
  Propagation of logic 'constant 0' from pin 'u_LOGIC_CENTER/DC_INBUF/BUF_POFF_CS_SEL_1/O'

13.1.2 Forward propagation through CELLS (level 1)
----------------------------------------------------
  Cell 'u_LOGIC_CENTER/DC_INBUF/BUF_POFF_CS_SEL_0' (libcell 'BUFX1AL9') :
    input pin 'u_LOGIC_CENTER/DC_INBUF/BUF_POFF_CS_SEL_0/I' at logic 'constant 0'
    > output pin 'u_LOGIC_CENTER/DC_INBUF/BUF_POFF_CS_SEL_0/O' at logic 'constant 0'

13.2.1 Forward propagation on NET pins (level 2)
----------------------------------------------------
  Propagation of logic 'constant 0' from pin 'u_LOGIC_CENTER/DC_INBUF/BUF_POFF_CS_SEL_0/O'

14.1.1 Forward propagation on NET pins (level 1)
----------------------------------------------------
  Propagation of logic 'constant 0' from pin 'u_LOGIC_CENTER/DC_INBUF/LTIELO_2/TIE0' on net 'u_LOGIC_CENTER/DC_INBUF/LTIELO_2_NET':
    > pin 'u_LOGIC_CENTER/DC_INBUF/BUF_PON_CS_SEL_1/I' at logic 'constant 0'

14.1.2 Forward propagation through CELLS (level 1)
----------------------------------------------------
  Cell 'u_LOGIC_CENTER/DC_INBUF/BUF_PON_CS_SEL_1' (libcell 'BUFX1AL9') :
    input pin 'u_LOGIC_CENTER/DC_INBUF/BUF_PON_CS_SEL_1/I' at logic 'constant 0'
    > output pin 'u_LOGIC_CENTER/DC_INBUF/BUF_PON_CS_SEL_1/O' at logic 'constant 0'

14.2.1 Forward propagation on NET pins (level 2)
----------------------------------------------------
  Propagation of logic 'constant 0' from pin 'u_LOGIC_CENTER/DC_INBUF/BUF_PON_CS_SEL_1/O'

15.1.1 Forward propagation on NET pins (level 1)
----------------------------------------------------
  Propagation of logic 'constant 0' from pin 'u_LOGIC_CENTER/LINK_LOGIC/SNPS_CG_CELL_DCLK1_KEY_RST_18UI_L1_EXTEND_reg_0/LTIELO/TIE0' on net 'u_LOGIC_CENTER/LINK_LOGIC/SNPS_CG_CELL_DCLK1_KEY_RST_18UI_L1_EXTEND_reg_0/LTIELO_NET':
    > pin 'u_LOGIC_CENTER/LINK_LOGIC/SNPS_CG_CELL_DCLK1_KEY_RST_18UI_L1_EXTEND_reg_0/latch/TE' at logic 'constant 0'

15.1.2 Forward propagation through CELLS (level 1)
----------------------------------------------------

16.1.1 Forward propagation on NET pins (level 1)
----------------------------------------------------
  Propagation of logic 'constant 0' from pin 'u_LOGIC_CENTER/LINK_LOGIC/CSPI_CMD_ALIGN_L0/SNPS_CG_CELL_DCLK_DATA_POINT_LAT_TMP_reg_0/LTIELO/TIE0' on net 'u_LOGIC_CENTER/LINK_LOGIC/CSPI_CMD_ALIGN_L0/SNPS_CG_CELL_DCLK_DATA_POINT_LAT_TMP_reg_0/LTIELO_NET':
    > pin 'u_LOGIC_CENTER/LINK_LOGIC/CSPI_CMD_ALIGN_L0/SNPS_CG_CELL_DCLK_DATA_POINT_LAT_TMP_reg_0/latch/TE' at logic 'constant 0'

16.1.2 Forward propagation through CELLS (level 1)
----------------------------------------------------

17.1.1 Forward propagation on NET pins (level 1)
----------------------------------------------------
  Propagation of logic 'constant 0' from pin 'u_LOGIC_CENTER/LINK_LOGIC/CSPI_CMD_ALIGN_L0/iSP_UTC_DET_L0/SNPS_CG_CELL_DCLK_FRM_UTC_ERR_CNT_reg_0/LTIELO/TIE0' on net 'u_LOGIC_CENTER/LINK_LOGIC/CSPI_CMD_ALIGN_L0/iSP_UTC_DET_L0/SNPS_CG_CELL_DCLK_FRM_UTC_ERR_CNT_reg_0/LTIELO_NET':
    > pin 'u_LOGIC_CENTER/LINK_LOGIC/CSPI_CMD_ALIGN_L0/iSP_UTC_DET_L0/SNPS_CG_CELL_DCLK_FRM_UTC_ERR_CNT_reg_0/latch/TE' at logic 'constant 0'

17.1.2 Forward propagation through CELLS (level 1)
----------------------------------------------------

18.1.1 Forward propagation on NET pins (level 1)
----------------------------------------------------
  Propagation of logic 'constant 0' from pin 'u_LOGIC_CENTER/LINK_LOGIC/CSPI_CMD_ALIGN_L0/iSP_UTC_DET_L0/SNPS_CG_CELL_DCLK_UTC_CLR_reg_0/LTIELO/TIE0' on net 'u_LOGIC_CENTER/LINK_LOGIC/CSPI_CMD_ALIGN_L0/iSP_UTC_DET_L0/SNPS_CG_CELL_DCLK_UTC_CLR_reg_0/LTIELO_NET':
    > pin 'u_LOGIC_CENTER/LINK_LOGIC/CSPI_CMD_ALIGN_L0/iSP_UTC_DET_L0/SNPS_CG_CELL_DCLK_UTC_CLR_reg_0/latch/TE' at logic 'constant 0'

18.1.2 Forward propagation through CELLS (level 1)
----------------------------------------------------

19.1.1 Forward propagation on NET pins (level 1)
----------------------------------------------------
  Propagation of logic 'constant 0' from pin 'u_LOGIC_CENTER/LINK_LOGIC/CSPI_CMD_ALIGN_L0/iSP_UTC_DET_L0/SNPS_CG_CELL_DCLK_DATA_NUM_CNT_reg_0/LTIELO/TIE0' on net 'u_LOGIC_CENTER/LINK_LOGIC/CSPI_CMD_ALIGN_L0/iSP_UTC_DET_L0/SNPS_CG_CELL_DCLK_DATA_NUM_CNT_reg_0/LTIELO_NET':
    > pin 'u_LOGIC_CENTER/LINK_LOGIC/CSPI_CMD_ALIGN_L0/iSP_UTC_DET_L0/SNPS_CG_CELL_DCLK_DATA_NUM_CNT_reg_0/latch/TE' at logic 'constant 0'

19.1.2 Forward propagation through CELLS (level 1)
----------------------------------------------------

20.1.1 Forward propagation on NET pins (level 1)
----------------------------------------------------
  Propagation of logic 'constant 0' from pin 'u_LOGIC_CENTER/LINK_LOGIC/CSPI_CMD_ALIGN_L0/iSP_UTC_DET_L0/SNPS_CG_CELL_DCLK_SETTING_CNT_reg_0/LTIELO/TIE0' on net 'u_LOGIC_CENTER/LINK_LOGIC/CSPI_CMD_ALIGN_L0/iSP_UTC_DET_L0/SNPS_CG_CELL_DCLK_SETTING_CNT_reg_0/LTIELO_NET':
    > pin 'u_LOGIC_CENTER/LINK_LOGIC/CSPI_CMD_ALIGN_L0/iSP_UTC_DET_L0/SNPS_CG_CELL_DCLK_SETTING_CNT_reg_0/latch/TE' at logic 'constant 0'

20.1.2 Forward propagation through CELLS (level 1)
----------------------------------------------------

21.1.1 Forward propagation on NET pins (level 1)
----------------------------------------------------
  Propagation of logic 'constant 1' from pin 'u_LOGIC_CENTER/LINK_LOGIC/CSPI_CMD_ALIGN_L0/LTIEHI/TIE1' on net 'u_LOGIC_CENTER/LINK_LOGIC/CSPI_CMD_ALIGN_L0/LTIEHI_NET':
    > pin 'u_LOGIC_CENTER/LINK_LOGIC/CSPI_CMD_ALIGN_L0/I_INDATA_D1_reg_17_/D1' at logic 'constant 1'

21.1.2 Forward propagation through CELLS (level 1)
----------------------------------------------------

22.1.1 Forward propagation on NET pins (level 1)
----------------------------------------------------
  Propagation of logic 'constant 1' from pin 'u_LOGIC_CENTER/LINK_LOGIC/CSPI_WD_BWDBL_POST/LTIEHI/TIE1' on net 'u_LOGIC_CENTER/LINK_LOGIC/CSPI_WD_BWDBL_POST/LTIEHI_NET':
    > pin 'u_LOGIC_CENTER/LINK_LOGIC/CSPI_WD_BWDBL_POST/BAC_CMD_TOG_DLY_L1_reg_3_/D1' at logic 'constant 1'
    > pin 'u_LOGIC_CENTER/LINK_LOGIC/CSPI_WD_BWDBL_POST/BAC_CMD_TOG_DLY_L0_reg_3_/D1' at logic 'constant 1'

22.1.2 Forward propagation through CELLS (level 1)
----------------------------------------------------

22.1.2 Forward propagation through CELLS (level 1)
----------------------------------------------------

23.1.1 Forward propagation on NET pins (level 1)
----------------------------------------------------
  Propagation of logic 'constant 0' from pin 'u_LOGIC_CENTER/LINK_LOGIC/CSPI_CMD_ALIGN_L1/SNPS_CG_CELL_DCLK_DATA_POINT_LAT_TMP_reg_0/LTIELO/TIE0' on net 'u_LOGIC_CENTER/LINK_LOGIC/CSPI_CMD_ALIGN_L1/SNPS_CG_CELL_DCLK_DATA_POINT_LAT_TMP_reg_0/LTIELO_NET':
    > pin 'u_LOGIC_CENTER/LINK_LOGIC/CSPI_CMD_ALIGN_L1/SNPS_CG_CELL_DCLK_DATA_POINT_LAT_TMP_reg_0/latch/TE' at logic 'constant 0'

23.1.2 Forward propagation through CELLS (level 1)
----------------------------------------------------

24.1.1 Forward propagation on NET pins (level 1)
----------------------------------------------------
  Propagation of logic 'constant 0' from pin 'u_LOGIC_CENTER/LINK_LOGIC/CSPI_CMD_ALIGN_L1/iSP_UTC_DET_L1/SNPS_CG_CELL_DCLK_FRM_UTC_ERR_CNT_reg_0/LTIELO/TIE0' on net 'u_LOGIC_CENTER/LINK_LOGIC/CSPI_CMD_ALIGN_L1/iSP_UTC_DET_L1/SNPS_CG_CELL_DCLK_FRM_UTC_ERR_CNT_reg_0/LTIELO_NET':
    > pin 'u_LOGIC_CENTER/LINK_LOGIC/CSPI_CMD_ALIGN_L1/iSP_UTC_DET_L1/SNPS_CG_CELL_DCLK_FRM_UTC_ERR_CNT_reg_0/latch/TE' at logic 'constant 0'

24.1.2 Forward propagation through CELLS (level 1)
----------------------------------------------------

25.1.1 Forward propagation on NET pins (level 1)
----------------------------------------------------
  Propagation of logic 'constant 0' from pin 'u_LOGIC_CENTER/LINK_LOGIC/CSPI_CMD_ALIGN_L1/iSP_UTC_DET_L1/SNPS_CG_CELL_DCLK_UTC_CLR_reg_0/LTIELO/TIE0' on net 'u_LOGIC_CENTER/LINK_LOGIC/CSPI_CMD_ALIGN_L1/iSP_UTC_DET_L1/SNPS_CG_CELL_DCLK_UTC_CLR_reg_0/LTIELO_NET':
    > pin 'u_LOGIC_CENTER/LINK_LOGIC/CSPI_CMD_ALIGN_L1/iSP_UTC_DET_L1/SNPS_CG_CELL_DCLK_UTC_CLR_reg_0/latch/TE' at logic 'constant 0'

25.1.2 Forward propagation through CELLS (level 1)
----------------------------------------------------

26.1.1 Forward propagation on NET pins (level 1)
----------------------------------------------------
  Propagation of logic 'constant 0' from pin 'u_LOGIC_CENTER/LINK_LOGIC/CSPI_CMD_ALIGN_L1/iSP_UTC_DET_L1/SNPS_CG_CELL_DCLK_DATA_NUM_CNT_reg_0/LTIELO/TIE0' on net 'u_LOGIC_CENTER/LINK_LOGIC/CSPI_CMD_ALIGN_L1/iSP_UTC_DET_L1/SNPS_CG_CELL_DCLK_DATA_NUM_CNT_reg_0/LTIELO_NET':
    > pin 'u_LOGIC_CENTER/LINK_LOGIC/CSPI_CMD_ALIGN_L1/iSP_UTC_DET_L1/SNPS_CG_CELL_DCLK_DATA_NUM_CNT_reg_0/latch/TE' at logic 'constant 0'

26.1.2 Forward propagation through CELLS (level 1)
----------------------------------------------------

27.1.1 Forward propagation on NET pins (level 1)
----------------------------------------------------
  Propagation of logic 'constant 0' from pin 'u_LOGIC_CENTER/LINK_LOGIC/CSPI_CMD_ALIGN_L1/iSP_UTC_DET_L1/SNPS_CG_CELL_DCLK_SETTING_CNT_reg_0/LTIELO/TIE0' on net 'u_LOGIC_CENTER/LINK_LOGIC/CSPI_CMD_ALIGN_L1/iSP_UTC_DET_L1/SNPS_CG_CELL_DCLK_SETTING_CNT_reg_0/LTIELO_NET':
    > pin 'u_LOGIC_CENTER/LINK_LOGIC/CSPI_CMD_ALIGN_L1/iSP_UTC_DET_L1/SNPS_CG_CELL_DCLK_SETTING_CNT_reg_0/latch/TE' at logic 'constant 0'

27.1.2 Forward propagation through CELLS (level 1)
----------------------------------------------------

28.1.1 Forward propagation on NET pins (level 1)
----------------------------------------------------
  Propagation of logic 'constant 1' from pin 'u_LOGIC_CENTER/LINK_LOGIC/CSPI_CMD_ALIGN_L1/iSP_UTC_DET_L1/LTIEHI/TIE1' on net 'u_LOGIC_CENTER/LINK_LOGIC/CSPI_CMD_ALIGN_L1/iSP_UTC_DET_L1/LTIEHI_NET':
    > pin 'u_LOGIC_CENTER/LINK_LOGIC/CSPI_CMD_ALIGN_L1/iSP_UTC_DET_L1/DATA_NUM_CNT_reg_0_/D1' at logic 'constant 1'

28.1.2 Forward propagation through CELLS (level 1)
----------------------------------------------------

29.1.1 Forward propagation on NET pins (level 1)
----------------------------------------------------
  Propagation of logic 'constant 1' from pin 'u_LOGIC_CENTER/LINK_LOGIC/CSPI_CMD_ALIGN_L1/LTIEHI/TIE1' on net 'u_LOGIC_CENTER/LINK_LOGIC/CSPI_CMD_ALIGN_L1/LTIEHI_NET':
    > pin 'u_LOGIC_CENTER/LINK_LOGIC/CSPI_CMD_ALIGN_L1/I_INDATA_D3_reg_15_/D1' at logic 'constant 1'
    > pin 'u_LOGIC_CENTER/LINK_LOGIC/CSPI_CMD_ALIGN_L1/I_INDATA_D1_reg_17_/D1' at logic 'constant 1'

29.1.2 Forward propagation through CELLS (level 1)
----------------------------------------------------

29.1.2 Forward propagation through CELLS (level 1)
----------------------------------------------------

30.1.1 Forward propagation on NET pins (level 1)
----------------------------------------------------
  Propagation of logic 'constant 0' from pin 'u_LOGIC_CENTER/LINK_LOGIC/LC_CSPIF_L0/SNPS_CG_CELL_DCLK_RR_DATA_reg_0/LTIELO/TIE0' on net 'u_LOGIC_CENTER/LINK_LOGIC/LC_CSPIF_L0/SNPS_CG_CELL_DCLK_RR_DATA_reg_0/LTIELO_NET':
    > pin 'u_LOGIC_CENTER/LINK_LOGIC/LC_CSPIF_L0/SNPS_CG_CELL_DCLK_RR_DATA_reg_0/latch/TE' at logic 'constant 0'

30.1.2 Forward propagation through CELLS (level 1)
----------------------------------------------------

31.1.1 Forward propagation on NET pins (level 1)
----------------------------------------------------
  Propagation of logic 'constant 0' from pin 'u_LOGIC_CENTER/LINK_LOGIC/LC_CSPIF_L0/SNPS_CG_CELL_DCLK_B_DATA_reg_0/LTIELO/TIE0' on net 'u_LOGIC_CENTER/LINK_LOGIC/LC_CSPIF_L0/SNPS_CG_CELL_DCLK_B_DATA_reg_0/LTIELO_NET':
    > pin 'u_LOGIC_CENTER/LINK_LOGIC/LC_CSPIF_L0/SNPS_CG_CELL_DCLK_B_DATA_reg_0/latch/TE' at logic 'constant 0'

31.1.2 Forward propagation through CELLS (level 1)
----------------------------------------------------

32.1.1 Forward propagation on NET pins (level 1)
----------------------------------------------------
  Propagation of logic 'constant 1' from pin 'u_LOGIC_CENTER/LINK_LOGIC/LC_CSPIF_L0/LTIEHI/TIE1' on net 'u_LOGIC_CENTER/LINK_LOGIC/LC_CSPIF_L0/LTIEHI_NET':
    > pin 'u_LOGIC_CENTER/LINK_LOGIC/LC_CSPIF_L0/ADD_SE_OH_pre_reg_16_/SB' at logic 'constant 1'
    > pin 'u_LOGIC_CENTER/LINK_LOGIC/LC_CSPIF_L0/ENA_TIME_DLY_DCLKDIV_reg_1_/D1' at logic 'constant 1'

32.1.2 Forward propagation through CELLS (level 1)
----------------------------------------------------

32.1.2 Forward propagation through CELLS (level 1)
----------------------------------------------------

33.1.1 Forward propagation on NET pins (level 1)
----------------------------------------------------
  Propagation of logic 'constant 0' from pin 'u_LOGIC_CENTER/LINK_LOGIC/LC_CSPIF_L0/CG_CELL_KEY_RST_DCLK/LTIELO/TIE0' on net 'u_LOGIC_CENTER/LINK_LOGIC/LC_CSPIF_L0/CG_CELL_KEY_RST_DCLK/LTIELO_NET':
    > pin 'u_LOGIC_CENTER/LINK_LOGIC/LC_CSPIF_L0/CG_CELL_KEY_RST_DCLK/CG_CELL/TE' at logic 'constant 0'

33.1.2 Forward propagation through CELLS (level 1)
----------------------------------------------------

34.1.1 Forward propagation on NET pins (level 1)
----------------------------------------------------
  Propagation of logic 'constant 0' from pin 'u_LOGIC_CENTER/LINK_LOGIC/LC_CSPIF_L0/SNPS_CG_CELL_DCLK_KEY_CODE_reg_0/LTIELO/TIE0' on net 'u_LOGIC_CENTER/LINK_LOGIC/LC_CSPIF_L0/SNPS_CG_CELL_DCLK_KEY_CODE_reg_0/LTIELO_NET':
    > pin 'u_LOGIC_CENTER/LINK_LOGIC/LC_CSPIF_L0/SNPS_CG_CELL_DCLK_KEY_CODE_reg_0/latch/TE' at logic 'constant 0'

34.1.2 Forward propagation through CELLS (level 1)
----------------------------------------------------

35.1.1 Forward propagation on NET pins (level 1)
----------------------------------------------------
  Propagation of logic 'constant 0' from pin 'u_LOGIC_CENTER/LINK_LOGIC/LC_CSPIF_L0/SNPS_CG_CELL_DCLK_SETTING_CNT_reg_0/LTIELO/TIE0' on net 'u_LOGIC_CENTER/LINK_LOGIC/LC_CSPIF_L0/SNPS_CG_CELL_DCLK_SETTING_CNT_reg_0/LTIELO_NET':
    > pin 'u_LOGIC_CENTER/LINK_LOGIC/LC_CSPIF_L0/SNPS_CG_CELL_DCLK_SETTING_CNT_reg_0/latch/TE' at logic 'constant 0'

35.1.2 Forward propagation through CELLS (level 1)
----------------------------------------------------

36.1.1 Forward propagation on NET pins (level 1)
----------------------------------------------------
  Propagation of logic 'constant 0' from pin 'u_LOGIC_CENTER/LINK_LOGIC/LC_CSPIF_L0/SNPS_CG_CELL_DCLK_DATA_24BIT_reg_0/LTIELO/TIE0' on net 'u_LOGIC_CENTER/LINK_LOGIC/LC_CSPIF_L0/SNPS_CG_CELL_DCLK_DATA_24BIT_reg_0/LTIELO_NET':
    > pin 'u_LOGIC_CENTER/LINK_LOGIC/LC_CSPIF_L0/SNPS_CG_CELL_DCLK_DATA_24BIT_reg_0/latch/TE' at logic 'constant 0'

36.1.2 Forward propagation through CELLS (level 1)
----------------------------------------------------

37.1.1 Forward propagation on NET pins (level 1)
----------------------------------------------------
  Propagation of logic 'constant 0' from pin 'u_LOGIC_CENTER/LINK_LOGIC/LC_CSPIF_L0/SNPS_CG_CELL_DCLK_DATA_24BIT_reg_1/LTIELO/TIE0' on net 'u_LOGIC_CENTER/LINK_LOGIC/LC_CSPIF_L0/SNPS_CG_CELL_DCLK_DATA_24BIT_reg_1/LTIELO_NET':
    > pin 'u_LOGIC_CENTER/LINK_LOGIC/LC_CSPIF_L0/SNPS_CG_CELL_DCLK_DATA_24BIT_reg_1/latch/TE' at logic 'constant 0'

37.1.2 Forward propagation through CELLS (level 1)
----------------------------------------------------

38.1.1 Forward propagation on NET pins (level 1)
----------------------------------------------------
  Propagation of logic 'constant 0' from pin 'u_LOGIC_CENTER/LINK_LOGIC/LC_CSPIF_L0/CG_CELL_HSR_DCLK/LTIELO/TIE0' on net 'u_LOGIC_CENTER/LINK_LOGIC/LC_CSPIF_L0/CG_CELL_HSR_DCLK/LTIELO_NET':
    > pin 'u_LOGIC_CENTER/LINK_LOGIC/LC_CSPIF_L0/CG_CELL_HSR_DCLK/CG_CELL/TE' at logic 'constant 0'

38.1.2 Forward propagation through CELLS (level 1)
----------------------------------------------------

39.1.1 Forward propagation on NET pins (level 1)
----------------------------------------------------
  Propagation of logic 'constant 0' from pin 'u_LOGIC_CENTER/LINK_LOGIC/LC_CSPIF_L0/CG_CELL_DLY_CNT_DCLK/LTIELO/TIE0' on net 'u_LOGIC_CENTER/LINK_LOGIC/LC_CSPIF_L0/CG_CELL_DLY_CNT_DCLK/LTIELO_NET':
    > pin 'u_LOGIC_CENTER/LINK_LOGIC/LC_CSPIF_L0/CG_CELL_DLY_CNT_DCLK/CG_CELL/TE' at logic 'constant 0'

39.1.2 Forward propagation through CELLS (level 1)
----------------------------------------------------

40.1.1 Forward propagation on NET pins (level 1)
----------------------------------------------------
  Propagation of logic 'constant 0' from pin 'u_LOGIC_CENTER/LINK_LOGIC/LC_CSPIF_L0/SNPS_CG_CELL_DCLK_DATA_NUM_CNT_reg_0/LTIELO/TIE0' on net 'u_LOGIC_CENTER/LINK_LOGIC/LC_CSPIF_L0/SNPS_CG_CELL_DCLK_DATA_NUM_CNT_reg_0/LTIELO_NET':
    > pin 'u_LOGIC_CENTER/LINK_LOGIC/LC_CSPIF_L0/SNPS_CG_CELL_DCLK_DATA_NUM_CNT_reg_0/latch/TE' at logic 'constant 0'

40.1.2 Forward propagation through CELLS (level 1)
----------------------------------------------------

41.1.1 Forward propagation on NET pins (level 1)
----------------------------------------------------
  Propagation of logic 'constant 0' from pin 'u_LOGIC_CENTER/LINK_LOGIC/LC_CSPIF_L0/SNPS_CG_CELL_HSR_DCLK_HSR_WIDTH_CNT_reg_0/LTIELO/TIE0' on net 'u_LOGIC_CENTER/LINK_LOGIC/LC_CSPIF_L0/SNPS_CG_CELL_HSR_DCLK_HSR_WIDTH_CNT_reg_0/LTIELO_NET':
    > pin 'u_LOGIC_CENTER/LINK_LOGIC/LC_CSPIF_L0/SNPS_CG_CELL_HSR_DCLK_HSR_WIDTH_CNT_reg_0/latch/TE' at logic 'constant 0'

41.1.2 Forward propagation through CELLS (level 1)
----------------------------------------------------

42.1.1 Forward propagation on NET pins (level 1)
----------------------------------------------------
  Propagation of logic 'constant 1' from pin 'u_LOGIC_CENTER/LINK_LOGIC/CSPI_WD_BWDBL/LTIEHI/TIE1' on net 'u_LOGIC_CENTER/LINK_LOGIC/CSPI_WD_BWDBL/LTIEHI_NET':
    > pin 'u_LOGIC_CENTER/LINK_LOGIC/CSPI_WD_BWDBL/BAC_CMD_TOG_DLY_L0_reg_3_/D1' at logic 'constant 1'

42.1.2 Forward propagation through CELLS (level 1)
----------------------------------------------------

43.1.1 Forward propagation on NET pins (level 1)
----------------------------------------------------
  Propagation of logic 'constant 0' from pin 'u_LOGIC_CENTER/LINK_LOGIC/LC_CSPIF_L1/SNPS_CG_CELL_DCLK_B_DATA_reg_0/LTIELO/TIE0' on net 'u_LOGIC_CENTER/LINK_LOGIC/LC_CSPIF_L1/SNPS_CG_CELL_DCLK_B_DATA_reg_0/LTIELO_NET':
    > pin 'u_LOGIC_CENTER/LINK_LOGIC/LC_CSPIF_L1/SNPS_CG_CELL_DCLK_B_DATA_reg_0/latch/TE' at logic 'constant 0'

43.1.2 Forward propagation through CELLS (level 1)
----------------------------------------------------

44.1.1 Forward propagation on NET pins (level 1)
----------------------------------------------------
  Propagation of logic 'constant 0' from pin 'u_LOGIC_CENTER/LINK_LOGIC/LC_CSPIF_L1/SNPS_CG_CELL_DCLK_KEY_CODE_reg_0/LTIELO/TIE0' on net 'u_LOGIC_CENTER/LINK_LOGIC/LC_CSPIF_L1/SNPS_CG_CELL_DCLK_KEY_CODE_reg_0/LTIELO_NET':
    > pin 'u_LOGIC_CENTER/LINK_LOGIC/LC_CSPIF_L1/SNPS_CG_CELL_DCLK_KEY_CODE_reg_0/latch/TE' at logic 'constant 0'

44.1.2 Forward propagation through CELLS (level 1)
----------------------------------------------------

45.1.1 Forward propagation on NET pins (level 1)
----------------------------------------------------
  Propagation of logic 'constant 0' from pin 'u_LOGIC_CENTER/LINK_LOGIC/LC_CSPIF_L1/SNPS_CG_CELL_DCLK_RR_DATA_reg_0/LTIELO/TIE0' on net 'u_LOGIC_CENTER/LINK_LOGIC/LC_CSPIF_L1/SNPS_CG_CELL_DCLK_RR_DATA_reg_0/LTIELO_NET':
    > pin 'u_LOGIC_CENTER/LINK_LOGIC/LC_CSPIF_L1/SNPS_CG_CELL_DCLK_RR_DATA_reg_0/latch/TE' at logic 'constant 0'

45.1.2 Forward propagation through CELLS (level 1)
----------------------------------------------------

46.1.1 Forward propagation on NET pins (level 1)
----------------------------------------------------
  Propagation of logic 'constant 0' from pin 'u_LOGIC_CENTER/LINK_LOGIC/LC_CSPIF_L1/SNPS_CG_CELL_DCLK_DATA_24BIT_reg_0/LTIELO/TIE0' on net 'u_LOGIC_CENTER/LINK_LOGIC/LC_CSPIF_L1/SNPS_CG_CELL_DCLK_DATA_24BIT_reg_0/LTIELO_NET':
    > pin 'u_LOGIC_CENTER/LINK_LOGIC/LC_CSPIF_L1/SNPS_CG_CELL_DCLK_DATA_24BIT_reg_0/latch/TE' at logic 'constant 0'

46.1.2 Forward propagation through CELLS (level 1)
----------------------------------------------------

47.1.1 Forward propagation on NET pins (level 1)
----------------------------------------------------
  Propagation of logic 'constant 0' from pin 'u_LOGIC_CENTER/LINK_LOGIC/LC_CSPIF_L1/SNPS_CG_CELL_DCLK_DATA_24BIT_reg_1/LTIELO/TIE0' on net 'u_LOGIC_CENTER/LINK_LOGIC/LC_CSPIF_L1/SNPS_CG_CELL_DCLK_DATA_24BIT_reg_1/LTIELO_NET':
    > pin 'u_LOGIC_CENTER/LINK_LOGIC/LC_CSPIF_L1/SNPS_CG_CELL_DCLK_DATA_24BIT_reg_1/latch/TE' at logic 'constant 0'

47.1.2 Forward propagation through CELLS (level 1)
----------------------------------------------------

48.1.1 Forward propagation on NET pins (level 1)
----------------------------------------------------
  Propagation of logic 'constant 0' from pin 'u_LOGIC_CENTER/LINK_LOGIC/SNPS_CG_CELL_DCLK0_BKPOL_EN_P_L0_PRE_STORE_reg_0/LTIELO/TIE0' on net 'u_LOGIC_CENTER/LINK_LOGIC/SNPS_CG_CELL_DCLK0_BKPOL_EN_P_L0_PRE_STORE_reg_0/LTIELO_NET':
    > pin 'u_LOGIC_CENTER/LINK_LOGIC/SNPS_CG_CELL_DCLK0_BKPOL_EN_P_L0_PRE_STORE_reg_0/latch/TE' at logic 'constant 0'

48.1.2 Forward propagation through CELLS (level 1)
----------------------------------------------------

49.1.1 Forward propagation on NET pins (level 1)
----------------------------------------------------
  Propagation of logic 'constant 0' from pin 'u_LOGIC_CENTER/LINK_LOGIC/LC_CPUWR_HV2M23/SNPS_CG_CELL_WCK1_A_R_REG_0_reg_0/LTIELO/TIE0' on net 'u_LOGIC_CENTER/LINK_LOGIC/LC_CPUWR_HV2M23/SNPS_CG_CELL_WCK1_A_R_REG_0_reg_0/LTIELO_NET':
    > pin 'u_LOGIC_CENTER/LINK_LOGIC/LC_CPUWR_HV2M23/SNPS_CG_CELL_WCK1_A_R_REG_0_reg_0/latch/TE' at logic 'constant 0'

49.1.2 Forward propagation through CELLS (level 1)
----------------------------------------------------

50.1.1 Forward propagation on NET pins (level 1)
----------------------------------------------------
  Propagation of logic 'constant 0' from pin 'u_LOGIC_CENTER/LINK_LOGIC/LC_CPUWR_HV2M23/SNPS_CG_CELL_WCK1_A_R_REG_5_reg_0/LTIELO/TIE0' on net 'u_LOGIC_CENTER/LINK_LOGIC/LC_CPUWR_HV2M23/SNPS_CG_CELL_WCK1_A_R_REG_5_reg_0/LTIELO_NET':
    > pin 'u_LOGIC_CENTER/LINK_LOGIC/LC_CPUWR_HV2M23/SNPS_CG_CELL_WCK1_A_R_REG_5_reg_0/latch/TE' at logic 'constant 0'

50.1.2 Forward propagation through CELLS (level 1)
----------------------------------------------------

51.1.1 Forward propagation on NET pins (level 1)
----------------------------------------------------
  Propagation of logic 'constant 0' from pin 'u_LOGIC_CENTER/LINK_LOGIC/LC_CPUWR_HV2M23/SNPS_CG_CELL_WCK1_A_R_REG_1_reg_0/LTIELO/TIE0' on net 'u_LOGIC_CENTER/LINK_LOGIC/LC_CPUWR_HV2M23/SNPS_CG_CELL_WCK1_A_R_REG_1_reg_0/LTIELO_NET':
    > pin 'u_LOGIC_CENTER/LINK_LOGIC/LC_CPUWR_HV2M23/SNPS_CG_CELL_WCK1_A_R_REG_1_reg_0/latch/TE' at logic 'constant 0'

51.1.2 Forward propagation through CELLS (level 1)
----------------------------------------------------

52.1.1 Forward propagation on NET pins (level 1)
----------------------------------------------------
  Propagation of logic 'constant 0' from pin 'u_LOGIC_CENTER/LINK_LOGIC/LC_CPUWR_HV2M23/SNPS_CG_CELL_WCK1_A_R_REG_6_reg_0/LTIELO/TIE0' on net 'u_LOGIC_CENTER/LINK_LOGIC/LC_CPUWR_HV2M23/SNPS_CG_CELL_WCK1_A_R_REG_6_reg_0/LTIELO_NET':
    > pin 'u_LOGIC_CENTER/LINK_LOGIC/LC_CPUWR_HV2M23/SNPS_CG_CELL_WCK1_A_R_REG_6_reg_0/latch/TE' at logic 'constant 0'

52.1.2 Forward propagation through CELLS (level 1)
----------------------------------------------------

53.1.1 Forward propagation on NET pins (level 1)
----------------------------------------------------
  Propagation of logic 'constant 0' from pin 'u_LOGIC_CENTER/LINK_LOGIC/LC_CPUWR_HV2M23/SNPS_CG_CELL_WCK1_A_R_REG_34_reg_0/LTIELO/TIE0' on net 'u_LOGIC_CENTER/LINK_LOGIC/LC_CPUWR_HV2M23/SNPS_CG_CELL_WCK1_A_R_REG_34_reg_0/LTIELO_NET':
    > pin 'u_LOGIC_CENTER/LINK_LOGIC/LC_CPUWR_HV2M23/SNPS_CG_CELL_WCK1_A_R_REG_34_reg_0/latch/TE' at logic 'constant 0'

53.1.2 Forward propagation through CELLS (level 1)
----------------------------------------------------

54.1.1 Forward propagation on NET pins (level 1)
----------------------------------------------------
  Propagation of logic 'constant 0' from pin 'u_LOGIC_CENTER/LINK_LOGIC/LC_CPUWR_HV2M23/SNPS_CG_CELL_WCK1_A_R_REG_39_reg_0/LTIELO/TIE0' on net 'u_LOGIC_CENTER/LINK_LOGIC/LC_CPUWR_HV2M23/SNPS_CG_CELL_WCK1_A_R_REG_39_reg_0/LTIELO_NET':
    > pin 'u_LOGIC_CENTER/LINK_LOGIC/LC_CPUWR_HV2M23/SNPS_CG_CELL_WCK1_A_R_REG_39_reg_0/latch/TE' at logic 'constant 0'

54.1.2 Forward propagation through CELLS (level 1)
----------------------------------------------------

55.1.1 Forward propagation on NET pins (level 1)
----------------------------------------------------
  Propagation of logic 'constant 0' from pin 'u_LOGIC_CENTER/LINK_LOGIC/LC_CPUWR_HV2M23/SNPS_CG_CELL_WCK1_A_R_REG_10_reg_0/LTIELO/TIE0' on net 'u_LOGIC_CENTER/LINK_LOGIC/LC_CPUWR_HV2M23/SNPS_CG_CELL_WCK1_A_R_REG_10_reg_0/LTIELO_NET':
    > pin 'u_LOGIC_CENTER/LINK_LOGIC/LC_CPUWR_HV2M23/SNPS_CG_CELL_WCK1_A_R_REG_10_reg_0/latch/TE' at logic 'constant 0'

55.1.2 Forward propagation through CELLS (level 1)
----------------------------------------------------

56.1.1 Forward propagation on NET pins (level 1)
----------------------------------------------------
  Propagation of logic 'constant 0' from pin 'u_LOGIC_CENTER/LINK_LOGIC/LC_CPUWR_HV2M23/SNPS_CG_CELL_WCK1_A_R_REG_42_reg_0/LTIELO/TIE0' on net 'u_LOGIC_CENTER/LINK_LOGIC/LC_CPUWR_HV2M23/SNPS_CG_CELL_WCK1_A_R_REG_42_reg_0/LTIELO_NET':
    > pin 'u_LOGIC_CENTER/LINK_LOGIC/LC_CPUWR_HV2M23/SNPS_CG_CELL_WCK1_A_R_REG_42_reg_0/latch/TE' at logic 'constant 0'

56.1.2 Forward propagation through CELLS (level 1)
----------------------------------------------------

57.1.1 Forward propagation on NET pins (level 1)
----------------------------------------------------
  Propagation of logic 'constant 0' from pin 'u_LOGIC_CENTER/LINK_LOGIC/LC_CPUWR_HV2M23/SNPS_CG_CELL_WCK1_A_R_REG_2_reg_0/LTIELO/TIE0' on net 'u_LOGIC_CENTER/LINK_LOGIC/LC_CPUWR_HV2M23/SNPS_CG_CELL_WCK1_A_R_REG_2_reg_0/LTIELO_NET':
    > pin 'u_LOGIC_CENTER/LINK_LOGIC/LC_CPUWR_HV2M23/SNPS_CG_CELL_WCK1_A_R_REG_2_reg_0/latch/TE' at logic 'constant 0'

57.1.2 Forward propagation through CELLS (level 1)
----------------------------------------------------

58.1.1 Forward propagation on NET pins (level 1)
----------------------------------------------------
  Propagation of logic 'constant 0' from pin 'u_LOGIC_CENTER/LINK_LOGIC/LC_CPUWR_HV2M23/SNPS_CG_CELL_WCK1_A_R_REG_47_reg_0/LTIELO/TIE0' on net 'u_LOGIC_CENTER/LINK_LOGIC/LC_CPUWR_HV2M23/SNPS_CG_CELL_WCK1_A_R_REG_47_reg_0/LTIELO_NET':
    > pin 'u_LOGIC_CENTER/LINK_LOGIC/LC_CPUWR_HV2M23/SNPS_CG_CELL_WCK1_A_R_REG_47_reg_0/latch/TE' at logic 'constant 0'

58.1.2 Forward propagation through CELLS (level 1)
----------------------------------------------------

59.1.1 Forward propagation on NET pins (level 1)
----------------------------------------------------
  Propagation of logic 'constant 0' from pin 'u_LOGIC_CENTER/LINK_LOGIC/LC_CPUWR_HV2M23/SNPS_CG_CELL_WCK1_A_R_REG_7_reg_0/LTIELO/TIE0' on net 'u_LOGIC_CENTER/LINK_LOGIC/LC_CPUWR_HV2M23/SNPS_CG_CELL_WCK1_A_R_REG_7_reg_0/LTIELO_NET':
    > pin 'u_LOGIC_CENTER/LINK_LOGIC/LC_CPUWR_HV2M23/SNPS_CG_CELL_WCK1_A_R_REG_7_reg_0/latch/TE' at logic 'constant 0'

59.1.2 Forward propagation through CELLS (level 1)
----------------------------------------------------

60.1.1 Forward propagation on NET pins (level 1)
----------------------------------------------------
  Propagation of logic 'constant 0' from pin 'u_LOGIC_CENTER/LINK_LOGIC/LC_CPUWR_HV2M23/SNPS_CG_CELL_WCK1_A_R_REG_35_reg_0/LTIELO/TIE0' on net 'u_LOGIC_CENTER/LINK_LOGIC/LC_CPUWR_HV2M23/SNPS_CG_CELL_WCK1_A_R_REG_35_reg_0/LTIELO_NET':
    > pin 'u_LOGIC_CENTER/LINK_LOGIC/LC_CPUWR_HV2M23/SNPS_CG_CELL_WCK1_A_R_REG_35_reg_0/latch/TE' at logic 'constant 0'

60.1.2 Forward propagation through CELLS (level 1)
----------------------------------------------------

61.1.1 Forward propagation on NET pins (level 1)
----------------------------------------------------
  Propagation of logic 'constant 0' from pin 'u_LOGIC_CENTER/LINK_LOGIC/LC_CPUWR_HV2M23/SNPS_CG_CELL_WCK1_A_R_REG_50_reg_0/LTIELO/TIE0' on net 'u_LOGIC_CENTER/LINK_LOGIC/LC_CPUWR_HV2M23/SNPS_CG_CELL_WCK1_A_R_REG_50_reg_0/LTIELO_NET':
    > pin 'u_LOGIC_CENTER/LINK_LOGIC/LC_CPUWR_HV2M23/SNPS_CG_CELL_WCK1_A_R_REG_50_reg_0/latch/TE' at logic 'constant 0'

61.1.2 Forward propagation through CELLS (level 1)
----------------------------------------------------

62.1.1 Forward propagation on NET pins (level 1)
----------------------------------------------------
  Propagation of logic 'constant 0' from pin 'u_LOGIC_CENTER/LINK_LOGIC/LC_CPUWR_HV2M23/SNPS_CG_CELL_WCK1_A_R_REG_11_reg_0/LTIELO/TIE0' on net 'u_LOGIC_CENTER/LINK_LOGIC/LC_CPUWR_HV2M23/SNPS_CG_CELL_WCK1_A_R_REG_11_reg_0/LTIELO_NET':
    > pin 'u_LOGIC_CENTER/LINK_LOGIC/LC_CPUWR_HV2M23/SNPS_CG_CELL_WCK1_A_R_REG_11_reg_0/latch/TE' at logic 'constant 0'

62.1.2 Forward propagation through CELLS (level 1)
----------------------------------------------------

63.1.1 Forward propagation on NET pins (level 1)
----------------------------------------------------
  Propagation of logic 'constant 0' from pin 'u_LOGIC_CENTER/LINK_LOGIC/LC_CPUWR_HV2M23/SNPS_CG_CELL_WCK1_A_R_REG_43_reg_0/LTIELO/TIE0' on net 'u_LOGIC_CENTER/LINK_LOGIC/LC_CPUWR_HV2M23/SNPS_CG_CELL_WCK1_A_R_REG_43_reg_0/LTIELO_NET':
    > pin 'u_LOGIC_CENTER/LINK_LOGIC/LC_CPUWR_HV2M23/SNPS_CG_CELL_WCK1_A_R_REG_43_reg_0/latch/TE' at logic 'constant 0'

63.1.2 Forward propagation through CELLS (level 1)
----------------------------------------------------

64.1.1 Forward propagation on NET pins (level 1)
----------------------------------------------------
  Propagation of logic 'constant 0' from pin 'u_LOGIC_CENTER/LINK_LOGIC/LC_CPUWR_HV2M23/SNPS_CG_CELL_WCK1_A_R_REG_3_reg_0/LTIELO/TIE0' on net 'u_LOGIC_CENTER/LINK_LOGIC/LC_CPUWR_HV2M23/SNPS_CG_CELL_WCK1_A_R_REG_3_reg_0/LTIELO_NET':
    > pin 'u_LOGIC_CENTER/LINK_LOGIC/LC_CPUWR_HV2M23/SNPS_CG_CELL_WCK1_A_R_REG_3_reg_0/latch/TE' at logic 'constant 0'

64.1.2 Forward propagation through CELLS (level 1)
----------------------------------------------------

65.1.1 Forward propagation on NET pins (level 1)
----------------------------------------------------
  Propagation of logic 'constant 0' from pin 'u_LOGIC_CENTER/LINK_LOGIC/LC_CPUWR_HV2M23/SNPS_CG_CELL_WCK1_A_R_REG_31_reg_0/LTIELO/TIE0' on net 'u_LOGIC_CENTER/LINK_LOGIC/LC_CPUWR_HV2M23/SNPS_CG_CELL_WCK1_A_R_REG_31_reg_0/LTIELO_NET':
    > pin 'u_LOGIC_CENTER/LINK_LOGIC/LC_CPUWR_HV2M23/SNPS_CG_CELL_WCK1_A_R_REG_31_reg_0/latch/TE' at logic 'constant 0'

65.1.2 Forward propagation through CELLS (level 1)
----------------------------------------------------

66.1.1 Forward propagation on NET pins (level 1)
----------------------------------------------------
  Propagation of logic 'constant 0' from pin 'u_LOGIC_CENTER/LINK_LOGIC/LC_CPUWR_HV2M23/SNPS_CG_CELL_WCK1_A_R_REG_48_reg_0/LTIELO/TIE0' on net 'u_LOGIC_CENTER/LINK_LOGIC/LC_CPUWR_HV2M23/SNPS_CG_CELL_WCK1_A_R_REG_48_reg_0/LTIELO_NET':
    > pin 'u_LOGIC_CENTER/LINK_LOGIC/LC_CPUWR_HV2M23/SNPS_CG_CELL_WCK1_A_R_REG_48_reg_0/latch/TE' at logic 'constant 0'

66.1.2 Forward propagation through CELLS (level 1)
----------------------------------------------------

67.1.1 Forward propagation on NET pins (level 1)
----------------------------------------------------
  Propagation of logic 'constant 0' from pin 'u_LOGIC_CENTER/LINK_LOGIC/LC_CPUWR_HV2M23/SNPS_CG_CELL_WCK1_A_R_REG_8_reg_0/LTIELO/TIE0' on net 'u_LOGIC_CENTER/LINK_LOGIC/LC_CPUWR_HV2M23/SNPS_CG_CELL_WCK1_A_R_REG_8_reg_0/LTIELO_NET':
    > pin 'u_LOGIC_CENTER/LINK_LOGIC/LC_CPUWR_HV2M23/SNPS_CG_CELL_WCK1_A_R_REG_8_reg_0/latch/TE' at logic 'constant 0'

67.1.2 Forward propagation through CELLS (level 1)
----------------------------------------------------

68.1.1 Forward propagation on NET pins (level 1)
----------------------------------------------------
  Propagation of logic 'constant 0' from pin 'u_LOGIC_CENTER/LINK_LOGIC/LC_CPUWR_HV2M23/SNPS_CG_CELL_WCK1_A_R_REG_36_reg_0/LTIELO/TIE0' on net 'u_LOGIC_CENTER/LINK_LOGIC/LC_CPUWR_HV2M23/SNPS_CG_CELL_WCK1_A_R_REG_36_reg_0/LTIELO_NET':
    > pin 'u_LOGIC_CENTER/LINK_LOGIC/LC_CPUWR_HV2M23/SNPS_CG_CELL_WCK1_A_R_REG_36_reg_0/latch/TE' at logic 'constant 0'

68.1.2 Forward propagation through CELLS (level 1)
----------------------------------------------------

69.1.1 Forward propagation on NET pins (level 1)
----------------------------------------------------
  Propagation of logic 'constant 1' from pin 'u_LOGIC_CENTER/LINK_LOGIC/LC_CPUWR_HV2M23/LTIEHI/TIE1' on net 'u_LOGIC_CENTER/LINK_LOGIC/LC_CPUWR_HV2M23/LTIEHI_NET':
    > pin 'u_LOGIC_CENTER/LINK_LOGIC/LC_CPUWR_HV2M23/R_REG_48_reg_7_/D1' at logic 'constant 1'

69.1.2 Forward propagation through CELLS (level 1)
----------------------------------------------------

70.1.1 Forward propagation on NET pins (level 1)
----------------------------------------------------
  Propagation of logic 'constant 0' from pin 'u_LOGIC_CENTER/LINK_LOGIC/LC_CPUWR_HV2M23/SNPS_CG_CELL_WCK1_A_R_REG_12_reg_0/LTIELO/TIE0' on net 'u_LOGIC_CENTER/LINK_LOGIC/LC_CPUWR_HV2M23/SNPS_CG_CELL_WCK1_A_R_REG_12_reg_0/LTIELO_NET':
    > pin 'u_LOGIC_CENTER/LINK_LOGIC/LC_CPUWR_HV2M23/SNPS_CG_CELL_WCK1_A_R_REG_12_reg_0/latch/TE' at logic 'constant 0'

70.1.2 Forward propagation through CELLS (level 1)
----------------------------------------------------

71.1.1 Forward propagation on NET pins (level 1)
----------------------------------------------------
  Propagation of logic 'constant 0' from pin 'u_LOGIC_CENTER/LINK_LOGIC/LC_CPUWR_HV2M23/SNPS_CG_CELL_WCK1_A_R_REG_44_reg_0/LTIELO/TIE0' on net 'u_LOGIC_CENTER/LINK_LOGIC/LC_CPUWR_HV2M23/SNPS_CG_CELL_WCK1_A_R_REG_44_reg_0/LTIELO_NET':
    > pin 'u_LOGIC_CENTER/LINK_LOGIC/LC_CPUWR_HV2M23/SNPS_CG_CELL_WCK1_A_R_REG_44_reg_0/latch/TE' at logic 'constant 0'

71.1.2 Forward propagation through CELLS (level 1)
----------------------------------------------------

72.1.1 Forward propagation on NET pins (level 1)
----------------------------------------------------
  Propagation of logic 'constant 0' from pin 'u_LOGIC_CENTER/LINK_LOGIC/LC_CPUWR_HV2M23/SNPS_CG_CELL_WCK1_A_R_REG_4_reg_0/LTIELO/TIE0' on net 'u_LOGIC_CENTER/LINK_LOGIC/LC_CPUWR_HV2M23/SNPS_CG_CELL_WCK1_A_R_REG_4_reg_0/LTIELO_NET':
    > pin 'u_LOGIC_CENTER/LINK_LOGIC/LC_CPUWR_HV2M23/SNPS_CG_CELL_WCK1_A_R_REG_4_reg_0/latch/TE' at logic 'constant 0'

72.1.2 Forward propagation through CELLS (level 1)
----------------------------------------------------

73.1.1 Forward propagation on NET pins (level 1)
----------------------------------------------------
  Propagation of logic 'constant 0' from pin 'u_LOGIC_CENTER/LINK_LOGIC/LC_CPUWR_HV2M23/SNPS_CG_CELL_WCK1_A_R_REG_32_reg_0/LTIELO/TIE0' on net 'u_LOGIC_CENTER/LINK_LOGIC/LC_CPUWR_HV2M23/SNPS_CG_CELL_WCK1_A_R_REG_32_reg_0/LTIELO_NET':
    > pin 'u_LOGIC_CENTER/LINK_LOGIC/LC_CPUWR_HV2M23/SNPS_CG_CELL_WCK1_A_R_REG_32_reg_0/latch/TE' at logic 'constant 0'

73.1.2 Forward propagation through CELLS (level 1)
----------------------------------------------------

74.1.1 Forward propagation on NET pins (level 1)
----------------------------------------------------
  Propagation of logic 'constant 0' from pin 'u_LOGIC_CENTER/LINK_LOGIC/LC_CPUWR_HV2M23/SNPS_CG_CELL_WCK1_A_R_REG_9_reg_0/LTIELO/TIE0' on net 'u_LOGIC_CENTER/LINK_LOGIC/LC_CPUWR_HV2M23/SNPS_CG_CELL_WCK1_A_R_REG_9_reg_0/LTIELO_NET':
    > pin 'u_LOGIC_CENTER/LINK_LOGIC/LC_CPUWR_HV2M23/SNPS_CG_CELL_WCK1_A_R_REG_9_reg_0/latch/TE' at logic 'constant 0'

74.1.2 Forward propagation through CELLS (level 1)
----------------------------------------------------

75.1.1 Forward propagation on NET pins (level 1)
----------------------------------------------------
  Propagation of logic 'constant 0' from pin 'u_LOGIC_CENTER/LINK_LOGIC/LC_CPUWR_HV2M23/SNPS_CG_CELL_WCK1_A_R_REG_49_reg_0/LTIELO/TIE0' on net 'u_LOGIC_CENTER/LINK_LOGIC/LC_CPUWR_HV2M23/SNPS_CG_CELL_WCK1_A_R_REG_49_reg_0/LTIELO_NET':
    > pin 'u_LOGIC_CENTER/LINK_LOGIC/LC_CPUWR_HV2M23/SNPS_CG_CELL_WCK1_A_R_REG_49_reg_0/latch/TE' at logic 'constant 0'

75.1.2 Forward propagation through CELLS (level 1)
----------------------------------------------------

76.1.1 Forward propagation on NET pins (level 1)
----------------------------------------------------
  Propagation of logic 'constant 0' from pin 'u_LOGIC_CENTER/LINK_LOGIC/LC_CPUWR_HV2M23/SNPS_CG_CELL_WCK1_A_R_REG_37_reg_0/LTIELO/TIE0' on net 'u_LOGIC_CENTER/LINK_LOGIC/LC_CPUWR_HV2M23/SNPS_CG_CELL_WCK1_A_R_REG_37_reg_0/LTIELO_NET':
    > pin 'u_LOGIC_CENTER/LINK_LOGIC/LC_CPUWR_HV2M23/SNPS_CG_CELL_WCK1_A_R_REG_37_reg_0/latch/TE' at logic 'constant 0'

76.1.2 Forward propagation through CELLS (level 1)
----------------------------------------------------

77.1.1 Forward propagation on NET pins (level 1)
----------------------------------------------------
  Propagation of logic 'constant 0' from pin 'u_LOGIC_CENTER/LINK_LOGIC/LC_CPUWR_HV2M23/SNPS_CG_CELL_WCK1_A_R_REG_40_reg_0/LTIELO/TIE0' on net 'u_LOGIC_CENTER/LINK_LOGIC/LC_CPUWR_HV2M23/SNPS_CG_CELL_WCK1_A_R_REG_40_reg_0/LTIELO_NET':
    > pin 'u_LOGIC_CENTER/LINK_LOGIC/LC_CPUWR_HV2M23/SNPS_CG_CELL_WCK1_A_R_REG_40_reg_0/latch/TE' at logic 'constant 0'

77.1.2 Forward propagation through CELLS (level 1)
----------------------------------------------------

78.1.1 Forward propagation on NET pins (level 1)
----------------------------------------------------
  Propagation of logic 'constant 0' from pin 'u_LOGIC_CENTER/LINK_LOGIC/LC_CPUWR_HV2M23/SNPS_CG_CELL_WCK1_A_R_REG_45_reg_0/LTIELO/TIE0' on net 'u_LOGIC_CENTER/LINK_LOGIC/LC_CPUWR_HV2M23/SNPS_CG_CELL_WCK1_A_R_REG_45_reg_0/LTIELO_NET':
    > pin 'u_LOGIC_CENTER/LINK_LOGIC/LC_CPUWR_HV2M23/SNPS_CG_CELL_WCK1_A_R_REG_45_reg_0/latch/TE' at logic 'constant 0'

78.1.2 Forward propagation through CELLS (level 1)
----------------------------------------------------

79.1.1 Forward propagation on NET pins (level 1)
----------------------------------------------------
  Propagation of logic 'constant 0' from pin 'u_LOGIC_CENTER/LINK_LOGIC/LC_CPUWR_HV2M23/SNPS_CG_CELL_WCK1_A_R_REG_60_reg_0/LTIELO/TIE0' on net 'u_LOGIC_CENTER/LINK_LOGIC/LC_CPUWR_HV2M23/SNPS_CG_CELL_WCK1_A_R_REG_60_reg_0/LTIELO_NET':
    > pin 'u_LOGIC_CENTER/LINK_LOGIC/LC_CPUWR_HV2M23/SNPS_CG_CELL_WCK1_A_R_REG_60_reg_0/latch/TE' at logic 'constant 0'

79.1.2 Forward propagation through CELLS (level 1)
----------------------------------------------------

80.1.1 Forward propagation on NET pins (level 1)
----------------------------------------------------
  Propagation of logic 'constant 0' from pin 'u_LOGIC_CENTER/LINK_LOGIC/LC_CPUWR_HV2M23/SNPS_CG_CELL_WCK1_A_R_REG_38_reg_0/LTIELO/TIE0' on net 'u_LOGIC_CENTER/LINK_LOGIC/LC_CPUWR_HV2M23/SNPS_CG_CELL_WCK1_A_R_REG_38_reg_0/LTIELO_NET':
    > pin 'u_LOGIC_CENTER/LINK_LOGIC/LC_CPUWR_HV2M23/SNPS_CG_CELL_WCK1_A_R_REG_38_reg_0/latch/TE' at logic 'constant 0'

80.1.2 Forward propagation through CELLS (level 1)
----------------------------------------------------

81.1.1 Forward propagation on NET pins (level 1)
----------------------------------------------------
  Propagation of logic 'constant 0' from pin 'u_LOGIC_CENTER/LINK_LOGIC/LC_CPUWR_HV2M23/SNPS_CG_CELL_WCK1_A_R_REG_41_reg_0/LTIELO/TIE0' on net 'u_LOGIC_CENTER/LINK_LOGIC/LC_CPUWR_HV2M23/SNPS_CG_CELL_WCK1_A_R_REG_41_reg_0/LTIELO_NET':
    > pin 'u_LOGIC_CENTER/LINK_LOGIC/LC_CPUWR_HV2M23/SNPS_CG_CELL_WCK1_A_R_REG_41_reg_0/latch/TE' at logic 'constant 0'

81.1.2 Forward propagation through CELLS (level 1)
----------------------------------------------------

82.1.1 Forward propagation on NET pins (level 1)
----------------------------------------------------
  Propagation of logic 'constant 0' from pin 'u_LOGIC_CENTER/LINK_LOGIC/LC_CPUWR_HV2M23/SNPS_CG_CELL_WCK1_A_R_REG_46_reg_0/LTIELO/TIE0' on net 'u_LOGIC_CENTER/LINK_LOGIC/LC_CPUWR_HV2M23/SNPS_CG_CELL_WCK1_A_R_REG_46_reg_0/LTIELO_NET':
    > pin 'u_LOGIC_CENTER/LINK_LOGIC/LC_CPUWR_HV2M23/SNPS_CG_CELL_WCK1_A_R_REG_46_reg_0/latch/TE' at logic 'constant 0'

82.1.2 Forward propagation through CELLS (level 1)
----------------------------------------------------

83.1.1 Forward propagation on NET pins (level 1)
----------------------------------------------------
  Propagation of logic 'constant 0' from pin 'u_LOGIC_CENTER/LINK_LOGIC/U_SYNC_L0L1/SNPS_CG_CELL_DCLK1_L1_BUF1_reg_0/LTIELO/TIE0' on net 'u_LOGIC_CENTER/LINK_LOGIC/U_SYNC_L0L1/SNPS_CG_CELL_DCLK1_L1_BUF1_reg_0/LTIELO_NET':
    > pin 'u_LOGIC_CENTER/LINK_LOGIC/U_SYNC_L0L1/SNPS_CG_CELL_DCLK1_L1_BUF1_reg_0/latch/TE' at logic 'constant 0'

83.1.2 Forward propagation through CELLS (level 1)
----------------------------------------------------

84.1.1 Forward propagation on NET pins (level 1)
----------------------------------------------------
  Propagation of logic 'constant 1' from pin 'u_LOGIC_CENTER/LINK_LOGIC/U_SYNC_L0L1/LTIEHI/TIE1' on net 'u_LOGIC_CENTER/LINK_LOGIC/U_SYNC_L0L1/LTIEHI_NET':
    > pin 'u_LOGIC_CENTER/LINK_LOGIC/U_SYNC_L0L1/L1_BUF1_SYNCED_reg_7_/D1' at logic 'constant 1'

84.1.2 Forward propagation through CELLS (level 1)
----------------------------------------------------

85.1.1 Forward propagation on NET pins (level 1)
----------------------------------------------------
  Propagation of logic 'constant 0' from pin 'u_LOGIC_CENTER/LINK_LOGIC/U_SYNC_L0L1/U_L0_CIRC_DELAY_BUF/SNPS_CG_CELL_DCLK0_L0_BUF4_reg_0/LTIELO/TIE0' on net 'u_LOGIC_CENTER/LINK_LOGIC/U_SYNC_L0L1/U_L0_CIRC_DELAY_BUF/SNPS_CG_CELL_DCLK0_L0_BUF4_reg_0/LTIELO_NET':
    > pin 'u_LOGIC_CENTER/LINK_LOGIC/U_SYNC_L0L1/U_L0_CIRC_DELAY_BUF/SNPS_CG_CELL_DCLK0_L0_BUF4_reg_0/latch/TE' at logic 'constant 0'

85.1.2 Forward propagation through CELLS (level 1)
----------------------------------------------------

86.1.1 Forward propagation on NET pins (level 1)
----------------------------------------------------
  Propagation of logic 'constant 0' from pin 'u_LOGIC_CENTER/LINK_LOGIC/U_SYNC_L0L1/U_L0_CIRC_DELAY_BUF/SNPS_CG_CELL_DCLK0_L0_BUF_CNT_FIX_SEL_reg_0/LTIELO/TIE0' on net 'u_LOGIC_CENTER/LINK_LOGIC/U_SYNC_L0L1/U_L0_CIRC_DELAY_BUF/SNPS_CG_CELL_DCLK0_L0_BUF_CNT_FIX_SEL_reg_0/LTIELO_NET':
    > pin 'u_LOGIC_CENTER/LINK_LOGIC/U_SYNC_L0L1/U_L0_CIRC_DELAY_BUF/SNPS_CG_CELL_DCLK0_L0_BUF_CNT_FIX_SEL_reg_0/latch/TE' at logic 'constant 0'

86.1.2 Forward propagation through CELLS (level 1)
----------------------------------------------------

87.1.1 Forward propagation on NET pins (level 1)
----------------------------------------------------
  Propagation of logic 'constant 0' from pin 'u_LOGIC_CENTER/LINK_LOGIC/U_SYNC_L0L1/U_L0_CIRC_DELAY_BUF/SNPS_CG_CELL_DCLK0_L0_BUF0_reg_0/LTIELO/TIE0' on net 'u_LOGIC_CENTER/LINK_LOGIC/U_SYNC_L0L1/U_L0_CIRC_DELAY_BUF/SNPS_CG_CELL_DCLK0_L0_BUF0_reg_0/LTIELO_NET':
    > pin 'u_LOGIC_CENTER/LINK_LOGIC/U_SYNC_L0L1/U_L0_CIRC_DELAY_BUF/SNPS_CG_CELL_DCLK0_L0_BUF0_reg_0/latch/TE' at logic 'constant 0'

87.1.2 Forward propagation through CELLS (level 1)
----------------------------------------------------

88.1.1 Forward propagation on NET pins (level 1)
----------------------------------------------------
  Propagation of logic 'constant 0' from pin 'u_LOGIC_CENTER/LINK_LOGIC/U_SYNC_L0L1/U_L0_CIRC_DELAY_BUF/SNPS_CG_CELL_DCLK0_L0_BUF5_reg_0/LTIELO/TIE0' on net 'u_LOGIC_CENTER/LINK_LOGIC/U_SYNC_L0L1/U_L0_CIRC_DELAY_BUF/SNPS_CG_CELL_DCLK0_L0_BUF5_reg_0/LTIELO_NET':
    > pin 'u_LOGIC_CENTER/LINK_LOGIC/U_SYNC_L0L1/U_L0_CIRC_DELAY_BUF/SNPS_CG_CELL_DCLK0_L0_BUF5_reg_0/latch/TE' at logic 'constant 0'

88.1.2 Forward propagation through CELLS (level 1)
----------------------------------------------------

89.1.1 Forward propagation on NET pins (level 1)
----------------------------------------------------
  Propagation of logic 'constant 1' from pin 'u_LOGIC_CENTER/LINK_LOGIC/U_SYNC_L0L1/U_L0_CIRC_DELAY_BUF/LTIEHI/TIE1' on net 'u_LOGIC_CENTER/LINK_LOGIC/U_SYNC_L0L1/U_L0_CIRC_DELAY_BUF/LTIEHI_NET':
    > pin 'u_LOGIC_CENTER/LINK_LOGIC/U_SYNC_L0L1/U_L0_CIRC_DELAY_BUF/L0_BUF_CNT_FIX_SEL_reg_3_/D1' at logic 'constant 1'

89.1.2 Forward propagation through CELLS (level 1)
----------------------------------------------------

90.1.1 Forward propagation on NET pins (level 1)
----------------------------------------------------
  Propagation of logic 'constant 0' from pin 'u_LOGIC_CENTER/LINK_LOGIC/U_SYNC_L0L1/U_L0_CIRC_DELAY_BUF/SNPS_CG_CELL_DCLK0_L0_BUF1_reg_0/LTIELO/TIE0' on net 'u_LOGIC_CENTER/LINK_LOGIC/U_SYNC_L0L1/U_L0_CIRC_DELAY_BUF/SNPS_CG_CELL_DCLK0_L0_BUF1_reg_0/LTIELO_NET':
    > pin 'u_LOGIC_CENTER/LINK_LOGIC/U_SYNC_L0L1/U_L0_CIRC_DELAY_BUF/SNPS_CG_CELL_DCLK0_L0_BUF1_reg_0/latch/TE' at logic 'constant 0'

90.1.2 Forward propagation through CELLS (level 1)
----------------------------------------------------

91.1.1 Forward propagation on NET pins (level 1)
----------------------------------------------------
  Propagation of logic 'constant 0' from pin 'u_LOGIC_CENTER/LINK_LOGIC/U_SYNC_L0L1/U_L0_CIRC_DELAY_BUF/SNPS_CG_CELL_DCLK0_L0_BUF6_reg_0/LTIELO/TIE0' on net 'u_LOGIC_CENTER/LINK_LOGIC/U_SYNC_L0L1/U_L0_CIRC_DELAY_BUF/SNPS_CG_CELL_DCLK0_L0_BUF6_reg_0/LTIELO_NET':
    > pin 'u_LOGIC_CENTER/LINK_LOGIC/U_SYNC_L0L1/U_L0_CIRC_DELAY_BUF/SNPS_CG_CELL_DCLK0_L0_BUF6_reg_0/latch/TE' at logic 'constant 0'

91.1.2 Forward propagation through CELLS (level 1)
----------------------------------------------------

92.1.1 Forward propagation on NET pins (level 1)
----------------------------------------------------
  Propagation of logic 'constant 0' from pin 'u_LOGIC_CENTER/LINK_LOGIC/U_SYNC_L0L1/U_L0_CIRC_DELAY_BUF/SNPS_CG_CELL_DCLK0_L0_BUF2_reg_0/LTIELO/TIE0' on net 'u_LOGIC_CENTER/LINK_LOGIC/U_SYNC_L0L1/U_L0_CIRC_DELAY_BUF/SNPS_CG_CELL_DCLK0_L0_BUF2_reg_0/LTIELO_NET':
    > pin 'u_LOGIC_CENTER/LINK_LOGIC/U_SYNC_L0L1/U_L0_CIRC_DELAY_BUF/SNPS_CG_CELL_DCLK0_L0_BUF2_reg_0/latch/TE' at logic 'constant 0'

92.1.2 Forward propagation through CELLS (level 1)
----------------------------------------------------

93.1.1 Forward propagation on NET pins (level 1)
----------------------------------------------------
  Propagation of logic 'constant 0' from pin 'u_LOGIC_CENTER/LINK_LOGIC/U_SYNC_L0L1/U_L0_CIRC_DELAY_BUF/SNPS_CG_CELL_DCLK0_L0_BUF_CNT_SEL_reg_0/LTIELO/TIE0' on net 'u_LOGIC_CENTER/LINK_LOGIC/U_SYNC_L0L1/U_L0_CIRC_DELAY_BUF/SNPS_CG_CELL_DCLK0_L0_BUF_CNT_SEL_reg_0/LTIELO_NET':
    > pin 'u_LOGIC_CENTER/LINK_LOGIC/U_SYNC_L0L1/U_L0_CIRC_DELAY_BUF/SNPS_CG_CELL_DCLK0_L0_BUF_CNT_SEL_reg_0/latch/TE' at logic 'constant 0'

93.1.2 Forward propagation through CELLS (level 1)
----------------------------------------------------

94.1.1 Forward propagation on NET pins (level 1)
----------------------------------------------------
  Propagation of logic 'constant 0' from pin 'u_LOGIC_CENTER/LINK_LOGIC/U_SYNC_L0L1/U_L0_CIRC_DELAY_BUF/SNPS_CG_CELL_DCLK0_L0_BUF3_reg_0/LTIELO/TIE0' on net 'u_LOGIC_CENTER/LINK_LOGIC/U_SYNC_L0L1/U_L0_CIRC_DELAY_BUF/SNPS_CG_CELL_DCLK0_L0_BUF3_reg_0/LTIELO_NET':
    > pin 'u_LOGIC_CENTER/LINK_LOGIC/U_SYNC_L0L1/U_L0_CIRC_DELAY_BUF/SNPS_CG_CELL_DCLK0_L0_BUF3_reg_0/latch/TE' at logic 'constant 0'

94.1.2 Forward propagation through CELLS (level 1)
----------------------------------------------------

95.1.1 Forward propagation on NET pins (level 1)
----------------------------------------------------
  Propagation of logic 'constant 0' from pin 'u_LOGIC_CENTER/LINK_LOGIC/U_SYNC_L0L1/SNPS_CG_CELL_DCLK1_L1_BUF2_reg_0/LTIELO/TIE0' on net 'u_LOGIC_CENTER/LINK_LOGIC/U_SYNC_L0L1/SNPS_CG_CELL_DCLK1_L1_BUF2_reg_0/LTIELO_NET':
    > pin 'u_LOGIC_CENTER/LINK_LOGIC/U_SYNC_L0L1/SNPS_CG_CELL_DCLK1_L1_BUF2_reg_0/latch/TE' at logic 'constant 0'

95.1.2 Forward propagation through CELLS (level 1)
----------------------------------------------------

96.1.1 Forward propagation on NET pins (level 1)
----------------------------------------------------
  Propagation of logic 'constant 0' from pin 'u_LOGIC_CENTER/LINK_LOGIC/LC_CPUWR_HV2M23_VGMA/SNPS_CG_CELL_WCK1_A_R_REG_30_reg_0/LTIELO/TIE0' on net 'u_LOGIC_CENTER/LINK_LOGIC/LC_CPUWR_HV2M23_VGMA/SNPS_CG_CELL_WCK1_A_R_REG_30_reg_0/LTIELO_NET':
    > pin 'u_LOGIC_CENTER/LINK_LOGIC/LC_CPUWR_HV2M23_VGMA/SNPS_CG_CELL_WCK1_A_R_REG_30_reg_0/latch/TE' at logic 'constant 0'

96.1.2 Forward propagation through CELLS (level 1)
----------------------------------------------------

97.1.1 Forward propagation on NET pins (level 1)
----------------------------------------------------
  Propagation of logic 'constant 0' from pin 'u_LOGIC_CENTER/LINK_LOGIC/LC_CPUWR_HV2M23_VGMA/SNPS_CG_CELL_WCK1_A_R_REG_17_reg_0/LTIELO/TIE0' on net 'u_LOGIC_CENTER/LINK_LOGIC/LC_CPUWR_HV2M23_VGMA/SNPS_CG_CELL_WCK1_A_R_REG_17_reg_0/LTIELO_NET':
    > pin 'u_LOGIC_CENTER/LINK_LOGIC/LC_CPUWR_HV2M23_VGMA/SNPS_CG_CELL_WCK1_A_R_REG_17_reg_0/latch/TE' at logic 'constant 0'

97.1.2 Forward propagation through CELLS (level 1)
----------------------------------------------------

98.1.1 Forward propagation on NET pins (level 1)
----------------------------------------------------
  Propagation of logic 'constant 0' from pin 'u_LOGIC_CENTER/LINK_LOGIC/LC_CPUWR_HV2M23_VGMA/SNPS_CG_CELL_WCK1_A_R_REG_29_reg_0/LTIELO/TIE0' on net 'u_LOGIC_CENTER/LINK_LOGIC/LC_CPUWR_HV2M23_VGMA/SNPS_CG_CELL_WCK1_A_R_REG_29_reg_0/LTIELO_NET':
    > pin 'u_LOGIC_CENTER/LINK_LOGIC/LC_CPUWR_HV2M23_VGMA/SNPS_CG_CELL_WCK1_A_R_REG_29_reg_0/latch/TE' at logic 'constant 0'

98.1.2 Forward propagation through CELLS (level 1)
----------------------------------------------------

99.1.1 Forward propagation on NET pins (level 1)
----------------------------------------------------
  Propagation of logic 'constant 0' from pin 'u_LOGIC_CENTER/LINK_LOGIC/LC_CPUWR_HV2M23_VGMA/SNPS_CG_CELL_WCK1_A_R_REG_19_reg_0/LTIELO/TIE0' on net 'u_LOGIC_CENTER/LINK_LOGIC/LC_CPUWR_HV2M23_VGMA/SNPS_CG_CELL_WCK1_A_R_REG_19_reg_0/LTIELO_NET':
    > pin 'u_LOGIC_CENTER/LINK_LOGIC/LC_CPUWR_HV2M23_VGMA/SNPS_CG_CELL_WCK1_A_R_REG_19_reg_0/latch/TE' at logic 'constant 0'

99.1.2 Forward propagation through CELLS (level 1)
----------------------------------------------------

100.1.1 Forward propagation on NET pins (level 1)
----------------------------------------------------
  Propagation of logic 'constant 0' from pin 'u_LOGIC_CENTER/LINK_LOGIC/LC_CPUWR_HV2M23_VGMA/SNPS_CG_CELL_WCK1_A_R_REG_16_reg_0/LTIELO/TIE0' on net 'u_LOGIC_CENTER/LINK_LOGIC/LC_CPUWR_HV2M23_VGMA/SNPS_CG_CELL_WCK1_A_R_REG_16_reg_0/LTIELO_NET':
    > pin 'u_LOGIC_CENTER/LINK_LOGIC/LC_CPUWR_HV2M23_VGMA/SNPS_CG_CELL_WCK1_A_R_REG_16_reg_0/latch/TE' at logic 'constant 0'

100.1.2 Forward propagation through CELLS (level 1)
----------------------------------------------------

101.1.1 Forward propagation on NET pins (level 1)
----------------------------------------------------
  Propagation of logic 'constant 0' from pin 'u_LOGIC_CENTER/LINK_LOGIC/LC_CPUWR_HV2M23_VGMA/SNPS_CG_CELL_WCK1_A_R_REG_28_reg_0/LTIELO/TIE0' on net 'u_LOGIC_CENTER/LINK_LOGIC/LC_CPUWR_HV2M23_VGMA/SNPS_CG_CELL_WCK1_A_R_REG_28_reg_0/LTIELO_NET':
    > pin 'u_LOGIC_CENTER/LINK_LOGIC/LC_CPUWR_HV2M23_VGMA/SNPS_CG_CELL_WCK1_A_R_REG_28_reg_0/latch/TE' at logic 'constant 0'

101.1.2 Forward propagation through CELLS (level 1)
----------------------------------------------------

102.1.1 Forward propagation on NET pins (level 1)
----------------------------------------------------
  Propagation of logic 'constant 0' from pin 'u_LOGIC_CENTER/LINK_LOGIC/LC_CPUWR_HV2M23_VGMA/SNPS_CG_CELL_WCK1_A_R_REG_25_reg_0/LTIELO/TIE0' on net 'u_LOGIC_CENTER/LINK_LOGIC/LC_CPUWR_HV2M23_VGMA/SNPS_CG_CELL_WCK1_A_R_REG_25_reg_0/LTIELO_NET':
    > pin 'u_LOGIC_CENTER/LINK_LOGIC/LC_CPUWR_HV2M23_VGMA/SNPS_CG_CELL_WCK1_A_R_REG_25_reg_0/latch/TE' at logic 'constant 0'

102.1.2 Forward propagation through CELLS (level 1)
----------------------------------------------------

103.1.1 Forward propagation on NET pins (level 1)
----------------------------------------------------
  Propagation of logic 'constant 0' from pin 'u_LOGIC_CENTER/LINK_LOGIC/LC_CPUWR_HV2M23_VGMA/SNPS_CG_CELL_WCK1_A_R_REG_18_reg_0/LTIELO/TIE0' on net 'u_LOGIC_CENTER/LINK_LOGIC/LC_CPUWR_HV2M23_VGMA/SNPS_CG_CELL_WCK1_A_R_REG_18_reg_0/LTIELO_NET':
    > pin 'u_LOGIC_CENTER/LINK_LOGIC/LC_CPUWR_HV2M23_VGMA/SNPS_CG_CELL_WCK1_A_R_REG_18_reg_0/latch/TE' at logic 'constant 0'

103.1.2 Forward propagation through CELLS (level 1)
----------------------------------------------------

104.1.1 Forward propagation on NET pins (level 1)
----------------------------------------------------
  Propagation of logic 'constant 0' from pin 'u_LOGIC_CENTER/LINK_LOGIC/LC_CPUWR_HV2M23_VGMA/SNPS_CG_CELL_WCK1_A_R_REG_15_reg_0/LTIELO/TIE0' on net 'u_LOGIC_CENTER/LINK_LOGIC/LC_CPUWR_HV2M23_VGMA/SNPS_CG_CELL_WCK1_A_R_REG_15_reg_0/LTIELO_NET':
    > pin 'u_LOGIC_CENTER/LINK_LOGIC/LC_CPUWR_HV2M23_VGMA/SNPS_CG_CELL_WCK1_A_R_REG_15_reg_0/latch/TE' at logic 'constant 0'

104.1.2 Forward propagation through CELLS (level 1)
----------------------------------------------------

105.1.1 Forward propagation on NET pins (level 1)
----------------------------------------------------
  Propagation of logic 'constant 0' from pin 'u_LOGIC_CENTER/LINK_LOGIC/LC_CPUWR_HV2M23_VGMA/SNPS_CG_CELL_WCK1_A_R_REG_27_reg_0/LTIELO/TIE0' on net 'u_LOGIC_CENTER/LINK_LOGIC/LC_CPUWR_HV2M23_VGMA/SNPS_CG_CELL_WCK1_A_R_REG_27_reg_0/LTIELO_NET':
    > pin 'u_LOGIC_CENTER/LINK_LOGIC/LC_CPUWR_HV2M23_VGMA/SNPS_CG_CELL_WCK1_A_R_REG_27_reg_0/latch/TE' at logic 'constant 0'

105.1.2 Forward propagation through CELLS (level 1)
----------------------------------------------------

106.1.1 Forward propagation on NET pins (level 1)
----------------------------------------------------
  Propagation of logic 'constant 0' from pin 'u_LOGIC_CENTER/LINK_LOGIC/LC_CPUWR_HV2M23_VGMA/SNPS_CG_CELL_WCK1_A_R_REG_24_reg_0/LTIELO/TIE0' on net 'u_LOGIC_CENTER/LINK_LOGIC/LC_CPUWR_HV2M23_VGMA/SNPS_CG_CELL_WCK1_A_R_REG_24_reg_0/LTIELO_NET':
    > pin 'u_LOGIC_CENTER/LINK_LOGIC/LC_CPUWR_HV2M23_VGMA/SNPS_CG_CELL_WCK1_A_R_REG_24_reg_0/latch/TE' at logic 'constant 0'

106.1.2 Forward propagation through CELLS (level 1)
----------------------------------------------------

107.1.1 Forward propagation on NET pins (level 1)
----------------------------------------------------
  Propagation of logic 'constant 0' from pin 'u_LOGIC_CENTER/LINK_LOGIC/LC_CPUWR_HV2M23_VGMA/SNPS_CG_CELL_WCK1_A_R_REG_14_reg_0/LTIELO/TIE0' on net 'u_LOGIC_CENTER/LINK_LOGIC/LC_CPUWR_HV2M23_VGMA/SNPS_CG_CELL_WCK1_A_R_REG_14_reg_0/LTIELO_NET':
    > pin 'u_LOGIC_CENTER/LINK_LOGIC/LC_CPUWR_HV2M23_VGMA/SNPS_CG_CELL_WCK1_A_R_REG_14_reg_0/latch/TE' at logic 'constant 0'

107.1.2 Forward propagation through CELLS (level 1)
----------------------------------------------------

108.1.1 Forward propagation on NET pins (level 1)
----------------------------------------------------
  Propagation of logic 'constant 0' from pin 'u_LOGIC_CENTER/LINK_LOGIC/LC_CPUWR_HV2M23_VGMA/SNPS_CG_CELL_WCK1_A_R_REG_26_reg_0/LTIELO/TIE0' on net 'u_LOGIC_CENTER/LINK_LOGIC/LC_CPUWR_HV2M23_VGMA/SNPS_CG_CELL_WCK1_A_R_REG_26_reg_0/LTIELO_NET':
    > pin 'u_LOGIC_CENTER/LINK_LOGIC/LC_CPUWR_HV2M23_VGMA/SNPS_CG_CELL_WCK1_A_R_REG_26_reg_0/latch/TE' at logic 'constant 0'

108.1.2 Forward propagation through CELLS (level 1)
----------------------------------------------------

109.1.1 Forward propagation on NET pins (level 1)
----------------------------------------------------
  Propagation of logic 'constant 0' from pin 'u_LOGIC_CENTER/LINK_LOGIC/LC_CPUWR_HV2M23_VGMA/SNPS_CG_CELL_WCK1_A_R_REG_23_reg_0/LTIELO/TIE0' on net 'u_LOGIC_CENTER/LINK_LOGIC/LC_CPUWR_HV2M23_VGMA/SNPS_CG_CELL_WCK1_A_R_REG_23_reg_0/LTIELO_NET':
    > pin 'u_LOGIC_CENTER/LINK_LOGIC/LC_CPUWR_HV2M23_VGMA/SNPS_CG_CELL_WCK1_A_R_REG_23_reg_0/latch/TE' at logic 'constant 0'

109.1.2 Forward propagation through CELLS (level 1)
----------------------------------------------------

110.1.1 Forward propagation on NET pins (level 1)
----------------------------------------------------
  Propagation of logic 'constant 0' from pin 'u_LOGIC_CENTER/LINK_LOGIC/LC_CPUWR_HV2M23_VGMA/SNPS_CG_CELL_WCK1_A_R_REG_20_reg_0/LTIELO/TIE0' on net 'u_LOGIC_CENTER/LINK_LOGIC/LC_CPUWR_HV2M23_VGMA/SNPS_CG_CELL_WCK1_A_R_REG_20_reg_0/LTIELO_NET':
    > pin 'u_LOGIC_CENTER/LINK_LOGIC/LC_CPUWR_HV2M23_VGMA/SNPS_CG_CELL_WCK1_A_R_REG_20_reg_0/latch/TE' at logic 'constant 0'

110.1.2 Forward propagation through CELLS (level 1)
----------------------------------------------------

111.1.1 Forward propagation on NET pins (level 1)
----------------------------------------------------
  Propagation of logic 'constant 0' from pin 'u_LOGIC_CENTER/LINK_LOGIC/LC_CPUWR_HV2M23_VGMA/SNPS_CG_CELL_WCK1_A_R_REG_13_reg_0/LTIELO/TIE0' on net 'u_LOGIC_CENTER/LINK_LOGIC/LC_CPUWR_HV2M23_VGMA/SNPS_CG_CELL_WCK1_A_R_REG_13_reg_0/LTIELO_NET':
    > pin 'u_LOGIC_CENTER/LINK_LOGIC/LC_CPUWR_HV2M23_VGMA/SNPS_CG_CELL_WCK1_A_R_REG_13_reg_0/latch/TE' at logic 'constant 0'

111.1.2 Forward propagation through CELLS (level 1)
----------------------------------------------------

112.1.1 Forward propagation on NET pins (level 1)
----------------------------------------------------
  Propagation of logic 'constant 0' from pin 'u_LOGIC_CENTER/LINK_LOGIC/LC_CPUWR_HV2M23_VGMA/SNPS_CG_CELL_WCK1_A_R_REG_22_reg_0/LTIELO/TIE0' on net 'u_LOGIC_CENTER/LINK_LOGIC/LC_CPUWR_HV2M23_VGMA/SNPS_CG_CELL_WCK1_A_R_REG_22_reg_0/LTIELO_NET':
    > pin 'u_LOGIC_CENTER/LINK_LOGIC/LC_CPUWR_HV2M23_VGMA/SNPS_CG_CELL_WCK1_A_R_REG_22_reg_0/latch/TE' at logic 'constant 0'

112.1.2 Forward propagation through CELLS (level 1)
----------------------------------------------------

113.1.1 Forward propagation on NET pins (level 1)
----------------------------------------------------
  Propagation of logic 'constant 0' from pin 'u_LOGIC_CENTER/LINK_LOGIC/LC_CPUWR_HV2M23_VGMA/SNPS_CG_CELL_WCK1_A_R_REG_21_reg_0/LTIELO/TIE0' on net 'u_LOGIC_CENTER/LINK_LOGIC/LC_CPUWR_HV2M23_VGMA/SNPS_CG_CELL_WCK1_A_R_REG_21_reg_0/LTIELO_NET':
    > pin 'u_LOGIC_CENTER/LINK_LOGIC/LC_CPUWR_HV2M23_VGMA/SNPS_CG_CELL_WCK1_A_R_REG_21_reg_0/latch/TE' at logic 'constant 0'

113.1.2 Forward propagation through CELLS (level 1)
----------------------------------------------------

114.1.1 Forward propagation on NET pins (level 1)
----------------------------------------------------
  Propagation of logic 'constant 0' from pin 'u_LOGIC_CENTER/CENTER1/TOTAL_DTCTL/DTCTL_L0/SNPS_CG_CELL_DTCLK_CH_CNT_pre_reg_0/LTIELO/TIE0' on net 'u_LOGIC_CENTER/CENTER1/TOTAL_DTCTL/DTCTL_L0/SNPS_CG_CELL_DTCLK_CH_CNT_pre_reg_0/LTIELO_NET':
    > pin 'u_LOGIC_CENTER/CENTER1/TOTAL_DTCTL/DTCTL_L0/SNPS_CG_CELL_DTCLK_CH_CNT_pre_reg_0/latch/TE' at logic 'constant 0'

114.1.2 Forward propagation through CELLS (level 1)
----------------------------------------------------

115.1.1 Forward propagation on NET pins (level 1)
----------------------------------------------------
  Propagation of logic 'constant 1' from pin 'u_LOGIC_CENTER/CENTER1/TOTAL_DTCTL/DTCTL_L0/LTIEHI/TIE1' on net 'u_LOGIC_CENTER/CENTER1/TOTAL_DTCTL/DTCTL_L0/LTIEHI_NET':
    > pin 'u_LOGIC_CENTER/CENTER1/TOTAL_DTCTL/DTCTL_L0/LS_DLY1_reg/D1' at logic 'constant 1'
    > pin 'u_LOGIC_CENTER/CENTER1/TOTAL_DTCTL/DTCTL_L0/PIX_CNT_reg/D' at logic 'constant 1'

115.1.2 Forward propagation through CELLS (level 1)
----------------------------------------------------

115.1.2 Forward propagation through CELLS (level 1)
----------------------------------------------------

116.1.1 Forward propagation on NET pins (level 1)
----------------------------------------------------
  Propagation of logic 'constant 0' from pin 'u_LOGIC_CENTER/CENTER1/TOTAL_DTCTL/DTCTL_L0/CG_CELL_DTCLK/LTIELO/TIE0' on net 'u_LOGIC_CENTER/CENTER1/TOTAL_DTCTL/DTCTL_L0/CG_CELL_DTCLK/LTIELO_NET':
    > pin 'u_LOGIC_CENTER/CENTER1/TOTAL_DTCTL/DTCTL_L0/CG_CELL_DTCLK/CG_CELL/TE' at logic 'constant 0'

116.1.2 Forward propagation through CELLS (level 1)
----------------------------------------------------

117.1.1 Forward propagation on NET pins (level 1)
----------------------------------------------------
  Propagation of logic 'constant 0' from pin 'u_LOGIC_CENTER/CENTER1/TOTAL_DTCTL/DTCTL_L0/CG_CELL_DTCLK_1P/LTIELO/TIE0' on net 'u_LOGIC_CENTER/CENTER1/TOTAL_DTCTL/DTCTL_L0/CG_CELL_DTCLK_1P/LTIELO_NET':
    > pin 'u_LOGIC_CENTER/CENTER1/TOTAL_DTCTL/DTCTL_L0/CG_CELL_DTCLK_1P/CG_CELL/TE' at logic 'constant 0'

117.1.2 Forward propagation through CELLS (level 1)
----------------------------------------------------

118.1.1 Forward propagation on NET pins (level 1)
----------------------------------------------------
  Propagation of logic 'constant 1' from pin 'u_LOGIC_CENTER/CENTER1/TOTAL_DTCTL/DTCTL_L1/LTIEHI_1/TIE1' on net 'u_LOGIC_CENTER/CENTER1/TOTAL_DTCTL/DTCTL_L1/LTIEHI_1_NET':
    > pin 'u_LOGIC_CENTER/CENTER1/TOTAL_DTCTL/DTCTL_L1/SR_DLY2_reg/SB' at logic 'constant 1'
    > pin 'u_LOGIC_CENTER/CENTER1/TOTAL_DTCTL/DTCTL_L1/SL_DLY2_reg/SB' at logic 'constant 1'

118.1.2 Forward propagation through CELLS (level 1)
----------------------------------------------------

118.1.2 Forward propagation through CELLS (level 1)
----------------------------------------------------

119.1.1 Forward propagation on NET pins (level 1)
----------------------------------------------------
  Propagation of logic 'constant 1' from pin 'u_LOGIC_CENTER/CENTER1/TOTAL_DTCTL/DTCTL_L1/LTIEHI/TIE1' on net 'u_LOGIC_CENTER/CENTER1/TOTAL_DTCTL/DTCTL_L1/LTIEHI_NET':
    > pin 'u_LOGIC_CENTER/CENTER1/TOTAL_DTCTL/DTCTL_L1/DATA5_L1_PRE_reg_5_/SB' at logic 'constant 1'

119.1.2 Forward propagation through CELLS (level 1)
----------------------------------------------------

120.1.1 Forward propagation on NET pins (level 1)
----------------------------------------------------
  Propagation of logic 'constant 0' from pin 'u_LOGIC_CENTER/CENTER1/TOTAL_DTCTL/DTCTL_L1/CG_CELL_DTCLK/LTIELO/TIE0' on net 'u_LOGIC_CENTER/CENTER1/TOTAL_DTCTL/DTCTL_L1/CG_CELL_DTCLK/LTIELO_NET':
    > pin 'u_LOGIC_CENTER/CENTER1/TOTAL_DTCTL/DTCTL_L1/CG_CELL_DTCLK/CG_CELL/TE' at logic 'constant 0'

120.1.2 Forward propagation through CELLS (level 1)
----------------------------------------------------

121.1.1 Forward propagation on NET pins (level 1)
----------------------------------------------------
  Propagation of logic 'constant 1' from pin 'u_LOGIC_CENTER/CENTER1/DRD_OD/LTIEHI/TIE1' on net 'u_LOGIC_CENTER/CENTER1/DRD_OD/LTIEHI_NET':
    > pin 'u_LOGIC_CENTER/CENTER1/DRD_OD/DATAI_L0_OD_WEIGHT_d1_reg_17_/SB' at logic 'constant 1'
    > pin 'u_LOGIC_CENTER/CENTER1/DRD_OD/DATAI_L0_OD_WEIGHT_d1_reg_1_/SB' at logic 'constant 1'

121.1.2 Forward propagation through CELLS (level 1)
----------------------------------------------------

121.1.2 Forward propagation through CELLS (level 1)
----------------------------------------------------

122.1.1 Forward propagation on NET pins (level 1)
----------------------------------------------------
  Propagation of logic 'constant 0' from pin 'u_LOGIC_CENTER/CENTER1/DRD_OD/DRD_OD_ADD_WEIGHT/SNPS_CG_CELL_CLK_L0_line_cnt_od_reg_0/LTIELO/TIE0' on net 'u_LOGIC_CENTER/CENTER1/DRD_OD/DRD_OD_ADD_WEIGHT/SNPS_CG_CELL_CLK_L0_line_cnt_od_reg_0/LTIELO_NET':
    > pin 'u_LOGIC_CENTER/CENTER1/DRD_OD/DRD_OD_ADD_WEIGHT/SNPS_CG_CELL_CLK_L0_line_cnt_od_reg_0/latch/TE' at logic 'constant 0'

122.1.2 Forward propagation through CELLS (level 1)
----------------------------------------------------

123.1.1 Forward propagation on NET pins (level 1)
----------------------------------------------------
  Propagation of logic 'constant 0' from pin 'u_LOGIC_CENTER/CENTER1/DRD_OD/DRD_OD_ADD_WEIGHT/SNPS_CG_CELL_CLK_L0_shift_sel_od_reg_0/LTIELO/TIE0' on net 'u_LOGIC_CENTER/CENTER1/DRD_OD/DRD_OD_ADD_WEIGHT/SNPS_CG_CELL_CLK_L0_shift_sel_od_reg_0/LTIELO_NET':
    > pin 'u_LOGIC_CENTER/CENTER1/DRD_OD/DRD_OD_ADD_WEIGHT/SNPS_CG_CELL_CLK_L0_shift_sel_od_reg_0/latch/TE' at logic 'constant 0'

123.1.2 Forward propagation through CELLS (level 1)
----------------------------------------------------

124.1.1 Forward propagation on NET pins (level 1)
----------------------------------------------------
  Propagation of logic 'constant 0' from pin 'u_LOGIC_CENTER/CENTER1/DRD_OD/CG_CELL_CLK_L0_OD_WG/LTIELO/TIE0' on net 'u_LOGIC_CENTER/CENTER1/DRD_OD/CG_CELL_CLK_L0_OD_WG/LTIELO_NET':
    > pin 'u_LOGIC_CENTER/CENTER1/DRD_OD/CG_CELL_CLK_L0_OD_WG/CG_CELL/TE' at logic 'constant 0'

124.1.2 Forward propagation through CELLS (level 1)
----------------------------------------------------

125.1.1 Forward propagation on NET pins (level 1)
----------------------------------------------------
  Propagation of logic 'constant 0' from pin 'u_LOGIC_CENTER/CENTER1/DRD_OD/SNPS_CG_CELL_DTCLK_L1_DATAI_L1_OD_WEIGHT_d1_reg_0/LTIELO/TIE0' on net 'u_LOGIC_CENTER/CENTER1/DRD_OD/SNPS_CG_CELL_DTCLK_L1_DATAI_L1_OD_WEIGHT_d1_reg_0/LTIELO_NET':
    > pin 'u_LOGIC_CENTER/CENTER1/DRD_OD/SNPS_CG_CELL_DTCLK_L1_DATAI_L1_OD_WEIGHT_d1_reg_0/latch/TE' at logic 'constant 0'

125.1.2 Forward propagation through CELLS (level 1)
----------------------------------------------------

126.1.1 Forward propagation on NET pins (level 1)
----------------------------------------------------
  Propagation of logic 'constant 0' from pin 'u_LOGIC_CENTER/CENTER1/DRD_OD/SNPS_CG_CELL_DTCLK_L0_DATAI_L0_OD_WEIGHT_d1_reg_0/LTIELO/TIE0' on net 'u_LOGIC_CENTER/CENTER1/DRD_OD/SNPS_CG_CELL_DTCLK_L0_DATAI_L0_OD_WEIGHT_d1_reg_0/LTIELO_NET':
    > pin 'u_LOGIC_CENTER/CENTER1/DRD_OD/SNPS_CG_CELL_DTCLK_L0_DATAI_L0_OD_WEIGHT_d1_reg_0/latch/TE' at logic 'constant 0'

126.1.2 Forward propagation through CELLS (level 1)
----------------------------------------------------

127.1.1 Forward propagation on NET pins (level 1)
----------------------------------------------------
  Propagation of logic 'constant 0' from pin 'u_LOGIC_CENTER/CENTER1/ANCTL/SNPS_CG_CELL_CLK_OD_time_cnt_reg_0/LTIELO/TIE0' on net 'u_LOGIC_CENTER/CENTER1/ANCTL/SNPS_CG_CELL_CLK_OD_time_cnt_reg_0/LTIELO_NET':
    > pin 'u_LOGIC_CENTER/CENTER1/ANCTL/SNPS_CG_CELL_CLK_OD_time_cnt_reg_0/latch/TE' at logic 'constant 0'

127.1.2 Forward propagation through CELLS (level 1)
----------------------------------------------------

128.1.1 Forward propagation on NET pins (level 1)
----------------------------------------------------
  Propagation of logic 'constant 0' from pin 'u_LOGIC_CENTER/CENTER1/ANCTL/LTIELO/TIE0' on net 'u_LOGIC_CENTER/CENTER1/ANCTL/LTIELO_NET':
    > pin 'u_LOGIC_CENTER/CENTER1/ANCTL/CS_START_reg_0_/D' at logic 'constant 0'
    > pin 'u_LOGIC_CENTER/CENTER1/ANCTL/CS_START_1d_reg/D' at logic 'constant 0'

128.1.2 Forward propagation through CELLS (level 1)
----------------------------------------------------

128.1.2 Forward propagation through CELLS (level 1)
----------------------------------------------------

129.1.1 Forward propagation on NET pins (level 1)
----------------------------------------------------
  Propagation of logic 'constant 1' from pin 'u_LOGIC_CENTER/CENTER1/ANCTL/LTIEHI/TIE1' on net 'u_LOGIC_CENTER/CENTER1/ANCTL/LTIEHI_NET':
    > pin 'u_LOGIC_CENTER/CENTER1/ANCTL/L_CNT_reg_1_/D1' at logic 'constant 1'
    > pin 'u_LOGIC_CENTER/CENTER1/ANCTL/WAKE_TP_reg/D' at logic 'constant 1'
    > pin 'u_LOGIC_CENTER/CENTER1/ANCTL/L_CNT_reg_0_/D1' at logic 'constant 1'
    > pin 'u_LOGIC_CENTER/CENTER1/ANCTL/F_CNT_reg_1_/D1' at logic 'constant 1'
    > pin 'u_LOGIC_CENTER/CENTER1/ANCTL/POL1_SYNC_reg_1_/D1' at logic 'constant 1'

129.1.2 Forward propagation through CELLS (level 1)
----------------------------------------------------

129.1.2 Forward propagation through CELLS (level 1)
----------------------------------------------------

129.1.2 Forward propagation through CELLS (level 1)
----------------------------------------------------

129.1.2 Forward propagation through CELLS (level 1)
----------------------------------------------------

129.1.2 Forward propagation through CELLS (level 1)
----------------------------------------------------

130. End of Constant Propagation
-------------------------------
