****************************************
Report : Switching Activity
	-average_activity
	-hierarchy
Design : HV2M23_digital_top
Version: M-2017.06-SP3-3
Date   : Wed Jul 29 17:21:03 2026
****************************************

 Switching Activities per period is with respect to time period 15000.000000 ns
 Simulation time for toggle count is 15000 ns
------------------------------------------------------------------------------------------------------------------------
Object                            Toggle Count       Toggle Rate      Glitch Count   Glitch Rate      # Nets
                                  Per Net            Per Period       Per Net        Per Period       Included
                                                     Per Net                         Per Net          
------------------------------------------------------------------------------------------------------------------------
HV2M23_digital_top                194.49             0.013            0.08           5.4e-06          10201
APR_CDM_10                        0                  0                0              0                0
APR_CDM_11                        0                  0                0              0                0
APR_CDM_12                        0                  0                0              0                0
APR_CDM_13                        0                  0                0              0                0
APR_CDM_14                        0                  0                0              0                0
APR_CDM_15                        0                  0                0              0                0
APR_CDM_16                        0                  0                0              0                0
APR_CDM_17                        0                  0                0              0                0
APR_CDM_18                        0                  0                0              0                0
APR_CDM_19                        0                  0                0              0                0
APR_CDM_20                        0                  0                0              0                0
APR_CDM_21                        0                  0                0              0                0
APR_CDM_22                        0                  0                0              0                0
APR_CDM_23                        0                  0                0              0                0
APR_CDM_24                        0                  0                0              0                0
APR_CDM_25                        0                  0                0              0                0
APR_CDM_26                        0                  0                0              0                0
APR_CDM_27                        0                  0                0              0                0
APR_CDM_28                        0                  0                0              0                0
APR_CDM_29                        0                  0                0              0                0
APR_CDM_30                        0                  0                0              0                0
APR_CDM_31                        0                  0                0              0                0
APR_CDM_32                        0                  0                0              0                0
APR_CDM_33                        0                  0                0              0                0
APR_CDM_34                        0                  0                0              0                0
APR_CDM_35                        0                  0                0              0                0
APR_CDM_36                        0                  0                0              0                0
APR_CDM_37                        0                  0                0              0                0
APR_CDM_38                        0                  0                0              0                0
APR_CDM_39                        0                  0                0              0                0
APR_CDM_40                        0                  0                0              0                0
APR_CDM_41                        0                  0                0              0                0
APR_CDM_42                        0                  0                0              0                0
APR_CDM_43                        0                  0                0              0                0
APR_CDM_44                        0                  0                0              0                0
APR_CDM_45                        0                  0                0              0                0
APR_CDM_46                        0                  0                0              0                0
APR_CDM_47                        0                  0                0              0                0
APR_CDM_48                        0                  0                0              0                0
APR_CDM_49                        0                  0                0              0                0
APR_CDM_50                        0                  0                0              0                0
APR_CDM_51                        0                  0                0              0                0
u_LOGIC_CENTER                    203.65             0.014            0.09           5.9e-06          9403
u_LOGIC_CENTER/DRA_OBUF           0.36               2.4e-05          0              0                25
u_LOGIC_CENTER/CLKGEN_U0          2315.28            0.15             0              0                116
u_LOGIC_CENTER/CLKGEN_U0/U_DCLK0_OD_DIV2 2581.17     0.17             0              0                6
u_LOGIC_CENTER/CLKGEN_U0/U_DCLK0_DIV1P5 1481.22      0.099            0              0                23
u_LOGIC_CENTER/CLKGEN_U0/CG_CELL_SETTING_DCLK0_DIV 514.75 0.034       0              0                4
u_LOGIC_CENTER/CLKGEN_U0/U_DCLK0_OD_DIV1P5 4279.61   0.29             0              0                41
u_LOGIC_CENTER/CLKGEN_U1          2415.06            0.16             0              0                85
u_LOGIC_CENTER/CLKGEN_U1/U_DCLK1_DIV1P5 1467.92      0.098            0              0                26
u_LOGIC_CENTER/CLKGEN_U1/U_DCLK1_OD_DIV1P5 2725.39   0.18             0              0                28
u_LOGIC_CENTER/CLKGEN_U1/U_DCLK1_OD_DIV2 3097.43     0.21             0              0                7
u_LOGIC_CENTER/PAD_INBUF          0                  0                0              0                12
u_LOGIC_CENTER/PAD_INBUF/SDA_DLY_BUF 0               0                0              0                9
u_LOGIC_CENTER/GMA_OBUF           0.19               1.3e-05          0              0                21
u_LOGIC_CENTER/I2C_CTL            0.64               4.2e-05          0              0                226
u_LOGIC_CENTER/I2C_CTL/I2C_EN_CTL 0                  0                0              0                35
u_LOGIC_CENTER/I2C_CTL/I2C_ST     0.72               4.8e-05          0              0                199
u_LOGIC_CENTER/I2C_CTL/I2C_ST/SNPS_CG_CELL_SCL_INV_REG_DATA_reg_0 0 0 0              0                4
u_LOGIC_CENTER/I2C_CTL/I2C_CLK_GEN 0                 0                0              0                12
u_LOGIC_CENTER/DC_INBUF           0                  0                0              0                15
u_LOGIC_CENTER/INBUF_U0           321.69             0.021            0              0                39
u_LOGIC_CENTER/INBUF_U0/DLY_INDATA0_9 97             0.0065           0              0                2
u_LOGIC_CENTER/INBUF_U0/DLY_INDATA0_10 9             0.0006           0              0                2
u_LOGIC_CENTER/INBUF_U0/DLY_INDATA0_11 0             0                0              0                2
u_LOGIC_CENTER/INBUF_U0/DLY_INDATA0_12 1450          0.097            0              0                2
u_LOGIC_CENTER/INBUF_U0/DLY_INDATA0_13 725           0.048            0              0                2
u_LOGIC_CENTER/INBUF_U0/DLY_INDATA0_0 9              0.0006           0              0                2
u_LOGIC_CENTER/INBUF_U0/DLY_INDATA0_14 322           0.021            0              0                2
u_LOGIC_CENTER/INBUF_U0/DLY_INDATA0_1 235.00         0.016            0              0                2
u_LOGIC_CENTER/INBUF_U0/DLY_INDATA0_2 9              0.0006           0              0                2
u_LOGIC_CENTER/INBUF_U0/DLY_INDATA0_15 227           0.015            0              0                2
u_LOGIC_CENTER/INBUF_U0/DLY_INDATA0_16 98            0.0065           0              0                2
u_LOGIC_CENTER/INBUF_U0/DLY_INDATA0_3 1458           0.097            0              0                2
u_LOGIC_CENTER/INBUF_U0/DLY_INDATA0_17 98            0.0065           0              0                2
u_LOGIC_CENTER/INBUF_U0/DLY_INDATA0_4 693            0.046            0              0                2
u_LOGIC_CENTER/INBUF_U0/DLY_INDATA0_5 372            0.025            0              0                2
u_LOGIC_CENTER/INBUF_U0/DLY_INDATA0_6 227            0.015            0              0                2
u_LOGIC_CENTER/INBUF_U0/DLY_INDATA0_7 186            0.012            0              0                2
u_LOGIC_CENTER/INBUF_U0/DLY_INDATA0_8 58             0.0039           0              0                2
u_LOGIC_CENTER/INBUF_U1           349.61             0.023            0              0                36
u_LOGIC_CENTER/INBUF_U1/DLY_INDATA1_16 188           0.013            0              0                2
u_LOGIC_CENTER/INBUF_U1/DLY_INDATA1_17 58            0.0039           0              0                2
u_LOGIC_CENTER/INBUF_U1/DLY_INDATA1_0 106            0.0071           0              0                2
u_LOGIC_CENTER/INBUF_U1/DLY_INDATA1_1 18             0.0012           0              0                2
u_LOGIC_CENTER/INBUF_U1/DLY_INDATA1_2 9              0.0006           0              0                2
u_LOGIC_CENTER/INBUF_U1/DLY_INDATA1_3 1458           0.097            0              0                2
u_LOGIC_CENTER/INBUF_U1/DLY_INDATA1_4 733            0.049            0              0                2
u_LOGIC_CENTER/INBUF_U1/DLY_INDATA1_5 322            0.021            0              0                2
u_LOGIC_CENTER/INBUF_U1/DLY_INDATA1_6 227            0.015            0              0                2
u_LOGIC_CENTER/INBUF_U1/DLY_INDATA1_7 106            0.0071           0              0                2
u_LOGIC_CENTER/INBUF_U1/DLY_INDATA1_10 236           0.016            0              0                2
u_LOGIC_CENTER/INBUF_U1/DLY_INDATA1_8 98             0.0065           0              0                2
u_LOGIC_CENTER/INBUF_U1/DLY_INDATA1_11 0             0                0              0                2
u_LOGIC_CENTER/INBUF_U1/DLY_INDATA1_9 0              0                0              0                2
u_LOGIC_CENTER/INBUF_U1/DLY_INDATA1_12 1450          0.097            0              0                2
u_LOGIC_CENTER/INBUF_U1/DLY_INDATA1_13 685           0.046            0              0                2
u_LOGIC_CENTER/INBUF_U1/DLY_INDATA1_14 372           0.025            0              0                2
u_LOGIC_CENTER/INBUF_U1/DLY_INDATA1_15 227           0.015            0              0                2
u_LOGIC_CENTER/PAD_OBUF           0                  0                0              0                8
u_LOGIC_CENTER/LINK_LOGIC         163.43             0.011            0.13           8.6e-06          5141
u_LOGIC_CENTER/LINK_LOGIC/SNPS_CG_CELL_DCLK1_KEY_RST_18UI_L1_EXTEND_reg_0 1294.50 0.086 0 0           4
u_LOGIC_CENTER/LINK_LOGIC/CSPI_CMD_ALIGN_L0 124.51   0.0083           0              0                863
u_LOGIC_CENTER/LINK_LOGIC/CSPI_CMD_ALIGN_L0/SNPS_CG_CELL_DCLK_DATA_POINT_LAT_TMP_reg_0 779.50 0.052 0 0 4
u_LOGIC_CENTER/LINK_LOGIC/CSPI_CMD_ALIGN_L0/iSP_UTC_DET_L0 128.00 0.0085 0           0                340
u_LOGIC_CENTER/LINK_LOGIC/CSPI_CMD_ALIGN_L0/iSP_UTC_DET_L0/SNPS_CG_CELL_DCLK_FRM_UTC_ERR_CNT_reg_0 774.50 0.052 0 0 4
u_LOGIC_CENTER/LINK_LOGIC/CSPI_CMD_ALIGN_L0/iSP_UTC_DET_L0/SNPS_CG_CELL_DCLK_UTC_CLR_reg_0 1549 0.1 0 0 4
u_LOGIC_CENTER/LINK_LOGIC/CSPI_CMD_ALIGN_L0/iSP_UTC_DET_L0/SNPS_CG_CELL_DCLK_DATA_NUM_CNT_reg_0 1501.75 0.1 0 0 4
u_LOGIC_CENTER/LINK_LOGIC/CSPI_CMD_ALIGN_L0/iSP_UTC_DET_L0/SNPS_CG_CELL_DCLK_SETTING_CNT_reg_0 774.50 0.052 0 0 4
u_LOGIC_CENTER/LINK_LOGIC/CSPI_WD_BWDBL_POST 3.82    0.00025          0              0                97
u_LOGIC_CENTER/LINK_LOGIC/CSPI_CMD_ALIGN_L1 119.58   0.008            0.31           2.1e-05          856
u_LOGIC_CENTER/LINK_LOGIC/CSPI_CMD_ALIGN_L1/SNPS_CG_CELL_DCLK_DATA_POINT_LAT_TMP_reg_0 779.50 0.052 0 0 4
u_LOGIC_CENTER/LINK_LOGIC/CSPI_CMD_ALIGN_L1/iSP_UTC_DET_L1 120.48 0.008 0.80         5.3e-05          336
u_LOGIC_CENTER/LINK_LOGIC/CSPI_CMD_ALIGN_L1/iSP_UTC_DET_L1/SNPS_CG_CELL_DCLK_FRM_UTC_ERR_CNT_reg_0 774.50 0.052 0 0 4
u_LOGIC_CENTER/LINK_LOGIC/CSPI_CMD_ALIGN_L1/iSP_UTC_DET_L1/SNPS_CG_CELL_DCLK_UTC_CLR_reg_0 1549 0.1 0 0 4
u_LOGIC_CENTER/LINK_LOGIC/CSPI_CMD_ALIGN_L1/iSP_UTC_DET_L1/SNPS_CG_CELL_DCLK_DATA_NUM_CNT_reg_0 1504.25 0.1 0 0 4
u_LOGIC_CENTER/LINK_LOGIC/CSPI_CMD_ALIGN_L1/iSP_UTC_DET_L1/SNPS_CG_CELL_DCLK_SETTING_CNT_reg_0 774.50 0.052 0 0 4
u_LOGIC_CENTER/LINK_LOGIC/REG_MAPPING_HV2M23 0.07    4.7e-06          0              0                128
u_LOGIC_CENTER/LINK_LOGIC/LC_CSPIF_L0 217.04         0.014            0.34           2.2e-05          1168
u_LOGIC_CENTER/LINK_LOGIC/LC_CSPIF_L0/SNPS_CG_CELL_DCLK_RR_DATA_reg_0 1549.25 0.1 0  0                4
u_LOGIC_CENTER/LINK_LOGIC/LC_CSPIF_L0/SNPS_CG_CELL_DCLK_B_DATA_reg_0 1546.25 0.1 0   0                4
u_LOGIC_CENTER/LINK_LOGIC/LC_CSPIF_L0/CG_CELL_KEY_RST_DCLK 449.71 0.03 0             0                7
u_LOGIC_CENTER/LINK_LOGIC/LC_CSPIF_L0/SNPS_CG_CELL_DCLK_KEY_CODE_reg_0 1549 0.1 0    0                4
u_LOGIC_CENTER/LINK_LOGIC/LC_CSPIF_L0/SNPS_CG_CELL_DCLK_SETTING_CNT_reg_0 774.50 0.052 0 0            4
u_LOGIC_CENTER/LINK_LOGIC/LC_CSPIF_L0/SNPS_CG_CELL_DCLK_DATA_24BIT_reg_0 1549 0.1 0  0                4
u_LOGIC_CENTER/LINK_LOGIC/LC_CSPIF_L0/SNPS_CG_CELL_DCLK_DATA_24BIT_reg_1 1549 0.1 0  0                4
u_LOGIC_CENTER/LINK_LOGIC/LC_CSPIF_L0/CG_CELL_HSR_DCLK 1328.20 0.089  0              0                5
u_LOGIC_CENTER/LINK_LOGIC/LC_CSPIF_L0/CG_CELL_DLY_CNT_DCLK 849 0.057  0              0                4
u_LOGIC_CENTER/LINK_LOGIC/LC_CSPIF_L0/SNPS_CG_CELL_DCLK_DATA_NUM_CNT_reg_0 1502.25 0.1 0 0            4
u_LOGIC_CENTER/LINK_LOGIC/LC_CSPIF_L0/SNPS_CG_CELL_HSR_DCLK_HSR_WIDTH_CNT_reg_0 175 0.012 0 0         4
u_LOGIC_CENTER/LINK_LOGIC/CSPI_WD_BWDBL 4.44         0.0003           0              0                102
u_LOGIC_CENTER/LINK_LOGIC/LC_CSPIF_L1 391.05         0.026            0.01           4.1e-07          498
u_LOGIC_CENTER/LINK_LOGIC/LC_CSPIF_L1/SNPS_CG_CELL_DCLK_B_DATA_reg_0 1546.25 0.1 0   0                4
u_LOGIC_CENTER/LINK_LOGIC/LC_CSPIF_L1/SNPS_CG_CELL_DCLK_KEY_CODE_reg_0 1549 0.1 0    0                4
u_LOGIC_CENTER/LINK_LOGIC/LC_CSPIF_L1/SNPS_CG_CELL_DCLK_RR_DATA_reg_0 1806.75 0.12 0 0                4
u_LOGIC_CENTER/LINK_LOGIC/LC_CSPIF_L1/SNPS_CG_CELL_DCLK_DATA_24BIT_reg_0 1549 0.1 0  0                4
u_LOGIC_CENTER/LINK_LOGIC/LC_CSPIF_L1/SNPS_CG_CELL_DCLK_DATA_24BIT_reg_1 1549 0.1 0  0                4
u_LOGIC_CENTER/LINK_LOGIC/LC_MONBLOCK 246.30         0.016            0              0                101
u_LOGIC_CENTER/LINK_LOGIC/SNPS_CG_CELL_DCLK0_BKPOL_EN_P_L0_PRE_STORE_reg_0 779.50 0.052 0 0           4
u_LOGIC_CENTER/LINK_LOGIC/RSTN_POFF_CTL 2.12         0.00014          0              0                34
u_LOGIC_CENTER/LINK_LOGIC/LC_CPUWR_HV2M23 48.87      0.0033           0              0                520
u_LOGIC_CENTER/LINK_LOGIC/LC_CPUWR_HV2M23/SNPS_CG_CELL_WCK1_A_R_REG_0_reg_0 0 0 0    0                4
u_LOGIC_CENTER/LINK_LOGIC/LC_CPUWR_HV2M23/SNPS_CG_CELL_WCK1_A_R_REG_5_reg_0 0 0 0    0                4
u_LOGIC_CENTER/LINK_LOGIC/LC_CPUWR_HV2M23/SNPS_CG_CELL_WCK1_A_R_REG_1_reg_0 0 0 0    0                4
u_LOGIC_CENTER/LINK_LOGIC/LC_CPUWR_HV2M23/SNPS_CG_CELL_WCK1_A_R_REG_6_reg_0 0 0 0    0                4
u_LOGIC_CENTER/LINK_LOGIC/LC_CPUWR_HV2M23/SNPS_CG_CELL_WCK1_A_R_REG_34_reg_0 0 0 0   0                6
u_LOGIC_CENTER/LINK_LOGIC/LC_CPUWR_HV2M23/SNPS_CG_CELL_WCK1_A_R_REG_39_reg_0 0 0 0   0                4
u_LOGIC_CENTER/LINK_LOGIC/LC_CPUWR_HV2M23/SNPS_CG_CELL_WCK1_A_R_REG_10_reg_0 0 0 0   0                4
u_LOGIC_CENTER/LINK_LOGIC/LC_CPUWR_HV2M23/SNPS_CG_CELL_WCK1_A_R_REG_42_reg_0 0 0 0   0                4
u_LOGIC_CENTER/LINK_LOGIC/LC_CPUWR_HV2M23/SNPS_CG_CELL_WCK1_A_R_REG_2_reg_0 0 0 0    0                4
u_LOGIC_CENTER/LINK_LOGIC/LC_CPUWR_HV2M23/SNPS_CG_CELL_WCK1_A_R_REG_47_reg_0 0 0 0   0                4
u_LOGIC_CENTER/LINK_LOGIC/LC_CPUWR_HV2M23/SNPS_CG_CELL_WCK1_A_R_REG_7_reg_0 0 0 0    0                4
u_LOGIC_CENTER/LINK_LOGIC/LC_CPUWR_HV2M23/SNPS_CG_CELL_WCK1_A_R_REG_35_reg_0 0 0 0   0                4
u_LOGIC_CENTER/LINK_LOGIC/LC_CPUWR_HV2M23/SNPS_CG_CELL_WCK1_A_R_REG_50_reg_0 0 0 0   0                4
u_LOGIC_CENTER/LINK_LOGIC/LC_CPUWR_HV2M23/SNPS_CG_CELL_WCK1_A_R_REG_11_reg_0 0 0 0   0                4
u_LOGIC_CENTER/LINK_LOGIC/LC_CPUWR_HV2M23/SNPS_CG_CELL_WCK1_A_R_REG_43_reg_0 0 0 0   0                4
u_LOGIC_CENTER/LINK_LOGIC/LC_CPUWR_HV2M23/SNPS_CG_CELL_WCK1_A_R_REG_3_reg_0 0 0 0    0                4
u_LOGIC_CENTER/LINK_LOGIC/LC_CPUWR_HV2M23/SNPS_CG_CELL_WCK1_A_R_REG_31_reg_0 0 0 0   0                4
u_LOGIC_CENTER/LINK_LOGIC/LC_CPUWR_HV2M23/SNPS_CG_CELL_WCK1_A_R_REG_48_reg_0 0 0 0   0                4
u_LOGIC_CENTER/LINK_LOGIC/LC_CPUWR_HV2M23/SNPS_CG_CELL_WCK1_A_R_REG_8_reg_0 0 0 0    0                4
u_LOGIC_CENTER/LINK_LOGIC/LC_CPUWR_HV2M23/SNPS_CG_CELL_WCK1_A_R_REG_36_reg_0 0 0 0   0                4
u_LOGIC_CENTER/LINK_LOGIC/LC_CPUWR_HV2M23/SNPS_CG_CELL_WCK1_A_R_REG_12_reg_0 0 0 0   0                4
u_LOGIC_CENTER/LINK_LOGIC/LC_CPUWR_HV2M23/SNPS_CG_CELL_WCK1_A_R_REG_44_reg_0 0 0 0   0                4
u_LOGIC_CENTER/LINK_LOGIC/LC_CPUWR_HV2M23/SNPS_CG_CELL_WCK1_A_R_REG_4_reg_0 0 0 0    0                4
u_LOGIC_CENTER/LINK_LOGIC/LC_CPUWR_HV2M23/SNPS_CG_CELL_WCK1_A_R_REG_32_reg_0 0 0 0   0                4
u_LOGIC_CENTER/LINK_LOGIC/LC_CPUWR_HV2M23/SNPS_CG_CELL_WCK1_A_R_REG_9_reg_0 0 0 0    0                4
u_LOGIC_CENTER/LINK_LOGIC/LC_CPUWR_HV2M23/SNPS_CG_CELL_WCK1_A_R_REG_49_reg_0 0 0 0   0                4
u_LOGIC_CENTER/LINK_LOGIC/LC_CPUWR_HV2M23/SNPS_CG_CELL_WCK1_A_R_REG_37_reg_0 0 0 0   0                6
u_LOGIC_CENTER/LINK_LOGIC/LC_CPUWR_HV2M23/SNPS_CG_CELL_WCK1_A_R_REG_40_reg_0 0 0 0   0                4
u_LOGIC_CENTER/LINK_LOGIC/LC_CPUWR_HV2M23/SNPS_CG_CELL_WCK1_A_R_REG_45_reg_0 0 0 0   0                4
u_LOGIC_CENTER/LINK_LOGIC/LC_CPUWR_HV2M23/SNPS_CG_CELL_WCK1_A_R_REG_60_reg_0 0 0 0   0                4
u_LOGIC_CENTER/LINK_LOGIC/LC_CPUWR_HV2M23/SNPS_CG_CELL_WCK1_A_R_REG_38_reg_0 0 0 0   0                4
u_LOGIC_CENTER/LINK_LOGIC/LC_CPUWR_HV2M23/SNPS_CG_CELL_WCK1_A_R_REG_41_reg_0 0 0 0   0                4
u_LOGIC_CENTER/LINK_LOGIC/LC_CPUWR_HV2M23/SNPS_CG_CELL_WCK1_A_R_REG_46_reg_0 0 0 0   0                4
u_LOGIC_CENTER/LINK_LOGIC/U_SYNC_L0L1 278.71         0.019            0              0                673
u_LOGIC_CENTER/LINK_LOGIC/U_SYNC_L0L1/SNPS_CG_CELL_DCLK1_L1_BUF1_reg_0 1291.25 0.086 0 0              4
u_LOGIC_CENTER/LINK_LOGIC/U_SYNC_L0L1/U_L0_CIRC_DELAY_BUF 257.45 0.017 0             0                408
u_LOGIC_CENTER/LINK_LOGIC/U_SYNC_L0L1/U_L0_CIRC_DELAY_BUF/SNPS_CG_CELL_DCLK0_L0_BUF4_reg_0 995.50 0.066 0 0 4
u_LOGIC_CENTER/LINK_LOGIC/U_SYNC_L0L1/U_L0_CIRC_DELAY_BUF/SNPS_CG_CELL_DCLK0_L0_BUF_CNT_FIX_SEL_reg_0 523 0.035 0 0 6
u_LOGIC_CENTER/LINK_LOGIC/U_SYNC_L0L1/U_L0_CIRC_DELAY_BUF/SNPS_CG_CELL_DCLK0_L0_BUF0_reg_0 996.25 0.066 0 0 4
u_LOGIC_CENTER/LINK_LOGIC/U_SYNC_L0L1/U_L0_CIRC_DELAY_BUF/SNPS_CG_CELL_DCLK0_L0_BUF5_reg_0 995.50 0.066 0 0 4
u_LOGIC_CENTER/LINK_LOGIC/U_SYNC_L0L1/U_L0_CIRC_DELAY_BUF/SNPS_CG_CELL_DCLK0_L0_BUF1_reg_0 996.50 0.066 0 0 4
u_LOGIC_CENTER/LINK_LOGIC/U_SYNC_L0L1/U_L0_CIRC_DELAY_BUF/SNPS_CG_CELL_DCLK0_L0_BUF6_reg_0 995.50 0.066 0 0 4
u_LOGIC_CENTER/LINK_LOGIC/U_SYNC_L0L1/U_L0_CIRC_DELAY_BUF/SNPS_CG_CELL_DCLK0_L0_BUF2_reg_0 995.75 0.066 0 0 4
u_LOGIC_CENTER/LINK_LOGIC/U_SYNC_L0L1/U_L0_CIRC_DELAY_BUF/SNPS_CG_CELL_DCLK0_L0_BUF_CNT_SEL_reg_0 796.25 0.053 0 0 4
u_LOGIC_CENTER/LINK_LOGIC/U_SYNC_L0L1/U_L0_CIRC_DELAY_BUF/SNPS_CG_CELL_DCLK0_L0_BUF3_reg_0 995.50 0.066 0 0 4
u_LOGIC_CENTER/LINK_LOGIC/U_SYNC_L0L1/SNPS_CG_CELL_DCLK1_L1_BUF2_reg_0 1289.25 0.086 0 0              4
u_LOGIC_CENTER/LINK_LOGIC/LC_CPUWR_HV2M23_VGMA 52.15 0.0035           0              0                332
u_LOGIC_CENTER/LINK_LOGIC/LC_CPUWR_HV2M23_VGMA/SNPS_CG_CELL_WCK1_A_R_REG_30_reg_0 0 0 0 0             4
u_LOGIC_CENTER/LINK_LOGIC/LC_CPUWR_HV2M23_VGMA/SNPS_CG_CELL_WCK1_A_R_REG_17_reg_0 0 0 0 0             4
u_LOGIC_CENTER/LINK_LOGIC/LC_CPUWR_HV2M23_VGMA/SNPS_CG_CELL_WCK1_A_R_REG_29_reg_0 0 0 0 0             4
u_LOGIC_CENTER/LINK_LOGIC/LC_CPUWR_HV2M23_VGMA/SNPS_CG_CELL_WCK1_A_R_REG_19_reg_0 0 0 0 0             4
u_LOGIC_CENTER/LINK_LOGIC/LC_CPUWR_HV2M23_VGMA/SNPS_CG_CELL_WCK1_A_R_REG_16_reg_0 0 0 0 0             4
u_LOGIC_CENTER/LINK_LOGIC/LC_CPUWR_HV2M23_VGMA/SNPS_CG_CELL_WCK1_A_R_REG_28_reg_0 0 0 0 0             4
u_LOGIC_CENTER/LINK_LOGIC/LC_CPUWR_HV2M23_VGMA/SNPS_CG_CELL_WCK1_A_R_REG_25_reg_0 0 0 0 0             4
u_LOGIC_CENTER/LINK_LOGIC/LC_CPUWR_HV2M23_VGMA/SNPS_CG_CELL_WCK1_A_R_REG_18_reg_0 0 0 0 0             4
u_LOGIC_CENTER/LINK_LOGIC/LC_CPUWR_HV2M23_VGMA/SNPS_CG_CELL_WCK1_A_R_REG_15_reg_0 0 0 0 0             4
u_LOGIC_CENTER/LINK_LOGIC/LC_CPUWR_HV2M23_VGMA/SNPS_CG_CELL_WCK1_A_R_REG_27_reg_0 0 0 0 0             4
u_LOGIC_CENTER/LINK_LOGIC/LC_CPUWR_HV2M23_VGMA/SNPS_CG_CELL_WCK1_A_R_REG_24_reg_0 0 0 0 0             4
u_LOGIC_CENTER/LINK_LOGIC/LC_CPUWR_HV2M23_VGMA/SNPS_CG_CELL_WCK1_A_R_REG_14_reg_0 0 0 0 0             4
u_LOGIC_CENTER/LINK_LOGIC/LC_CPUWR_HV2M23_VGMA/SNPS_CG_CELL_WCK1_A_R_REG_26_reg_0 0 0 0 0             4
u_LOGIC_CENTER/LINK_LOGIC/LC_CPUWR_HV2M23_VGMA/SNPS_CG_CELL_WCK1_A_R_REG_23_reg_0 0 0 0 0             4
u_LOGIC_CENTER/LINK_LOGIC/LC_CPUWR_HV2M23_VGMA/SNPS_CG_CELL_WCK1_A_R_REG_20_reg_0 0 0 0 0             4
u_LOGIC_CENTER/LINK_LOGIC/LC_CPUWR_HV2M23_VGMA/SNPS_CG_CELL_WCK1_A_R_REG_13_reg_0 0 0 0 0             4
u_LOGIC_CENTER/LINK_LOGIC/LC_CPUWR_HV2M23_VGMA/SNPS_CG_CELL_WCK1_A_R_REG_22_reg_0 0 0 0 0             4
u_LOGIC_CENTER/LINK_LOGIC/LC_CPUWR_HV2M23_VGMA/SNPS_CG_CELL_WCK1_A_R_REG_21_reg_0 0 0 0 0             4
u_LOGIC_CENTER/CENTER1            167.22             0.011            0.05           3.2e-06          3505
u_LOGIC_CENTER/CENTER1/TOTAL_DTCTL 213.71            0.014            0.06           3.7e-06          1824
u_LOGIC_CENTER/CENTER1/TOTAL_DTCTL/DTCTL_L1_COMB 366.59 0.024         0              0                63
u_LOGIC_CENTER/CENTER1/TOTAL_DTCTL/DTCTL_L0 206.63   0.014            0.09           6.3e-06          1047
u_LOGIC_CENTER/CENTER1/TOTAL_DTCTL/DTCTL_L0/SNPS_CG_CELL_DTCLK_CH_CNT_pre_reg_0 976 0.065 0 0         4
u_LOGIC_CENTER/CENTER1/TOTAL_DTCTL/DTCTL_L0/DPLC_PRE_REV 337.06 0.022 0              0                152
u_LOGIC_CENTER/CENTER1/TOTAL_DTCTL/DTCTL_L0/u_H120VMAP_H120V_CH1446_1440 199.04 0.013 0.18 1.2e-05    240
u_LOGIC_CENTER/CENTER1/TOTAL_DTCTL/DTCTL_L0/CG_CELL_DTCLK 1005 0.067  0              0                4
u_LOGIC_CENTER/CENTER1/TOTAL_DTCTL/DTCTL_L0/CG_CELL_DTCLK_1P 2.25 0.00015 0          0                4
u_LOGIC_CENTER/CENTER1/TOTAL_DTCTL/DTCTL_L1 218.64   0.015            0.01           4.9e-07          482
u_LOGIC_CENTER/CENTER1/TOTAL_DTCTL/DTCTL_L1/CG_CELL_DTCLK 1005 0.067  0              0                4
u_LOGIC_CENTER/CENTER1/TOTAL_DTCTL/DTCTL_COMB 265.71 0.018            0              0                248
u_LOGIC_CENTER/CENTER1/TOTAL_DTCTL/DTCTL_L0_COMB 241.61 0.016         0              0                208
u_LOGIC_CENTER/CENTER1/DRD_OD     142.60             0.0095           0.05           3e-06            1454
u_LOGIC_CENTER/CENTER1/DRD_OD/DRD_OD_ADD_WEIGHT 138.80 0.0093         0.10           6.9e-06          633
u_LOGIC_CENTER/CENTER1/DRD_OD/DRD_OD_ADD_WEIGHT/SNPS_CG_CELL_CLK_L0_line_cnt_od_reg_0 2.25 0.00015 0 0 4
u_LOGIC_CENTER/CENTER1/DRD_OD/DRD_OD_ADD_WEIGHT/SNPS_CG_CELL_CLK_L0_shift_sel_od_reg_0 0 0 0 0        4
u_LOGIC_CENTER/CENTER1/DRD_OD/DRD_OD_PATTERN_DETECT 78.82 0.0053      0              0                316
u_LOGIC_CENTER/CENTER1/DRD_OD/CG_CELL_CLK_L0_OD_WG 514.75 0.034       0              0                4
u_LOGIC_CENTER/CENTER1/DRD_OD/SNPS_CG_CELL_DTCLK_L1_DATAI_L1_OD_WEIGHT_d1_reg_0 488 0.033 0 0         4
u_LOGIC_CENTER/CENTER1/DRD_OD/SNPS_CG_CELL_DTCLK_L0_DATAI_L0_OD_WEIGHT_d1_reg_0 488 0.033 0 0         4
u_LOGIC_CENTER/CENTER1/ANCTL_COMB 1.21               8e-05            0              0                151
u_LOGIC_CENTER/CENTER1/ANCTL      87.56              0.0058           0              0                144
u_LOGIC_CENTER/CENTER1/ANCTL/SNPS_CG_CELL_CLK_OD_time_cnt_reg_0 1549 0.1 0           0                4
u_LOGIC_CENTER/BISR_OBUF_L        18.58              0.0012           0              0                108
u_LOGIC_CENTER/BISR_OBUF_R        18.31              0.0012           0              0                108
APR_CDM_0                         0                  0                0              0                0
APR_CDM_1                         0                  0                0              0                0
APR_CDM_2                         0                  0                0              0                0
APR_CDM_3                         0                  0                0              0                0
APR_CDM_4                         0                  0                0              0                0
APR_CDM_5                         0                  0                0              0                0
APR_CDM_6                         0                  0                0              0                0
APR_CDM_7                         0                  0                0              0                0
APR_CDM_8                         0                  0                0              0                0
APR_CDM_9                         0                  0                0              0                0
------------------------------------------------------------------------------------------------------------------------
1
