Information: Derived library resistance unit is 1.000000 Kohm (Time unit is 1 ns, and Capacitance unit is 1.000000 pF). (DES-028)
Error: Cannot find net 'FE_RN_1' in design 'HV2M23_digital_top' (PARA-124)
Error: Cannot find port/pin 'u_LOGIC_CENTER/CENTER1/TOTAL_DTCTL/u_DPLC/DPLC_DATA1_PRE1_reg_5_/D' in design 'HV2M23_digital_top' (PARA-124)
Error: Cannot find port/pin 'u_LOGIC_CENTER/CENTER1/TOTAL_DTCTL/u_DPLC/DIODE_11/ANT' in design 'HV2M23_digital_top' (PARA-124)
Error: Cannot find port/pin 'u_LOGIC_CENTER/CENTER1/TOTAL_DTCTL/u_DPLC/PLACE_U113_dup/OB' in design 'HV2M23_digital_top' (PARA-124)
Error: Cannot find port/pin 'u_LOGIC_CENTER/CENTER1/TOTAL_DTCTL/u_DPLC/U369/A1' in design 'HV2M23_digital_top' (PARA-124)
Error: Cannot find net 'FE_Mar20N34_N_180__IOBUF' in design 'HV2M23_digital_top' (PARA-124)
Error: Cannot find port/pin 'u_LOGIC_CENTER/CENTER1/TOTAL_DTCTL/u_DPLC/PLACE_U113_dup/OB' in design 'HV2M23_digital_top' (PARA-124)
Error: Cannot find port/pin 'POSTROUTE_FE_Mar20C34_N_180__IOBUF/O' in design 'HV2M23_digital_top' (PARA-124)
Error: Cannot find port/pin 'POSTROUTE_FE_Mar20C43_N_180__IOBUF/I' in design 'HV2M23_digital_top' (PARA-124)
Error: Cannot find net 'FE_Mar20N12_N_192__IOBUF' in design 'HV2M23_digital_top' (PARA-124)
Error: Cannot find port/pin 'POSTROUTE_FE_Mar20C12_N_192__IOBUF/O' in design 'HV2M23_digital_top' (PARA-124)
Error: Cannot find port/pin 'POSTROUTE_FE_Mar20C12_N_192__IOBUF/O' in design 'HV2M23_digital_top' (PARA-124)
Error: Cannot find port/pin 'POSTROUTE_FE_Mar20C30_N_192__IOBUF/I' in design 'HV2M23_digital_top' (PARA-124)
Error: Cannot find net 'ccopt_net__37' in design 'HV2M23_digital_top' (PARA-124)
Error: Cannot find port/pin 'u_LOGIC_CENTER/CENTER1/TOTAL_DTCTL/u_DPLC/U30/I1' in design 'HV2M23_digital_top' (PARA-124)
Error: Cannot find port/pin 'ccopt_inst__cdb_inv_00622/O' in design 'HV2M23_digital_top' (PARA-124)
Error: Cannot find port/pin 'u_LOGIC_CENTER/CENTER1/TOTAL_DTCTL/u_DPLC/U190/I2' in design 'HV2M23_digital_top' (PARA-124)
Error: Cannot find port/pin 'ccopt_inst__cdb_inv_00622/O' in design 'HV2M23_digital_top' (PARA-124)
Error: Cannot find port/pin 'ccopt_inst__cdb_inv_00623/I' in design 'HV2M23_digital_top' (PARA-124)
Error: Cannot find net 'ccopt_net__36' in design 'HV2M23_digital_top' (PARA-124)
Error: Cannot find port/pin 'ccopt_inst__cdb_inv_00624/I' in design 'HV2M23_digital_top' (PARA-124)
Error: Cannot find port/pin 'u_LOGIC_CENTER/CENTER1/TOTAL_DTCTL/u_DPLC/U190/I2' in design 'HV2M23_digital_top' (PARA-124)
Error: Cannot find port/pin 'u_LOGIC_CENTER/CENTER1/TOTAL_DTCTL/u_DPLC/U32/A2' in design 'HV2M23_digital_top' (PARA-124)
Error: Cannot find port/pin 'ccopt_inst__cdb_inv_00623/O' in design 'HV2M23_digital_top' (PARA-124)
Error: Cannot find port/pin 'ccopt_inst__cdb_inv_00624/I' in design 'HV2M23_digital_top' (PARA-124)
Error: Cannot find net 'ccopt_net__10' in design 'HV2M23_digital_top' (PARA-124)
Error: Cannot find port/pin 'ccopt_inst__ccl_a_inv_00116/I' in design 'HV2M23_digital_top' (PARA-124)
Error: Cannot find port/pin 'u_LOGIC_CENTER/CENTER1/TOTAL_DTCTL/u_DPLC/U193/O' in design 'HV2M23_digital_top' (PARA-124)
Error: Cannot find port/pin 'u_LOGIC_CENTER/LINK_LOGIC/LC_CPUWR/AVE_G_reg_0_/Q' in design 'HV2M23_digital_top' (PARA-124)
Error: Cannot find port/pin 'u_LOGIC_CENTER/CENTER1/TOTAL_DTCTL/u_DPLC/DPLC_DATA1_PRE1_reg_5_/D' in design 'HV2M23_digital_top' (PARA-124)
Error: Cannot find port/pin 'u_LOGIC_CENTER/CENTER1/TOTAL_DTCTL/u_DPLC/DIODE_11/ANT' in design 'HV2M23_digital_top' (PARA-124)
Error: Cannot find port/pin 'ccopt_inst__ccl_a_inv_00116/I' in design 'HV2M23_digital_top' (PARA-124)
Error: Cannot find port/pin 'u_LOGIC_CENTER/CENTER1/TOTAL_DTCTL/u_DPLC/PLACE_U113_dup/OB' in design 'HV2M23_digital_top' (PARA-124)
Error: Cannot find port/pin 'u_LOGIC_CENTER/CENTER1/TOTAL_DTCTL/u_DPLC/U112/B1' in design 'HV2M23_digital_top' (PARA-124)
Error: Cannot find net 'CLK_1P_INV' in design 'HV2M23_digital_top' (PARA-124)
Error: Cannot find port/pin 'u_LOGIC_CENTER/CENTER1/TOTAL_DTCTL/u_DPLC/BUF_CLK_1P_INV/O' in design 'HV2M23_digital_top' (PARA-124)
Error: Cannot find port/pin 'ccopt_inst__ccl_a_inv_00116/I' in design 'HV2M23_digital_top' (PARA-124)
Error: Cannot find port/pin 'ccopt_inst__ccl_a_inv_00125/O' in design 'HV2M23_digital_top' (PARA-124)
Error: Cannot find net 'FE_OFN428_N_146__IOBUF' in design 'HV2M23_digital_top' (PARA-124)
Error: Cannot find port/pin 'PLACE_FE_OFC406_N_146__IOBUF/I' in design 'HV2M23_digital_top' (PARA-124)
Error: Cannot find port/pin 'PLACE_FE_OFC239_N_114__IOBUF/I' in design 'HV2M23_digital_top' (PARA-124)
Error: Cannot find port/pin 'PLACE_FE_OFC405_N_146__IOBUF/O' in design 'HV2M23_digital_top' (PARA-124)
Error: Cannot find port/pin 'PLACE_FE_OFC406_N_146__IOBUF/I' in design 'HV2M23_digital_top' (PARA-124)
Error: Cannot find port/pin 'PLACE_FE_OFC406_N_146__IOBUF/I' in design 'HV2M23_digital_top' (PARA-124)
Error: Cannot find port/pin 'PLACE_FE_OFC405_N_146__IOBUF/O' in design 'HV2M23_digital_top' (PARA-124)
Error: Cannot find port/pin 'PLACE_FE_OFC406_N_146__IOBUF/I' in design 'HV2M23_digital_top' (PARA-124)
Error: Cannot find port/pin 'PLACE_FE_OFC405_N_146__IOBUF/O' in design 'HV2M23_digital_top' (PARA-124)
Error: Cannot find net 'FE_OFN248_N_128__IOBUF' in design 'HV2M23_digital_top' (PARA-124)
Error: Cannot find port/pin 'PLACE_FE_OFC223_N_128__IOBUF/O' in design 'HV2M23_digital_top' (PARA-124)
Error: Cannot find port/pin 'PLACE_FE_OFC224_N_128__IOBUF/I' in design 'HV2M23_digital_top' (PARA-124)
Error: Cannot find port/pin 'u_LOGIC_CENTER/LINK_LOGIC/R_REG10_reg_7_/Q' in design 'HV2M23_digital_top' (PARA-124)
Error: Cannot find port/pin 'PLACE_FE_OFC224_N_128__IOBUF/I' in design 'HV2M23_digital_top' (PARA-124)
Error: Cannot find port/pin 'PLACE_FE_OFC224_N_128__IOBUF/I' in design 'HV2M23_digital_top' (PARA-124)
Error: Cannot find port/pin 'u_LOGIC_CENTER/LINK_LOGIC/REG_MAPPING/U25/I' in design 'HV2M23_digital_top' (PARA-124)
Error: Cannot find port/pin 'u_LOGIC_CENTER/LINK_LOGIC/LC_CPUWR/R_VGMA_EN_reg/D' in design 'HV2M23_digital_top' (PARA-124)
Error: Cannot find port/pin 'u_LOGIC_CENTER/LINK_LOGIC/LC_CPUWR/R_VGMA_EN_reg/D' in design 'HV2M23_digital_top' (PARA-124)
Error: Cannot find port/pin 'u_LOGIC_CENTER/LINK_LOGIC/LC_CPUWR/R_VGMA_EN_reg/D' in design 'HV2M23_digital_top' (PARA-124)
Error: Cannot find port/pin 'u_LOGIC_CENTER/LINK_LOGIC/LC_CPUWR/R_VGMA_EN_reg/D' in design 'HV2M23_digital_top' (PARA-124)
Error: Cannot find port/pin 'u_LOGIC_CENTER/LINK_LOGIC/LC_CPUWR/R_VGMA_EN_reg/D' in design 'HV2M23_digital_top' (PARA-124)
Error: Cannot find port/pin 'u_LOGIC_CENTER/LINK_LOGIC/LC_CPUWR/R_VGMA_EN_reg/D' in design 'HV2M23_digital_top' (PARA-124)
Error: Cannot find port/pin 'u_LOGIC_CENTER/LINK_LOGIC/LC_CPUWR/U83/I2' in design 'HV2M23_digital_top' (PARA-124)
Error: Cannot find port/pin 'u_LOGIC_CENTER/LINK_LOGIC/LC_CPUWR/U145/I2' in design 'HV2M23_digital_top' (PARA-124)
Error: Cannot find port/pin 'u_LOGIC_CENTER/LINK_LOGIC/LC_CPUWR/U91/I2' in design 'HV2M23_digital_top' (PARA-124)
Error: Cannot find port/pin 'u_LOGIC_CENTER/LINK_LOGIC/LC_MONBLOCK/U43/OB' in design 'HV2M23_digital_top' (PARA-124)
Error: Cannot find port/pin 'PLACE_FE_OFC223_N_128__IOBUF/O' in design 'HV2M23_digital_top' (PARA-124)
Error: Cannot find port/pin 'PLACE_FE_OFC224_N_128__IOBUF/I' in design 'HV2M23_digital_top' (PARA-124)
Error: Cannot find net 'FE_OFN228_N_141__IOBUF' in design 'HV2M23_digital_top' (PARA-124)
Error: Cannot find port/pin 'PLACE_FE_OFC203_N_141__IOBUF/O' in design 'HV2M23_digital_top' (PARA-124)
Error: Cannot find port/pin 'PLACE_FE_OFC204_N_141__IOBUF/I' in design 'HV2M23_digital_top' (PARA-124)
Error: Cannot find port/pin 'u_LOGIC_CENTER/CENTER1/TOTAL_DTCTL/U115/I2' in design 'HV2M23_digital_top' (PARA-124)
Error: Cannot find port/pin 'u_LOGIC_CENTER/CENTER1/TOTAL_DTCTL/U115/I2' in design 'HV2M23_digital_top' (PARA-124)
Error: Cannot find port/pin 'u_LOGIC_CENTER/CENTER1/TOTAL_DTCTL/U115/I2' in design 'HV2M23_digital_top' (PARA-124)
Error: Cannot find port/pin 'u_LOGIC_CENTER/CENTER1/TOTAL_DTCTL/U115/I2' in design 'HV2M23_digital_top' (PARA-124)
Error: Cannot find port/pin 'u_LOGIC_CENTER/CENTER1/TOTAL_DTCTL/U115/I2' in design 'HV2M23_digital_top' (PARA-124)
Error: Cannot find port/pin 'PLACE_FE_OFC204_N_141__IOBUF/I' in design 'HV2M23_digital_top' (PARA-124)
Error: Cannot find port/pin 'PLACE_FE_OFC204_N_141__IOBUF/I' in design 'HV2M23_digital_top' (PARA-124)
Error: Cannot find port/pin 'u_LOGIC_CENTER/LINK_LOGIC/R_REG10_reg_6_/Q' in design 'HV2M23_digital_top' (PARA-124)
Error: Cannot find port/pin 'u_LOGIC_CENTER/LINK_LOGIC/R_REG10_reg_6_/Q' in design 'HV2M23_digital_top' (PARA-124)
Error: Cannot find port/pin 'u_LOGIC_CENTER/LINK_LOGIC/R_REG10_reg_6_/Q' in design 'HV2M23_digital_top' (PARA-124)
Error: Cannot find port/pin 'u_LOGIC_CENTER/LINK_LOGIC/LC_CPUWR/U266/A2' in design 'HV2M23_digital_top' (PARA-124)
Error: Cannot find port/pin 'u_LOGIC_CENTER/LINK_LOGIC/LC_CSPIF_L0/SNPS_CG_CELL_VGMA_MON_CLK_VGMA_LINE_CNT_reg_0/latch/E' in design 'HV2M23_digital_top' (PARA-124)
Error: Cannot find port/pin 'PLACE_FE_OFC203_N_141__IOBUF/O' in design 'HV2M23_digital_top' (PARA-124)
Error: Cannot find port/pin 'PLACE_FE_OFC203_N_141__IOBUF/O' in design 'HV2M23_digital_top' (PARA-124)
Error: Cannot find port/pin 'PLACE_FE_OFC203_N_141__IOBUF/O' in design 'HV2M23_digital_top' (PARA-124)
Error: Cannot find port/pin 'u_LOGIC_CENTER/LINK_LOGIC/LC_CPUWR/PLACE_FE_OFC477_n354/O' in design 'HV2M23_digital_top' (PARA-124)
Error: Cannot find port/pin 'u_LOGIC_CENTER/LINK_LOGIC/LC_CPUWR/PLACE_FE_OFC477_n354/O' in design 'HV2M23_digital_top' (PARA-124)
Error: Cannot find port/pin 'u_LOGIC_CENTER/LINK_LOGIC/LC_CPUWR/PLACE_FE_OFC474_n353/O' in design 'HV2M23_digital_top' (PARA-124)
Error: Cannot find port/pin 'u_LOGIC_CENTER/LINK_LOGIC/LC_CPUWR/POSTROUTE_FE_PHC273_DATA_B_6/O' in design 'HV2M23_digital_top' (PARA-124)
Error: Cannot find port/pin 'u_LOGIC_CENTER/LINK_LOGIC/LC_CPUWR/POSTROUTE_FE_PHC273_DATA_B_6/O' in design 'HV2M23_digital_top' (PARA-124)
Error: Cannot find port/pin 'u_LOGIC_CENTER/LINK_LOGIC/LC_CPUWR/U265/B1' in design 'HV2M23_digital_top' (PARA-124)
Error: Cannot find port/pin 'u_LOGIC_CENTER/LINK_LOGIC/LC_CPUWR/U395/B1' in design 'HV2M23_digital_top' (PARA-124)
Error: Cannot find port/pin 'u_LOGIC_CENTER/LINK_LOGIC/LC_CPUWR/POSTROUTE_FE_PHC273_DATA_B_6/O' in design 'HV2M23_digital_top' (PARA-124)
Error: Cannot find port/pin 'u_LOGIC_CENTER/LINK_LOGIC/LC_CPUWR/POSTROUTE_FE_PHC273_DATA_B_6/O' in design 'HV2M23_digital_top' (PARA-124)
Error: Cannot find port/pin 'u_LOGIC_CENTER/LINK_LOGIC/LC_CPUWR/POSTROUTE_FE_PHC273_DATA_B_6/O' in design 'HV2M23_digital_top' (PARA-124)
Error: Cannot find port/pin 'u_LOGIC_CENTER/CENTER1/TOTAL_DTCTL/u_DPLC/BUF_CLK_1P_INV/O' in design 'HV2M23_digital_top' (PARA-124)
Error: Cannot find port/pin 'u_LOGIC_CENTER/CENTER1/TOTAL_DTCTL/DTCTL_L0/DATA4_PRE1_reg_7_/D2' in design 'HV2M23_digital_top' (PARA-124)
Error: Cannot find port/pin 'u_LOGIC_CENTER/CENTER1/TOTAL_DTCTL/u_DPLC/BUF_CLK_1P_INV/O' in design 'HV2M23_digital_top' (PARA-124)
Error: Cannot find port/pin 'u_LOGIC_CENTER/CENTER1/TOTAL_DTCTL/u_DPLC/BUF_CLK_1P_INV/O' in design 'HV2M23_digital_top' (PARA-124)
Error: Cannot find port/pin 'u_LOGIC_CENTER/CENTER1/TOTAL_DTCTL/u_DPLC/BUF_CLK_1P_INV/O' in design 'HV2M23_digital_top' (PARA-124)
Error: Cannot find port/pin 'u_LOGIC_CENTER/LINK_LOGIC/LC_CPUWR/U190/O' in design 'HV2M23_digital_top' (PARA-124)
Note - message 'PARA-124' default limit (100) exceeded.  Remainder will be suppressed.
Warning: Coupling capacitor (N_241__IOBUF:5 FE_OFN242_N_131__IOBUF:4 2.1245e-05) on net N_241__IOBUF\ is grounded because net 'FE_OFN242_N_131__IOBUF:4' could not be found (PARA-162)
Warning: Coupling capacitor (N_241__IOBUF:5 FE_OFN242_N_131__IOBUF:226 1.286e-05) on net N_241__IOBUF\ is grounded because net 'FE_OFN242_N_131__IOBUF:226' could not be found (PARA-162)
Warning: Coupling capacitor (N_241__IOBUF:6 FE_OFN242_N_131__IOBUF:4 4.6388e-05) on net N_241__IOBUF\ is grounded because net 'FE_OFN242_N_131__IOBUF:4' could not be found (PARA-162)
Warning: Coupling capacitor (N_241__IOBUF:6 FE_OFN242_N_131__IOBUF:106 8.931e-06) on net N_241__IOBUF\ is grounded because net 'FE_OFN242_N_131__IOBUF:106' could not be found (PARA-162)
Warning: Coupling capacitor (N_241__IOBUF:6 FE_OFN242_N_131__IOBUF:226 2.1331e-05) on net N_241__IOBUF\ is grounded because net 'FE_OFN242_N_131__IOBUF:226' could not be found (PARA-162)
Warning: Coupling capacitor (N_241__IOBUF:11 FE_OFN242_N_131__IOBUF:226 5.822e-06) on net N_241__IOBUF\ is grounded because net 'FE_OFN242_N_131__IOBUF:226' could not be found (PARA-162)
Warning: Coupling capacitor (N_241__IOBUF:12 FE_OFN242_N_131__IOBUF:4 1.7646e-05) on net N_241__IOBUF\ is grounded because net 'FE_OFN242_N_131__IOBUF:4' could not be found (PARA-162)
Warning: Coupling capacitor (N_241__IOBUF:12 FE_OFN242_N_131__IOBUF:5 6.0454e-05) on net N_241__IOBUF\ is grounded because net 'FE_OFN242_N_131__IOBUF:5' could not be found (PARA-162)
Warning: Coupling capacitor (N_241__IOBUF:12 FE_OFN242_N_131__IOBUF:6 1.7612e-05) on net N_241__IOBUF\ is grounded because net 'FE_OFN242_N_131__IOBUF:6' could not be found (PARA-162)
Warning: Coupling capacitor (N_241__IOBUF:12 FE_OFN242_N_131__IOBUF:106 0.000126473) on net N_241__IOBUF\ is grounded because net 'FE_OFN242_N_131__IOBUF:106' could not be found (PARA-162)
Warning: Coupling capacitor (N_241__IOBUF:13 FE_OFN242_N_131__IOBUF:5 8.36e-07) on net N_241__IOBUF\ is grounded because net 'FE_OFN242_N_131__IOBUF:5' could not be found (PARA-162)
Warning: Coupling capacitor (N_241__IOBUF:13 FE_OFN242_N_131__IOBUF:6 3.6221e-05) on net N_241__IOBUF\ is grounded because net 'FE_OFN242_N_131__IOBUF:6' could not be found (PARA-162)
Warning: Coupling capacitor (N_241__IOBUF:13 FE_OFN242_N_131__IOBUF:106 6.8696e-05) on net N_241__IOBUF\ is grounded because net 'FE_OFN242_N_131__IOBUF:106' could not be found (PARA-162)
Warning: Coupling capacitor (N_241__IOBUF:15 FE_OFN242_N_131__IOBUF:6 4.359e-06) on net N_241__IOBUF\ is grounded because net 'FE_OFN242_N_131__IOBUF:6' could not be found (PARA-162)
Warning: Invalid coupling capacitor (PLACE_FE_OFC176_N_241__IOBUF:I N_145__IOBUF:18 1.1009e-05) on net N_241__IOBUF: node 'PLACE_FE_OFC176_N_241__IOBUF:I' could not be found (PARA-043)
Warning: Invalid coupling capacitor (PLACE_FE_OFC176_N_241__IOBUF:I N_145__IOBUF:69 6.1016e-05) on net N_241__IOBUF: node 'PLACE_FE_OFC176_N_241__IOBUF:I' could not be found (PARA-043)
Warning: Invalid coupling capacitor (PLACE_FE_OFC176_N_241__IOBUF:I N_145__IOBUF:70 6.5829e-05) on net N_241__IOBUF: node 'PLACE_FE_OFC176_N_241__IOBUF:I' could not be found (PARA-043)
Warning: Invalid coupling capacitor (PLACE_FE_OFC176_N_241__IOBUF:I N_145__IOBUF:71 1.375e-06) on net N_241__IOBUF: node 'PLACE_FE_OFC176_N_241__IOBUF:I' could not be found (PARA-043)
Error: Invalid capacitor (*5405 9.77e-06) on net N_241__IOBUF: Pin 'u_LOGIC_CENTER/CENTER1/ANCTL_COMB/U32/O' is not connected to net (PARA-044)
Error: Invalid capacitor (PLACE_FE_OFC176_N_241__IOBUF:I 0.000411969) on net N_241__IOBUF: node not found (PARA-044)
Warning: Coupling capacitor (N_208__IOBUF:12 u_LOGIC_CENTER/CENTER1/TOTAL_DTCTL/ccopt_net__9:1 1.8328e-05) on net N_208__IOBUF\ is grounded because net 'u_LOGIC_CENTER/CENTER1/TOTAL_DTCTL/ccopt_net__9:1' could not be found (PARA-162)
Warning: Coupling capacitor (N_208__IOBUF:12 u_LOGIC_CENTER/CENTER1/TOTAL_DTCTL/ccopt_net__9:13 0.000335144) on net N_208__IOBUF\ is grounded because net 'u_LOGIC_CENTER/CENTER1/TOTAL_DTCTL/ccopt_net__9:13' could not be found (PARA-162)
Warning: Coupling capacitor (N_208__IOBUF:12 u_LOGIC_CENTER/CENTER1/TOTAL_DTCTL/ccopt_net__9:14 4.972e-06) on net N_208__IOBUF\ is grounded because net 'u_LOGIC_CENTER/CENTER1/TOTAL_DTCTL/ccopt_net__9:14' could not be found (PARA-162)
Warning: Coupling capacitor (N_208__IOBUF:12 u_LOGIC_CENTER/CENTER1/TOTAL_DTCTL/ccopt_net__9:54 7.994e-06) on net N_208__IOBUF\ is grounded because net 'u_LOGIC_CENTER/CENTER1/TOTAL_DTCTL/ccopt_net__9:54' could not be found (PARA-162)
Warning: Coupling capacitor (N_208__IOBUF:12 u_LOGIC_CENTER/CENTER1/TOTAL_DTCTL/ccopt_net__9:73 0.000107431) on net N_208__IOBUF\ is grounded because net 'u_LOGIC_CENTER/CENTER1/TOTAL_DTCTL/ccopt_net__9:73' could not be found (PARA-162)
Warning: Coupling capacitor (N_208__IOBUF:3 u_LOGIC_CENTER/CENTER1/TOTAL_DTCTL/u_DPLC/FE_OFN407_n1011:74 1.65e-07) on net N_208__IOBUF\ is grounded because net 'u_LOGIC_CENTER/CENTER1/TOTAL_DTCTL/u_DPLC/FE_OFN407_n1011:74' could not be found (PARA-162)
Warning: Coupling capacitor (N_208__IOBUF:4 u_LOGIC_CENTER/CENTER1/TOTAL_DTCTL/u_DPLC/FE_OFN407_n1011:74 2.6244e-05) on net N_208__IOBUF\ is grounded because net 'u_LOGIC_CENTER/CENTER1/TOTAL_DTCTL/u_DPLC/FE_OFN407_n1011:74' could not be found (PARA-162)
Warning: Coupling capacitor (N_208__IOBUF:10 u_LOGIC_CENTER/CENTER1/TOTAL_DTCTL/u_DPLC/FE_OFN407_n1011:14 5.24e-06) on net N_208__IOBUF\ is grounded because net 'u_LOGIC_CENTER/CENTER1/TOTAL_DTCTL/u_DPLC/FE_OFN407_n1011:14' could not be found (PARA-162)
Warning: Invalid coupling capacitor (N_208__IOBUF:11 u_LOGIC_CENTER/CENTER1/TOTAL_DTCTL/u_DPLC/U423:A2 3.4006e-05) on net N_208__IOBUF: node 'u_LOGIC_CENTER/CENTER1/TOTAL_DTCTL/u_DPLC/U423:A2' could not be found (PARA-043)
Warning: Coupling capacitor (N_208__IOBUF:11 u_LOGIC_CENTER/CENTER1/TOTAL_DTCTL/u_DPLC/FE_OFN407_n1011:13 0.000215437) on net N_208__IOBUF\ is grounded because net 'u_LOGIC_CENTER/CENTER1/TOTAL_DTCTL/u_DPLC/FE_OFN407_n1011:13' could not be found (PARA-162)
Warning: Coupling capacitor (N_208__IOBUF:11 u_LOGIC_CENTER/CENTER1/TOTAL_DTCTL/u_DPLC/FE_OFN407_n1011:14 1.0215e-05) on net N_208__IOBUF\ is grounded because net 'u_LOGIC_CENTER/CENTER1/TOTAL_DTCTL/u_DPLC/FE_OFN407_n1011:14' could not be found (PARA-162)
Warning: Coupling capacitor (N_208__IOBUF:11 u_LOGIC_CENTER/CENTER1/TOTAL_DTCTL/u_DPLC/FE_OFN407_n1011:37 0.00018106) on net N_208__IOBUF\ is grounded because net 'u_LOGIC_CENTER/CENTER1/TOTAL_DTCTL/u_DPLC/FE_OFN407_n1011:37' could not be found (PARA-162)
Warning: Coupling capacitor (N_208__IOBUF:13 u_LOGIC_CENTER/CENTER1/TOTAL_DTCTL/u_DPLC/FE_OFN407_n1011:9 2.3384e-05) on net N_208__IOBUF\ is grounded because net 'u_LOGIC_CENTER/CENTER1/TOTAL_DTCTL/u_DPLC/FE_OFN407_n1011:9' could not be found (PARA-162)
Warning: Coupling capacitor (N_208__IOBUF:13 u_LOGIC_CENTER/CENTER1/TOTAL_DTCTL/u_DPLC/FE_OFN407_n1011:35 2.11e-06) on net N_208__IOBUF\ is grounded because net 'u_LOGIC_CENTER/CENTER1/TOTAL_DTCTL/u_DPLC/FE_OFN407_n1011:35' could not be found (PARA-162)
Warning: Coupling capacitor (N_208__IOBUF:13 u_LOGIC_CENTER/CENTER1/TOTAL_DTCTL/u_DPLC/FE_OFN407_n1011:64 0.0010405) on net N_208__IOBUF\ is grounded because net 'u_LOGIC_CENTER/CENTER1/TOTAL_DTCTL/u_DPLC/FE_OFN407_n1011:64' could not be found (PARA-162)
Warning: Coupling capacitor (N_208__IOBUF:13 u_LOGIC_CENTER/CENTER1/TOTAL_DTCTL/u_DPLC/FE_OFN407_n1011:73 2.0545e-05) on net N_208__IOBUF\ is grounded because net 'u_LOGIC_CENTER/CENTER1/TOTAL_DTCTL/u_DPLC/FE_OFN407_n1011:73' could not be found (PARA-162)
Warning: Coupling capacitor (N_208__IOBUF:13 u_LOGIC_CENTER/CENTER1/TOTAL_DTCTL/u_DPLC/FE_OFN407_n1011:74 5.607e-05) on net N_208__IOBUF\ is grounded because net 'u_LOGIC_CENTER/CENTER1/TOTAL_DTCTL/u_DPLC/FE_OFN407_n1011:74' could not be found (PARA-162)
Warning: Coupling capacitor (N_208__IOBUF:13 u_LOGIC_CENTER/CENTER1/TOTAL_DTCTL/u_DPLC/FE_OFN407_n1011:78 1.037e-05) on net N_208__IOBUF\ is grounded because net 'u_LOGIC_CENTER/CENTER1/TOTAL_DTCTL/u_DPLC/FE_OFN407_n1011:78' could not be found (PARA-162)
Warning: Coupling capacitor (N_208__IOBUF:2 u_LOGIC_CENTER/CENTER1/TOTAL_DTCTL/u_DPLC/FE_OFN406_n997:4 1.4237e-05) on net N_208__IOBUF\ is grounded because net 'u_LOGIC_CENTER/CENTER1/TOTAL_DTCTL/u_DPLC/FE_OFN406_n997:4' could not be found (PARA-162)
Warning: Coupling capacitor (N_208__IOBUF:5 u_LOGIC_CENTER/CENTER1/TOTAL_DTCTL/u_DPLC/FE_OFN406_n997:9 1.2831e-05) on net N_208__IOBUF\ is grounded because net 'u_LOGIC_CENTER/CENTER1/TOTAL_DTCTL/u_DPLC/FE_OFN406_n997:9' could not be found (PARA-162)
Warning: Coupling capacitor (N_208__IOBUF:6 u_LOGIC_CENTER/CENTER1/TOTAL_DTCTL/u_DPLC/FE_OFN406_n997:59 2.3453e-05) on net N_208__IOBUF\ is grounded because net 'u_LOGIC_CENTER/CENTER1/TOTAL_DTCTL/u_DPLC/FE_OFN406_n997:59' could not be found (PARA-162)
Warning: Coupling capacitor (N_208__IOBUF:7 u_LOGIC_CENTER/CENTER1/TOTAL_DTCTL/u_DPLC/FE_OFN406_n997:1 2.6331e-05) on net N_208__IOBUF\ is grounded because net 'u_LOGIC_CENTER/CENTER1/TOTAL_DTCTL/u_DPLC/FE_OFN406_n997:1' could not be found (PARA-162)
Warning: Coupling capacitor (N_208__IOBUF:7 u_LOGIC_CENTER/CENTER1/TOTAL_DTCTL/u_DPLC/FE_OFN406_n997:59 0.000581077) on net N_208__IOBUF\ is grounded because net 'u_LOGIC_CENTER/CENTER1/TOTAL_DTCTL/u_DPLC/FE_OFN406_n997:59' could not be found (PARA-162)
Warning: Coupling capacitor (N_208__IOBUF:13 u_LOGIC_CENTER/CENTER1/TOTAL_DTCTL/u_DPLC/FE_OFN406_n997:4 2.3351e-05) on net N_208__IOBUF\ is grounded because net 'u_LOGIC_CENTER/CENTER1/TOTAL_DTCTL/u_DPLC/FE_OFN406_n997:4' could not be found (PARA-162)
Warning: Coupling capacitor (N_208__IOBUF:14 u_LOGIC_CENTER/CENTER1/TOTAL_DTCTL/u_DPLC/FE_OFN406_n997:59 0.000450004) on net N_208__IOBUF\ is grounded because net 'u_LOGIC_CENTER/CENTER1/TOTAL_DTCTL/u_DPLC/FE_OFN406_n997:59' could not be found (PARA-162)
Warning: Coupling capacitor (N_208__IOBUF:15 u_LOGIC_CENTER/CENTER1/TOTAL_DTCTL/u_DPLC/FE_OFN406_n997:4 4.5615e-05) on net N_208__IOBUF\ is grounded because net 'u_LOGIC_CENTER/CENTER1/TOTAL_DTCTL/u_DPLC/FE_OFN406_n997:4' could not be found (PARA-162)
Warning: Invalid coupling capacitor (N_208__IOBUF:3 u_LOGIC_CENTER/CENTER1/TOTAL_DTCTL/u_DPLC/U70:I 1.6596e-05) on net N_208__IOBUF: node 'u_LOGIC_CENTER/CENTER1/TOTAL_DTCTL/u_DPLC/U70:I' could not be found (PARA-043)
Warning: Coupling capacitor (N_208__IOBUF:3 u_LOGIC_CENTER/CENTER1/TOTAL_DTCTL/u_DPLC/n52:3 4.555e-06) on net N_208__IOBUF\ is grounded because net 'u_LOGIC_CENTER/CENTER1/TOTAL_DTCTL/u_DPLC/n52:3' could not be found (PARA-162)
Warning: Invalid coupling capacitor (N_208__IOBUF:4 u_LOGIC_CENTER/CENTER1/TOTAL_DTCTL/u_DPLC/U70:I 7.366e-06) on net N_208__IOBUF: node 'u_LOGIC_CENTER/CENTER1/TOTAL_DTCTL/u_DPLC/U70:I' could not be found (PARA-043)
Warning: Coupling capacitor (N_208__IOBUF:4 u_LOGIC_CENTER/CENTER1/TOTAL_DTCTL/u_DPLC/n52:3 1.0067e-05) on net N_208__IOBUF\ is grounded because net 'u_LOGIC_CENTER/CENTER1/TOTAL_DTCTL/u_DPLC/n52:3' could not be found (PARA-162)
Warning: Invalid coupling capacitor (N_208__IOBUF:13 u_LOGIC_CENTER/CENTER1/TOTAL_DTCTL/u_DPLC/U70:I 1.285e-06) on net N_208__IOBUF: node 'u_LOGIC_CENTER/CENTER1/TOTAL_DTCTL/u_DPLC/U70:I' could not be found (PARA-043)
Warning: Coupling capacitor (N_208__IOBUF:13 u_LOGIC_CENTER/CENTER1/TOTAL_DTCTL/u_DPLC/n52:3 8.89e-06) on net N_208__IOBUF\ is grounded because net 'u_LOGIC_CENTER/CENTER1/TOTAL_DTCTL/u_DPLC/n52:3' could not be found (PARA-162)
Warning: Coupling capacitor (N_208__IOBUF:13 u_LOGIC_CENTER/CENTER1/TOTAL_DTCTL/u_DPLC/n52:6 2.7e-06) on net N_208__IOBUF\ is grounded because net 'u_LOGIC_CENTER/CENTER1/TOTAL_DTCTL/u_DPLC/n52:6' could not be found (PARA-162)
Warning: Coupling capacitor (N_208__IOBUF:13 u_LOGIC_CENTER/CENTER1/TOTAL_DTCTL/u_DPLC/n52:7 0.000622665) on net N_208__IOBUF\ is grounded because net 'u_LOGIC_CENTER/CENTER1/TOTAL_DTCTL/u_DPLC/n52:7' could not be found (PARA-162)
Warning: Coupling capacitor (N_208__IOBUF:13 u_LOGIC_CENTER/CENTER1/TOTAL_DTCTL/u_DPLC/n52:8 0.000233672) on net N_208__IOBUF\ is grounded because net 'u_LOGIC_CENTER/CENTER1/TOTAL_DTCTL/u_DPLC/n52:8' could not be found (PARA-162)
Warning: Coupling capacitor (N_208__IOBUF:13 u_LOGIC_CENTER/CENTER1/TOTAL_DTCTL/u_DPLC/n52:9 5.2676e-05) on net N_208__IOBUF\ is grounded because net 'u_LOGIC_CENTER/CENTER1/TOTAL_DTCTL/u_DPLC/n52:9' could not be found (PARA-162)
Warning: Invalid coupling capacitor (N_208__IOBUF:13 u_LOGIC_CENTER/CENTER1/TOTAL_DTCTL/u_DPLC/U77:O 1.5088e-05) on net N_208__IOBUF: node 'u_LOGIC_CENTER/CENTER1/TOTAL_DTCTL/u_DPLC/U77:O' could not be found (PARA-043)
Warning: Coupling capacitor (N_208__IOBUF:13 u_LOGIC_CENTER/CENTER1/TOTAL_DTCTL/u_DPLC/n61:3 4e-08) on net N_208__IOBUF\ is grounded because net 'u_LOGIC_CENTER/CENTER1/TOTAL_DTCTL/u_DPLC/n61:3' could not be found (PARA-162)
Warning: Coupling capacitor (N_208__IOBUF:13 u_LOGIC_CENTER/CENTER1/TOTAL_DTCTL/u_DPLC/n61:4 0.000604912) on net N_208__IOBUF\ is grounded because net 'u_LOGIC_CENTER/CENTER1/TOTAL_DTCTL/u_DPLC/n61:4' could not be found (PARA-162)
Warning: Coupling capacitor (N_208__IOBUF:13 u_LOGIC_CENTER/CENTER1/TOTAL_DTCTL/u_DPLC/n61:12 4.3255e-05) on net N_208__IOBUF\ is grounded because net 'u_LOGIC_CENTER/CENTER1/TOTAL_DTCTL/u_DPLC/n61:12' could not be found (PARA-162)
Warning: Coupling capacitor (N_208__IOBUF:13 u_LOGIC_CENTER/CENTER1/TOTAL_DTCTL/u_DPLC/n61:13 0.000187734) on net N_208__IOBUF\ is grounded because net 'u_LOGIC_CENTER/CENTER1/TOTAL_DTCTL/u_DPLC/n61:13' could not be found (PARA-162)
Warning: Invalid coupling capacitor (N_208__IOBUF:5 u_LOGIC_CENTER/CENTER1/TOTAL_DTCTL/u_DPLC/U1030:A1 0.000239923) on net N_208__IOBUF: node 'u_LOGIC_CENTER/CENTER1/TOTAL_DTCTL/u_DPLC/U1030:A1' could not be found (PARA-043)
Warning: Coupling capacitor (N_208__IOBUF:5 u_LOGIC_CENTER/CENTER1/TOTAL_DTCTL/u_DPLC/n63:3 4.3606e-05) on net N_208__IOBUF\ is grounded because net 'u_LOGIC_CENTER/CENTER1/TOTAL_DTCTL/u_DPLC/n63:3' could not be found (PARA-162)
Warning: Coupling capacitor (N_208__IOBUF:5 u_LOGIC_CENTER/CENTER1/TOTAL_DTCTL/u_DPLC/n63:28 8.68e-07) on net N_208__IOBUF\ is grounded because net 'u_LOGIC_CENTER/CENTER1/TOTAL_DTCTL/u_DPLC/n63:28' could not be found (PARA-162)
Warning: Invalid coupling capacitor (N_208__IOBUF:11 u_LOGIC_CENTER/CENTER1/TOTAL_DTCTL/u_DPLC/U1030:A1 0.000127035) on net N_208__IOBUF: node 'u_LOGIC_CENTER/CENTER1/TOTAL_DTCTL/u_DPLC/U1030:A1' could not be found (PARA-043)
Warning: Coupling capacitor (N_208__IOBUF:11 u_LOGIC_CENTER/CENTER1/TOTAL_DTCTL/u_DPLC/n63:28 0.000104784) on net N_208__IOBUF\ is grounded because net 'u_LOGIC_CENTER/CENTER1/TOTAL_DTCTL/u_DPLC/n63:28' could not be found (PARA-162)
Warning: Coupling capacitor (N_208__IOBUF:12 u_LOGIC_CENTER/CENTER1/TOTAL_DTCTL/u_DPLC/n63:3 1.5456e-05) on net N_208__IOBUF\ is grounded because net 'u_LOGIC_CENTER/CENTER1/TOTAL_DTCTL/u_DPLC/n63:3' could not be found (PARA-162)
Warning: Coupling capacitor (N_208__IOBUF:12 u_LOGIC_CENTER/CENTER1/TOTAL_DTCTL/u_DPLC/n63:14 2.4888e-05) on net N_208__IOBUF\ is grounded because net 'u_LOGIC_CENTER/CENTER1/TOTAL_DTCTL/u_DPLC/n63:14' could not be found (PARA-162)
Warning: Coupling capacitor (N_208__IOBUF:12 u_LOGIC_CENTER/CENTER1/TOTAL_DTCTL/u_DPLC/n63:28 1.0039e-05) on net N_208__IOBUF\ is grounded because net 'u_LOGIC_CENTER/CENTER1/TOTAL_DTCTL/u_DPLC/n63:28' could not be found (PARA-162)
Warning: Coupling capacitor (N_208__IOBUF:3 u_LOGIC_CENTER/CENTER1/TOTAL_DTCTL/u_DPLC/n1040:14 1.5212e-05) on net N_208__IOBUF\ is grounded because net 'u_LOGIC_CENTER/CENTER1/TOTAL_DTCTL/u_DPLC/n1040:14' could not be found (PARA-162)
Warning: Coupling capacitor (N_208__IOBUF:3 u_LOGIC_CENTER/CENTER1/TOTAL_DTCTL/u_DPLC/n1040:90 4.244e-06) on net N_208__IOBUF\ is grounded because net 'u_LOGIC_CENTER/CENTER1/TOTAL_DTCTL/u_DPLC/n1040:90' could not be found (PARA-162)
Warning: Coupling capacitor (N_208__IOBUF:4 u_LOGIC_CENTER/CENTER1/TOTAL_DTCTL/u_DPLC/n1040:14 4.727e-06) on net N_208__IOBUF\ is grounded because net 'u_LOGIC_CENTER/CENTER1/TOTAL_DTCTL/u_DPLC/n1040:14' could not be found (PARA-162)
Warning: Coupling capacitor (N_208__IOBUF:4 u_LOGIC_CENTER/CENTER1/TOTAL_DTCTL/u_DPLC/n1040:90 2.1237e-05) on net N_208__IOBUF\ is grounded because net 'u_LOGIC_CENTER/CENTER1/TOTAL_DTCTL/u_DPLC/n1040:90' could not be found (PARA-162)
Warning: Coupling capacitor (N_208__IOBUF:4 u_LOGIC_CENTER/CENTER1/TOTAL_DTCTL/u_DPLC/n1040:91 1.1273e-05) on net N_208__IOBUF\ is grounded because net 'u_LOGIC_CENTER/CENTER1/TOTAL_DTCTL/u_DPLC/n1040:91' could not be found (PARA-162)
Warning: Coupling capacitor (N_208__IOBUF:9 u_LOGIC_CENTER/CENTER1/TOTAL_DTCTL/u_DPLC/n1040:59 1.3802e-05) on net N_208__IOBUF\ is grounded because net 'u_LOGIC_CENTER/CENTER1/TOTAL_DTCTL/u_DPLC/n1040:59' could not be found (PARA-162)
Warning: Coupling capacitor (N_208__IOBUF:9 u_LOGIC_CENTER/CENTER1/TOTAL_DTCTL/u_DPLC/n1040:60 2.429e-05) on net N_208__IOBUF\ is grounded because net 'u_LOGIC_CENTER/CENTER1/TOTAL_DTCTL/u_DPLC/n1040:60' could not be found (PARA-162)
Warning: Coupling capacitor (N_208__IOBUF:9 u_LOGIC_CENTER/CENTER1/TOTAL_DTCTL/u_DPLC/n1040:62 5.762e-06) on net N_208__IOBUF\ is grounded because net 'u_LOGIC_CENTER/CENTER1/TOTAL_DTCTL/u_DPLC/n1040:62' could not be found (PARA-162)
Warning: Coupling capacitor (N_208__IOBUF:9 u_LOGIC_CENTER/CENTER1/TOTAL_DTCTL/u_DPLC/n1040:97 5.59e-07) on net N_208__IOBUF\ is grounded because net 'u_LOGIC_CENTER/CENTER1/TOTAL_DTCTL/u_DPLC/n1040:97' could not be found (PARA-162)
Warning: Coupling capacitor (N_208__IOBUF:10 u_LOGIC_CENTER/CENTER1/TOTAL_DTCTL/u_DPLC/n1040:60 2.0977e-05) on net N_208__IOBUF\ is grounded because net 'u_LOGIC_CENTER/CENTER1/TOTAL_DTCTL/u_DPLC/n1040:60' could not be found (PARA-162)
Warning: Coupling capacitor (N_208__IOBUF:10 u_LOGIC_CENTER/CENTER1/TOTAL_DTCTL/u_DPLC/n1040:62 1.8636e-05) on net N_208__IOBUF\ is grounded because net 'u_LOGIC_CENTER/CENTER1/TOTAL_DTCTL/u_DPLC/n1040:62' could not be found (PARA-162)
Warning: Coupling capacitor (N_208__IOBUF:11 u_LOGIC_CENTER/CENTER1/TOTAL_DTCTL/u_DPLC/n1040:60 1.2803e-05) on net N_208__IOBUF\ is grounded because net 'u_LOGIC_CENTER/CENTER1/TOTAL_DTCTL/u_DPLC/n1040:60' could not be found (PARA-162)
Warning: Coupling capacitor (N_208__IOBUF:11 u_LOGIC_CENTER/CENTER1/TOTAL_DTCTL/u_DPLC/n1040:61 8.4565e-05) on net N_208__IOBUF\ is grounded because net 'u_LOGIC_CENTER/CENTER1/TOTAL_DTCTL/u_DPLC/n1040:61' could not be found (PARA-162)
Warning: Coupling capacitor (N_208__IOBUF:11 u_LOGIC_CENTER/CENTER1/TOTAL_DTCTL/u_DPLC/n1040:62 0.000174357) on net N_208__IOBUF\ is grounded because net 'u_LOGIC_CENTER/CENTER1/TOTAL_DTCTL/u_DPLC/n1040:62' could not be found (PARA-162)
Warning: Coupling capacitor (N_208__IOBUF:11 u_LOGIC_CENTER/CENTER1/TOTAL_DTCTL/u_DPLC/n1040:97 4.359e-06) on net N_208__IOBUF\ is grounded because net 'u_LOGIC_CENTER/CENTER1/TOTAL_DTCTL/u_DPLC/n1040:97' could not be found (PARA-162)
Warning: Coupling capacitor (N_208__IOBUF:13 u_LOGIC_CENTER/CENTER1/TOTAL_DTCTL/u_DPLC/n1040:13 3.0747e-05) on net N_208__IOBUF\ is grounded because net 'u_LOGIC_CENTER/CENTER1/TOTAL_DTCTL/u_DPLC/n1040:13' could not be found (PARA-162)
Warning: Coupling capacitor (N_208__IOBUF:5 u_LOGIC_CENTER/CENTER1/TOTAL_DTCTL/u_DPLC/DPLC_DATA4_PRE1[5]:11 0.000187626) on net N_208__IOBUF\ is grounded because net 'u_LOGIC_CENTER/CENTER1/TOTAL_DTCTL/u_DPLC/DPLC_DATA4_PRE1[5]:11' could not be found (PARA-162)
Warning: Coupling capacitor (N_208__IOBUF:9 u_LOGIC_CENTER/CENTER1/TOTAL_DTCTL/u_DPLC/DPLC_DATA4_PRE1[5]:32 1.1534e-05) on net N_208__IOBUF\ is grounded because net 'u_LOGIC_CENTER/CENTER1/TOTAL_DTCTL/u_DPLC/DPLC_DATA4_PRE1[5]:32' could not be found (PARA-162)
Warning: Coupling capacitor (N_208__IOBUF:10 u_LOGIC_CENTER/CENTER1/TOTAL_DTCTL/u_DPLC/DPLC_DATA4_PRE1[5]:3 7.283e-06) on net N_208__IOBUF\ is grounded because net 'u_LOGIC_CENTER/CENTER1/TOTAL_DTCTL/u_DPLC/DPLC_DATA4_PRE1[5]:3' could not be found (PARA-162)
Warning: Coupling capacitor (N_208__IOBUF:10 u_LOGIC_CENTER/CENTER1/TOTAL_DTCTL/u_DPLC/DPLC_DATA4_PRE1[5]:32 1.1858e-05) on net N_208__IOBUF\ is grounded because net 'u_LOGIC_CENTER/CENTER1/TOTAL_DTCTL/u_DPLC/DPLC_DATA4_PRE1[5]:32' could not be found (PARA-162)
Warning: Coupling capacitor (N_208__IOBUF:11 u_LOGIC_CENTER/CENTER1/TOTAL_DTCTL/u_DPLC/DPLC_DATA4_PRE1[5]:3 0.000136141) on net N_208__IOBUF\ is grounded because net 'u_LOGIC_CENTER/CENTER1/TOTAL_DTCTL/u_DPLC/DPLC_DATA4_PRE1[5]:3' could not be found (PARA-162)
Warning: Coupling capacitor (N_208__IOBUF:11 u_LOGIC_CENTER/CENTER1/TOTAL_DTCTL/u_DPLC/DPLC_DATA4_PRE1[5]:11 0.000189198) on net N_208__IOBUF\ is grounded because net 'u_LOGIC_CENTER/CENTER1/TOTAL_DTCTL/u_DPLC/DPLC_DATA4_PRE1[5]:11' could not be found (PARA-162)
Warning: Coupling capacitor (N_208__IOBUF:11 u_LOGIC_CENTER/CENTER1/TOTAL_DTCTL/u_DPLC/DPLC_DATA4_PRE1[5]:12 9.861e-06) on net N_208__IOBUF\ is grounded because net 'u_LOGIC_CENTER/CENTER1/TOTAL_DTCTL/u_DPLC/DPLC_DATA4_PRE1[5]:12' could not be found (PARA-162)
Warning: Coupling capacitor (N_208__IOBUF:11 u_LOGIC_CENTER/CENTER1/TOTAL_DTCTL/u_DPLC/DPLC_DATA4_PRE1[5]:25 9.37e-07) on net N_208__IOBUF\ is grounded because net 'u_LOGIC_CENTER/CENTER1/TOTAL_DTCTL/u_DPLC/DPLC_DATA4_PRE1[5]:25' could not be found (PARA-162)
Warning: Coupling capacitor (N_208__IOBUF:11 u_LOGIC_CENTER/CENTER1/TOTAL_DTCTL/u_DPLC/DPLC_DATA4_PRE1[5]:32 1.612e-06) on net N_208__IOBUF\ is grounded because net 'u_LOGIC_CENTER/CENTER1/TOTAL_DTCTL/u_DPLC/DPLC_DATA4_PRE1[5]:32' could not be found (PARA-162)
Warning: Coupling capacitor (N_208__IOBUF:3 u_LOGIC_CENTER/CENTER1/TOTAL_DTCTL/u_DPLC/DPLC_DATA5_PRE1[5]:3 1.1421e-05) on net N_208__IOBUF\ is grounded because net 'u_LOGIC_CENTER/CENTER1/TOTAL_DTCTL/u_DPLC/DPLC_DATA5_PRE1[5]:3' could not be found (PARA-162)
Warning: Coupling capacitor (N_208__IOBUF:3 u_LOGIC_CENTER/CENTER1/TOTAL_DTCTL/u_DPLC/DPLC_DATA5_PRE1[5]:4 0.000105935) on net N_208__IOBUF\ is grounded because net 'u_LOGIC_CENTER/CENTER1/TOTAL_DTCTL/u_DPLC/DPLC_DATA5_PRE1[5]:4' could not be found (PARA-162)
Warning: Coupling capacitor (N_208__IOBUF:3 u_LOGIC_CENTER/CENTER1/TOTAL_DTCTL/u_DPLC/DPLC_DATA5_PRE1[5]:18 1.481e-06) on net N_208__IOBUF\ is grounded because net 'u_LOGIC_CENTER/CENTER1/TOTAL_DTCTL/u_DPLC/DPLC_DATA5_PRE1[5]:18' could not be found (PARA-162)
Warning: Coupling capacitor (N_208__IOBUF:4 u_LOGIC_CENTER/CENTER1/TOTAL_DTCTL/u_DPLC/DPLC_DATA5_PRE1[5]:3 0.00012085) on net N_208__IOBUF\ is grounded because net 'u_LOGIC_CENTER/CENTER1/TOTAL_DTCTL/u_DPLC/DPLC_DATA5_PRE1[5]:3' could not be found (PARA-162)
Warning: Coupling capacitor (N_208__IOBUF:4 u_LOGIC_CENTER/CENTER1/TOTAL_DTCTL/u_DPLC/DPLC_DATA5_PRE1[5]:4 0.000235265) on net N_208__IOBUF\ is grounded because net 'u_LOGIC_CENTER/CENTER1/TOTAL_DTCTL/u_DPLC/DPLC_DATA5_PRE1[5]:4' could not be found (PARA-162)
Warning: Coupling capacitor (N_208__IOBUF:4 u_LOGIC_CENTER/CENTER1/TOTAL_DTCTL/u_DPLC/DPLC_DATA5_PRE1[5]:18 2.776e-06) on net N_208__IOBUF\ is grounded because net 'u_LOGIC_CENTER/CENTER1/TOTAL_DTCTL/u_DPLC/DPLC_DATA5_PRE1[5]:18' could not be found (PARA-162)
Warning: Coupling capacitor (N_208__IOBUF:4 u_LOGIC_CENTER/CENTER1/TOTAL_DTCTL/u_DPLC/DPLC_DATA5_PRE1[5]:19 1.309e-06) on net N_208__IOBUF\ is grounded because net 'u_LOGIC_CENTER/CENTER1/TOTAL_DTCTL/u_DPLC/DPLC_DATA5_PRE1[5]:19' could not be found (PARA-162)
Warning: Coupling capacitor (N_208__IOBUF:9 u_LOGIC_CENTER/CENTER1/TOTAL_DTCTL/u_DPLC/DPLC_DATA5_PRE1[5]:4 2.4475e-05) on net N_208__IOBUF\ is grounded because net 'u_LOGIC_CENTER/CENTER1/TOTAL_DTCTL/u_DPLC/DPLC_DATA5_PRE1[5]:4' could not be found (PARA-162)
Warning: Coupling capacitor (N_208__IOBUF:9 u_LOGIC_CENTER/CENTER1/TOTAL_DTCTL/u_DPLC/DPLC_DATA5_PRE1[5]:6 3.7398e-05) on net N_208__IOBUF\ is grounded because net 'u_LOGIC_CENTER/CENTER1/TOTAL_DTCTL/u_DPLC/DPLC_DATA5_PRE1[5]:6' could not be found (PARA-162)
Warning: Coupling capacitor (N_208__IOBUF:9 u_LOGIC_CENTER/CENTER1/TOTAL_DTCTL/u_DPLC/DPLC_DATA5_PRE1[5]:7 3.497e-05) on net N_208__IOBUF\ is grounded because net 'u_LOGIC_CENTER/CENTER1/TOTAL_DTCTL/u_DPLC/DPLC_DATA5_PRE1[5]:7' could not be found (PARA-162)
Warning: Coupling capacitor (N_208__IOBUF:9 u_LOGIC_CENTER/CENTER1/TOTAL_DTCTL/u_DPLC/DPLC_DATA5_PRE1[5]:24 2.3593e-05) on net N_208__IOBUF\ is grounded because net 'u_LOGIC_CENTER/CENTER1/TOTAL_DTCTL/u_DPLC/DPLC_DATA5_PRE1[5]:24' could not be found (PARA-162)
Warning: Coupling capacitor (N_208__IOBUF:9 u_LOGIC_CENTER/CENTER1/TOTAL_DTCTL/u_DPLC/DPLC_DATA5_PRE1[5]:25 1.2638e-05) on net N_208__IOBUF\ is grounded because net 'u_LOGIC_CENTER/CENTER1/TOTAL_DTCTL/u_DPLC/DPLC_DATA5_PRE1[5]:25' could not be found (PARA-162)
Warning: Invalid coupling capacitor (N_208__IOBUF:10 u_LOGIC_CENTER/CENTER1/TOTAL_DTCTL/u_DPLC/U984:A2 1.448e-05) on net N_208__IOBUF: node 'u_LOGIC_CENTER/CENTER1/TOTAL_DTCTL/u_DPLC/U984:A2' could not be found (PARA-043)
Warning: Coupling capacitor (N_208__IOBUF:10 u_LOGIC_CENTER/CENTER1/TOTAL_DTCTL/u_DPLC/DPLC_DATA5_PRE1[5]:4 9.171e-06) on net N_208__IOBUF\ is grounded because net 'u_LOGIC_CENTER/CENTER1/TOTAL_DTCTL/u_DPLC/DPLC_DATA5_PRE1[5]:4' could not be found (PARA-162)
Warning: Coupling capacitor (N_208__IOBUF:10 u_LOGIC_CENTER/CENTER1/TOTAL_DTCTL/u_DPLC/DPLC_DATA5_PRE1[5]:6 4.565e-06) on net N_208__IOBUF\ is grounded because net 'u_LOGIC_CENTER/CENTER1/TOTAL_DTCTL/u_DPLC/DPLC_DATA5_PRE1[5]:6' could not be found (PARA-162)
Warning: Coupling capacitor (N_208__IOBUF:10 u_LOGIC_CENTER/CENTER1/TOTAL_DTCTL/u_DPLC/DPLC_DATA5_PRE1[5]:7 3.8293e-05) on net N_208__IOBUF\ is grounded because net 'u_LOGIC_CENTER/CENTER1/TOTAL_DTCTL/u_DPLC/DPLC_DATA5_PRE1[5]:7' could not be found (PARA-162)
Warning: Coupling capacitor (N_208__IOBUF:10 u_LOGIC_CENTER/CENTER1/TOTAL_DTCTL/u_DPLC/DPLC_DATA5_PRE1[5]:24 8.7946e-05) on net N_208__IOBUF\ is grounded because net 'u_LOGIC_CENTER/CENTER1/TOTAL_DTCTL/u_DPLC/DPLC_DATA5_PRE1[5]:24' could not be found (PARA-162)
Warning: Coupling capacitor (N_208__IOBUF:10 u_LOGIC_CENTER/CENTER1/TOTAL_DTCTL/u_DPLC/DPLC_DATA5_PRE1[5]:33 3.8e-08) on net N_208__IOBUF\ is grounded because net 'u_LOGIC_CENTER/CENTER1/TOTAL_DTCTL/u_DPLC/DPLC_DATA5_PRE1[5]:33' could not be found (PARA-162)
Warning: Coupling capacitor (N_208__IOBUF:6 u_LOGIC_CENTER/CENTER1/TOTAL_DTCTL/u_DPLC/DPLC_DATA5_PRE1[4]:4 2.4779e-05) on net N_208__IOBUF\ is grounded because net 'u_LOGIC_CENTER/CENTER1/TOTAL_DTCTL/u_DPLC/DPLC_DATA5_PRE1[4]:4' could not be found (PARA-162)
Warning: Coupling capacitor (N_208__IOBUF:7 u_LOGIC_CENTER/CENTER1/TOTAL_DTCTL/u_DPLC/DPLC_DATA5_PRE1[4]:4 0.000281346) on net N_208__IOBUF\ is grounded because net 'u_LOGIC_CENTER/CENTER1/TOTAL_DTCTL/u_DPLC/DPLC_DATA5_PRE1[4]:4' could not be found (PARA-162)
Note - message 'PARA-162' default limit (100) exceeded.  Remainder will be suppressed.
Warning: Invalid coupling capacitor (N_208__IOBUF:10 u_LOGIC_CENTER/CENTER1/TOTAL_DTCTL/u_DPLC/DPLC_DATA5_1P_reg_1_:Q 5.0662e-05) on net N_208__IOBUF: node 'u_LOGIC_CENTER/CENTER1/TOTAL_DTCTL/u_DPLC/DPLC_DATA5_1P_reg_1_:Q' could not be found (PARA-043)
Warning: Invalid coupling capacitor (N_208__IOBUF:11 u_LOGIC_CENTER/CENTER1/TOTAL_DTCTL/u_DPLC/U1030:B1 2.5413e-05) on net N_208__IOBUF: node 'u_LOGIC_CENTER/CENTER1/TOTAL_DTCTL/u_DPLC/U1030:B1' could not be found (PARA-043)
Error: Invalid resistor (u_LOGIC_CENTER/CENTER1/TOTAL_DTCTL/U96:O 8.705) on net N_208__IOBUF: node not found (PARA-044)
Error: Invalid resistor (POSTROUTE_FE_Mar20C41_N_208__IOBUF:I 4.2) on net N_208__IOBUF: node not found (PARA-044)
Warning: Invalid coupling capacitor (u_LOGIC_CENTER/CENTER1/TOTAL_DTCTL/U110:O u_LOGIC_CENTER/CENTER1/TOTAL_DTCTL/DPLC_DBR2[7]:3 0.000243296) on net N_192__IOBUF: node 'u_LOGIC_CENTER/CENTER1/TOTAL_DTCTL/U110:O' could not be found (PARA-043)
Warning: Invalid coupling capacitor (N_192__IOBUF:12 u_LOGIC_CENTER/CENTER1/TOTAL_DTCTL/u_DPLC/DPLC_DATA0_PRE1_reg_2_:RB 3.056e-06) on net N_192__IOBUF: node 'u_LOGIC_CENTER/CENTER1/TOTAL_DTCTL/u_DPLC/DPLC_DATA0_PRE1_reg_2_:RB' could not be found (PARA-043)
Warning: Invalid coupling capacitor (N_192__IOBUF:13 u_LOGIC_CENTER/CENTER1/TOTAL_DTCTL/u_DPLC/DPLC_DATA0_PRE1_reg_2_:RB 6.557e-06) on net N_192__IOBUF: node 'u_LOGIC_CENTER/CENTER1/TOTAL_DTCTL/u_DPLC/DPLC_DATA0_PRE1_reg_2_:RB' could not be found (PARA-043)
Warning: Invalid coupling capacitor (N_192__IOBUF:2 u_LOGIC_CENTER/CENTER1/TOTAL_DTCTL/u_DPLC/U74:I 0.000215526) on net N_192__IOBUF: node 'u_LOGIC_CENTER/CENTER1/TOTAL_DTCTL/u_DPLC/U74:I' could not be found (PARA-043)
Warning: Invalid coupling capacitor (N_192__IOBUF:3 u_LOGIC_CENTER/CENTER1/TOTAL_DTCTL/u_DPLC/U74:I 0.00014833) on net N_192__IOBUF: node 'u_LOGIC_CENTER/CENTER1/TOTAL_DTCTL/u_DPLC/U74:I' could not be found (PARA-043)
Warning: Invalid coupling capacitor (N_192__IOBUF:12 u_LOGIC_CENTER/CENTER1/TOTAL_DTCTL/u_DPLC/DPLC_DATA0_PRE1_reg_2_:QB 0.000147834) on net N_192__IOBUF: node 'u_LOGIC_CENTER/CENTER1/TOTAL_DTCTL/u_DPLC/DPLC_DATA0_PRE1_reg_2_:QB' could not be found (PARA-043)
Warning: Invalid coupling capacitor (u_LOGIC_CENTER/CENTER1/TOTAL_DTCTL/U110:O u_LOGIC_CENTER/CENTER1/TOTAL_DTCTL/u_DPLC/DPLC_DATA1_PRE1[3]:3 3.0941e-05) on net N_192__IOBUF: node 'u_LOGIC_CENTER/CENTER1/TOTAL_DTCTL/U110:O' could not be found (PARA-043)
Warning: Invalid coupling capacitor (u_LOGIC_CENTER/CENTER1/TOTAL_DTCTL/U110:O u_LOGIC_CENTER/CENTER1/TOTAL_DTCTL/u_DPLC/DPLC_DATA1_PRE1[3]:30 0.000223656) on net N_192__IOBUF: node 'u_LOGIC_CENTER/CENTER1/TOTAL_DTCTL/U110:O' could not be found (PARA-043)
Warning: Invalid coupling capacitor (u_LOGIC_CENTER/CENTER1/TOTAL_DTCTL/U110:O u_LOGIC_CENTER/CENTER1/TOTAL_DTCTL/u_DPLC/DPLC_DATA4_PRE1[7]:29 0.000166799) on net N_192__IOBUF: node 'u_LOGIC_CENTER/CENTER1/TOTAL_DTCTL/U110:O' could not be found (PARA-043)
Warning: Invalid coupling capacitor (N_192__IOBUF:15 u_LOGIC_CENTER/CENTER1/TOTAL_DTCTL/u_DPLC/U425:A1 0.00027711) on net N_192__IOBUF: node 'u_LOGIC_CENTER/CENTER1/TOTAL_DTCTL/u_DPLC/U425:A1' could not be found (PARA-043)
Error: Invalid capacitor (u_LOGIC_CENTER/CENTER1/TOTAL_DTCTL/U110:O 0.000355556) on net N_192__IOBUF: node not found (PARA-044)
Error: Invalid capacitor (u_LOGIC_CENTER/ccopt_inst__ccd_inv_00173:I 8.6233e-05) on net u_LOGIC_CENTER/ccopt_net__45: node not found (PARA-044)
Error: Invalid capacitor (u_LOGIC_CENTER/ccopt_inst__ccl_inv_00175:O 5.1767e-05) on net u_LOGIC_CENTER/ccopt_net__45: node not found (PARA-044)
Warning: Invalid coupling capacitor (u_LOGIC_CENTER/ccopt_inst__ccl_a_inv_00150:O N_149__IOBUF:23 7.283e-06) on net u_LOGIC_CENTER/ccopt_net__14: node 'u_LOGIC_CENTER/ccopt_inst__ccl_a_inv_00150:O' could not be found (PARA-043)
Warning: Invalid coupling capacitor (u_LOGIC_CENTER/ccopt_inst__ccl_a_inv_00150:O N_145__IOBUF:12 1.7979e-05) on net u_LOGIC_CENTER/ccopt_net__14: node 'u_LOGIC_CENTER/ccopt_inst__ccl_a_inv_00150:O' could not be found (PARA-043)
Warning: Invalid coupling capacitor (u_LOGIC_CENTER/ccopt_net__14:18 u_LOGIC_CENTER/LINK_LOGIC/LC_CPUWR/U179:I2 4.249e-06) on net u_LOGIC_CENTER/ccopt_net__14: node 'u_LOGIC_CENTER/LINK_LOGIC/LC_CPUWR/U179:I2' could not be found (PARA-043)
Warning: Invalid coupling capacitor (u_LOGIC_CENTER/CENTER1/TOTAL_DTCTL/u_DPLC/U972:S u_LOGIC_CENTER/CENTER1/TOTAL_DTCTL/n_2_net_:19 4.94e-07) on net u_LOGIC_CENTER/ccopt_net__14: node 'u_LOGIC_CENTER/CENTER1/TOTAL_DTCTL/u_DPLC/U972:S' could not be found (PARA-043)
Warning: Invalid coupling capacitor (u_LOGIC_CENTER/CENTER1/TOTAL_DTCTL/u_DPLC/U972:S u_LOGIC_CENTER/CENTER1/TOTAL_DTCTL/n_2_net_:21 5.2583e-05) on net u_LOGIC_CENTER/ccopt_net__14: node 'u_LOGIC_CENTER/CENTER1/TOTAL_DTCTL/u_DPLC/U972:S' could not be found (PARA-043)
Warning: Invalid coupling capacitor (u_LOGIC_CENTER/ccopt_net__14:13 u_LOGIC_CENTER/CENTER1/TOTAL_DTCTL/u_DPLC/U972:I1 1.2077e-05) on net u_LOGIC_CENTER/ccopt_net__14: node 'u_LOGIC_CENTER/CENTER1/TOTAL_DTCTL/u_DPLC/U972:I1' could not be found (PARA-043)
Warning: Invalid coupling capacitor (u_LOGIC_CENTER/ccopt_net__14:15 u_LOGIC_CENTER/CENTER1/TOTAL_DTCTL/u_DPLC/U972:I1 5.1747e-05) on net u_LOGIC_CENTER/ccopt_net__14: node 'u_LOGIC_CENTER/CENTER1/TOTAL_DTCTL/u_DPLC/U972:I1' could not be found (PARA-043)
Error: Invalid capacitor (*5921 3.083e-06) on net u_LOGIC_CENTER/ccopt_net__14: node not found (PARA-044)
Error: Invalid capacitor (u_LOGIC_CENTER/ccopt_inst__ccl_a_inv_00150:O 0.000105391) on net u_LOGIC_CENTER/ccopt_net__14: node not found (PARA-044)
Error: Invalid capacitor (u_LOGIC_CENTER/CENTER1/TOTAL_DTCTL/u_DPLC/U972:S 6.312e-06) on net u_LOGIC_CENTER/ccopt_net__14: node not found (PARA-044)
Warning: Invalid coupling capacitor (u_LOGIC_CENTER/ccopt_net__1:18 u_LOGIC_CENTER/LINK_LOGIC/LC_CPUWR/U185:O 3.1453e-05) on net u_LOGIC_CENTER/ccopt_net__1: node 'u_LOGIC_CENTER/LINK_LOGIC/LC_CPUWR/U185:O' could not be found (PARA-043)
Warning: Invalid coupling capacitor (u_LOGIC_CENTER/ccopt_net__1:1 u_LOGIC_CENTER/LINK_LOGIC/LC_CPUWR/U154:O 9.797e-06) on net u_LOGIC_CENTER/ccopt_net__1: node 'u_LOGIC_CENTER/LINK_LOGIC/LC_CPUWR/U154:O' could not be found (PARA-043)
Warning: Invalid coupling capacitor (u_LOGIC_CENTER/ccopt_net__1:1 u_LOGIC_CENTER/LINK_LOGIC/LC_CPUWR/U156:A1 1.232e-06) on net u_LOGIC_CENTER/ccopt_net__1: node 'u_LOGIC_CENTER/LINK_LOGIC/LC_CPUWR/U156:A1' could not be found (PARA-043)
Warning: Invalid coupling capacitor (u_LOGIC_CENTER/ccopt_net__1:5 u_LOGIC_CENTER/LINK_LOGIC/LC_CPUWR/U156:A1 6.398e-06) on net u_LOGIC_CENTER/ccopt_net__1: node 'u_LOGIC_CENTER/LINK_LOGIC/LC_CPUWR/U156:A1' could not be found (PARA-043)
Error: Invalid capacitor (*5921 0.000444972) on net u_LOGIC_CENTER/ccopt_net__1: node not found (PARA-044)
Warning: Invalid coupling capacitor (u_LOGIC_CENTER/ccopt_net__9:28 u_LOGIC_CENTER/LINK_LOGIC/LC_CPUWR/U303:I1 8.299e-06) on net u_LOGIC_CENTER/ccopt_net__9: node 'u_LOGIC_CENTER/LINK_LOGIC/LC_CPUWR/U303:I1' could not be found (PARA-043)
Warning: Invalid coupling capacitor (u_LOGIC_CENTER/ccopt_net__9:28 u_LOGIC_CENTER/LINK_LOGIC/LC_CPUWR/U348:I1 1.66e-06) on net u_LOGIC_CENTER/ccopt_net__9: node 'u_LOGIC_CENTER/LINK_LOGIC/LC_CPUWR/U348:I1' could not be found (PARA-043)
Warning: Invalid coupling capacitor (u_LOGIC_CENTER/ccopt_net__9:44 u_LOGIC_CENTER/LINK_LOGIC/LC_CPUWR/U405:I1 1.7453e-05) on net u_LOGIC_CENTER/ccopt_net__9: node 'u_LOGIC_CENTER/LINK_LOGIC/LC_CPUWR/U405:I1' could not be found (PARA-043)
Warning: Invalid coupling capacitor (u_LOGIC_CENTER/ccopt_net__9:10 u_LOGIC_CENTER/CENTER1/ANCTL/U9:I1 1.2339e-05) on net u_LOGIC_CENTER/ccopt_net__9: node 'u_LOGIC_CENTER/CENTER1/ANCTL/U9:I1' could not be found (PARA-043)
Warning: Invalid coupling capacitor (u_LOGIC_CENTER/ccopt_net__9:11 u_LOGIC_CENTER/CENTER1/ANCTL/U9:I1 3.8752e-05) on net u_LOGIC_CENTER/ccopt_net__9: node 'u_LOGIC_CENTER/CENTER1/ANCTL/U9:I1' could not be found (PARA-043)
Warning: Invalid coupling capacitor (u_LOGIC_CENTER/ccopt_net__9:22 u_LOGIC_CENTER/CENTER1/ANCTL/U9:I1 2.4104e-05) on net u_LOGIC_CENTER/ccopt_net__9: node 'u_LOGIC_CENTER/CENTER1/ANCTL/U9:I1' could not be found (PARA-043)
Error: Invalid capacitor (u_LOGIC_CENTER/ccopt_inst__ccl_a_inv_00087:I 0.000393127) on net u_LOGIC_CENTER/ccopt_net__9: node not found (PARA-044)
Warning: Invalid coupling capacitor (*5405 N_164__IOBUF:117 7.56e-06) on net u_LOGIC_CENTER/LENB_POL: node '*5405' could not be found (PARA-043)
Warning: Invalid coupling capacitor (u_LOGIC_CENTER/LENB_POL:11 u_LOGIC_CENTER/LINK_LOGIC/LC_CPUWR/U58:I1 0.00015087) on net u_LOGIC_CENTER/LENB_POL: node 'u_LOGIC_CENTER/LINK_LOGIC/LC_CPUWR/U58:I1' could not be found (PARA-043)
Warning: Invalid coupling capacitor (u_LOGIC_CENTER/LENB_POL:12 u_LOGIC_CENTER/LINK_LOGIC/LC_CPUWR/U58:I1 0.000208597) on net u_LOGIC_CENTER/LENB_POL: node 'u_LOGIC_CENTER/LINK_LOGIC/LC_CPUWR/U58:I1' could not be found (PARA-043)
Warning: Invalid coupling capacitor (u_LOGIC_CENTER/LENB_POL:13 u_LOGIC_CENTER/LINK_LOGIC/LC_CPUWR/U58:I1 1.1071e-05) on net u_LOGIC_CENTER/LENB_POL: node 'u_LOGIC_CENTER/LINK_LOGIC/LC_CPUWR/U58:I1' could not be found (PARA-043)
Warning: Invalid coupling capacitor (*5405 u_LOGIC_CENTER/LINK_LOGIC/R_REG04[6]:17 1.3766e-05) on net u_LOGIC_CENTER/LENB_POL: node '*5405' could not be found (PARA-043)
Warning: Invalid coupling capacitor (*5405 u_LOGIC_CENTER/CENTER1/ANCTL/n36:5 0.000700122) on net u_LOGIC_CENTER/LENB_POL: node '*5405' could not be found (PARA-043)
Warning: Invalid coupling capacitor (*5405 u_LOGIC_CENTER/CENTER1/ANCTL/n36:26 0.000152323) on net u_LOGIC_CENTER/LENB_POL: node '*5405' could not be found (PARA-043)
Error: Invalid capacitor (*5405 0.00201362) on net u_LOGIC_CENTER/LENB_POL: node not found (PARA-044)
Warning: Invalid coupling capacitor (u_LOGIC_CENTER/tbk_flag:92 u_LOGIC_CENTER/LINK_LOGIC/LC_CPUWR/U428:O 3.733e-06) on net u_LOGIC_CENTER/tbk_flag: node 'u_LOGIC_CENTER/LINK_LOGIC/LC_CPUWR/U428:O' could not be found (PARA-043)
Warning: Invalid coupling capacitor (u_LOGIC_CENTER/tbk_flag:31 u_rx_phy_unit/u_rx_phy_eq_ctrl/U116:O 0.00020438) on net u_LOGIC_CENTER/tbk_flag: node 'u_rx_phy_unit/u_rx_phy_eq_ctrl/U116:O' could not be found (PARA-043)
Warning: Invalid coupling capacitor (u_LOGIC_CENTER/tbk_flag:32 u_rx_phy_unit/u_rx_phy_eq_ctrl/U116:O 0.000109109) on net u_LOGIC_CENTER/tbk_flag: node 'u_rx_phy_unit/u_rx_phy_eq_ctrl/U116:O' could not be found (PARA-043)
Warning: Invalid coupling capacitor (u_LOGIC_CENTER/tbk_flag:35 u_rx_phy_unit/u_rx_phy_eq_ctrl/U209:I1 9.956e-06) on net u_LOGIC_CENTER/tbk_flag: node 'u_rx_phy_unit/u_rx_phy_eq_ctrl/U209:I1' could not be found (PARA-043)
Warning: Invalid coupling capacitor (u_LOGIC_CENTER/tbk_flag:36 u_rx_phy_unit/u_rx_phy_eq_ctrl/U209:I1 9.7644e-05) on net u_LOGIC_CENTER/tbk_flag: node 'u_rx_phy_unit/u_rx_phy_eq_ctrl/U209:I1' could not be found (PARA-043)
Warning: Invalid coupling capacitor (u_LOGIC_CENTER/tbk_flag:37 u_rx_phy_unit/u_rx_phy_eq_ctrl/U209:I1 0.000239666) on net u_LOGIC_CENTER/tbk_flag: node 'u_rx_phy_unit/u_rx_phy_eq_ctrl/U209:I1' could not be found (PARA-043)
Warning: Invalid coupling capacitor (u_LOGIC_CENTER/tbk_flag:94 u_rx_phy_unit/u_rx_phy_eq_ctrl/U209:I1 4.2179e-05) on net u_LOGIC_CENTER/tbk_flag: node 'u_rx_phy_unit/u_rx_phy_eq_ctrl/U209:I1' could not be found (PARA-043)
Warning: Invalid coupling capacitor (u_LOGIC_CENTER/tbk_flag:95 *3222 5.411e-05) on net u_LOGIC_CENTER/tbk_flag: node '*3222' could not be found (PARA-043)
Warning: Invalid coupling capacitor (u_LOGIC_CENTER/tbk_flag:95 *3222 6.612e-06) on net u_LOGIC_CENTER/tbk_flag: node '*3222' could not be found (PARA-043)
Warning: Invalid coupling capacitor (u_LOGIC_CENTER/tbk_flag:106 u_LOGIC_CENTER/LINK_LOGIC/LC_CPUWR/U72:I1 4.2983e-05) on net u_LOGIC_CENTER/tbk_flag: node 'u_LOGIC_CENTER/LINK_LOGIC/LC_CPUWR/U72:I1' could not be found (PARA-043)
Warning: Invalid coupling capacitor (u_LOGIC_CENTER/tbk_flag:59 u_LOGIC_CENTER/LINK_LOGIC/LC_CPUWR/U429:I1 2.88e-07) on net u_LOGIC_CENTER/tbk_flag: node 'u_LOGIC_CENTER/LINK_LOGIC/LC_CPUWR/U429:I1' could not be found (PARA-043)
Warning: Invalid coupling capacitor (u_LOGIC_CENTER/tbk_flag:60 u_LOGIC_CENTER/LINK_LOGIC/LC_CPUWR/U429:I1 3.68e-07) on net u_LOGIC_CENTER/tbk_flag: node 'u_LOGIC_CENTER/LINK_LOGIC/LC_CPUWR/U429:I1' could not be found (PARA-043)
Warning: Invalid coupling capacitor (u_LOGIC_CENTER/tbk_flag:17 u_LOGIC_CENTER/LINK_LOGIC/LC_CPUWR/SNPS_CG_CELL_WCK1_A_t_CN_VBN2L_reg_0/latch:E 6.39e-07) on net u_LOGIC_CENTER/tbk_flag: node 'u_LOGIC_CENTER/LINK_LOGIC/LC_CPUWR/SNPS_CG_CELL_WCK1_A_t_CN_VBN2L_reg_0/latch:E' could not be found (PARA-043)
Warning: Invalid coupling capacitor (u_LOGIC_CENTER/tbk_flag:18 u_LOGIC_CENTER/LINK_LOGIC/LC_CPUWR/SNPS_CG_CELL_WCK1_A_t_CN_VBN2L_reg_0/latch:E 1.7233e-05) on net u_LOGIC_CENTER/tbk_flag: node 'u_LOGIC_CENTER/LINK_LOGIC/LC_CPUWR/SNPS_CG_CELL_WCK1_A_t_CN_VBN2L_reg_0/latch:E' could not be found (PARA-043)
Warning: Invalid coupling capacitor (u_LOGIC_CENTER/tbk_flag:67 u_LOGIC_CENTER/LINK_LOGIC/LC_CPUWR/SNPS_CG_CELL_WCK1_A_t_CN_VBN2L_reg_0/latch:E 8e-08) on net u_LOGIC_CENTER/tbk_flag: node 'u_LOGIC_CENTER/LINK_LOGIC/LC_CPUWR/SNPS_CG_CELL_WCK1_A_t_CN_VBN2L_reg_0/latch:E' could not be found (PARA-043)
Warning: Invalid coupling capacitor (u_LOGIC_CENTER/tbk_flag:68 u_LOGIC_CENTER/LINK_LOGIC/LC_CPUWR/SNPS_CG_CELL_WCK1_A_t_CN_VBN2L_reg_0/latch:E 2.35e-07) on net u_LOGIC_CENTER/tbk_flag: node 'u_LOGIC_CENTER/LINK_LOGIC/LC_CPUWR/SNPS_CG_CELL_WCK1_A_t_CN_VBN2L_reg_0/latch:E' could not be found (PARA-043)
Warning: Invalid coupling capacitor (u_LOGIC_CENTER/tbk_flag:69 u_LOGIC_CENTER/LINK_LOGIC/LC_CPUWR/SNPS_CG_CELL_WCK1_A_t_CN_VBN2L_reg_0/latch:E 3.21e-07) on net u_LOGIC_CENTER/tbk_flag: node 'u_LOGIC_CENTER/LINK_LOGIC/LC_CPUWR/SNPS_CG_CELL_WCK1_A_t_CN_VBN2L_reg_0/latch:E' could not be found (PARA-043)
Warning: Invalid coupling capacitor (u_LOGIC_CENTER/tbk_flag:109 u_LOGIC_CENTER/LINK_LOGIC/LC_CPUWR/SNPS_CG_CELL_WCK1_A_t_CN_VBN2L_reg_0/latch:E 9.61e-07) on net u_LOGIC_CENTER/tbk_flag: node 'u_LOGIC_CENTER/LINK_LOGIC/LC_CPUWR/SNPS_CG_CELL_WCK1_A_t_CN_VBN2L_reg_0/latch:E' could not be found (PARA-043)
Warning: Invalid coupling capacitor (u_LOGIC_CENTER/tbk_flag:99 u_LOGIC_CENTER/LINK_LOGIC/LC_CPUWR/U251:I1 1.932e-06) on net u_LOGIC_CENTER/tbk_flag: node 'u_LOGIC_CENTER/LINK_LOGIC/LC_CPUWR/U251:I1' could not be found (PARA-043)
Warning: Invalid coupling capacitor (u_LOGIC_CENTER/tbk_flag:59 u_LOGIC_CENTER/LINK_LOGIC/LC_CPUWR/U254:I1 1.2205e-05) on net u_LOGIC_CENTER/tbk_flag: node 'u_LOGIC_CENTER/LINK_LOGIC/LC_CPUWR/U254:I1' could not be found (PARA-043)
Warning: Invalid coupling capacitor (u_LOGIC_CENTER/tbk_flag:61 u_LOGIC_CENTER/LINK_LOGIC/LC_CPUWR/U254:I1 5.2239e-05) on net u_LOGIC_CENTER/tbk_flag: node 'u_LOGIC_CENTER/LINK_LOGIC/LC_CPUWR/U254:I1' could not be found (PARA-043)
Warning: Invalid coupling capacitor (u_LOGIC_CENTER/tbk_flag:62 u_LOGIC_CENTER/LINK_LOGIC/LC_CPUWR/U254:I1 3.3443e-05) on net u_LOGIC_CENTER/tbk_flag: node 'u_LOGIC_CENTER/LINK_LOGIC/LC_CPUWR/U254:I1' could not be found (PARA-043)
Warning: Invalid coupling capacitor (u_LOGIC_CENTER/tbk_flag:12 u_LOGIC_CENTER/LINK_LOGIC/LC_CPUWR/U241:O 8.995e-06) on net u_LOGIC_CENTER/tbk_flag: node 'u_LOGIC_CENTER/LINK_LOGIC/LC_CPUWR/U241:O' could not be found (PARA-043)
Warning: Invalid coupling capacitor (u_LOGIC_CENTER/tbk_flag:47 u_LOGIC_CENTER/CENTER1/ANCTL/PLACE_FE_OFC48_STB_C_OUT:O 9.507e-06) on net u_LOGIC_CENTER/tbk_flag: node 'u_LOGIC_CENTER/CENTER1/ANCTL/PLACE_FE_OFC48_STB_C_OUT:O' could not be found (PARA-043)
Warning: Invalid coupling capacitor (u_LOGIC_CENTER/tbk_flag:32 u_rx_phy_unit/u_rx_phy_eq_ctrl/c_state_reg_1_:RB 1.208e-05) on net u_LOGIC_CENTER/tbk_flag: node 'u_rx_phy_unit/u_rx_phy_eq_ctrl/c_state_reg_1_:RB' could not be found (PARA-043)
Error: Invalid capacitor (*5404 0.000182192) on net u_LOGIC_CENTER/tbk_flag: Pin 'u_LOGIC_CENTER/CENTER1/ANCTL_COMB/U31/I1' is not connected to net (PARA-044)
Error: Invalid capacitor (*3220 1.8608e-05) on net u_LOGIC_CENTER/tbk_flag: Pin 'u_LOGIC_CENTER/LINK_LOGIC/LC_CSPIF_L0/U290/O' is not connected to net (PARA-044)
Warning: Invalid coupling capacitor (u_LOGIC_CENTER/R_POLC:6 u_rx_phy_unit/u_rx_phy_eq_ctrl/PLACE_FE_OCPC550_VBK_LINE_MASK:I 1.9476e-05) on net u_LOGIC_CENTER/R_POLC: node 'u_rx_phy_unit/u_rx_phy_eq_ctrl/PLACE_FE_OCPC550_VBK_LINE_MASK:I' could not be found (PARA-043)
Warning: Invalid coupling capacitor (u_LOGIC_CENTER/R_POLC:26 u_rx_phy_unit/u_rx_phy_eq_ctrl/PLACE_FE_OCPC550_VBK_LINE_MASK:I 1.5125e-05) on net u_LOGIC_CENTER/R_POLC: node 'u_rx_phy_unit/u_rx_phy_eq_ctrl/PLACE_FE_OCPC550_VBK_LINE_MASK:I' could not be found (PARA-043)
Warning: Invalid coupling capacitor (u_LOGIC_CENTER/LINK_LOGIC/LC_CPUWR/R_POLC_reg:Q u_LOGIC_CENTER/LINK_LOGIC/R_UTC[2]:21 1.6434e-05) on net u_LOGIC_CENTER/R_POLC: node 'u_LOGIC_CENTER/LINK_LOGIC/LC_CPUWR/R_POLC_reg:Q' could not be found (PARA-043)
Warning: Invalid coupling capacitor (u_LOGIC_CENTER/LINK_LOGIC/LC_CPUWR/R_POLC_reg:Q u_LOGIC_CENTER/LINK_LOGIC/R_UTC[2]:22 0.000336827) on net u_LOGIC_CENTER/R_POLC: node 'u_LOGIC_CENTER/LINK_LOGIC/LC_CPUWR/R_POLC_reg:Q' could not be found (PARA-043)
Warning: Invalid coupling capacitor (u_LOGIC_CENTER/LINK_LOGIC/LC_CPUWR/R_POLC_reg:Q u_LOGIC_CENTER/LINK_LOGIC/R_UTC[2]:23 0.000490771) on net u_LOGIC_CENTER/R_POLC: node 'u_LOGIC_CENTER/LINK_LOGIC/LC_CPUWR/R_POLC_reg:Q' could not be found (PARA-043)
Warning: Invalid coupling capacitor (u_LOGIC_CENTER/LINK_LOGIC/LC_CPUWR/R_POLC_reg:Q u_LOGIC_CENTER/LINK_LOGIC/LC_CPUWR/FE_OFN373_DATA_B_2:124 2.2917e-05) on net u_LOGIC_CENTER/R_POLC: node 'u_LOGIC_CENTER/LINK_LOGIC/LC_CPUWR/R_POLC_reg:Q' could not be found (PARA-043)
Warning: Invalid coupling capacitor (u_LOGIC_CENTER/LINK_LOGIC/LC_CPUWR/R_POLC_reg:Q u_LOGIC_CENTER/LINK_LOGIC/LC_CPUWR/n307:58 0.000235955) on net u_LOGIC_CENTER/R_POLC: node 'u_LOGIC_CENTER/LINK_LOGIC/LC_CPUWR/R_POLC_reg:Q' could not be found (PARA-043)
Warning: Invalid coupling capacitor (u_LOGIC_CENTER/LINK_LOGIC/LC_CPUWR/R_POLC_reg:Q u_LOGIC_CENTER/LINK_LOGIC/LC_CPUWR/n307:59 0.000581388) on net u_LOGIC_CENTER/R_POLC: node 'u_LOGIC_CENTER/LINK_LOGIC/LC_CPUWR/R_POLC_reg:Q' could not be found (PARA-043)
Warning: Invalid coupling capacitor (u_LOGIC_CENTER/R_POLC:29 u_LOGIC_CENTER/LINK_LOGIC/LC_CPUWR/R_CHOP_reg_2_:D 1.9037e-05) on net u_LOGIC_CENTER/R_POLC: node 'u_LOGIC_CENTER/LINK_LOGIC/LC_CPUWR/R_CHOP_reg_2_:D' could not be found (PARA-043)
Error: Invalid capacitor (*5403 6.1904e-05) on net u_LOGIC_CENTER/R_POLC: node not found (PARA-044)
Error: Invalid capacitor (u_LOGIC_CENTER/LINK_LOGIC/LC_CPUWR/R_POLC_reg:Q 0.00161939) on net u_LOGIC_CENTER/R_POLC: node not found (PARA-044)
Error: Invalid capacitor (*5401 0.000164963) on net u_LOGIC_CENTER/R_POLC: node not found (PARA-044)
Error: Invalid capacitor (u_LOGIC_CENTER/LINK_LOGIC/LC_CPUWR/U388:C2 3.4278e-05) on net u_LOGIC_CENTER/R_POLC: node not found (PARA-044)
Warning: Invalid coupling capacitor (u_LOGIC_CENTER/VS_OUT:119 u_LOGIC_CENTER/LINK_LOGIC/R_REG10_reg_6_:Q 1.6553e-05) on net u_LOGIC_CENTER/VS_OUT: node 'u_LOGIC_CENTER/LINK_LOGIC/R_REG10_reg_6_:Q' could not be found (PARA-043)
Warning: Invalid coupling capacitor (u_LOGIC_CENTER/VS_OUT:121 u_LOGIC_CENTER/LINK_LOGIC/R_REG10_reg_6_:Q 2.05e-07) on net u_LOGIC_CENTER/VS_OUT: node 'u_LOGIC_CENTER/LINK_LOGIC/R_REG10_reg_6_:Q' could not be found (PARA-043)
Warning: Invalid coupling capacitor (u_LOGIC_CENTER/VS_OUT:39 u_LOGIC_CENTER/LINK_LOGIC/LC_CPUWR/U302:O 0.000113578) on net u_LOGIC_CENTER/VS_OUT: node 'u_LOGIC_CENTER/LINK_LOGIC/LC_CPUWR/U302:O' could not be found (PARA-043)
Warning: Invalid coupling capacitor (u_LOGIC_CENTER/CENTER1/ANCTL/VS_1d_reg:D XPONRST_I_BWDL:78 5.344e-06) on net u_LOGIC_CENTER/VS_OUT: node 'u_LOGIC_CENTER/CENTER1/ANCTL/VS_1d_reg:D' could not be found (PARA-043)
Warning: Invalid coupling capacitor (u_LOGIC_CENTER/VS_OUT:3 u_LOGIC_CENTER/LINK_LOGIC/LC_CPUWR/REGRD_NOML_reg_6_:RB 8.4e-08) on net u_LOGIC_CENTER/VS_OUT: node 'u_LOGIC_CENTER/LINK_LOGIC/LC_CPUWR/REGRD_NOML_reg_6_:RB' could not be found (PARA-043)
Warning: Invalid coupling capacitor (u_LOGIC_CENTER/VS_OUT:8 u_LOGIC_CENTER/LINK_LOGIC/LC_CSPIF_L0/ccopt_inst__ccl_a_inv_00079:I 4.705e-06) on net u_LOGIC_CENTER/VS_OUT: node 'u_LOGIC_CENTER/LINK_LOGIC/LC_CSPIF_L0/ccopt_inst__ccl_a_inv_00079:I' could not be found (PARA-043)
Warning: Invalid coupling capacitor (u_LOGIC_CENTER/VS_OUT:9 u_LOGIC_CENTER/LINK_LOGIC/LC_CSPIF_L0/ccopt_inst__ccl_a_inv_00079:I 4.456e-06) on net u_LOGIC_CENTER/VS_OUT: node 'u_LOGIC_CENTER/LINK_LOGIC/LC_CSPIF_L0/ccopt_inst__ccl_a_inv_00079:I' could not be found (PARA-043)
Warning: Invalid coupling capacitor (u_LOGIC_CENTER/LINK_LOGIC/LC_CSPIF_L0/PLACE_FE_RC_0_0:O u_LOGIC_CENTER/T_REGADD[7]:44 6.1048e-05) on net u_LOGIC_CENTER/VS_OUT: node 'u_LOGIC_CENTER/LINK_LOGIC/LC_CSPIF_L0/PLACE_FE_RC_0_0:O' could not be found (PARA-043)
Warning: Invalid coupling capacitor (u_LOGIC_CENTER/LINK_LOGIC/LC_CSPIF_L0/PLACE_FE_RC_0_0:O u_LOGIC_CENTER/T_REGADD[6]:1 6.072e-06) on net u_LOGIC_CENTER/VS_OUT: node 'u_LOGIC_CENTER/LINK_LOGIC/LC_CSPIF_L0/PLACE_FE_RC_0_0:O' could not be found (PARA-043)
Warning: Invalid coupling capacitor (u_LOGIC_CENTER/LINK_LOGIC/LC_CSPIF_L0/PLACE_FE_RC_0_0:O u_LOGIC_CENTER/T_REGADD[6]:34 6.774e-06) on net u_LOGIC_CENTER/VS_OUT: node 'u_LOGIC_CENTER/LINK_LOGIC/LC_CSPIF_L0/PLACE_FE_RC_0_0:O' could not be found (PARA-043)
Warning: Invalid coupling capacitor (u_LOGIC_CENTER/VS_OUT:104 u_LOGIC_CENTER/LINK_LOGIC/LC_CPUWR/U28:I 2.066e-05) on net u_LOGIC_CENTER/VS_OUT: node 'u_LOGIC_CENTER/LINK_LOGIC/LC_CPUWR/U28:I' could not be found (PARA-043)
Warning: Invalid coupling capacitor (u_LOGIC_CENTER/VS_OUT:104 u_LOGIC_CENTER/LINK_LOGIC/U96:I1 1.5359e-05) on net u_LOGIC_CENTER/VS_OUT: node 'u_LOGIC_CENTER/LINK_LOGIC/U96:I1' could not be found (PARA-043)
Warning: Invalid coupling capacitor (u_LOGIC_CENTER/VS_OUT:130 u_LOGIC_CENTER/LINK_LOGIC/LC_CPUWR/U36:I 3.5055e-05) on net u_LOGIC_CENTER/VS_OUT: node 'u_LOGIC_CENTER/LINK_LOGIC/LC_CPUWR/U36:I' could not be found (PARA-043)
Warning: Invalid coupling capacitor (u_LOGIC_CENTER/VS_OUT:186 u_LOGIC_CENTER/LINK_LOGIC/R_REG1A_reg_5_:RB 1.032e-06) on net u_LOGIC_CENTER/VS_OUT: node 'u_LOGIC_CENTER/LINK_LOGIC/R_REG1A_reg_5_:RB' could not be found (PARA-043)
Warning: Invalid coupling capacitor (*3425 u_LOGIC_CENTER/LINK_LOGIC/FRM_UTC_ERR_CNT_END_L0:23 3.4621e-05) on net u_LOGIC_CENTER/VS_OUT: node '*3425' could not be found (PARA-043)
Warning: Invalid coupling capacitor (u_LOGIC_CENTER/VS_OUT:173 *3425 1.5644e-05) on net u_LOGIC_CENTER/VS_OUT: node '*3425' could not be found (PARA-043)
Warning: Invalid coupling capacitor (u_LOGIC_CENTER/VS_OUT:34 u_LOGIC_CENTER/LINK_LOGIC/U113:I2 7.7e-06) on net u_LOGIC_CENTER/VS_OUT: node 'u_LOGIC_CENTER/LINK_LOGIC/U113:I2' could not be found (PARA-043)
Warning: Invalid coupling capacitor (u_LOGIC_CENTER/VS_OUT:105 u_LOGIC_CENTER/LINK_LOGIC/U113:I2 8.865e-06) on net u_LOGIC_CENTER/VS_OUT: node 'u_LOGIC_CENTER/LINK_LOGIC/U113:I2' could not be found (PARA-043)
Note - message 'PARA-043' default limit (100) exceeded.  Remainder will be suppressed.
Error: Invalid capacitor (u_LOGIC_CENTER/CENTER1/ANCTL/PLACE_FE_RC_14_0:I1 0.000216336) on net u_LOGIC_CENTER/VS_OUT: node not found (PARA-044)
Error: Invalid capacitor (u_LOGIC_CENTER/LINK_LOGIC/LC_CSPIF_L0/PLACE_FE_RC_0_0:O 0.00022125) on net u_LOGIC_CENTER/VS_OUT: node not found (PARA-044)
Error: Invalid capacitor (*3425 8.6009e-05) on net u_LOGIC_CENTER/VS_OUT: node not found (PARA-044)
Error: Invalid capacitor (u_LOGIC_CENTER/CENTER1/ANCTL/VS_1d_reg:D 0.000170081) on net u_LOGIC_CENTER/VS_OUT: node not found (PARA-044)
Error: Invalid capacitor (*3388 3.9845e-05) on net u_LOGIC_CENTER/PWRON_POL_TP: Pin 'u_LOGIC_CENTER/LINK_LOGIC/LC_CSPIF_L0/U477/O' is not connected to net (PARA-044)
Error: Invalid capacitor (*5363 9.5303e-05) on net u_LOGIC_CENTER/GMA_CHOP_OUT: Pin 'u_LOGIC_CENTER/CENTER1/ANCTL/U46/I2' is not connected to net (PARA-044)
Error: Invalid capacitor (u_LOGIC_CENTER/LINK_LOGIC/LC_CPUWR/U9:I1 0.000262492) on net u_LOGIC_CENTER/T_REGADD[3]: node not found (PARA-044)
Error: Invalid capacitor (u_LOGIC_CENTER/I2C_CTL/I2C_ST/intadd_3_U3:S 0.00286956) on net u_LOGIC_CENTER/T_REGADD[3]: node not found (PARA-044)
Error: Invalid capacitor (u_LOGIC_CENTER/LINK_LOGIC/LC_CPUWR/U148:I1 5.1794e-05) on net u_LOGIC_CENTER/T_REGADD[3]: node not found (PARA-044)
Error: Invalid capacitor (u_LOGIC_CENTER/LINK_LOGIC/PLACE_FE_DBTC3_T_REGADD_3:I 3.4098e-05) on net u_LOGIC_CENTER/T_REGADD[3]: node not found (PARA-044)
Error: Invalid capacitor (u_LOGIC_CENTER/LINK_LOGIC/U89:I2 0.000340143) on net u_LOGIC_CENTER/T_REGADD[2]: node not found (PARA-044)
Error: Invalid capacitor (u_LOGIC_CENTER/LINK_LOGIC/LC_CPUWR/U78:I1 0.000188932) on net u_LOGIC_CENTER/T_REGADD[2]: node not found (PARA-044)
Error: Invalid capacitor (u_LOGIC_CENTER/LINK_LOGIC/U78:I1 0.000102164) on net u_LOGIC_CENTER/T_REGADD[2]: node not found (PARA-044)
Error: Invalid capacitor (u_LOGIC_CENTER/LINK_LOGIC/LC_CPUWR/U84:I2 0.000149604) on net u_LOGIC_CENTER/T_REGADD[2]: node not found (PARA-044)
Error: Invalid capacitor (*1034 1.9411e-05) on net u_LOGIC_CENTER/T_REGADD[2]: Pin 'u_LOGIC_CENTER/I2C_CTL/I2C_ST/U19/O' is not connected to net (PARA-044)
Error: Invalid capacitor (u_LOGIC_CENTER/LINK_LOGIC/U113:I1 3.6352e-05) on net u_LOGIC_CENTER/T_REGADD[2]: node not found (PARA-044)
Error: Invalid capacitor (u_LOGIC_CENTER/LINK_LOGIC/LC_CPUWR/U89:I1 2.5603e-05) on net u_LOGIC_CENTER/T_REGADD[2]: node not found (PARA-044)
Error: Invalid capacitor (u_LOGIC_CENTER/LINK_LOGIC/LC_CPUWR/U27:I 0.000663321) on net u_LOGIC_CENTER/T_REGADD[2]: node not found (PARA-044)
Error: Invalid capacitor (u_LOGIC_CENTER/LINK_LOGIC/LC_CSPIF_L0/EMI_CLK_CNT_reg_0_:CK 3.0327e-05) on net u_LOGIC_CENTER/LINK_LOGIC/ccopt_net__7: node not found (PARA-044)
Error: Invalid capacitor (*1903 0.000394463) on net u_LOGIC_CENTER/LINK_LOGIC/ccopt_net__7: Pin 'u_LOGIC_CENTER/LINK_LOGIC/CSPI_CMD_ALIGN_L0/BAC_CMD_TOG_reg/CK' is not connected to net (PARA-044)
Error: Invalid capacitor (u_LOGIC_CENTER/LINK_LOGIC/ccopt_inst__ccl_a_inv_00014:O 5.682e-06) on net u_LOGIC_CENTER/LINK_LOGIC/ccopt_net__7: node not found (PARA-044)
Error: Invalid capacitor (u_LOGIC_CENTER/LINK_LOGIC/LC_CSPIF_L0/U735:I2 0.000394222) on net u_LOGIC_CENTER/LINK_LOGIC/R_HSR_CTL: node not found (PARA-044)
Error: Invalid capacitor (u_LOGIC_CENTER/LINK_LOGIC/REG_MAPPING/U34:O 0.00113655) on net u_LOGIC_CENTER/LINK_LOGIC/R_HSR_CTL: node not found (PARA-044)
Error: Invalid capacitor (u_LOGIC_CENTER/LINK_LOGIC/LC_CSPIF_L0/ccopt_inst__cdb_inv_00837:O 0.000157521) on net u_LOGIC_CENTER/LINK_LOGIC/LC_CSPIF_L0/ccopt_net__17: node not found (PARA-044)
Error: Invalid capacitor (u_LOGIC_CENTER/LINK_LOGIC/LC_CSPIF_L0/ccopt_inst__cdb_inv_00838:O 0.000396775) on net u_LOGIC_CENTER/LINK_LOGIC/LC_CSPIF_L0/ccopt_net__15: node not found (PARA-044)
Error: Invalid capacitor (*2749 1.8342e-05) on net u_LOGIC_CENTER/LINK_LOGIC/LC_CSPIF_L0/ccopt_net__5: Pin 'u_LOGIC_CENTER/LINK_LOGIC/LC_CSPIF_L0/VBK_CNT_reg_1_/CK' is not connected to net (PARA-044)
Error: Invalid capacitor (*2747 0.00016628) on net u_LOGIC_CENTER/LINK_LOGIC/LC_CSPIF_L0/ccopt_net__5: Pin 'u_LOGIC_CENTER/LINK_LOGIC/LC_CSPIF_L0/LENB_POL_reg/CK' is not connected to net (PARA-044)
Error: Invalid capacitor (*3388 0.000717824) on net u_LOGIC_CENTER/LINK_LOGIC/LC_CSPIF_L0/PWRON_POL: Pin 'u_LOGIC_CENTER/LINK_LOGIC/LC_CSPIF_L0/U477/I1' is not connected to net (PARA-044)
Error: Invalid capacitor (*3391 4.3802e-05) on net u_LOGIC_CENTER/LINK_LOGIC/LC_CSPIF_L0/STB_A_PRE: Pin 'u_LOGIC_CENTER/LINK_LOGIC/LC_CSPIF_L0/U480/I2' is not connected to net (PARA-044)
Error: Invalid capacitor (u_LOGIC_CENTER/LINK_LOGIC/LC_CSPIF_L0/U734:B1 0.000110968) on net u_LOGIC_CENTER/LINK_LOGIC/LC_CSPIF_L0/STB_A_PRE: node not found (PARA-044)
Error: Invalid capacitor (*3104 0.000646081) on net u_LOGIC_CENTER/LINK_LOGIC/LC_CSPIF_L0/n376: Pin 'u_LOGIC_CENTER/LINK_LOGIC/LC_CSPIF_L0/U168/O' is not connected to net (PARA-044)
Error: Invalid capacitor (*3442 9.7466e-05) on net u_LOGIC_CENTER/LINK_LOGIC/LC_CSPIF_L0/n376: Pin 'u_LOGIC_CENTER/LINK_LOGIC/LC_CSPIF_L0/U537/I1' is not connected to net (PARA-044)
Error: Invalid capacitor (u_LOGIC_CENTER/LINK_LOGIC/LC_CSPIF_L0/EMI_CLK_CNT_reg_2_:D1 0.000102027) on net u_LOGIC_CENTER/LINK_LOGIC/LC_CSPIF_L0/n376: node not found (PARA-044)
Error: Invalid capacitor (u_LOGIC_CENTER/LINK_LOGIC/LC_CSPIF_L0/POSTROUTE_FE_PHC185_n376:I 3.544e-05) on net u_LOGIC_CENTER/LINK_LOGIC/LC_CSPIF_L0/n376: node not found (PARA-044)
Error: Invalid capacitor (*2747 4.121e-05) on net u_LOGIC_CENTER/LINK_LOGIC/LC_CSPIF_L0/n395: Pin 'u_LOGIC_CENTER/LINK_LOGIC/LC_CSPIF_L0/LENB_POL_reg/D' is not connected to net (PARA-044)
Error: Invalid capacitor (u_LOGIC_CENTER/LINK_LOGIC/LC_CSPIF_L0/U709:O 0.000204641) on net u_LOGIC_CENTER/LINK_LOGIC/LC_CSPIF_L0/n395: node not found (PARA-044)
Error: Invalid capacitor (*2721 0.000504824) on net u_LOGIC_CENTER/LINK_LOGIC/LC_CSPIF_L0/n404: Pin 'u_LOGIC_CENTER/LINK_LOGIC/LC_CSPIF_L0/ENA_TIME_reg/D' is not connected to net (PARA-044)
Error: Invalid capacitor (*3601 0.000952065) on net u_LOGIC_CENTER/LINK_LOGIC/LC_CSPIF_L0/n404: Pin 'u_LOGIC_CENTER/LINK_LOGIC/LC_CSPIF_L0/U700/O' is not connected to net (PARA-044)
Error: Invalid resistor (*2713 5.8218) on net u_LOGIC_CENTER/LINK_LOGIC/LC_CSPIF_L0/n406: Pin 'u_LOGIC_CENTER/LINK_LOGIC/LC_CSPIF_L0/PWRON_POL_reg/D' is not connected to net (PARA-044)
Error: Invalid resistor (u_LOGIC_CENTER/LINK_LOGIC/LC_CSPIF_L0/U747:O 4.2) on net u_LOGIC_CENTER/LINK_LOGIC/LC_CSPIF_L0/n406: node not found (PARA-044)
Error: Invalid capacitor (*3402 0.000364264) on net u_LOGIC_CENTER/LINK_LOGIC/LC_CSPIF_L0/n297: Pin 'u_LOGIC_CENTER/LINK_LOGIC/LC_CSPIF_L0/U492/I2' is not connected to net (PARA-044)
Error: Invalid capacitor (*3015 1.6808e-05) on net u_LOGIC_CENTER/LINK_LOGIC/LC_CSPIF_L0/n297: node not found (PARA-044)
Error: Invalid capacitor (*3410 3.9497e-05) on net u_LOGIC_CENTER/LINK_LOGIC/LC_CSPIF_L0/n297: node not found (PARA-044)
Error: Invalid capacitor (u_LOGIC_CENTER/LINK_LOGIC/LC_CSPIF_L0/U37:O 0.00087311) on net u_LOGIC_CENTER/LINK_LOGIC/LC_CSPIF_L0/n297: node not found (PARA-044)
Error: Invalid capacitor (*3410 7.3562e-05) on net u_LOGIC_CENTER/LINK_LOGIC/LC_CSPIF_L0/n298: Pin 'u_LOGIC_CENTER/LINK_LOGIC/LC_CSPIF_L0/U501/O' is not connected to net (PARA-044)
Error: Invalid capacitor (u_LOGIC_CENTER/LINK_LOGIC/LC_CSPIF_L0/U36:I 0.000271363) on net u_LOGIC_CENTER/LINK_LOGIC/LC_CSPIF_L0/n298: node not found (PARA-044)
Error: Invalid capacitor (*3569 0.00118123) on net u_LOGIC_CENTER/LINK_LOGIC/LC_CSPIF_L0/n480: Pin 'u_LOGIC_CENTER/LINK_LOGIC/LC_CSPIF_L0/U666/B3' is not connected to net (PARA-044)
Error: Invalid capacitor (*3408 1.435e-06) on net u_LOGIC_CENTER/LINK_LOGIC/LC_CSPIF_L0/n480: Pin 'u_LOGIC_CENTER/LINK_LOGIC/LC_CSPIF_L0/U499/O' is not connected to net (PARA-044)
Error: Invalid capacitor (*3571 9.9303e-05) on net u_LOGIC_CENTER/LINK_LOGIC/LC_CSPIF_L0/n480: node not found (PARA-044)
Error: Invalid capacitor (*3311 9.329e-05) on net u_LOGIC_CENTER/LINK_LOGIC/LC_CSPIF_L0/n513: node not found (PARA-044)
Error: Invalid capacitor (*3602 0.000168009) on net u_LOGIC_CENTER/LINK_LOGIC/LC_CSPIF_L0/n513: Pin 'u_LOGIC_CENTER/LINK_LOGIC/LC_CSPIF_L0/U701/I2' is not connected to net (PARA-044)
Error: Invalid capacitor (*3310 0.000175581) on net u_LOGIC_CENTER/LINK_LOGIC/LC_CSPIF_L0/n513: Pin 'u_LOGIC_CENTER/LINK_LOGIC/LC_CSPIF_L0/U389/O' is not connected to net (PARA-044)
Error: Invalid capacitor (*5404 0.000193756) on net u_LOGIC_CENTER/CENTER1/STB_C_DLY[3]: Pin 'u_LOGIC_CENTER/CENTER1/ANCTL_COMB/U31/I2' is not connected to net (PARA-044)
Error: Invalid capacitor (*5298 0.000103752) on net u_LOGIC_CENTER/CENTER1/STB_C_DLY[0]: Pin 'u_LOGIC_CENTER/CENTER1/ANCTL/STB_C_DLY_reg_0_/Q' is not connected to net (PARA-044)
Error: Invalid capacitor (*5405 6.2736e-05) on net u_LOGIC_CENTER/CENTER1/STB_C_DLY[0]: node not found (PARA-044)
Error: Invalid capacitor (*5301 0.000121189) on net u_LOGIC_CENTER/CENTER1/ANCTL/n2: Pin 'u_LOGIC_CENTER/CENTER1/ANCTL/STB_C_DLY_reg_3_/D' is not connected to net (PARA-044)
Error: Invalid capacitor (*5300 0.00016636) on net u_LOGIC_CENTER/CENTER1/ANCTL/n2: Pin 'u_LOGIC_CENTER/CENTER1/ANCTL/STB_C_DLY_reg_2_/Q' is not connected to net (PARA-044)
Error: Invalid capacitor (*5299 0.000981401) on net u_LOGIC_CENTER/CENTER1/ANCTL/n3: Pin 'u_LOGIC_CENTER/CENTER1/ANCTL/STB_C_DLY_reg_1_/Q' is not connected to net (PARA-044)
Error: Invalid capacitor (*5364 0.000111139) on net u_LOGIC_CENTER/CENTER1/ANCTL/VS_CLK: Pin 'u_LOGIC_CENTER/CENTER1/ANCTL/F_CNT_reg_0_/CK' is not connected to net (PARA-044)
Error: Invalid capacitor (*5368 0.000351968) on net u_LOGIC_CENTER/CENTER1/ANCTL/VS_CLK: Pin 'u_LOGIC_CENTER/CENTER1/ANCTL/F_CNT_reg_1_/CK' is not connected to net (PARA-044)
Error: Invalid capacitor (*5363 0.000572967) on net u_LOGIC_CENTER/CENTER1/ANCTL/n7: Pin 'u_LOGIC_CENTER/CENTER1/ANCTL/U46/O' is not connected to net (PARA-044)
Error: Invalid capacitor (u_LOGIC_CENTER/CENTER1/ANCTL/PLACE_FE_RC_14_0:O 0.000197457) on net u_LOGIC_CENTER/CENTER1/ANCTL/n9: node not found (PARA-044)
Error: Invalid capacitor (*5365 4.5377e-05) on net u_LOGIC_CENTER/CENTER1/ANCTL/n9: Pin 'u_LOGIC_CENTER/CENTER1/ANCTL/L_CNT_reg_0_/RB' is not connected to net (PARA-044)
Error: Invalid capacitor (*5365 7.1314e-05) on net u_LOGIC_CENTER/CENTER1/ANCTL/n35: Pin 'u_LOGIC_CENTER/CENTER1/ANCTL/L_CNT_reg_0_/D2' is not connected to net (PARA-044)
Error: Invalid capacitor (*5351 0.000274234) on net u_LOGIC_CENTER/CENTER1/ANCTL/n35: node not found (PARA-044)
Error: Invalid capacitor (*5365 8.1209e-05) on net u_LOGIC_CENTER/CENTER1/ANCTL/n35: Pin 'u_LOGIC_CENTER/CENTER1/ANCTL/L_CNT_reg_0_/QB' is not connected to net (PARA-044)
Error: Invalid capacitor (*5337 0.000145324) on net u_LOGIC_CENTER/CENTER1/ANCTL/n35: Pin 'u_LOGIC_CENTER/CENTER1/ANCTL/U11/I' is not connected to net (PARA-044)
Error: Invalid capacitor (*5344 6.985e-05) on net u_LOGIC_CENTER/CENTER1/ANCTL/n36: node not found (PARA-044)
Error: Invalid capacitor (*5346 0.000213948) on net u_LOGIC_CENTER/CENTER1/ANCTL/n36: node not found (PARA-044)
Error: Invalid capacitor (*5364 5.8997e-05) on net u_LOGIC_CENTER/CENTER1/ANCTL/n36: Pin 'u_LOGIC_CENTER/CENTER1/ANCTL/F_CNT_reg_0_/QB' is not connected to net (PARA-044)
Error: Invalid capacitor (u_LOGIC_CENTER/CENTER1/ANCTL/PLACE_FE_RC_14_0:I2 5.9335e-05) on net u_LOGIC_CENTER/CENTER1/ANCTL/n37: node not found (PARA-044)
Error: Invalid capacitor (*5326 0.000130592) on net u_LOGIC_CENTER/CENTER1/ANCTL/n37: Pin 'u_LOGIC_CENTER/CENTER1/ANCTL/U20/O' is not connected to net (PARA-044)
Error: Invalid resistor (*5350 4.429) on net u_LOGIC_CENTER/CENTER1/ANCTL/n17: Pin 'u_LOGIC_CENTER/CENTER1/ANCTL/U31/O' is not connected to net (PARA-044)
Error: Invalid resistor (*5351 4.2) on net u_LOGIC_CENTER/CENTER1/ANCTL/n17: node not found (PARA-044)
Error: Invalid capacitor (*5351 6.932e-06) on net u_LOGIC_CENTER/CENTER1/ANCTL/n19: node not found (PARA-044)
Error: Invalid capacitor (*5349 0.000424331) on net u_LOGIC_CENTER/CENTER1/ANCTL/n19: Pin 'u_LOGIC_CENTER/CENTER1/ANCTL/U30/O' is not connected to net (PARA-044)
Error: Invalid capacitor (*5338 6.9115e-05) on net u_LOGIC_CENTER/CENTER1/ANCTL/n20: Pin 'u_LOGIC_CENTER/CENTER1/ANCTL/U13/I2' is not connected to net (PARA-044)
Error: Invalid capacitor (*5337 0.000106503) on net u_LOGIC_CENTER/CENTER1/ANCTL/n20: Pin 'u_LOGIC_CENTER/CENTER1/ANCTL/U11/O' is not connected to net (PARA-044)
Error: Invalid capacitor (*5354 2.9131e-05) on net u_LOGIC_CENTER/CENTER1/ANCTL/n20: Pin 'u_LOGIC_CENTER/CENTER1/ANCTL/U35/B2' is not connected to net (PARA-044)
Error: Invalid capacitor (*5356 3.5555e-05) on net u_LOGIC_CENTER/CENTER1/ANCTL/n26: Pin 'u_LOGIC_CENTER/CENTER1/ANCTL/U37/I2' is not connected to net (PARA-044)
Error: Invalid capacitor (*5355 7.38e-06) on net u_LOGIC_CENTER/CENTER1/ANCTL/n26: Pin 'u_LOGIC_CENTER/CENTER1/ANCTL/U36/O' is not connected to net (PARA-044)
Note - message 'PARA-044' default limit (100) exceeded.  Remainder will be suppressed.
Information: Merged 2 parallel coupling capacitors to total 1.3116e-05 pf between file nodes 'AVSS' and 'DBR3[7]'. (PARA-050)

****************************************
Report : read_parasitics /project/HV1V22/designer/AD/yzhao/release/HV1V22_digital_top/timing/latest/HV1V22_digital_top_typical_25c.spef.gz
	-keep_capacitive_coupling
Design : HV2M23_digital_top
Version: M-2017.06-SP3-3
Date   : Wed Jul 29 17:20:35 2026
****************************************

        3075 error(s)
        Format is SPEF
        Annotated nets                   :           44
        Annotated capacitances           :          439
        Annotated resistances            :          395
        Annotated coupling capacitances  :          252
        Annotated PI models              :            0
        Annotated Elmore delays          :            0


Executing command 'report_annotated_parasitics':
****************************************
Report : annotated_parasitics
	-internal_nets
	-boundary_nets
Design : HV2M23_digital_top
Version: M-2017.06-SP3-3
Date   : Wed Jul 29 17:20:35 2026
****************************************

                    |         |         |         |   RC    | Coupled |   Not   |
Net Type            |  Total  | Lumped  |  RC pi  | network | network |Annotated|
--------------------+---------+---------+---------+---------+---------+---------+
Internal nets       |         |         |         |         |         |         |
  - Pin to pin nets |    8741 |       0 |       0 |      41 |       2 |    8698 |
  - Driverless nets |     929 |       0 |       0 |       0 |       0 |     929 |
  - Loadless nets   |       0 |       0 |       0 |       0 |       0 |       0 |
--------------------+---------+---------+---------+---------+---------+---------+
Boundary/port nets  |         |         |         |         |         |         |
  - Pin to pin nets |     531 |       0 |       0 |       1 |       0 |     530 |
  - Driverless nets |       0 |       0 |       0 |       0 |       0 |       0 |
  - Loadless nets   |       0 |       0 |       0 |       0 |       0 |       0 |
--------------------+---------+---------+---------+---------+---------+---------+
                    |   10201 |       0 |       0 |      42 |       2 |   10157 |

****************************************
Report : annotated_parasitics
	-check
	-internal_nets
	-boundary_nets
Design : HV2M23_digital_top
Version: M-2017.06-SP3-3
Date   : Wed Jul 29 17:20:35 2026
****************************************

                    |         |         |         |   RC    | Coupled |   Not   |
Net Type            |  Total  | Lumped  |  RC pi  | network | network |Annotated|
--------------------+---------+---------+---------+---------+---------+---------+
Internal nets       |         |         |         |         |         |         |
  - Pin to pin nets |    8741 |       0 |       0 |      41 |       2 |    8698 |
  - Driverless nets |     929 |       0 |       0 |       0 |       0 |     929 |
  - Loadless nets   |       0 |       0 |       0 |       0 |       0 |       0 |
--------------------+---------+---------+---------+---------+---------+---------+
Boundary/port nets  |         |         |         |         |         |         |
  - Pin to pin nets |     531 |       0 |       0 |       1 |       0 |     530 |
  - Driverless nets |       0 |       0 |       0 |       0 |       0 |       0 |
  - Loadless nets   |       0 |       0 |       0 |       0 |       0 |       0 |
--------------------+---------+---------+---------+---------+---------+---------+
                    |   10201 |       0 |       0 |      42 |       2 |   10157 |

