Information: Setting rc_cache_min_max_rise_fall_ceff to TRUE. (XTALK-015)
Information: Using automatic max wire load selection group 'WLM_0K'. (ENV-003)
Information: Using automatic min wire load selection group 'WLM_0K'. (ENV-003)
Warning: Some timing arcs have been disabled for breaking timing loops or because of constant propagation. Use the 'report_disable_timing' command to get the list of these disabled timing arcs. (PTE-003)
Information: A non-unate path in clock network detected. Propagating both inverting and noninverting senses of clock 'CLK_L0_DTCTL_OD_DIV1P5' from pin 'u_LOGIC_CENTER/CENTER1/TOTAL_DTCTL/DTCTL_L0/U343/O'. (PTE-070)
Information: A non-unate path in clock network detected. Propagating both inverting and noninverting senses of clock 'CLK_L1_ADJ_DTCTL_OD_DIV1P5' from pin 'u_LOGIC_CENTER/CENTER1/TOTAL_DTCTL/DTCTL_L1/U188/O'. (PTE-070)
Information: A non-unate path in clock network detected. Propagating both inverting and noninverting senses of clock 'RX0_CLK_DIV1P5' from pin 'u_LOGIC_CENTER/CENTER1/TOTAL_DTCTL/DTCTL_L0/U343/O'. (PTE-070)
Information: A non-unate path in clock network detected. Propagating both inverting and noninverting senses of clock 'RX1_CLK_DIV1P5_ADJ' from pin 'u_LOGIC_CENTER/CENTER1/TOTAL_DTCTL/DTCTL_L1/U188/O'. (PTE-070)
Warning: The 'falling' edge of clock 'RX0_CLK_DIV1P5_1P' through pin 'u_LOGIC_CENTER/CENTER1/TOTAL_DTCTL/DTCTL_COMB/U15/O' causes the clock to both rise and fall. A generated clock is needed at this pin. (PTE-071)
Warning: The 'falling' edge of clock 'RX0_CLK_DIV1P5_1P' through pin 'u_LOGIC_CENTER/CENTER1/TOTAL_DTCTL/DTCTL_COMB/U15/O' causes the clock to both rise and fall. A generated clock is needed at this pin. (PTE-071)
Information: A non-unate path in clock network detected. Propagating both inverting and noninverting senses of clock 'RX0_CLK_DIV1P5_1P' from pin 'u_LOGIC_CENTER/CENTER1/TOTAL_DTCTL/DTCTL_COMB/U15/O'. (PTE-070)
Warning: No clock-gating check is inferred for clock CLK_L1_ADJ_DTCTL_OD_DIV1P5 at pins u_LOGIC_CENTER/CENTER1/TOTAL_DTCTL/DTCTL_L1/U188/I2 and u_LOGIC_CENTER/CENTER1/TOTAL_DTCTL/DTCTL_L1/U188/I1 of cell u_LOGIC_CENTER/CENTER1/TOTAL_DTCTL/DTCTL_L1/U188. (PTE-060)
Warning: No clock-gating check is inferred for clock RX1_CLK_DIV1P5_ADJ at pins u_LOGIC_CENTER/CENTER1/TOTAL_DTCTL/DTCTL_L1/U188/I2 and u_LOGIC_CENTER/CENTER1/TOTAL_DTCTL/DTCTL_L1/U188/I1 of cell u_LOGIC_CENTER/CENTER1/TOTAL_DTCTL/DTCTL_L1/U188. (PTE-060)
Warning: No clock-gating check is inferred for clock RX0_CLK_DIV1P5 at pins u_LOGIC_CENTER/CLKGEN_U0/MUX_WCK1_ASEL/S and u_LOGIC_CENTER/CLKGEN_U0/MUX_WCK1_ASEL/I0 of cell u_LOGIC_CENTER/CLKGEN_U0/MUX_WCK1_ASEL. (PTE-060)
Warning: No clock-gating check is inferred for clock I2C_CLK at pins u_LOGIC_CENTER/CLKGEN_U0/MUX_WCK1_ASEL/S and u_LOGIC_CENTER/CLKGEN_U0/MUX_WCK1_ASEL/I1 of cell u_LOGIC_CENTER/CLKGEN_U0/MUX_WCK1_ASEL. (PTE-060)
Warning: No clock-gating check is inferred for clock RX0_CLK_DIV1P5 at pins u_LOGIC_CENTER/CLKGEN_U0/CKMUX_CLK_L0_DTCTL/S and u_LOGIC_CENTER/CLKGEN_U0/CKMUX_CLK_L0_DTCTL/I0 of cell u_LOGIC_CENTER/CLKGEN_U0/CKMUX_CLK_L0_DTCTL. (PTE-060)
Warning: No clock-gating check is inferred for clock CLK_L0_DTCTL_OD_DIV1P5 at pins u_LOGIC_CENTER/CLKGEN_U0/CKMUX_CLK_L0_DTCTL/S and u_LOGIC_CENTER/CLKGEN_U0/CKMUX_CLK_L0_DTCTL/I1 of cell u_LOGIC_CENTER/CLKGEN_U0/CKMUX_CLK_L0_DTCTL. (PTE-060)
Warning: No clock-gating check is inferred for clock RX0_OD_CLK_DIV2 at pins u_LOGIC_CENTER/CLKGEN_U1/CKMUX_DCLK1/S and u_LOGIC_CENTER/CLKGEN_U1/CKMUX_DCLK1/I0 of cell u_LOGIC_CENTER/CLKGEN_U1/CKMUX_DCLK1. (PTE-060)
Warning: No clock-gating check is inferred for clock RX1_OD_CLK_DIV2 at pins u_LOGIC_CENTER/CLKGEN_U1/CKMUX_DCLK1/S and u_LOGIC_CENTER/CLKGEN_U1/CKMUX_DCLK1/I1 of cell u_LOGIC_CENTER/CLKGEN_U1/CKMUX_DCLK1. (PTE-060)
Warning: No clock-gating check is inferred for clock RX1_CLK_DIV1P5 at pins u_LOGIC_CENTER/CLKGEN_U1/CKMUX_CLK_L1_DTCTL/S and u_LOGIC_CENTER/CLKGEN_U1/CKMUX_CLK_L1_DTCTL/I0 of cell u_LOGIC_CENTER/CLKGEN_U1/CKMUX_CLK_L1_DTCTL. (PTE-060)
Warning: No clock-gating check is inferred for clock CLK_L1_DTCTL_OD_DIV1P5 at pins u_LOGIC_CENTER/CLKGEN_U1/CKMUX_CLK_L1_DTCTL/S and u_LOGIC_CENTER/CLKGEN_U1/CKMUX_CLK_L1_DTCTL/I1 of cell u_LOGIC_CENTER/CLKGEN_U1/CKMUX_CLK_L1_DTCTL. (PTE-060)
Warning: No clock-gating check is inferred for clock RX1_CLK_DIV1P5_ADJ at pins u_LOGIC_CENTER/CLKGEN_U1/CKMUX_CLK_L1_DTCTL_ADJ/S and u_LOGIC_CENTER/CLKGEN_U1/CKMUX_CLK_L1_DTCTL_ADJ/I0 of cell u_LOGIC_CENTER/CLKGEN_U1/CKMUX_CLK_L1_DTCTL_ADJ. (PTE-060)
Warning: No clock-gating check is inferred for clock CLK_L1_ADJ_DTCTL_OD_DIV1P5 at pins u_LOGIC_CENTER/CLKGEN_U1/CKMUX_CLK_L1_DTCTL_ADJ/S and u_LOGIC_CENTER/CLKGEN_U1/CKMUX_CLK_L1_DTCTL_ADJ/I1 of cell u_LOGIC_CENTER/CLKGEN_U1/CKMUX_CLK_L1_DTCTL_ADJ. (PTE-060)
Warning: No clock-gating check is inferred for clock VS_CLK at pins u_LOGIC_CENTER/CENTER1/ANCTL/U53/S and u_LOGIC_CENTER/CENTER1/ANCTL/U53/I0 of cell u_LOGIC_CENTER/CENTER1/ANCTL/U53. (PTE-060)
Warning: No clock-gating check is inferred for clock STB_CLK at pins u_LOGIC_CENTER/CENTER1/ANCTL/U53/S and u_LOGIC_CENTER/CENTER1/ANCTL/U53/I1 of cell u_LOGIC_CENTER/CENTER1/ANCTL/U53. (PTE-060)
Warning: No clock-gating check is inferred for clock CLK_L0_DTCTL_OD_DIV1P5 at pins u_LOGIC_CENTER/CENTER1/TOTAL_DTCTL/DTCTL_L0/U343/A1 and u_LOGIC_CENTER/CENTER1/TOTAL_DTCTL/DTCTL_L0/U343/A2 of cell u_LOGIC_CENTER/CENTER1/TOTAL_DTCTL/DTCTL_L0/U343. (PTE-060)
Warning: No clock-gating check is inferred for clock RX0_CLK_DIV1P5 at pins u_LOGIC_CENTER/CENTER1/TOTAL_DTCTL/DTCTL_L0/U343/A1 and u_LOGIC_CENTER/CENTER1/TOTAL_DTCTL/DTCTL_L0/U343/A2 of cell u_LOGIC_CENTER/CENTER1/TOTAL_DTCTL/DTCTL_L0/U343. (PTE-060)
Warning: No clock-gating check is inferred for clock CLK_L0_DTCTL_OD_DIV1P5 at pins u_LOGIC_CENTER/CENTER1/TOTAL_DTCTL/DTCTL_L0/U343/B1 and u_LOGIC_CENTER/CENTER1/TOTAL_DTCTL/DTCTL_L0/U343/A2 of cell u_LOGIC_CENTER/CENTER1/TOTAL_DTCTL/DTCTL_L0/U343. (PTE-060)
Warning: No clock-gating check is inferred for clock RX0_CLK_DIV1P5 at pins u_LOGIC_CENTER/CENTER1/TOTAL_DTCTL/DTCTL_L0/U343/B1 and u_LOGIC_CENTER/CENTER1/TOTAL_DTCTL/DTCTL_L0/U343/A2 of cell u_LOGIC_CENTER/CENTER1/TOTAL_DTCTL/DTCTL_L0/U343. (PTE-060)
Warning: No clock-gating check is inferred for clock CLK_L0_DTCTL_OD_DIV1P5 at pins u_LOGIC_CENTER/CENTER1/TOTAL_DTCTL/DTCTL_L0/U343/A1 and u_LOGIC_CENTER/CENTER1/TOTAL_DTCTL/DTCTL_L0/U343/B2 of cell u_LOGIC_CENTER/CENTER1/TOTAL_DTCTL/DTCTL_L0/U343. (PTE-060)
Warning: No clock-gating check is inferred for clock RX0_CLK_DIV1P5 at pins u_LOGIC_CENTER/CENTER1/TOTAL_DTCTL/DTCTL_L0/U343/A1 and u_LOGIC_CENTER/CENTER1/TOTAL_DTCTL/DTCTL_L0/U343/B2 of cell u_LOGIC_CENTER/CENTER1/TOTAL_DTCTL/DTCTL_L0/U343. (PTE-060)
Warning: No clock-gating check is inferred for clock CLK_L0_DTCTL_OD_DIV1P5 at pins u_LOGIC_CENTER/CENTER1/TOTAL_DTCTL/DTCTL_L0/U343/B1 and u_LOGIC_CENTER/CENTER1/TOTAL_DTCTL/DTCTL_L0/U343/B2 of cell u_LOGIC_CENTER/CENTER1/TOTAL_DTCTL/DTCTL_L0/U343. (PTE-060)
Warning: No clock-gating check is inferred for clock RX0_CLK_DIV1P5 at pins u_LOGIC_CENTER/CENTER1/TOTAL_DTCTL/DTCTL_L0/U343/B1 and u_LOGIC_CENTER/CENTER1/TOTAL_DTCTL/DTCTL_L0/U343/B2 of cell u_LOGIC_CENTER/CENTER1/TOTAL_DTCTL/DTCTL_L0/U343. (PTE-060)
Warning: No clock-gating check is inferred for clock CLK_L1_ADJ_DTCTL_OD_DIV1P5 at pins u_LOGIC_CENTER/CENTER1/TOTAL_DTCTL/DTCTL_COMB/U12/A1 and u_LOGIC_CENTER/CENTER1/TOTAL_DTCTL/DTCTL_COMB/U12/A2 of cell u_LOGIC_CENTER/CENTER1/TOTAL_DTCTL/DTCTL_COMB/U12. (PTE-060)
Warning: No clock-gating check is inferred for clock RX1_CLK_DIV1P5_ADJ at pins u_LOGIC_CENTER/CENTER1/TOTAL_DTCTL/DTCTL_COMB/U12/A1 and u_LOGIC_CENTER/CENTER1/TOTAL_DTCTL/DTCTL_COMB/U12/A2 of cell u_LOGIC_CENTER/CENTER1/TOTAL_DTCTL/DTCTL_COMB/U12. (PTE-060)
Warning: No clock-gating check is inferred for clock CLK_L1_ADJ_DTCTL_OD_DIV1P5 at pins u_LOGIC_CENTER/CENTER1/TOTAL_DTCTL/DTCTL_COMB/U12/B1 and u_LOGIC_CENTER/CENTER1/TOTAL_DTCTL/DTCTL_COMB/U12/A2 of cell u_LOGIC_CENTER/CENTER1/TOTAL_DTCTL/DTCTL_COMB/U12. (PTE-060)
Warning: No clock-gating check is inferred for clock RX1_CLK_DIV1P5_ADJ at pins u_LOGIC_CENTER/CENTER1/TOTAL_DTCTL/DTCTL_COMB/U12/B1 and u_LOGIC_CENTER/CENTER1/TOTAL_DTCTL/DTCTL_COMB/U12/A2 of cell u_LOGIC_CENTER/CENTER1/TOTAL_DTCTL/DTCTL_COMB/U12. (PTE-060)
Warning: No clock-gating check is inferred for clock CLK_L0_DTCTL_OD_DIV1P5 at pins u_LOGIC_CENTER/CENTER1/TOTAL_DTCTL/DTCTL_COMB/U12/A1 and u_LOGIC_CENTER/CENTER1/TOTAL_DTCTL/DTCTL_COMB/U12/B2 of cell u_LOGIC_CENTER/CENTER1/TOTAL_DTCTL/DTCTL_COMB/U12. (PTE-060)
Warning: No clock-gating check is inferred for clock RX0_CLK_DIV1P5 at pins u_LOGIC_CENTER/CENTER1/TOTAL_DTCTL/DTCTL_COMB/U12/A1 and u_LOGIC_CENTER/CENTER1/TOTAL_DTCTL/DTCTL_COMB/U12/B2 of cell u_LOGIC_CENTER/CENTER1/TOTAL_DTCTL/DTCTL_COMB/U12. (PTE-060)
Warning: No clock-gating check is inferred for clock CLK_L0_DTCTL_OD_DIV1P5 at pins u_LOGIC_CENTER/CENTER1/TOTAL_DTCTL/DTCTL_COMB/U12/B1 and u_LOGIC_CENTER/CENTER1/TOTAL_DTCTL/DTCTL_COMB/U12/B2 of cell u_LOGIC_CENTER/CENTER1/TOTAL_DTCTL/DTCTL_COMB/U12. (PTE-060)
Warning: No clock-gating check is inferred for clock RX0_CLK_DIV1P5 at pins u_LOGIC_CENTER/CENTER1/TOTAL_DTCTL/DTCTL_COMB/U12/B1 and u_LOGIC_CENTER/CENTER1/TOTAL_DTCTL/DTCTL_COMB/U12/B2 of cell u_LOGIC_CENTER/CENTER1/TOTAL_DTCTL/DTCTL_COMB/U12. (PTE-060)
Warning: No clock-gating check is inferred for clock RX0_CLK_DIV1P5_1P at pins u_LOGIC_CENTER/CENTER1/TOTAL_DTCTL/DTCTL_COMB/U15/B1 and u_LOGIC_CENTER/CENTER1/TOTAL_DTCTL/DTCTL_COMB/U15/B2 of cell u_LOGIC_CENTER/CENTER1/TOTAL_DTCTL/DTCTL_COMB/U15. (PTE-060)
Warning: No clock-gating check is inferred for clock RX0_CLK_DIV1P5_1P at pins u_LOGIC_CENTER/CENTER1/TOTAL_DTCTL/DTCTL_COMB/U15/C1 and u_LOGIC_CENTER/CENTER1/TOTAL_DTCTL/DTCTL_COMB/U15/B2 of cell u_LOGIC_CENTER/CENTER1/TOTAL_DTCTL/DTCTL_COMB/U15. (PTE-060)
Warning: No clock-gating check is inferred for clock RX0_CLK_DIV1P5_1P at pins u_LOGIC_CENTER/CENTER1/TOTAL_DTCTL/DTCTL_COMB/U15/A1 and u_LOGIC_CENTER/CENTER1/TOTAL_DTCTL/DTCTL_COMB/U15/B2 of cell u_LOGIC_CENTER/CENTER1/TOTAL_DTCTL/DTCTL_COMB/U15. (PTE-060)
Warning: No clock-gating check is inferred for clock RX0_CLK_DIV1P5_1P at pins u_LOGIC_CENTER/CENTER1/TOTAL_DTCTL/DTCTL_COMB/U15/B1 and u_LOGIC_CENTER/CENTER1/TOTAL_DTCTL/DTCTL_COMB/U15/C2 of cell u_LOGIC_CENTER/CENTER1/TOTAL_DTCTL/DTCTL_COMB/U15. (PTE-060)
Warning: No clock-gating check is inferred for clock RX0_CLK_DIV1P5_1P at pins u_LOGIC_CENTER/CENTER1/TOTAL_DTCTL/DTCTL_COMB/U15/C1 and u_LOGIC_CENTER/CENTER1/TOTAL_DTCTL/DTCTL_COMB/U15/C2 of cell u_LOGIC_CENTER/CENTER1/TOTAL_DTCTL/DTCTL_COMB/U15. (PTE-060)
Warning: No clock-gating check is inferred for clock RX0_CLK_DIV1P5_1P at pins u_LOGIC_CENTER/CENTER1/TOTAL_DTCTL/DTCTL_COMB/U15/A1 and u_LOGIC_CENTER/CENTER1/TOTAL_DTCTL/DTCTL_COMB/U15/C2 of cell u_LOGIC_CENTER/CENTER1/TOTAL_DTCTL/DTCTL_COMB/U15. (PTE-060)
Warning: No clock-gating check is inferred for clock CLK_L0_DTCTL_OD_DIV1P5 at pins u_LOGIC_CENTER/CENTER1/TOTAL_DTCTL/DTCTL_COMB/U13/A1 and u_LOGIC_CENTER/CENTER1/TOTAL_DTCTL/DTCTL_COMB/U13/A2 of cell u_LOGIC_CENTER/CENTER1/TOTAL_DTCTL/DTCTL_COMB/U13. (PTE-060)
Warning: No clock-gating check is inferred for clock RX0_CLK_DIV1P5 at pins u_LOGIC_CENTER/CENTER1/TOTAL_DTCTL/DTCTL_COMB/U13/A1 and u_LOGIC_CENTER/CENTER1/TOTAL_DTCTL/DTCTL_COMB/U13/A2 of cell u_LOGIC_CENTER/CENTER1/TOTAL_DTCTL/DTCTL_COMB/U13. (PTE-060)
Warning: No clock-gating check is inferred for clock CLK_L0_DTCTL_OD_DIV1P5 at pins u_LOGIC_CENTER/CENTER1/TOTAL_DTCTL/DTCTL_COMB/U13/B1 and u_LOGIC_CENTER/CENTER1/TOTAL_DTCTL/DTCTL_COMB/U13/A2 of cell u_LOGIC_CENTER/CENTER1/TOTAL_DTCTL/DTCTL_COMB/U13. (PTE-060)
Warning: No clock-gating check is inferred for clock RX0_CLK_DIV1P5 at pins u_LOGIC_CENTER/CENTER1/TOTAL_DTCTL/DTCTL_COMB/U13/B1 and u_LOGIC_CENTER/CENTER1/TOTAL_DTCTL/DTCTL_COMB/U13/A2 of cell u_LOGIC_CENTER/CENTER1/TOTAL_DTCTL/DTCTL_COMB/U13. (PTE-060)
Warning: No clock-gating check is inferred for clock CLK_L1_ADJ_DTCTL_OD_DIV1P5 at pins u_LOGIC_CENTER/CENTER1/TOTAL_DTCTL/DTCTL_COMB/U13/A1 and u_LOGIC_CENTER/CENTER1/TOTAL_DTCTL/DTCTL_COMB/U13/B2 of cell u_LOGIC_CENTER/CENTER1/TOTAL_DTCTL/DTCTL_COMB/U13. (PTE-060)
Warning: No clock-gating check is inferred for clock RX1_CLK_DIV1P5_ADJ at pins u_LOGIC_CENTER/CENTER1/TOTAL_DTCTL/DTCTL_COMB/U13/A1 and u_LOGIC_CENTER/CENTER1/TOTAL_DTCTL/DTCTL_COMB/U13/B2 of cell u_LOGIC_CENTER/CENTER1/TOTAL_DTCTL/DTCTL_COMB/U13. (PTE-060)
Warning: No clock-gating check is inferred for clock CLK_L1_ADJ_DTCTL_OD_DIV1P5 at pins u_LOGIC_CENTER/CENTER1/TOTAL_DTCTL/DTCTL_COMB/U13/B1 and u_LOGIC_CENTER/CENTER1/TOTAL_DTCTL/DTCTL_COMB/U13/B2 of cell u_LOGIC_CENTER/CENTER1/TOTAL_DTCTL/DTCTL_COMB/U13. (PTE-060)
Warning: No clock-gating check is inferred for clock RX1_CLK_DIV1P5_ADJ at pins u_LOGIC_CENTER/CENTER1/TOTAL_DTCTL/DTCTL_COMB/U13/B1 and u_LOGIC_CENTER/CENTER1/TOTAL_DTCTL/DTCTL_COMB/U13/B2 of cell u_LOGIC_CENTER/CENTER1/TOTAL_DTCTL/DTCTL_COMB/U13. (PTE-060)
Warning: No clock-gating check is inferred for clock OSC_CLK_IN at pins u_LOGIC_CENTER/LINK_LOGIC/LC_MONBLOCK/U32/B1 and u_LOGIC_CENTER/LINK_LOGIC/LC_MONBLOCK/U32/B2 of cell u_LOGIC_CENTER/LINK_LOGIC/LC_MONBLOCK/U32. (PTE-060)
Warning: No clock-gating check is inferred for clock OSC_CLK_IN at pins u_LOGIC_CENTER/LINK_LOGIC/LC_MONBLOCK/U32/C1 and u_LOGIC_CENTER/LINK_LOGIC/LC_MONBLOCK/U32/B2 of cell u_LOGIC_CENTER/LINK_LOGIC/LC_MONBLOCK/U32. (PTE-060)
Warning: No clock-gating check is inferred for clock OSC_CLK_IN at pins u_LOGIC_CENTER/LINK_LOGIC/LC_MONBLOCK/U32/C2 and u_LOGIC_CENTER/LINK_LOGIC/LC_MONBLOCK/U32/B2 of cell u_LOGIC_CENTER/LINK_LOGIC/LC_MONBLOCK/U32. (PTE-060)
Warning: No clock-gating check is inferred for clock OSC_CLK_IN at pins u_LOGIC_CENTER/LINK_LOGIC/LC_MONBLOCK/U32/A1 and u_LOGIC_CENTER/LINK_LOGIC/LC_MONBLOCK/U32/B2 of cell u_LOGIC_CENTER/LINK_LOGIC/LC_MONBLOCK/U32. (PTE-060)
Warning: No clock-gating check is inferred for clock CLK_L0_DTCTL_OD_DIV1P5 at pins u_LOGIC_CENTER/LINK_LOGIC/LC_MONBLOCK/U33/B1B and u_LOGIC_CENTER/LINK_LOGIC/LC_MONBLOCK/U33/B2B of cell u_LOGIC_CENTER/LINK_LOGIC/LC_MONBLOCK/U33. (PTE-060)
Warning: No clock-gating check is inferred for clock CLK_L1_ADJ_DTCTL_OD_DIV1P5 at pins u_LOGIC_CENTER/LINK_LOGIC/LC_MONBLOCK/U33/B1B and u_LOGIC_CENTER/LINK_LOGIC/LC_MONBLOCK/U33/B2B of cell u_LOGIC_CENTER/LINK_LOGIC/LC_MONBLOCK/U33. (PTE-060)
Warning: No clock-gating check is inferred for clock RX1_CLK_DIV1P5_ADJ at pins u_LOGIC_CENTER/LINK_LOGIC/LC_MONBLOCK/U33/B1B and u_LOGIC_CENTER/LINK_LOGIC/LC_MONBLOCK/U33/B2B of cell u_LOGIC_CENTER/LINK_LOGIC/LC_MONBLOCK/U33. (PTE-060)
Warning: No clock-gating check is inferred for clock RX0_CLK_DIV1P5 at pins u_LOGIC_CENTER/LINK_LOGIC/LC_MONBLOCK/U33/B1B and u_LOGIC_CENTER/LINK_LOGIC/LC_MONBLOCK/U33/B2B of cell u_LOGIC_CENTER/LINK_LOGIC/LC_MONBLOCK/U33. (PTE-060)
Warning: No clock-gating check is inferred for clock RX0_CLK_DIV1P5_1P at pins u_LOGIC_CENTER/LINK_LOGIC/LC_MONBLOCK/U33/B1B and u_LOGIC_CENTER/LINK_LOGIC/LC_MONBLOCK/U33/B2B of cell u_LOGIC_CENTER/LINK_LOGIC/LC_MONBLOCK/U33. (PTE-060)
Warning: No clock-gating check is inferred for clock CLK_L0_DTCTL_OD_DIV1P5 at pins u_LOGIC_CENTER/LINK_LOGIC/LC_MONBLOCK/U24/I1 and u_LOGIC_CENTER/LINK_LOGIC/LC_MONBLOCK/U24/I0 of cell u_LOGIC_CENTER/LINK_LOGIC/LC_MONBLOCK/U24. (PTE-060)
Warning: No clock-gating check is inferred for clock CLK_L1_ADJ_DTCTL_OD_DIV1P5 at pins u_LOGIC_CENTER/LINK_LOGIC/LC_MONBLOCK/U24/I1 and u_LOGIC_CENTER/LINK_LOGIC/LC_MONBLOCK/U24/I0 of cell u_LOGIC_CENTER/LINK_LOGIC/LC_MONBLOCK/U24. (PTE-060)
Warning: No clock-gating check is inferred for clock RX1_CLK_DIV1P5_ADJ at pins u_LOGIC_CENTER/LINK_LOGIC/LC_MONBLOCK/U24/I1 and u_LOGIC_CENTER/LINK_LOGIC/LC_MONBLOCK/U24/I0 of cell u_LOGIC_CENTER/LINK_LOGIC/LC_MONBLOCK/U24. (PTE-060)
Warning: No clock-gating check is inferred for clock RX0_CLK_DIV1P5 at pins u_LOGIC_CENTER/LINK_LOGIC/LC_MONBLOCK/U24/I1 and u_LOGIC_CENTER/LINK_LOGIC/LC_MONBLOCK/U24/I0 of cell u_LOGIC_CENTER/LINK_LOGIC/LC_MONBLOCK/U24. (PTE-060)
Warning: No clock-gating check is inferred for clock RX0_CLK_DIV1P5_1P at pins u_LOGIC_CENTER/LINK_LOGIC/LC_MONBLOCK/U24/I1 and u_LOGIC_CENTER/LINK_LOGIC/LC_MONBLOCK/U24/I0 of cell u_LOGIC_CENTER/LINK_LOGIC/LC_MONBLOCK/U24. (PTE-060)
Warning: No clock-gating check is inferred for clock CLK_L0_DTCTL_OD_DIV1P5 at pins u_LOGIC_CENTER/LINK_LOGIC/LC_MONBLOCK/U24/S and u_LOGIC_CENTER/LINK_LOGIC/LC_MONBLOCK/U24/I0 of cell u_LOGIC_CENTER/LINK_LOGIC/LC_MONBLOCK/U24. (PTE-060)
Warning: No clock-gating check is inferred for clock CLK_L1_ADJ_DTCTL_OD_DIV1P5 at pins u_LOGIC_CENTER/LINK_LOGIC/LC_MONBLOCK/U24/S and u_LOGIC_CENTER/LINK_LOGIC/LC_MONBLOCK/U24/I0 of cell u_LOGIC_CENTER/LINK_LOGIC/LC_MONBLOCK/U24. (PTE-060)
Warning: No clock-gating check is inferred for clock RX1_CLK_DIV1P5_ADJ at pins u_LOGIC_CENTER/LINK_LOGIC/LC_MONBLOCK/U24/S and u_LOGIC_CENTER/LINK_LOGIC/LC_MONBLOCK/U24/I0 of cell u_LOGIC_CENTER/LINK_LOGIC/LC_MONBLOCK/U24. (PTE-060)
Warning: No clock-gating check is inferred for clock RX0_CLK_DIV1P5 at pins u_LOGIC_CENTER/LINK_LOGIC/LC_MONBLOCK/U24/S and u_LOGIC_CENTER/LINK_LOGIC/LC_MONBLOCK/U24/I0 of cell u_LOGIC_CENTER/LINK_LOGIC/LC_MONBLOCK/U24. (PTE-060)
Warning: No clock-gating check is inferred for clock RX0_CLK_DIV1P5_1P at pins u_LOGIC_CENTER/LINK_LOGIC/LC_MONBLOCK/U24/S and u_LOGIC_CENTER/LINK_LOGIC/LC_MONBLOCK/U24/I0 of cell u_LOGIC_CENTER/LINK_LOGIC/LC_MONBLOCK/U24. (PTE-060)
Warning: No clock-gating check is inferred for clock OSC_CLK_IN at pins u_LOGIC_CENTER/LINK_LOGIC/LC_MONBLOCK/U25/A1 and u_LOGIC_CENTER/LINK_LOGIC/LC_MONBLOCK/U25/C2 of cell u_LOGIC_CENTER/LINK_LOGIC/LC_MONBLOCK/U25. (PTE-060)
Warning: No clock-gating check is inferred for clock OSC_CLK_IN at pins u_LOGIC_CENTER/LINK_LOGIC/LC_MONBLOCK/U25/A2 and u_LOGIC_CENTER/LINK_LOGIC/LC_MONBLOCK/U25/C2 of cell u_LOGIC_CENTER/LINK_LOGIC/LC_MONBLOCK/U25. (PTE-060)
Warning: No clock-gating check is inferred for clock OSC_CLK_IN at pins u_LOGIC_CENTER/LINK_LOGIC/LC_MONBLOCK/U25/B1 and u_LOGIC_CENTER/LINK_LOGIC/LC_MONBLOCK/U25/C2 of cell u_LOGIC_CENTER/LINK_LOGIC/LC_MONBLOCK/U25. (PTE-060)
Warning: No clock-gating check is inferred for clock OSC_CLK_IN at pins u_LOGIC_CENTER/LINK_LOGIC/LC_MONBLOCK/U25/B2 and u_LOGIC_CENTER/LINK_LOGIC/LC_MONBLOCK/U25/C2 of cell u_LOGIC_CENTER/LINK_LOGIC/LC_MONBLOCK/U25. (PTE-060)
Warning: No clock-gating check is inferred for clock OSC_CLK_IN at pins u_LOGIC_CENTER/LINK_LOGIC/LC_MONBLOCK/U25/C1 and u_LOGIC_CENTER/LINK_LOGIC/LC_MONBLOCK/U25/C2 of cell u_LOGIC_CENTER/LINK_LOGIC/LC_MONBLOCK/U25. (PTE-060)
Warning: No clock-gating check is inferred for clock OSC_CLK_IN at pins u_LOGIC_CENTER/LINK_LOGIC/LC_MONBLOCK/U25/D1 and u_LOGIC_CENTER/LINK_LOGIC/LC_MONBLOCK/U25/C2 of cell u_LOGIC_CENTER/LINK_LOGIC/LC_MONBLOCK/U25. (PTE-060)
Warning: No clock-gating check is inferred for clock OSC_CLK_IN at pins u_LOGIC_CENTER/LINK_LOGIC/LC_MONBLOCK/U25/D2 and u_LOGIC_CENTER/LINK_LOGIC/LC_MONBLOCK/U25/C2 of cell u_LOGIC_CENTER/LINK_LOGIC/LC_MONBLOCK/U25. (PTE-060)
Warning: No clock-gating check is inferred for clock OSC_CLK_IN at pins u_LOGIC_CENTER/LINK_LOGIC/LC_MONBLOCK/U27/I1 and u_LOGIC_CENTER/LINK_LOGIC/LC_MONBLOCK/U27/I0 of cell u_LOGIC_CENTER/LINK_LOGIC/LC_MONBLOCK/U27. (PTE-060)
Warning: No clock-gating check is inferred for clock OSC_CLK_IN at pins u_LOGIC_CENTER/LINK_LOGIC/LC_MONBLOCK/U27/S and u_LOGIC_CENTER/LINK_LOGIC/LC_MONBLOCK/U27/I0 of cell u_LOGIC_CENTER/LINK_LOGIC/LC_MONBLOCK/U27. (PTE-060)
Warning: No clock-gating check is inferred for clock CLK_L0_DTCTL_OD_DIV1P5 at pins u_LOGIC_CENTER/LINK_LOGIC/LC_MONBLOCK/U18/A1 and u_LOGIC_CENTER/LINK_LOGIC/LC_MONBLOCK/U18/C2 of cell u_LOGIC_CENTER/LINK_LOGIC/LC_MONBLOCK/U18. (PTE-060)
Warning: No clock-gating check is inferred for clock CLK_L1_ADJ_DTCTL_OD_DIV1P5 at pins u_LOGIC_CENTER/LINK_LOGIC/LC_MONBLOCK/U18/A1 and u_LOGIC_CENTER/LINK_LOGIC/LC_MONBLOCK/U18/C2 of cell u_LOGIC_CENTER/LINK_LOGIC/LC_MONBLOCK/U18. (PTE-060)
Warning: No clock-gating check is inferred for clock RX1_CLK_DIV1P5_ADJ at pins u_LOGIC_CENTER/LINK_LOGIC/LC_MONBLOCK/U18/A1 and u_LOGIC_CENTER/LINK_LOGIC/LC_MONBLOCK/U18/C2 of cell u_LOGIC_CENTER/LINK_LOGIC/LC_MONBLOCK/U18. (PTE-060)
Warning: No clock-gating check is inferred for clock RX0_CLK_DIV1P5 at pins u_LOGIC_CENTER/LINK_LOGIC/LC_MONBLOCK/U18/A1 and u_LOGIC_CENTER/LINK_LOGIC/LC_MONBLOCK/U18/C2 of cell u_LOGIC_CENTER/LINK_LOGIC/LC_MONBLOCK/U18. (PTE-060)
Warning: No clock-gating check is inferred for clock RX0_CLK_DIV1P5_1P at pins u_LOGIC_CENTER/LINK_LOGIC/LC_MONBLOCK/U18/A1 and u_LOGIC_CENTER/LINK_LOGIC/LC_MONBLOCK/U18/C2 of cell u_LOGIC_CENTER/LINK_LOGIC/LC_MONBLOCK/U18. (PTE-060)
Warning: No clock-gating check is inferred for clock CLK_L0_DTCTL_OD_DIV1P5 at pins u_LOGIC_CENTER/LINK_LOGIC/LC_MONBLOCK/U18/A2 and u_LOGIC_CENTER/LINK_LOGIC/LC_MONBLOCK/U18/C2 of cell u_LOGIC_CENTER/LINK_LOGIC/LC_MONBLOCK/U18. (PTE-060)
Warning: No clock-gating check is inferred for clock CLK_L1_ADJ_DTCTL_OD_DIV1P5 at pins u_LOGIC_CENTER/LINK_LOGIC/LC_MONBLOCK/U18/A2 and u_LOGIC_CENTER/LINK_LOGIC/LC_MONBLOCK/U18/C2 of cell u_LOGIC_CENTER/LINK_LOGIC/LC_MONBLOCK/U18. (PTE-060)
Warning: No clock-gating check is inferred for clock RX1_CLK_DIV1P5_ADJ at pins u_LOGIC_CENTER/LINK_LOGIC/LC_MONBLOCK/U18/A2 and u_LOGIC_CENTER/LINK_LOGIC/LC_MONBLOCK/U18/C2 of cell u_LOGIC_CENTER/LINK_LOGIC/LC_MONBLOCK/U18. (PTE-060)
Warning: No clock-gating check is inferred for clock RX0_CLK_DIV1P5 at pins u_LOGIC_CENTER/LINK_LOGIC/LC_MONBLOCK/U18/A2 and u_LOGIC_CENTER/LINK_LOGIC/LC_MONBLOCK/U18/C2 of cell u_LOGIC_CENTER/LINK_LOGIC/LC_MONBLOCK/U18. (PTE-060)
Warning: No clock-gating check is inferred for clock RX0_CLK_DIV1P5_1P at pins u_LOGIC_CENTER/LINK_LOGIC/LC_MONBLOCK/U18/A2 and u_LOGIC_CENTER/LINK_LOGIC/LC_MONBLOCK/U18/C2 of cell u_LOGIC_CENTER/LINK_LOGIC/LC_MONBLOCK/U18. (PTE-060)
Warning: No clock-gating check is inferred for clock CLK_L0_DTCTL_OD_DIV1P5 at pins u_LOGIC_CENTER/LINK_LOGIC/LC_MONBLOCK/U18/B1 and u_LOGIC_CENTER/LINK_LOGIC/LC_MONBLOCK/U18/C2 of cell u_LOGIC_CENTER/LINK_LOGIC/LC_MONBLOCK/U18. (PTE-060)
Warning: No clock-gating check is inferred for clock CLK_L1_ADJ_DTCTL_OD_DIV1P5 at pins u_LOGIC_CENTER/LINK_LOGIC/LC_MONBLOCK/U18/B1 and u_LOGIC_CENTER/LINK_LOGIC/LC_MONBLOCK/U18/C2 of cell u_LOGIC_CENTER/LINK_LOGIC/LC_MONBLOCK/U18. (PTE-060)
Warning: No clock-gating check is inferred for clock RX1_CLK_DIV1P5_ADJ at pins u_LOGIC_CENTER/LINK_LOGIC/LC_MONBLOCK/U18/B1 and u_LOGIC_CENTER/LINK_LOGIC/LC_MONBLOCK/U18/C2 of cell u_LOGIC_CENTER/LINK_LOGIC/LC_MONBLOCK/U18. (PTE-060)
Warning: No clock-gating check is inferred for clock RX0_CLK_DIV1P5 at pins u_LOGIC_CENTER/LINK_LOGIC/LC_MONBLOCK/U18/B1 and u_LOGIC_CENTER/LINK_LOGIC/LC_MONBLOCK/U18/C2 of cell u_LOGIC_CENTER/LINK_LOGIC/LC_MONBLOCK/U18. (PTE-060)
Warning: No clock-gating check is inferred for clock RX0_CLK_DIV1P5_1P at pins u_LOGIC_CENTER/LINK_LOGIC/LC_MONBLOCK/U18/B1 and u_LOGIC_CENTER/LINK_LOGIC/LC_MONBLOCK/U18/C2 of cell u_LOGIC_CENTER/LINK_LOGIC/LC_MONBLOCK/U18. (PTE-060)
Warning: No clock-gating check is inferred for clock CLK_L0_DTCTL_OD_DIV1P5 at pins u_LOGIC_CENTER/LINK_LOGIC/LC_MONBLOCK/U18/B2 and u_LOGIC_CENTER/LINK_LOGIC/LC_MONBLOCK/U18/C2 of cell u_LOGIC_CENTER/LINK_LOGIC/LC_MONBLOCK/U18. (PTE-060)
Warning: No clock-gating check is inferred for clock CLK_L1_ADJ_DTCTL_OD_DIV1P5 at pins u_LOGIC_CENTER/LINK_LOGIC/LC_MONBLOCK/U18/B2 and u_LOGIC_CENTER/LINK_LOGIC/LC_MONBLOCK/U18/C2 of cell u_LOGIC_CENTER/LINK_LOGIC/LC_MONBLOCK/U18. (PTE-060)
Warning: No clock-gating check is inferred for clock RX1_CLK_DIV1P5_ADJ at pins u_LOGIC_CENTER/LINK_LOGIC/LC_MONBLOCK/U18/B2 and u_LOGIC_CENTER/LINK_LOGIC/LC_MONBLOCK/U18/C2 of cell u_LOGIC_CENTER/LINK_LOGIC/LC_MONBLOCK/U18. (PTE-060)
Warning: No clock-gating check is inferred for clock RX0_CLK_DIV1P5 at pins u_LOGIC_CENTER/LINK_LOGIC/LC_MONBLOCK/U18/B2 and u_LOGIC_CENTER/LINK_LOGIC/LC_MONBLOCK/U18/C2 of cell u_LOGIC_CENTER/LINK_LOGIC/LC_MONBLOCK/U18. (PTE-060)
Warning: No clock-gating check is inferred for clock RX0_CLK_DIV1P5_1P at pins u_LOGIC_CENTER/LINK_LOGIC/LC_MONBLOCK/U18/B2 and u_LOGIC_CENTER/LINK_LOGIC/LC_MONBLOCK/U18/C2 of cell u_LOGIC_CENTER/LINK_LOGIC/LC_MONBLOCK/U18. (PTE-060)
Warning: No clock-gating check is inferred for clock CLK_L0_DTCTL_OD_DIV1P5 at pins u_LOGIC_CENTER/LINK_LOGIC/LC_MONBLOCK/U18/C1 and u_LOGIC_CENTER/LINK_LOGIC/LC_MONBLOCK/U18/C2 of cell u_LOGIC_CENTER/LINK_LOGIC/LC_MONBLOCK/U18. (PTE-060)
Warning: No clock-gating check is inferred for clock CLK_L1_ADJ_DTCTL_OD_DIV1P5 at pins u_LOGIC_CENTER/LINK_LOGIC/LC_MONBLOCK/U18/C1 and u_LOGIC_CENTER/LINK_LOGIC/LC_MONBLOCK/U18/C2 of cell u_LOGIC_CENTER/LINK_LOGIC/LC_MONBLOCK/U18. (PTE-060)
Warning: No clock-gating check is inferred for clock RX1_CLK_DIV1P5_ADJ at pins u_LOGIC_CENTER/LINK_LOGIC/LC_MONBLOCK/U18/C1 and u_LOGIC_CENTER/LINK_LOGIC/LC_MONBLOCK/U18/C2 of cell u_LOGIC_CENTER/LINK_LOGIC/LC_MONBLOCK/U18. (PTE-060)
Warning: No clock-gating check is inferred for clock RX0_CLK_DIV1P5 at pins u_LOGIC_CENTER/LINK_LOGIC/LC_MONBLOCK/U18/C1 and u_LOGIC_CENTER/LINK_LOGIC/LC_MONBLOCK/U18/C2 of cell u_LOGIC_CENTER/LINK_LOGIC/LC_MONBLOCK/U18. (PTE-060)
Warning: No clock-gating check is inferred for clock RX0_CLK_DIV1P5_1P at pins u_LOGIC_CENTER/LINK_LOGIC/LC_MONBLOCK/U18/C1 and u_LOGIC_CENTER/LINK_LOGIC/LC_MONBLOCK/U18/C2 of cell u_LOGIC_CENTER/LINK_LOGIC/LC_MONBLOCK/U18. (PTE-060)
Warning: No clock-gating check is inferred for clock CLK_L0_DTCTL_OD_DIV1P5 at pins u_LOGIC_CENTER/LINK_LOGIC/LC_MONBLOCK/U18/D1 and u_LOGIC_CENTER/LINK_LOGIC/LC_MONBLOCK/U18/C2 of cell u_LOGIC_CENTER/LINK_LOGIC/LC_MONBLOCK/U18. (PTE-060)
Warning: No clock-gating check is inferred for clock CLK_L1_ADJ_DTCTL_OD_DIV1P5 at pins u_LOGIC_CENTER/LINK_LOGIC/LC_MONBLOCK/U18/D1 and u_LOGIC_CENTER/LINK_LOGIC/LC_MONBLOCK/U18/C2 of cell u_LOGIC_CENTER/LINK_LOGIC/LC_MONBLOCK/U18. (PTE-060)
Warning: No clock-gating check is inferred for clock RX1_CLK_DIV1P5_ADJ at pins u_LOGIC_CENTER/LINK_LOGIC/LC_MONBLOCK/U18/D1 and u_LOGIC_CENTER/LINK_LOGIC/LC_MONBLOCK/U18/C2 of cell u_LOGIC_CENTER/LINK_LOGIC/LC_MONBLOCK/U18. (PTE-060)
Information: Inferring 11 clock-gating checks. (PTE-017)
Information: Starting crosstalk aware timing iteration 1. (XTALK-001)
Information: Expanding clock 'WCLK1_A_DCLK' to base period of 28.500 (old period was 14.250, added 2 edges). (PTE-016)
Information: Expanding clock 'CLK_L0_DTCTL_OD_DIV1P5' to base period of 28.500 (old period was 7.125, added 6 edges). (PTE-016)
Information: Expanding clock 'CLK_L1_ADJ_DTCTL_OD_DIV1P5' to base period of 28.500 (old period was 7.125, added 6 edges). (PTE-016)
Information: Expanding clock 'RX1_CLK_DIV1P5_ADJ' to base period of 28.500 (old period was 14.250, added 2 edges). (PTE-016)
Information: Expanding clock 'RX0_CLK_DIV1P5' to base period of 28.500 (old period was 14.250, added 2 edges). (PTE-016)
Information: Expanding clock 'CLK_L1_DTCTL_OD_DIV1P5' to base period of 28.500 (old period was 7.125, added 6 edges). (PTE-016)
Information: Expanding clock 'RX1_CLK_DIV1P5' to base period of 28.500 (old period was 14.250, added 2 edges). (PTE-016)
Information: Expanding clock 'RX0_CLK' to base period of 28.500 (old period was 9.500, added 4 edges). (PTE-016)
Information: Expanding clock 'RX0_OD_CLK_DIV2' to base period of 28.500 (old period was 9.500, added 4 edges). (PTE-016)
Information: Expanding clock 'RX0_OD_CLK' to base period of 28.500 (old period was 4.750, added 10 edges). (PTE-016)
Information: Expanding clock 'RX1_OD_CLK' to base period of 17.100 (old period was 8.550, added 2 edges). (PTE-016)
Information: Starting crosstalk aware timing iteration 2. (XTALK-001)
Information: Number of nets evaluated in the previous iteration: 9232. (XTALK-105)
1
