****************************************
Report : Switching Activity
	-hierarchy
	
Design : HV2M23_digital_top
Version: M-2017.06-SP3-3
Date   : Wed Aug 12 16:18:40 2026
****************************************

 Switching Activity Overview Statistics for "HV2M23_digital_top"
----------------------------------------------------------------------------------------------------------------------------------------------------
                  From Activity     From         From         From                                                         Not
Object Type       File (%)          SSA (%)      SCA (%)      Clock (%)    Default (%)     Propagated(%)   Implied(%)      Annotated(%)    Total
----------------------------------------------------------------------------------------------------------------------------------------------------
 Nets             10112(100.00%)    0(0.00%)     0(0.00%)     0(0.00%)     0(0.00%)        0(0.00%)        0(0.00%)        0(0.00%)        10112
----------------------------------------------------------------------------------------------------------------------------------------------------
Nets Driven by
----------------------------------------------------------------------------------------------------------------------------------------------------
Primary Input     52(100.00%)       0(0.00%)     0(0.00%)     0(0.00%)     0(0.00%)        0(0.00%)        0(0.00%)        0(0.00%)        52
Tri-State         0(0%)             0(0%)        0(0%)        0(0%)        0(0%)           0(0%)           0(0%)           0(0%)           0
Black Box         0(0%)             0(0%)        0(0%)        0(0%)        0(0%)           0(0%)           0(0%)           0(0%)           0
Sequential        1712(100.00%)     0(0.00%)     0(0.00%)     0(0.00%)     0(0.00%)        0(0.00%)        0(0.00%)        0(0.00%)        1712
Combinational     8246(100.00%)     0(0.00%)     0(0.00%)     0(0.00%)     0(0.00%)        0(0.00%)        0(0.00%)        0(0.00%)        8246
Memory            0(0%)             0(0%)        0(0%)        0(0%)        0(0%)           0(0%)           0(0%)           0(0%)           0
Clock Gate        102(100.00%)      0(0.00%)     0(0.00%)     0(0.00%)     0(0.00%)        0(0.00%)        0(0.00%)        0(0.00%)        102
------------------------------------------------------------------------------------------------------------------------
HV2M23_digital_top 10112(100.00%)   0(0.00%)     0(0.00%)     0(0.00%)     0(0.00%)        0(0.00%)        0(0.00%)        0(0.00%)        10112
APR_CDM_10        0(0%)             0(0%)        0(0%)        0(0%)        0(0%)           0(0%)           0(0%)           0(0%)           0
APR_CDM_11        0(0%)             0(0%)        0(0%)        0(0%)        0(0%)           0(0%)           0(0%)           0(0%)           0
APR_CDM_12        0(0%)             0(0%)        0(0%)        0(0%)        0(0%)           0(0%)           0(0%)           0(0%)           0
APR_CDM_13        0(0%)             0(0%)        0(0%)        0(0%)        0(0%)           0(0%)           0(0%)           0(0%)           0
APR_CDM_14        0(0%)             0(0%)        0(0%)        0(0%)        0(0%)           0(0%)           0(0%)           0(0%)           0
APR_CDM_15        0(0%)             0(0%)        0(0%)        0(0%)        0(0%)           0(0%)           0(0%)           0(0%)           0
APR_CDM_16        0(0%)             0(0%)        0(0%)        0(0%)        0(0%)           0(0%)           0(0%)           0(0%)           0
APR_CDM_17        0(0%)             0(0%)        0(0%)        0(0%)        0(0%)           0(0%)           0(0%)           0(0%)           0
APR_CDM_18        0(0%)             0(0%)        0(0%)        0(0%)        0(0%)           0(0%)           0(0%)           0(0%)           0
APR_CDM_19        0(0%)             0(0%)        0(0%)        0(0%)        0(0%)           0(0%)           0(0%)           0(0%)           0
APR_CDM_20        0(0%)             0(0%)        0(0%)        0(0%)        0(0%)           0(0%)           0(0%)           0(0%)           0
APR_CDM_21        0(0%)             0(0%)        0(0%)        0(0%)        0(0%)           0(0%)           0(0%)           0(0%)           0
APR_CDM_22        0(0%)             0(0%)        0(0%)        0(0%)        0(0%)           0(0%)           0(0%)           0(0%)           0
APR_CDM_23        0(0%)             0(0%)        0(0%)        0(0%)        0(0%)           0(0%)           0(0%)           0(0%)           0
APR_CDM_24        0(0%)             0(0%)        0(0%)        0(0%)        0(0%)           0(0%)           0(0%)           0(0%)           0
APR_CDM_25        0(0%)             0(0%)        0(0%)        0(0%)        0(0%)           0(0%)           0(0%)           0(0%)           0
APR_CDM_26        0(0%)             0(0%)        0(0%)        0(0%)        0(0%)           0(0%)           0(0%)           0(0%)           0
APR_CDM_27        0(0%)             0(0%)        0(0%)        0(0%)        0(0%)           0(0%)           0(0%)           0(0%)           0
APR_CDM_28        0(0%)             0(0%)        0(0%)        0(0%)        0(0%)           0(0%)           0(0%)           0(0%)           0
APR_CDM_29        0(0%)             0(0%)        0(0%)        0(0%)        0(0%)           0(0%)           0(0%)           0(0%)           0
APR_CDM_30        0(0%)             0(0%)        0(0%)        0(0%)        0(0%)           0(0%)           0(0%)           0(0%)           0
APR_CDM_31        0(0%)             0(0%)        0(0%)        0(0%)        0(0%)           0(0%)           0(0%)           0(0%)           0
APR_CDM_32        0(0%)             0(0%)        0(0%)        0(0%)        0(0%)           0(0%)           0(0%)           0(0%)           0
APR_CDM_33        0(0%)             0(0%)        0(0%)        0(0%)        0(0%)           0(0%)           0(0%)           0(0%)           0
APR_CDM_34        0(0%)             0(0%)        0(0%)        0(0%)        0(0%)           0(0%)           0(0%)           0(0%)           0
APR_CDM_35        0(0%)             0(0%)        0(0%)        0(0%)        0(0%)           0(0%)           0(0%)           0(0%)           0
APR_CDM_36        0(0%)             0(0%)        0(0%)        0(0%)        0(0%)           0(0%)           0(0%)           0(0%)           0
APR_CDM_37        0(0%)             0(0%)        0(0%)        0(0%)        0(0%)           0(0%)           0(0%)           0(0%)           0
APR_CDM_38        0(0%)             0(0%)        0(0%)        0(0%)        0(0%)           0(0%)           0(0%)           0(0%)           0
APR_CDM_39        0(0%)             0(0%)        0(0%)        0(0%)        0(0%)           0(0%)           0(0%)           0(0%)           0
APR_CDM_40        0(0%)             0(0%)        0(0%)        0(0%)        0(0%)           0(0%)           0(0%)           0(0%)           0
APR_CDM_41        0(0%)             0(0%)        0(0%)        0(0%)        0(0%)           0(0%)           0(0%)           0(0%)           0
APR_CDM_42        0(0%)             0(0%)        0(0%)        0(0%)        0(0%)           0(0%)           0(0%)           0(0%)           0
APR_CDM_43        0(0%)             0(0%)        0(0%)        0(0%)        0(0%)           0(0%)           0(0%)           0(0%)           0
APR_CDM_44        0(0%)             0(0%)        0(0%)        0(0%)        0(0%)           0(0%)           0(0%)           0(0%)           0
APR_CDM_45        0(0%)             0(0%)        0(0%)        0(0%)        0(0%)           0(0%)           0(0%)           0(0%)           0
APR_CDM_46        0(0%)             0(0%)        0(0%)        0(0%)        0(0%)           0(0%)           0(0%)           0(0%)           0
APR_CDM_47        0(0%)             0(0%)        0(0%)        0(0%)        0(0%)           0(0%)           0(0%)           0(0%)           0
APR_CDM_48        0(0%)             0(0%)        0(0%)        0(0%)        0(0%)           0(0%)           0(0%)           0(0%)           0
APR_CDM_49        0(0%)             0(0%)        0(0%)        0(0%)        0(0%)           0(0%)           0(0%)           0(0%)           0
APR_CDM_50        0(0%)             0(0%)        0(0%)        0(0%)        0(0%)           0(0%)           0(0%)           0(0%)           0
APR_CDM_51        0(0%)             0(0%)        0(0%)        0(0%)        0(0%)           0(0%)           0(0%)           0(0%)           0
u_LOGIC_CENTER    9260(100.00%)     0(0.00%)     0(0.00%)     0(0.00%)     0(0.00%)        0(0.00%)        0(0.00%)        0(0.00%)        9260
u_LOGIC_CENTER/DRA_OBUF 23(100.00%) 0(0.00%)     0(0.00%)     0(0.00%)     0(0.00%)        0(0.00%)        0(0.00%)        0(0.00%)        23
u_LOGIC_CENTER/CLKGEN_U0 124(100.00%) 0(0.00%)   0(0.00%)     0(0.00%)     0(0.00%)        0(0.00%)        0(0.00%)        0(0.00%)        124
u_LOGIC_CENTER/CLKGEN_U0/U_DCLK0_OD_DIV2 6(100.00%) 0(0.00%) 0(0.00%) 0(0.00%) 0(0.00%)    0(0.00%)        0(0.00%)        0(0.00%)        6
u_LOGIC_CENTER/CLKGEN_U0/U_DCLK0_DIV1P5 26(100.00%) 0(0.00%) 0(0.00%) 0(0.00%) 0(0.00%)    0(0.00%)        0(0.00%)        0(0.00%)        26
u_LOGIC_CENTER/CLKGEN_U0/CG_CELL_SETTING_DCLK0_DIV 4(100.00%) 0(0.00%) 0(0.00%) 0(0.00%) 0(0.00%) 0(0.00%) 0(0.00%)        0(0.00%)        4
u_LOGIC_CENTER/CLKGEN_U0/U_DCLK0_OD_DIV1P5 50(100.00%) 0(0.00%) 0(0.00%) 0(0.00%) 0(0.00%) 0(0.00%)        0(0.00%)        0(0.00%)        50
u_LOGIC_CENTER/CLKGEN_U1 92(100.00%) 0(0.00%)    0(0.00%)     0(0.00%)     0(0.00%)        0(0.00%)        0(0.00%)        0(0.00%)        92
u_LOGIC_CENTER/CLKGEN_U1/U_DCLK1_DIV1P5 27(100.00%) 0(0.00%) 0(0.00%) 0(0.00%) 0(0.00%)    0(0.00%)        0(0.00%)        0(0.00%)        27
u_LOGIC_CENTER/CLKGEN_U1/U_DCLK1_OD_DIV1P5 41(100.00%) 0(0.00%) 0(0.00%) 0(0.00%) 0(0.00%) 0(0.00%)        0(0.00%)        0(0.00%)        41
u_LOGIC_CENTER/CLKGEN_U1/U_DCLK1_OD_DIV2 7(100.00%) 0(0.00%) 0(0.00%) 0(0.00%) 0(0.00%)    0(0.00%)        0(0.00%)        0(0.00%)        7
u_LOGIC_CENTER/PAD_INBUF 12(100.00%) 0(0.00%)    0(0.00%)     0(0.00%)     0(0.00%)        0(0.00%)        0(0.00%)        0(0.00%)        12
u_LOGIC_CENTER/PAD_INBUF/SDA_DLY_BUF 9(100.00%) 0(0.00%) 0(0.00%) 0(0.00%) 0(0.00%)        0(0.00%)        0(0.00%)        0(0.00%)        9
u_LOGIC_CENTER/GMA_OBUF 21(100.00%) 0(0.00%)     0(0.00%)     0(0.00%)     0(0.00%)        0(0.00%)        0(0.00%)        0(0.00%)        21
u_LOGIC_CENTER/I2C_CTL 225(100.00%) 0(0.00%)     0(0.00%)     0(0.00%)     0(0.00%)        0(0.00%)        0(0.00%)        0(0.00%)        225
u_LOGIC_CENTER/I2C_CTL/I2C_EN_CTL 35(100.00%) 0(0.00%) 0(0.00%) 0(0.00%)   0(0.00%)        0(0.00%)        0(0.00%)        0(0.00%)        35
u_LOGIC_CENTER/I2C_CTL/I2C_ST 196(100.00%) 0(0.00%) 0(0.00%)  0(0.00%)     0(0.00%)        0(0.00%)        0(0.00%)        0(0.00%)        196
u_LOGIC_CENTER/I2C_CTL/I2C_ST/SNPS_CG_CELL_SCL_INV_REG_DATA_reg_0 4(100.00%) 0(0.00%) 0(0.00%) 0(0.00%) 0(0.00%) 0(0.00%) 0(0.00%) 0(0.00%) 4
u_LOGIC_CENTER/I2C_CTL/I2C_CLK_GEN 13(100.00%) 0(0.00%) 0(0.00%) 0(0.00%)  0(0.00%)        0(0.00%)        0(0.00%)        0(0.00%)        13
u_LOGIC_CENTER/DC_INBUF 16(100.00%) 0(0.00%)     0(0.00%)     0(0.00%)     0(0.00%)        0(0.00%)        0(0.00%)        0(0.00%)        16
u_LOGIC_CENTER/INBUF_U0 39(100.00%) 0(0.00%)     0(0.00%)     0(0.00%)     0(0.00%)        0(0.00%)        0(0.00%)        0(0.00%)        39
u_LOGIC_CENTER/INBUF_U0/DLY_INDATA0_9 2(100.00%) 0(0.00%) 0(0.00%) 0(0.00%) 0(0.00%)       0(0.00%)        0(0.00%)        0(0.00%)        2
u_LOGIC_CENTER/INBUF_U0/DLY_INDATA0_10 2(100.00%) 0(0.00%) 0(0.00%) 0(0.00%) 0(0.00%)      0(0.00%)        0(0.00%)        0(0.00%)        2
u_LOGIC_CENTER/INBUF_U0/DLY_INDATA0_11 2(100.00%) 0(0.00%) 0(0.00%) 0(0.00%) 0(0.00%)      0(0.00%)        0(0.00%)        0(0.00%)        2
u_LOGIC_CENTER/INBUF_U0/DLY_INDATA0_12 2(100.00%) 0(0.00%) 0(0.00%) 0(0.00%) 0(0.00%)      0(0.00%)        0(0.00%)        0(0.00%)        2
u_LOGIC_CENTER/INBUF_U0/DLY_INDATA0_13 2(100.00%) 0(0.00%) 0(0.00%) 0(0.00%) 0(0.00%)      0(0.00%)        0(0.00%)        0(0.00%)        2
u_LOGIC_CENTER/INBUF_U0/DLY_INDATA0_0 2(100.00%) 0(0.00%) 0(0.00%) 0(0.00%) 0(0.00%)       0(0.00%)        0(0.00%)        0(0.00%)        2
u_LOGIC_CENTER/INBUF_U0/DLY_INDATA0_14 2(100.00%) 0(0.00%) 0(0.00%) 0(0.00%) 0(0.00%)      0(0.00%)        0(0.00%)        0(0.00%)        2
u_LOGIC_CENTER/INBUF_U0/DLY_INDATA0_1 2(100.00%) 0(0.00%) 0(0.00%) 0(0.00%) 0(0.00%)       0(0.00%)        0(0.00%)        0(0.00%)        2
u_LOGIC_CENTER/INBUF_U0/DLY_INDATA0_2 2(100.00%) 0(0.00%) 0(0.00%) 0(0.00%) 0(0.00%)       0(0.00%)        0(0.00%)        0(0.00%)        2
u_LOGIC_CENTER/INBUF_U0/DLY_INDATA0_15 2(100.00%) 0(0.00%) 0(0.00%) 0(0.00%) 0(0.00%)      0(0.00%)        0(0.00%)        0(0.00%)        2
u_LOGIC_CENTER/INBUF_U0/DLY_INDATA0_16 2(100.00%) 0(0.00%) 0(0.00%) 0(0.00%) 0(0.00%)      0(0.00%)        0(0.00%)        0(0.00%)        2
u_LOGIC_CENTER/INBUF_U0/DLY_INDATA0_3 2(100.00%) 0(0.00%) 0(0.00%) 0(0.00%) 0(0.00%)       0(0.00%)        0(0.00%)        0(0.00%)        2
u_LOGIC_CENTER/INBUF_U0/DLY_INDATA0_17 2(100.00%) 0(0.00%) 0(0.00%) 0(0.00%) 0(0.00%)      0(0.00%)        0(0.00%)        0(0.00%)        2
u_LOGIC_CENTER/INBUF_U0/DLY_INDATA0_4 2(100.00%) 0(0.00%) 0(0.00%) 0(0.00%) 0(0.00%)       0(0.00%)        0(0.00%)        0(0.00%)        2
u_LOGIC_CENTER/INBUF_U0/DLY_INDATA0_5 2(100.00%) 0(0.00%) 0(0.00%) 0(0.00%) 0(0.00%)       0(0.00%)        0(0.00%)        0(0.00%)        2
u_LOGIC_CENTER/INBUF_U0/DLY_INDATA0_6 2(100.00%) 0(0.00%) 0(0.00%) 0(0.00%) 0(0.00%)       0(0.00%)        0(0.00%)        0(0.00%)        2
u_LOGIC_CENTER/INBUF_U0/DLY_INDATA0_7 2(100.00%) 0(0.00%) 0(0.00%) 0(0.00%) 0(0.00%)       0(0.00%)        0(0.00%)        0(0.00%)        2
u_LOGIC_CENTER/INBUF_U0/DLY_INDATA0_8 2(100.00%) 0(0.00%) 0(0.00%) 0(0.00%) 0(0.00%)       0(0.00%)        0(0.00%)        0(0.00%)        2
u_LOGIC_CENTER/INBUF_U1 36(100.00%) 0(0.00%)     0(0.00%)     0(0.00%)     0(0.00%)        0(0.00%)        0(0.00%)        0(0.00%)        36
u_LOGIC_CENTER/INBUF_U1/DLY_INDATA1_16 2(100.00%) 0(0.00%) 0(0.00%) 0(0.00%) 0(0.00%)      0(0.00%)        0(0.00%)        0(0.00%)        2
u_LOGIC_CENTER/INBUF_U1/DLY_INDATA1_17 2(100.00%) 0(0.00%) 0(0.00%) 0(0.00%) 0(0.00%)      0(0.00%)        0(0.00%)        0(0.00%)        2
u_LOGIC_CENTER/INBUF_U1/DLY_INDATA1_0 2(100.00%) 0(0.00%) 0(0.00%) 0(0.00%) 0(0.00%)       0(0.00%)        0(0.00%)        0(0.00%)        2
u_LOGIC_CENTER/INBUF_U1/DLY_INDATA1_1 2(100.00%) 0(0.00%) 0(0.00%) 0(0.00%) 0(0.00%)       0(0.00%)        0(0.00%)        0(0.00%)        2
u_LOGIC_CENTER/INBUF_U1/DLY_INDATA1_2 2(100.00%) 0(0.00%) 0(0.00%) 0(0.00%) 0(0.00%)       0(0.00%)        0(0.00%)        0(0.00%)        2
u_LOGIC_CENTER/INBUF_U1/DLY_INDATA1_3 2(100.00%) 0(0.00%) 0(0.00%) 0(0.00%) 0(0.00%)       0(0.00%)        0(0.00%)        0(0.00%)        2
u_LOGIC_CENTER/INBUF_U1/DLY_INDATA1_4 2(100.00%) 0(0.00%) 0(0.00%) 0(0.00%) 0(0.00%)       0(0.00%)        0(0.00%)        0(0.00%)        2
u_LOGIC_CENTER/INBUF_U1/DLY_INDATA1_5 2(100.00%) 0(0.00%) 0(0.00%) 0(0.00%) 0(0.00%)       0(0.00%)        0(0.00%)        0(0.00%)        2
u_LOGIC_CENTER/INBUF_U1/DLY_INDATA1_6 2(100.00%) 0(0.00%) 0(0.00%) 0(0.00%) 0(0.00%)       0(0.00%)        0(0.00%)        0(0.00%)        2
u_LOGIC_CENTER/INBUF_U1/DLY_INDATA1_7 2(100.00%) 0(0.00%) 0(0.00%) 0(0.00%) 0(0.00%)       0(0.00%)        0(0.00%)        0(0.00%)        2
u_LOGIC_CENTER/INBUF_U1/DLY_INDATA1_10 2(100.00%) 0(0.00%) 0(0.00%) 0(0.00%) 0(0.00%)      0(0.00%)        0(0.00%)        0(0.00%)        2
u_LOGIC_CENTER/INBUF_U1/DLY_INDATA1_8 2(100.00%) 0(0.00%) 0(0.00%) 0(0.00%) 0(0.00%)       0(0.00%)        0(0.00%)        0(0.00%)        2
u_LOGIC_CENTER/INBUF_U1/DLY_INDATA1_11 2(100.00%) 0(0.00%) 0(0.00%) 0(0.00%) 0(0.00%)      0(0.00%)        0(0.00%)        0(0.00%)        2
u_LOGIC_CENTER/INBUF_U1/DLY_INDATA1_9 2(100.00%) 0(0.00%) 0(0.00%) 0(0.00%) 0(0.00%)       0(0.00%)        0(0.00%)        0(0.00%)        2
u_LOGIC_CENTER/INBUF_U1/DLY_INDATA1_12 2(100.00%) 0(0.00%) 0(0.00%) 0(0.00%) 0(0.00%)      0(0.00%)        0(0.00%)        0(0.00%)        2
u_LOGIC_CENTER/INBUF_U1/DLY_INDATA1_13 2(100.00%) 0(0.00%) 0(0.00%) 0(0.00%) 0(0.00%)      0(0.00%)        0(0.00%)        0(0.00%)        2
u_LOGIC_CENTER/INBUF_U1/DLY_INDATA1_14 2(100.00%) 0(0.00%) 0(0.00%) 0(0.00%) 0(0.00%)      0(0.00%)        0(0.00%)        0(0.00%)        2
u_LOGIC_CENTER/INBUF_U1/DLY_INDATA1_15 2(100.00%) 0(0.00%) 0(0.00%) 0(0.00%) 0(0.00%)      0(0.00%)        0(0.00%)        0(0.00%)        2
u_LOGIC_CENTER/PAD_OBUF 8(100.00%)  0(0.00%)     0(0.00%)     0(0.00%)     0(0.00%)        0(0.00%)        0(0.00%)        0(0.00%)        8
u_LOGIC_CENTER/LINK_LOGIC 5151(100.00%) 0(0.00%) 0(0.00%)     0(0.00%)     0(0.00%)        0(0.00%)        0(0.00%)        0(0.00%)        5151
u_LOGIC_CENTER/LINK_LOGIC/SNPS_CG_CELL_DCLK1_KEY_RST_18UI_L1_EXTEND_reg_0 4(100.00%) 0(0.00%) 0(0.00%) 0(0.00%) 0(0.00%) 0(0.00%) 0(0.00%) 0(0.00%) 4
u_LOGIC_CENTER/LINK_LOGIC/CSPI_CMD_ALIGN_L0 814(100.00%) 0(0.00%) 0(0.00%) 0(0.00%) 0(0.00%) 0(0.00%)      0(0.00%)        0(0.00%)        814
u_LOGIC_CENTER/LINK_LOGIC/CSPI_CMD_ALIGN_L0/SNPS_CG_CELL_DCLK_DATA_POINT_LAT_TMP_reg_0 4(100.00%) 0(0.00%) 0(0.00%) 0(0.00%) 0(0.00%) 0(0.00%) 0(0.00%) 0(0.00%) 4
u_LOGIC_CENTER/LINK_LOGIC/CSPI_CMD_ALIGN_L0/iSP_UTC_DET_L0 284(100.00%) 0(0.00%) 0(0.00%) 0(0.00%) 0(0.00%) 0(0.00%) 0(0.00%) 0(0.00%)     284
u_LOGIC_CENTER/LINK_LOGIC/CSPI_CMD_ALIGN_L0/iSP_UTC_DET_L0/SNPS_CG_CELL_DCLK_SETTING_CNT_reg_0 4(100.00%) 0(0.00%) 0(0.00%) 0(0.00%) 0(0.00%) 0(0.00%) 0(0.00%) 0(0.00%) 4
u_LOGIC_CENTER/LINK_LOGIC/CSPI_CMD_ALIGN_L0/iSP_UTC_DET_L0/SNPS_CG_CELL_DCLK_FRM_UTC_ERR_CNT_reg_0 4(100.00%) 0(0.00%) 0(0.00%) 0(0.00%) 0(0.00%) 0(0.00%) 0(0.00%) 0(0.00%) 4
u_LOGIC_CENTER/LINK_LOGIC/CSPI_CMD_ALIGN_L0/iSP_UTC_DET_L0/SNPS_CG_CELL_DCLK_DATA_NUM_CNT_reg_0 4(100.00%) 0(0.00%) 0(0.00%) 0(0.00%) 0(0.00%) 0(0.00%) 0(0.00%) 0(0.00%) 4
u_LOGIC_CENTER/LINK_LOGIC/CSPI_CMD_ALIGN_L0/iSP_UTC_DET_L0/SNPS_CG_CELL_DCLK_UTC_CLR_reg_0 4(100.00%) 0(0.00%) 0(0.00%) 0(0.00%) 0(0.00%) 0(0.00%) 0(0.00%) 0(0.00%) 4
u_LOGIC_CENTER/LINK_LOGIC/CSPI_WD_BWDBL_POST 102(100.00%) 0(0.00%) 0(0.00%) 0(0.00%) 0(0.00%) 0(0.00%)     0(0.00%)        0(0.00%)        102
u_LOGIC_CENTER/LINK_LOGIC/CSPI_CMD_ALIGN_L1 817(100.00%) 0(0.00%) 0(0.00%) 0(0.00%) 0(0.00%) 0(0.00%)      0(0.00%)        0(0.00%)        817
u_LOGIC_CENTER/LINK_LOGIC/CSPI_CMD_ALIGN_L1/SNPS_CG_CELL_DCLK_DATA_POINT_LAT_TMP_reg_0 4(100.00%) 0(0.00%) 0(0.00%) 0(0.00%) 0(0.00%) 0(0.00%) 0(0.00%) 0(0.00%) 4
u_LOGIC_CENTER/LINK_LOGIC/CSPI_CMD_ALIGN_L1/iSP_UTC_DET_L1 279(100.00%) 0(0.00%) 0(0.00%) 0(0.00%) 0(0.00%) 0(0.00%) 0(0.00%) 0(0.00%)     279
u_LOGIC_CENTER/LINK_LOGIC/CSPI_CMD_ALIGN_L1/iSP_UTC_DET_L1/SNPS_CG_CELL_DCLK_SETTING_CNT_reg_0 4(100.00%) 0(0.00%) 0(0.00%) 0(0.00%) 0(0.00%) 0(0.00%) 0(0.00%) 0(0.00%) 4
u_LOGIC_CENTER/LINK_LOGIC/CSPI_CMD_ALIGN_L1/iSP_UTC_DET_L1/SNPS_CG_CELL_DCLK_FRM_UTC_ERR_CNT_reg_0 4(100.00%) 0(0.00%) 0(0.00%) 0(0.00%) 0(0.00%) 0(0.00%) 0(0.00%) 0(0.00%) 4
u_LOGIC_CENTER/LINK_LOGIC/CSPI_CMD_ALIGN_L1/iSP_UTC_DET_L1/SNPS_CG_CELL_DCLK_DATA_NUM_CNT_reg_0 4(100.00%) 0(0.00%) 0(0.00%) 0(0.00%) 0(0.00%) 0(0.00%) 0(0.00%) 0(0.00%) 4
u_LOGIC_CENTER/LINK_LOGIC/CSPI_CMD_ALIGN_L1/iSP_UTC_DET_L1/SNPS_CG_CELL_DCLK_UTC_CLR_reg_0 4(100.00%) 0(0.00%) 0(0.00%) 0(0.00%) 0(0.00%) 0(0.00%) 0(0.00%) 0(0.00%) 4
u_LOGIC_CENTER/LINK_LOGIC/REG_MAPPING_HV2M23 126(100.00%) 0(0.00%) 0(0.00%) 0(0.00%) 0(0.00%) 0(0.00%)     0(0.00%)        0(0.00%)        126
u_LOGIC_CENTER/LINK_LOGIC/LC_CSPIF_L0 1162(100.00%) 0(0.00%) 0(0.00%) 0(0.00%) 0(0.00%)    0(0.00%)        0(0.00%)        0(0.00%)        1162
u_LOGIC_CENTER/LINK_LOGIC/LC_CSPIF_L0/SNPS_CG_CELL_DCLK_RR_DATA_reg_0 4(100.00%) 0(0.00%) 0(0.00%) 0(0.00%) 0(0.00%) 0(0.00%) 0(0.00%) 0(0.00%) 4
u_LOGIC_CENTER/LINK_LOGIC/LC_CSPIF_L0/SNPS_CG_CELL_DCLK_B_DATA_reg_0 4(100.00%) 0(0.00%) 0(0.00%) 0(0.00%) 0(0.00%) 0(0.00%) 0(0.00%) 0(0.00%) 4
u_LOGIC_CENTER/LINK_LOGIC/LC_CSPIF_L0/CG_CELL_KEY_RST_DCLK 4(100.00%) 0(0.00%) 0(0.00%) 0(0.00%) 0(0.00%) 0(0.00%) 0(0.00%) 0(0.00%)       4
u_LOGIC_CENTER/LINK_LOGIC/LC_CSPIF_L0/SNPS_CG_CELL_DCLK_KEY_CODE_reg_0 4(100.00%) 0(0.00%) 0(0.00%) 0(0.00%) 0(0.00%) 0(0.00%) 0(0.00%) 0(0.00%) 4
u_LOGIC_CENTER/LINK_LOGIC/LC_CSPIF_L0/SNPS_CG_CELL_DCLK_SETTING_CNT_reg_0 4(100.00%) 0(0.00%) 0(0.00%) 0(0.00%) 0(0.00%) 0(0.00%) 0(0.00%) 0(0.00%) 4
u_LOGIC_CENTER/LINK_LOGIC/LC_CSPIF_L0/SNPS_CG_CELL_DCLK_DATA_24BIT_reg_0 4(100.00%) 0(0.00%) 0(0.00%) 0(0.00%) 0(0.00%) 0(0.00%) 0(0.00%) 0(0.00%) 4
u_LOGIC_CENTER/LINK_LOGIC/LC_CSPIF_L0/SNPS_CG_CELL_DCLK_DATA_24BIT_reg_1 4(100.00%) 0(0.00%) 0(0.00%) 0(0.00%) 0(0.00%) 0(0.00%) 0(0.00%) 0(0.00%) 4
u_LOGIC_CENTER/LINK_LOGIC/LC_CSPIF_L0/CG_CELL_HSR_DCLK 4(100.00%) 0(0.00%) 0(0.00%) 0(0.00%) 0(0.00%) 0(0.00%) 0(0.00%)    0(0.00%)        4
u_LOGIC_CENTER/LINK_LOGIC/LC_CSPIF_L0/CG_CELL_DLY_CNT_DCLK 4(100.00%) 0(0.00%) 0(0.00%) 0(0.00%) 0(0.00%) 0(0.00%) 0(0.00%) 0(0.00%)       4
u_LOGIC_CENTER/LINK_LOGIC/LC_CSPIF_L0/SNPS_CG_CELL_DCLK_DATA_NUM_CNT_reg_0 4(100.00%) 0(0.00%) 0(0.00%) 0(0.00%) 0(0.00%) 0(0.00%) 0(0.00%) 0(0.00%) 4
u_LOGIC_CENTER/LINK_LOGIC/LC_CSPIF_L0/SNPS_CG_CELL_HSR_DCLK_HSR_WIDTH_CNT_reg_0 4(100.00%) 0(0.00%) 0(0.00%) 0(0.00%) 0(0.00%) 0(0.00%) 0(0.00%) 0(0.00%) 4
u_LOGIC_CENTER/LINK_LOGIC/CSPI_WD_BWDBL 103(100.00%) 0(0.00%) 0(0.00%) 0(0.00%) 0(0.00%)   0(0.00%)        0(0.00%)        0(0.00%)        103
u_LOGIC_CENTER/LINK_LOGIC/LC_CSPIF_L1 535(100.00%) 0(0.00%) 0(0.00%) 0(0.00%) 0(0.00%)     0(0.00%)        0(0.00%)        0(0.00%)        535
u_LOGIC_CENTER/LINK_LOGIC/LC_CSPIF_L1/SNPS_CG_CELL_DCLK_B_DATA_reg_0 4(100.00%) 0(0.00%) 0(0.00%) 0(0.00%) 0(0.00%) 0(0.00%) 0(0.00%) 0(0.00%) 4
u_LOGIC_CENTER/LINK_LOGIC/LC_CSPIF_L1/SNPS_CG_CELL_DCLK_KEY_CODE_reg_0 4(100.00%) 0(0.00%) 0(0.00%) 0(0.00%) 0(0.00%) 0(0.00%) 0(0.00%) 0(0.00%) 4
u_LOGIC_CENTER/LINK_LOGIC/LC_CSPIF_L1/SNPS_CG_CELL_DCLK_RR_DATA_reg_0 4(100.00%) 0(0.00%) 0(0.00%) 0(0.00%) 0(0.00%) 0(0.00%) 0(0.00%) 0(0.00%) 4
u_LOGIC_CENTER/LINK_LOGIC/LC_CSPIF_L1/SNPS_CG_CELL_DCLK_DATA_24BIT_reg_0 4(100.00%) 0(0.00%) 0(0.00%) 0(0.00%) 0(0.00%) 0(0.00%) 0(0.00%) 0(0.00%) 4
u_LOGIC_CENTER/LINK_LOGIC/LC_CSPIF_L1/SNPS_CG_CELL_DCLK_DATA_24BIT_reg_1 4(100.00%) 0(0.00%) 0(0.00%) 0(0.00%) 0(0.00%) 0(0.00%) 0(0.00%) 0(0.00%) 4
u_LOGIC_CENTER/LINK_LOGIC/LC_MONBLOCK 107(100.00%) 0(0.00%) 0(0.00%) 0(0.00%) 0(0.00%)     0(0.00%)        0(0.00%)        0(0.00%)        107
u_LOGIC_CENTER/LINK_LOGIC/SNPS_CG_CELL_DCLK0_BKPOL_EN_P_L0_PRE_STORE_reg_0 4(100.00%) 0(0.00%) 0(0.00%) 0(0.00%) 0(0.00%) 0(0.00%) 0(0.00%) 0(0.00%) 4
u_LOGIC_CENTER/LINK_LOGIC/RSTN_POFF_CTL 39(100.00%) 0(0.00%) 0(0.00%) 0(0.00%) 0(0.00%)    0(0.00%)        0(0.00%)        0(0.00%)        39
u_LOGIC_CENTER/LINK_LOGIC/LC_CPUWR_HV2M23 556(100.00%) 0(0.00%) 0(0.00%) 0(0.00%) 0(0.00%) 0(0.00%)        0(0.00%)        0(0.00%)        556
u_LOGIC_CENTER/LINK_LOGIC/LC_CPUWR_HV2M23/SNPS_CG_CELL_WCK1_A_R_REG_0_reg_0 4(100.00%) 0(0.00%) 0(0.00%) 0(0.00%) 0(0.00%) 0(0.00%) 0(0.00%) 0(0.00%) 4
u_LOGIC_CENTER/LINK_LOGIC/LC_CPUWR_HV2M23/SNPS_CG_CELL_WCK1_A_R_REG_5_reg_0 4(100.00%) 0(0.00%) 0(0.00%) 0(0.00%) 0(0.00%) 0(0.00%) 0(0.00%) 0(0.00%) 4
u_LOGIC_CENTER/LINK_LOGIC/LC_CPUWR_HV2M23/SNPS_CG_CELL_WCK1_A_R_REG_1_reg_0 4(100.00%) 0(0.00%) 0(0.00%) 0(0.00%) 0(0.00%) 0(0.00%) 0(0.00%) 0(0.00%) 4
u_LOGIC_CENTER/LINK_LOGIC/LC_CPUWR_HV2M23/SNPS_CG_CELL_WCK1_A_R_REG_6_reg_0 4(100.00%) 0(0.00%) 0(0.00%) 0(0.00%) 0(0.00%) 0(0.00%) 0(0.00%) 0(0.00%) 4
u_LOGIC_CENTER/LINK_LOGIC/LC_CPUWR_HV2M23/SNPS_CG_CELL_WCK1_A_R_REG_34_reg_0 6(100.00%) 0(0.00%) 0(0.00%) 0(0.00%) 0(0.00%) 0(0.00%) 0(0.00%) 0(0.00%) 6
u_LOGIC_CENTER/LINK_LOGIC/LC_CPUWR_HV2M23/SNPS_CG_CELL_WCK1_A_R_REG_39_reg_0 4(100.00%) 0(0.00%) 0(0.00%) 0(0.00%) 0(0.00%) 0(0.00%) 0(0.00%) 0(0.00%) 4
u_LOGIC_CENTER/LINK_LOGIC/LC_CPUWR_HV2M23/SNPS_CG_CELL_WCK1_A_R_REG_10_reg_0 4(100.00%) 0(0.00%) 0(0.00%) 0(0.00%) 0(0.00%) 0(0.00%) 0(0.00%) 0(0.00%) 4
u_LOGIC_CENTER/LINK_LOGIC/LC_CPUWR_HV2M23/SNPS_CG_CELL_WCK1_A_R_REG_42_reg_0 4(100.00%) 0(0.00%) 0(0.00%) 0(0.00%) 0(0.00%) 0(0.00%) 0(0.00%) 0(0.00%) 4
u_LOGIC_CENTER/LINK_LOGIC/LC_CPUWR_HV2M23/SNPS_CG_CELL_WCK1_A_R_REG_2_reg_0 4(100.00%) 0(0.00%) 0(0.00%) 0(0.00%) 0(0.00%) 0(0.00%) 0(0.00%) 0(0.00%) 4
u_LOGIC_CENTER/LINK_LOGIC/LC_CPUWR_HV2M23/SNPS_CG_CELL_WCK1_A_R_REG_47_reg_0 4(100.00%) 0(0.00%) 0(0.00%) 0(0.00%) 0(0.00%) 0(0.00%) 0(0.00%) 0(0.00%) 4
u_LOGIC_CENTER/LINK_LOGIC/LC_CPUWR_HV2M23/SNPS_CG_CELL_WCK1_A_R_REG_7_reg_0 4(100.00%) 0(0.00%) 0(0.00%) 0(0.00%) 0(0.00%) 0(0.00%) 0(0.00%) 0(0.00%) 4
u_LOGIC_CENTER/LINK_LOGIC/LC_CPUWR_HV2M23/SNPS_CG_CELL_WCK1_A_R_REG_35_reg_0 6(100.00%) 0(0.00%) 0(0.00%) 0(0.00%) 0(0.00%) 0(0.00%) 0(0.00%) 0(0.00%) 6
u_LOGIC_CENTER/LINK_LOGIC/LC_CPUWR_HV2M23/SNPS_CG_CELL_WCK1_A_R_REG_50_reg_0 4(100.00%) 0(0.00%) 0(0.00%) 0(0.00%) 0(0.00%) 0(0.00%) 0(0.00%) 0(0.00%) 4
u_LOGIC_CENTER/LINK_LOGIC/LC_CPUWR_HV2M23/SNPS_CG_CELL_WCK1_A_R_REG_11_reg_0 4(100.00%) 0(0.00%) 0(0.00%) 0(0.00%) 0(0.00%) 0(0.00%) 0(0.00%) 0(0.00%) 4
u_LOGIC_CENTER/LINK_LOGIC/LC_CPUWR_HV2M23/SNPS_CG_CELL_WCK1_A_R_REG_43_reg_0 4(100.00%) 0(0.00%) 0(0.00%) 0(0.00%) 0(0.00%) 0(0.00%) 0(0.00%) 0(0.00%) 4
u_LOGIC_CENTER/LINK_LOGIC/LC_CPUWR_HV2M23/SNPS_CG_CELL_WCK1_A_R_REG_3_reg_0 4(100.00%) 0(0.00%) 0(0.00%) 0(0.00%) 0(0.00%) 0(0.00%) 0(0.00%) 0(0.00%) 4
u_LOGIC_CENTER/LINK_LOGIC/LC_CPUWR_HV2M23/SNPS_CG_CELL_WCK1_A_R_REG_31_reg_0 4(100.00%) 0(0.00%) 0(0.00%) 0(0.00%) 0(0.00%) 0(0.00%) 0(0.00%) 0(0.00%) 4
u_LOGIC_CENTER/LINK_LOGIC/LC_CPUWR_HV2M23/SNPS_CG_CELL_WCK1_A_R_REG_48_reg_0 4(100.00%) 0(0.00%) 0(0.00%) 0(0.00%) 0(0.00%) 0(0.00%) 0(0.00%) 0(0.00%) 4
u_LOGIC_CENTER/LINK_LOGIC/LC_CPUWR_HV2M23/SNPS_CG_CELL_WCK1_A_R_REG_8_reg_0 4(100.00%) 0(0.00%) 0(0.00%) 0(0.00%) 0(0.00%) 0(0.00%) 0(0.00%) 0(0.00%) 4
u_LOGIC_CENTER/LINK_LOGIC/LC_CPUWR_HV2M23/SNPS_CG_CELL_WCK1_A_R_REG_36_reg_0 4(100.00%) 0(0.00%) 0(0.00%) 0(0.00%) 0(0.00%) 0(0.00%) 0(0.00%) 0(0.00%) 4
u_LOGIC_CENTER/LINK_LOGIC/LC_CPUWR_HV2M23/SNPS_CG_CELL_WCK1_A_R_REG_12_reg_0 4(100.00%) 0(0.00%) 0(0.00%) 0(0.00%) 0(0.00%) 0(0.00%) 0(0.00%) 0(0.00%) 4
u_LOGIC_CENTER/LINK_LOGIC/LC_CPUWR_HV2M23/SNPS_CG_CELL_WCK1_A_R_REG_44_reg_0 4(100.00%) 0(0.00%) 0(0.00%) 0(0.00%) 0(0.00%) 0(0.00%) 0(0.00%) 0(0.00%) 4
u_LOGIC_CENTER/LINK_LOGIC/LC_CPUWR_HV2M23/SNPS_CG_CELL_WCK1_A_R_REG_4_reg_0 4(100.00%) 0(0.00%) 0(0.00%) 0(0.00%) 0(0.00%) 0(0.00%) 0(0.00%) 0(0.00%) 4
u_LOGIC_CENTER/LINK_LOGIC/LC_CPUWR_HV2M23/SNPS_CG_CELL_WCK1_A_R_REG_32_reg_0 4(100.00%) 0(0.00%) 0(0.00%) 0(0.00%) 0(0.00%) 0(0.00%) 0(0.00%) 0(0.00%) 4
u_LOGIC_CENTER/LINK_LOGIC/LC_CPUWR_HV2M23/SNPS_CG_CELL_WCK1_A_R_REG_9_reg_0 4(100.00%) 0(0.00%) 0(0.00%) 0(0.00%) 0(0.00%) 0(0.00%) 0(0.00%) 0(0.00%) 4
u_LOGIC_CENTER/LINK_LOGIC/LC_CPUWR_HV2M23/SNPS_CG_CELL_WCK1_A_R_REG_49_reg_0 4(100.00%) 0(0.00%) 0(0.00%) 0(0.00%) 0(0.00%) 0(0.00%) 0(0.00%) 0(0.00%) 4
u_LOGIC_CENTER/LINK_LOGIC/LC_CPUWR_HV2M23/SNPS_CG_CELL_WCK1_A_R_REG_37_reg_0 7(100.00%) 0(0.00%) 0(0.00%) 0(0.00%) 0(0.00%) 0(0.00%) 0(0.00%) 0(0.00%) 7
u_LOGIC_CENTER/LINK_LOGIC/LC_CPUWR_HV2M23/SNPS_CG_CELL_WCK1_A_R_REG_40_reg_0 4(100.00%) 0(0.00%) 0(0.00%) 0(0.00%) 0(0.00%) 0(0.00%) 0(0.00%) 0(0.00%) 4
u_LOGIC_CENTER/LINK_LOGIC/LC_CPUWR_HV2M23/SNPS_CG_CELL_WCK1_A_R_REG_45_reg_0 4(100.00%) 0(0.00%) 0(0.00%) 0(0.00%) 0(0.00%) 0(0.00%) 0(0.00%) 0(0.00%) 4
u_LOGIC_CENTER/LINK_LOGIC/LC_CPUWR_HV2M23/SNPS_CG_CELL_WCK1_A_R_REG_60_reg_0 4(100.00%) 0(0.00%) 0(0.00%) 0(0.00%) 0(0.00%) 0(0.00%) 0(0.00%) 0(0.00%) 4
u_LOGIC_CENTER/LINK_LOGIC/LC_CPUWR_HV2M23/SNPS_CG_CELL_WCK1_A_R_REG_38_reg_0 4(100.00%) 0(0.00%) 0(0.00%) 0(0.00%) 0(0.00%) 0(0.00%) 0(0.00%) 0(0.00%) 4
u_LOGIC_CENTER/LINK_LOGIC/LC_CPUWR_HV2M23/SNPS_CG_CELL_WCK1_A_R_REG_41_reg_0 4(100.00%) 0(0.00%) 0(0.00%) 0(0.00%) 0(0.00%) 0(0.00%) 0(0.00%) 0(0.00%) 4
u_LOGIC_CENTER/LINK_LOGIC/LC_CPUWR_HV2M23/SNPS_CG_CELL_WCK1_A_R_REG_46_reg_0 4(100.00%) 0(0.00%) 0(0.00%) 0(0.00%) 0(0.00%) 0(0.00%) 0(0.00%) 0(0.00%) 4
u_LOGIC_CENTER/LINK_LOGIC/U_SYNC_L0L1 715(100.00%) 0(0.00%) 0(0.00%) 0(0.00%) 0(0.00%)     0(0.00%)        0(0.00%)        0(0.00%)        715
u_LOGIC_CENTER/LINK_LOGIC/U_SYNC_L0L1/U_L0_CIRC_DELAY_BUF 393(100.00%) 0(0.00%) 0(0.00%) 0(0.00%) 0(0.00%) 0(0.00%) 0(0.00%) 0(0.00%)      393
u_LOGIC_CENTER/LINK_LOGIC/U_SYNC_L0L1/U_L0_CIRC_DELAY_BUF/SNPS_CG_CELL_DCLK0_L0_BUF4_reg_0 4(100.00%) 0(0.00%) 0(0.00%) 0(0.00%) 0(0.00%) 0(0.00%) 0(0.00%) 0(0.00%) 4
u_LOGIC_CENTER/LINK_LOGIC/U_SYNC_L0L1/U_L0_CIRC_DELAY_BUF/SNPS_CG_CELL_DCLK0_L0_BUF_CNT_FIX_SEL_reg_0 6(100.00%) 0(0.00%) 0(0.00%) 0(0.00%) 0(0.00%) 0(0.00%) 0(0.00%) 0(0.00%) 6
u_LOGIC_CENTER/LINK_LOGIC/U_SYNC_L0L1/U_L0_CIRC_DELAY_BUF/SNPS_CG_CELL_DCLK0_L0_BUF0_reg_0 4(100.00%) 0(0.00%) 0(0.00%) 0(0.00%) 0(0.00%) 0(0.00%) 0(0.00%) 0(0.00%) 4
u_LOGIC_CENTER/LINK_LOGIC/U_SYNC_L0L1/U_L0_CIRC_DELAY_BUF/SNPS_CG_CELL_DCLK0_L0_BUF5_reg_0 4(100.00%) 0(0.00%) 0(0.00%) 0(0.00%) 0(0.00%) 0(0.00%) 0(0.00%) 0(0.00%) 4
u_LOGIC_CENTER/LINK_LOGIC/U_SYNC_L0L1/U_L0_CIRC_DELAY_BUF/SNPS_CG_CELL_DCLK0_L0_BUF1_reg_0 4(100.00%) 0(0.00%) 0(0.00%) 0(0.00%) 0(0.00%) 0(0.00%) 0(0.00%) 0(0.00%) 4
u_LOGIC_CENTER/LINK_LOGIC/U_SYNC_L0L1/U_L0_CIRC_DELAY_BUF/SNPS_CG_CELL_DCLK0_L0_BUF6_reg_0 4(100.00%) 0(0.00%) 0(0.00%) 0(0.00%) 0(0.00%) 0(0.00%) 0(0.00%) 0(0.00%) 4
u_LOGIC_CENTER/LINK_LOGIC/U_SYNC_L0L1/U_L0_CIRC_DELAY_BUF/SNPS_CG_CELL_DCLK0_L0_BUF2_reg_0 4(100.00%) 0(0.00%) 0(0.00%) 0(0.00%) 0(0.00%) 0(0.00%) 0(0.00%) 0(0.00%) 4
u_LOGIC_CENTER/LINK_LOGIC/U_SYNC_L0L1/U_L0_CIRC_DELAY_BUF/SNPS_CG_CELL_DCLK0_L0_BUF_CNT_SEL_reg_0 4(100.00%) 0(0.00%) 0(0.00%) 0(0.00%) 0(0.00%) 0(0.00%) 0(0.00%) 0(0.00%) 4
u_LOGIC_CENTER/LINK_LOGIC/U_SYNC_L0L1/U_L0_CIRC_DELAY_BUF/SNPS_CG_CELL_DCLK0_L0_BUF3_reg_0 4(100.00%) 0(0.00%) 0(0.00%) 0(0.00%) 0(0.00%) 0(0.00%) 0(0.00%) 0(0.00%) 4
u_LOGIC_CENTER/LINK_LOGIC/U_SYNC_L0L1/SNPS_CG_CELL_DCLK1_L1_BUF1_reg_0 4(100.00%) 0(0.00%) 0(0.00%) 0(0.00%) 0(0.00%) 0(0.00%) 0(0.00%) 0(0.00%) 4
u_LOGIC_CENTER/LINK_LOGIC/U_SYNC_L0L1/SNPS_CG_CELL_DCLK1_L1_BUF2_reg_0 4(100.00%) 0(0.00%) 0(0.00%) 0(0.00%) 0(0.00%) 0(0.00%) 0(0.00%) 0(0.00%) 4
u_LOGIC_CENTER/LINK_LOGIC/LC_CPUWR_HV2M23_VGMA 327(100.00%) 0(0.00%) 0(0.00%) 0(0.00%) 0(0.00%) 0(0.00%)   0(0.00%)        0(0.00%)        327
u_LOGIC_CENTER/LINK_LOGIC/LC_CPUWR_HV2M23_VGMA/SNPS_CG_CELL_WCK1_A_R_REG_30_reg_0 4(100.00%) 0(0.00%) 0(0.00%) 0(0.00%) 0(0.00%) 0(0.00%) 0(0.00%) 0(0.00%) 4
u_LOGIC_CENTER/LINK_LOGIC/LC_CPUWR_HV2M23_VGMA/SNPS_CG_CELL_WCK1_A_R_REG_17_reg_0 4(100.00%) 0(0.00%) 0(0.00%) 0(0.00%) 0(0.00%) 0(0.00%) 0(0.00%) 0(0.00%) 4
u_LOGIC_CENTER/LINK_LOGIC/LC_CPUWR_HV2M23_VGMA/SNPS_CG_CELL_WCK1_A_R_REG_29_reg_0 4(100.00%) 0(0.00%) 0(0.00%) 0(0.00%) 0(0.00%) 0(0.00%) 0(0.00%) 0(0.00%) 4
u_LOGIC_CENTER/LINK_LOGIC/LC_CPUWR_HV2M23_VGMA/SNPS_CG_CELL_WCK1_A_R_REG_19_reg_0 4(100.00%) 0(0.00%) 0(0.00%) 0(0.00%) 0(0.00%) 0(0.00%) 0(0.00%) 0(0.00%) 4
u_LOGIC_CENTER/LINK_LOGIC/LC_CPUWR_HV2M23_VGMA/SNPS_CG_CELL_WCK1_A_R_REG_16_reg_0 4(100.00%) 0(0.00%) 0(0.00%) 0(0.00%) 0(0.00%) 0(0.00%) 0(0.00%) 0(0.00%) 4
u_LOGIC_CENTER/LINK_LOGIC/LC_CPUWR_HV2M23_VGMA/SNPS_CG_CELL_WCK1_A_R_REG_28_reg_0 4(100.00%) 0(0.00%) 0(0.00%) 0(0.00%) 0(0.00%) 0(0.00%) 0(0.00%) 0(0.00%) 4
u_LOGIC_CENTER/LINK_LOGIC/LC_CPUWR_HV2M23_VGMA/SNPS_CG_CELL_WCK1_A_R_REG_25_reg_0 4(100.00%) 0(0.00%) 0(0.00%) 0(0.00%) 0(0.00%) 0(0.00%) 0(0.00%) 0(0.00%) 4
u_LOGIC_CENTER/LINK_LOGIC/LC_CPUWR_HV2M23_VGMA/SNPS_CG_CELL_WCK1_A_R_REG_18_reg_0 4(100.00%) 0(0.00%) 0(0.00%) 0(0.00%) 0(0.00%) 0(0.00%) 0(0.00%) 0(0.00%) 4
u_LOGIC_CENTER/LINK_LOGIC/LC_CPUWR_HV2M23_VGMA/SNPS_CG_CELL_WCK1_A_R_REG_15_reg_0 4(100.00%) 0(0.00%) 0(0.00%) 0(0.00%) 0(0.00%) 0(0.00%) 0(0.00%) 0(0.00%) 4
u_LOGIC_CENTER/LINK_LOGIC/LC_CPUWR_HV2M23_VGMA/SNPS_CG_CELL_WCK1_A_R_REG_27_reg_0 4(100.00%) 0(0.00%) 0(0.00%) 0(0.00%) 0(0.00%) 0(0.00%) 0(0.00%) 0(0.00%) 4
u_LOGIC_CENTER/LINK_LOGIC/LC_CPUWR_HV2M23_VGMA/SNPS_CG_CELL_WCK1_A_R_REG_24_reg_0 4(100.00%) 0(0.00%) 0(0.00%) 0(0.00%) 0(0.00%) 0(0.00%) 0(0.00%) 0(0.00%) 4
u_LOGIC_CENTER/LINK_LOGIC/LC_CPUWR_HV2M23_VGMA/SNPS_CG_CELL_WCK1_A_R_REG_14_reg_0 4(100.00%) 0(0.00%) 0(0.00%) 0(0.00%) 0(0.00%) 0(0.00%) 0(0.00%) 0(0.00%) 4
u_LOGIC_CENTER/LINK_LOGIC/LC_CPUWR_HV2M23_VGMA/SNPS_CG_CELL_WCK1_A_R_REG_26_reg_0 4(100.00%) 0(0.00%) 0(0.00%) 0(0.00%) 0(0.00%) 0(0.00%) 0(0.00%) 0(0.00%) 4
u_LOGIC_CENTER/LINK_LOGIC/LC_CPUWR_HV2M23_VGMA/SNPS_CG_CELL_WCK1_A_R_REG_23_reg_0 4(100.00%) 0(0.00%) 0(0.00%) 0(0.00%) 0(0.00%) 0(0.00%) 0(0.00%) 0(0.00%) 4
u_LOGIC_CENTER/LINK_LOGIC/LC_CPUWR_HV2M23_VGMA/SNPS_CG_CELL_WCK1_A_R_REG_20_reg_0 4(100.00%) 0(0.00%) 0(0.00%) 0(0.00%) 0(0.00%) 0(0.00%) 0(0.00%) 0(0.00%) 4
u_LOGIC_CENTER/LINK_LOGIC/LC_CPUWR_HV2M23_VGMA/SNPS_CG_CELL_WCK1_A_R_REG_13_reg_0 4(100.00%) 0(0.00%) 0(0.00%) 0(0.00%) 0(0.00%) 0(0.00%) 0(0.00%) 0(0.00%) 4
u_LOGIC_CENTER/LINK_LOGIC/LC_CPUWR_HV2M23_VGMA/SNPS_CG_CELL_WCK1_A_R_REG_22_reg_0 4(100.00%) 0(0.00%) 0(0.00%) 0(0.00%) 0(0.00%) 0(0.00%) 0(0.00%) 0(0.00%) 4
u_LOGIC_CENTER/LINK_LOGIC/LC_CPUWR_HV2M23_VGMA/SNPS_CG_CELL_WCK1_A_R_REG_21_reg_0 4(100.00%) 0(0.00%) 0(0.00%) 0(0.00%) 0(0.00%) 0(0.00%) 0(0.00%) 0(0.00%) 4
u_LOGIC_CENTER/CENTER1 3326(100.00%) 0(0.00%)    0(0.00%)     0(0.00%)     0(0.00%)        0(0.00%)        0(0.00%)        0(0.00%)        3326
u_LOGIC_CENTER/CENTER1/TOTAL_DTCTL 1680(100.00%) 0(0.00%) 0(0.00%) 0(0.00%) 0(0.00%)       0(0.00%)        0(0.00%)        0(0.00%)        1680
u_LOGIC_CENTER/CENTER1/TOTAL_DTCTL/DTCTL_L1_COMB 46(100.00%) 0(0.00%) 0(0.00%) 0(0.00%) 0(0.00%) 0(0.00%)  0(0.00%)        0(0.00%)        46
u_LOGIC_CENTER/CENTER1/TOTAL_DTCTL/DTCTL_L0 955(100.00%) 0(0.00%) 0(0.00%) 0(0.00%) 0(0.00%) 0(0.00%)      0(0.00%)        0(0.00%)        955
u_LOGIC_CENTER/CENTER1/TOTAL_DTCTL/DTCTL_L0/SNPS_CG_CELL_DTCLK_CH_CNT_pre_reg_0 4(100.00%) 0(0.00%) 0(0.00%) 0(0.00%) 0(0.00%) 0(0.00%) 0(0.00%) 0(0.00%) 4
u_LOGIC_CENTER/CENTER1/TOTAL_DTCTL/DTCTL_L0/DPLC_PRE_REV 109(100.00%) 0(0.00%) 0(0.00%) 0(0.00%) 0(0.00%) 0(0.00%) 0(0.00%) 0(0.00%)       109
u_LOGIC_CENTER/CENTER1/TOTAL_DTCTL/DTCTL_L0/u_H120VMAP_H120V_CH1446_1440 242(100.00%) 0(0.00%) 0(0.00%) 0(0.00%) 0(0.00%) 0(0.00%) 0(0.00%) 0(0.00%) 242
u_LOGIC_CENTER/CENTER1/TOTAL_DTCTL/DTCTL_L0/CG_CELL_DTCLK 4(100.00%) 0(0.00%) 0(0.00%) 0(0.00%) 0(0.00%) 0(0.00%) 0(0.00%) 0(0.00%)        4
u_LOGIC_CENTER/CENTER1/TOTAL_DTCTL/DTCTL_L0/CG_CELL_DTCLK_1P 4(100.00%) 0(0.00%) 0(0.00%) 0(0.00%) 0(0.00%) 0(0.00%) 0(0.00%) 0(0.00%)     4
u_LOGIC_CENTER/CENTER1/TOTAL_DTCTL/DTCTL_L1 443(100.00%) 0(0.00%) 0(0.00%) 0(0.00%) 0(0.00%) 0(0.00%)      0(0.00%)        0(0.00%)        443
u_LOGIC_CENTER/CENTER1/TOTAL_DTCTL/DTCTL_L1/CG_CELL_DTCLK 4(100.00%) 0(0.00%) 0(0.00%) 0(0.00%) 0(0.00%) 0(0.00%) 0(0.00%) 0(0.00%)        4
u_LOGIC_CENTER/CENTER1/TOTAL_DTCTL/DTCTL_COMB 258(100.00%) 0(0.00%) 0(0.00%) 0(0.00%) 0(0.00%) 0(0.00%)    0(0.00%)        0(0.00%)        258
u_LOGIC_CENTER/CENTER1/TOTAL_DTCTL/DTCTL_L0_COMB 208(100.00%) 0(0.00%) 0(0.00%) 0(0.00%) 0(0.00%) 0(0.00%) 0(0.00%)        0(0.00%)        208
u_LOGIC_CENTER/CENTER1/DRD_OD 1419(100.00%) 0(0.00%) 0(0.00%) 0(0.00%)     0(0.00%)        0(0.00%)        0(0.00%)        0(0.00%)        1419
u_LOGIC_CENTER/CENTER1/DRD_OD/DRD_OD_ADD_WEIGHT 661(100.00%) 0(0.00%) 0(0.00%) 0(0.00%) 0(0.00%) 0(0.00%)  0(0.00%)        0(0.00%)        661
u_LOGIC_CENTER/CENTER1/DRD_OD/DRD_OD_ADD_WEIGHT/SNPS_CG_CELL_CLK_L0_line_cnt_od_reg_0 4(100.00%) 0(0.00%) 0(0.00%) 0(0.00%) 0(0.00%) 0(0.00%) 0(0.00%) 0(0.00%) 4
u_LOGIC_CENTER/CENTER1/DRD_OD/DRD_OD_ADD_WEIGHT/SNPS_CG_CELL_CLK_L0_shift_sel_od_reg_0 4(100.00%) 0(0.00%) 0(0.00%) 0(0.00%) 0(0.00%) 0(0.00%) 0(0.00%) 0(0.00%) 4
u_LOGIC_CENTER/CENTER1/DRD_OD/DRD_OD_PATTERN_DETECT 287(100.00%) 0(0.00%) 0(0.00%) 0(0.00%) 0(0.00%) 0(0.00%) 0(0.00%)     0(0.00%)        287
u_LOGIC_CENTER/CENTER1/DRD_OD/CG_CELL_CLK_L0_OD_WG 4(100.00%) 0(0.00%) 0(0.00%) 0(0.00%) 0(0.00%) 0(0.00%) 0(0.00%)        0(0.00%)        4
u_LOGIC_CENTER/CENTER1/DRD_OD/SNPS_CG_CELL_DTCLK_L1_DATAI_L1_OD_WEIGHT_d1_reg_0 4(100.00%) 0(0.00%) 0(0.00%) 0(0.00%) 0(0.00%) 0(0.00%) 0(0.00%) 0(0.00%) 4
u_LOGIC_CENTER/CENTER1/DRD_OD/SNPS_CG_CELL_DTCLK_L0_DATAI_L0_OD_WEIGHT_d1_reg_0 4(100.00%) 0(0.00%) 0(0.00%) 0(0.00%) 0(0.00%) 0(0.00%) 0(0.00%) 0(0.00%) 4
u_LOGIC_CENTER/CENTER1/ANCTL_COMB 147(100.00%) 0(0.00%) 0(0.00%) 0(0.00%)  0(0.00%)        0(0.00%)        0(0.00%)        0(0.00%)        147
u_LOGIC_CENTER/CENTER1/ANCTL 146(100.00%) 0(0.00%) 0(0.00%)   0(0.00%)     0(0.00%)        0(0.00%)        0(0.00%)        0(0.00%)        146
u_LOGIC_CENTER/CENTER1/ANCTL/SNPS_CG_CELL_CLK_OD_time_cnt_reg_0 4(100.00%) 0(0.00%) 0(0.00%) 0(0.00%) 0(0.00%) 0(0.00%) 0(0.00%) 0(0.00%)  4
u_LOGIC_CENTER/BISR_OBUF_L 107(100.00%) 0(0.00%) 0(0.00%)     0(0.00%)     0(0.00%)        0(0.00%)        0(0.00%)        0(0.00%)        107
u_LOGIC_CENTER/BISR_OBUF_R 107(100.00%) 0(0.00%) 0(0.00%)     0(0.00%)     0(0.00%)        0(0.00%)        0(0.00%)        0(0.00%)        107
APR_CDM_0         0(0%)             0(0%)        0(0%)        0(0%)        0(0%)           0(0%)           0(0%)           0(0%)           0
APR_CDM_1         0(0%)             0(0%)        0(0%)        0(0%)        0(0%)           0(0%)           0(0%)           0(0%)           0
APR_CDM_2         0(0%)             0(0%)        0(0%)        0(0%)        0(0%)           0(0%)           0(0%)           0(0%)           0
APR_CDM_3         0(0%)             0(0%)        0(0%)        0(0%)        0(0%)           0(0%)           0(0%)           0(0%)           0
APR_CDM_4         0(0%)             0(0%)        0(0%)        0(0%)        0(0%)           0(0%)           0(0%)           0(0%)           0
APR_CDM_5         0(0%)             0(0%)        0(0%)        0(0%)        0(0%)           0(0%)           0(0%)           0(0%)           0
APR_CDM_6         0(0%)             0(0%)        0(0%)        0(0%)        0(0%)           0(0%)           0(0%)           0(0%)           0
APR_CDM_7         0(0%)             0(0%)        0(0%)        0(0%)        0(0%)           0(0%)           0(0%)           0(0%)           0
APR_CDM_8         0(0%)             0(0%)        0(0%)        0(0%)        0(0%)           0(0%)           0(0%)           0(0%)           0
APR_CDM_9         0(0%)             0(0%)        0(0%)        0(0%)        0(0%)           0(0%)           0(0%)           0(0%)           0
----------------------------------------------------------------------------------------------------------------------------------------------------
 Static Probability Overview Statistics for "HV2M23_digital_top"
----------------------------------------------------------------------------------------------------------------------------------------------------
                  From Activity     From         From         From                                                         Not
Object Type       File (%)          SSA (%)      SCA (%)      Clock (%)    Default (%)     Propagated(%)   Implied(%)      Annotated(%)    Total
----------------------------------------------------------------------------------------------------------------------------------------------------
 Nets             10112(100.00%)    0(0.00%)     0(0.00%)     0(0.00%)     0(0.00%)        0(0.00%)        0(0.00%)        0(0.00%)        10112
----------------------------------------------------------------------------------------------------------------------------------------------------
Nets Driven by
----------------------------------------------------------------------------------------------------------------------------------------------------
Primary Input     52(100.00%)       0(0.00%)     0(0.00%)     0(0.00%)     0(0.00%)        0(0.00%)        0(0.00%)        0(0.00%)        52
Tri-State         0(0%)             0(0%)        0(0%)        0(0%)        0(0%)           0(0%)           0(0%)           0(0%)           0
Black Box         0(0%)             0(0%)        0(0%)        0(0%)        0(0%)           0(0%)           0(0%)           0(0%)           0
Sequential        1712(100.00%)     0(0.00%)     0(0.00%)     0(0.00%)     0(0.00%)        0(0.00%)        0(0.00%)        0(0.00%)        1712
Combinational     8246(100.00%)     0(0.00%)     0(0.00%)     0(0.00%)     0(0.00%)        0(0.00%)        0(0.00%)        0(0.00%)        8246
Memory            0(0%)             0(0%)        0(0%)        0(0%)        0(0%)           0(0%)           0(0%)           0(0%)           0
Clock Gate        102(100.00%)      0(0.00%)     0(0.00%)     0(0.00%)     0(0.00%)        0(0.00%)        0(0.00%)        0(0.00%)        102
------------------------------------------------------------------------------------------------------------------------
HV2M23_digital_top 10112(100.00%)   0(0.00%)     0(0.00%)     0(0.00%)     0(0.00%)        0(0.00%)        0(0.00%)        0(0.00%)        10112
APR_CDM_10        0(0%)             0(0%)        0(0%)        0(0%)        0(0%)           0(0%)           0(0%)           0(0%)           0
APR_CDM_11        0(0%)             0(0%)        0(0%)        0(0%)        0(0%)           0(0%)           0(0%)           0(0%)           0
APR_CDM_12        0(0%)             0(0%)        0(0%)        0(0%)        0(0%)           0(0%)           0(0%)           0(0%)           0
APR_CDM_13        0(0%)             0(0%)        0(0%)        0(0%)        0(0%)           0(0%)           0(0%)           0(0%)           0
APR_CDM_14        0(0%)             0(0%)        0(0%)        0(0%)        0(0%)           0(0%)           0(0%)           0(0%)           0
APR_CDM_15        0(0%)             0(0%)        0(0%)        0(0%)        0(0%)           0(0%)           0(0%)           0(0%)           0
APR_CDM_16        0(0%)             0(0%)        0(0%)        0(0%)        0(0%)           0(0%)           0(0%)           0(0%)           0
APR_CDM_17        0(0%)             0(0%)        0(0%)        0(0%)        0(0%)           0(0%)           0(0%)           0(0%)           0
APR_CDM_18        0(0%)             0(0%)        0(0%)        0(0%)        0(0%)           0(0%)           0(0%)           0(0%)           0
APR_CDM_19        0(0%)             0(0%)        0(0%)        0(0%)        0(0%)           0(0%)           0(0%)           0(0%)           0
APR_CDM_20        0(0%)             0(0%)        0(0%)        0(0%)        0(0%)           0(0%)           0(0%)           0(0%)           0
APR_CDM_21        0(0%)             0(0%)        0(0%)        0(0%)        0(0%)           0(0%)           0(0%)           0(0%)           0
APR_CDM_22        0(0%)             0(0%)        0(0%)        0(0%)        0(0%)           0(0%)           0(0%)           0(0%)           0
APR_CDM_23        0(0%)             0(0%)        0(0%)        0(0%)        0(0%)           0(0%)           0(0%)           0(0%)           0
APR_CDM_24        0(0%)             0(0%)        0(0%)        0(0%)        0(0%)           0(0%)           0(0%)           0(0%)           0
APR_CDM_25        0(0%)             0(0%)        0(0%)        0(0%)        0(0%)           0(0%)           0(0%)           0(0%)           0
APR_CDM_26        0(0%)             0(0%)        0(0%)        0(0%)        0(0%)           0(0%)           0(0%)           0(0%)           0
APR_CDM_27        0(0%)             0(0%)        0(0%)        0(0%)        0(0%)           0(0%)           0(0%)           0(0%)           0
APR_CDM_28        0(0%)             0(0%)        0(0%)        0(0%)        0(0%)           0(0%)           0(0%)           0(0%)           0
APR_CDM_29        0(0%)             0(0%)        0(0%)        0(0%)        0(0%)           0(0%)           0(0%)           0(0%)           0
APR_CDM_30        0(0%)             0(0%)        0(0%)        0(0%)        0(0%)           0(0%)           0(0%)           0(0%)           0
APR_CDM_31        0(0%)             0(0%)        0(0%)        0(0%)        0(0%)           0(0%)           0(0%)           0(0%)           0
APR_CDM_32        0(0%)             0(0%)        0(0%)        0(0%)        0(0%)           0(0%)           0(0%)           0(0%)           0
APR_CDM_33        0(0%)             0(0%)        0(0%)        0(0%)        0(0%)           0(0%)           0(0%)           0(0%)           0
APR_CDM_34        0(0%)             0(0%)        0(0%)        0(0%)        0(0%)           0(0%)           0(0%)           0(0%)           0
APR_CDM_35        0(0%)             0(0%)        0(0%)        0(0%)        0(0%)           0(0%)           0(0%)           0(0%)           0
APR_CDM_36        0(0%)             0(0%)        0(0%)        0(0%)        0(0%)           0(0%)           0(0%)           0(0%)           0
APR_CDM_37        0(0%)             0(0%)        0(0%)        0(0%)        0(0%)           0(0%)           0(0%)           0(0%)           0
APR_CDM_38        0(0%)             0(0%)        0(0%)        0(0%)        0(0%)           0(0%)           0(0%)           0(0%)           0
APR_CDM_39        0(0%)             0(0%)        0(0%)        0(0%)        0(0%)           0(0%)           0(0%)           0(0%)           0
APR_CDM_40        0(0%)             0(0%)        0(0%)        0(0%)        0(0%)           0(0%)           0(0%)           0(0%)           0
APR_CDM_41        0(0%)             0(0%)        0(0%)        0(0%)        0(0%)           0(0%)           0(0%)           0(0%)           0
APR_CDM_42        0(0%)             0(0%)        0(0%)        0(0%)        0(0%)           0(0%)           0(0%)           0(0%)           0
APR_CDM_43        0(0%)             0(0%)        0(0%)        0(0%)        0(0%)           0(0%)           0(0%)           0(0%)           0
APR_CDM_44        0(0%)             0(0%)        0(0%)        0(0%)        0(0%)           0(0%)           0(0%)           0(0%)           0
APR_CDM_45        0(0%)             0(0%)        0(0%)        0(0%)        0(0%)           0(0%)           0(0%)           0(0%)           0
APR_CDM_46        0(0%)             0(0%)        0(0%)        0(0%)        0(0%)           0(0%)           0(0%)           0(0%)           0
APR_CDM_47        0(0%)             0(0%)        0(0%)        0(0%)        0(0%)           0(0%)           0(0%)           0(0%)           0
APR_CDM_48        0(0%)             0(0%)        0(0%)        0(0%)        0(0%)           0(0%)           0(0%)           0(0%)           0
APR_CDM_49        0(0%)             0(0%)        0(0%)        0(0%)        0(0%)           0(0%)           0(0%)           0(0%)           0
APR_CDM_50        0(0%)             0(0%)        0(0%)        0(0%)        0(0%)           0(0%)           0(0%)           0(0%)           0
APR_CDM_51        0(0%)             0(0%)        0(0%)        0(0%)        0(0%)           0(0%)           0(0%)           0(0%)           0
u_LOGIC_CENTER    9260(100.00%)     0(0.00%)     0(0.00%)     0(0.00%)     0(0.00%)        0(0.00%)        0(0.00%)        0(0.00%)        9260
u_LOGIC_CENTER/DRA_OBUF 23(100.00%) 0(0.00%)     0(0.00%)     0(0.00%)     0(0.00%)        0(0.00%)        0(0.00%)        0(0.00%)        23
u_LOGIC_CENTER/CLKGEN_U0 124(100.00%) 0(0.00%)   0(0.00%)     0(0.00%)     0(0.00%)        0(0.00%)        0(0.00%)        0(0.00%)        124
u_LOGIC_CENTER/CLKGEN_U0/U_DCLK0_OD_DIV2 6(100.00%) 0(0.00%) 0(0.00%) 0(0.00%) 0(0.00%)    0(0.00%)        0(0.00%)        0(0.00%)        6
u_LOGIC_CENTER/CLKGEN_U0/U_DCLK0_DIV1P5 26(100.00%) 0(0.00%) 0(0.00%) 0(0.00%) 0(0.00%)    0(0.00%)        0(0.00%)        0(0.00%)        26
u_LOGIC_CENTER/CLKGEN_U0/CG_CELL_SETTING_DCLK0_DIV 4(100.00%) 0(0.00%) 0(0.00%) 0(0.00%) 0(0.00%) 0(0.00%) 0(0.00%)        0(0.00%)        4
u_LOGIC_CENTER/CLKGEN_U0/U_DCLK0_OD_DIV1P5 50(100.00%) 0(0.00%) 0(0.00%) 0(0.00%) 0(0.00%) 0(0.00%)        0(0.00%)        0(0.00%)        50
u_LOGIC_CENTER/CLKGEN_U1 92(100.00%) 0(0.00%)    0(0.00%)     0(0.00%)     0(0.00%)        0(0.00%)        0(0.00%)        0(0.00%)        92
u_LOGIC_CENTER/CLKGEN_U1/U_DCLK1_DIV1P5 27(100.00%) 0(0.00%) 0(0.00%) 0(0.00%) 0(0.00%)    0(0.00%)        0(0.00%)        0(0.00%)        27
u_LOGIC_CENTER/CLKGEN_U1/U_DCLK1_OD_DIV1P5 41(100.00%) 0(0.00%) 0(0.00%) 0(0.00%) 0(0.00%) 0(0.00%)        0(0.00%)        0(0.00%)        41
u_LOGIC_CENTER/CLKGEN_U1/U_DCLK1_OD_DIV2 7(100.00%) 0(0.00%) 0(0.00%) 0(0.00%) 0(0.00%)    0(0.00%)        0(0.00%)        0(0.00%)        7
u_LOGIC_CENTER/PAD_INBUF 12(100.00%) 0(0.00%)    0(0.00%)     0(0.00%)     0(0.00%)        0(0.00%)        0(0.00%)        0(0.00%)        12
u_LOGIC_CENTER/PAD_INBUF/SDA_DLY_BUF 9(100.00%) 0(0.00%) 0(0.00%) 0(0.00%) 0(0.00%)        0(0.00%)        0(0.00%)        0(0.00%)        9
u_LOGIC_CENTER/GMA_OBUF 21(100.00%) 0(0.00%)     0(0.00%)     0(0.00%)     0(0.00%)        0(0.00%)        0(0.00%)        0(0.00%)        21
u_LOGIC_CENTER/I2C_CTL 225(100.00%) 0(0.00%)     0(0.00%)     0(0.00%)     0(0.00%)        0(0.00%)        0(0.00%)        0(0.00%)        225
u_LOGIC_CENTER/I2C_CTL/I2C_EN_CTL 35(100.00%) 0(0.00%) 0(0.00%) 0(0.00%)   0(0.00%)        0(0.00%)        0(0.00%)        0(0.00%)        35
u_LOGIC_CENTER/I2C_CTL/I2C_ST 196(100.00%) 0(0.00%) 0(0.00%)  0(0.00%)     0(0.00%)        0(0.00%)        0(0.00%)        0(0.00%)        196
u_LOGIC_CENTER/I2C_CTL/I2C_ST/SNPS_CG_CELL_SCL_INV_REG_DATA_reg_0 4(100.00%) 0(0.00%) 0(0.00%) 0(0.00%) 0(0.00%) 0(0.00%) 0(0.00%) 0(0.00%) 4
u_LOGIC_CENTER/I2C_CTL/I2C_CLK_GEN 13(100.00%) 0(0.00%) 0(0.00%) 0(0.00%)  0(0.00%)        0(0.00%)        0(0.00%)        0(0.00%)        13
u_LOGIC_CENTER/DC_INBUF 16(100.00%) 0(0.00%)     0(0.00%)     0(0.00%)     0(0.00%)        0(0.00%)        0(0.00%)        0(0.00%)        16
u_LOGIC_CENTER/INBUF_U0 39(100.00%) 0(0.00%)     0(0.00%)     0(0.00%)     0(0.00%)        0(0.00%)        0(0.00%)        0(0.00%)        39
u_LOGIC_CENTER/INBUF_U0/DLY_INDATA0_9 2(100.00%) 0(0.00%) 0(0.00%) 0(0.00%) 0(0.00%)       0(0.00%)        0(0.00%)        0(0.00%)        2
u_LOGIC_CENTER/INBUF_U0/DLY_INDATA0_10 2(100.00%) 0(0.00%) 0(0.00%) 0(0.00%) 0(0.00%)      0(0.00%)        0(0.00%)        0(0.00%)        2
u_LOGIC_CENTER/INBUF_U0/DLY_INDATA0_11 2(100.00%) 0(0.00%) 0(0.00%) 0(0.00%) 0(0.00%)      0(0.00%)        0(0.00%)        0(0.00%)        2
u_LOGIC_CENTER/INBUF_U0/DLY_INDATA0_12 2(100.00%) 0(0.00%) 0(0.00%) 0(0.00%) 0(0.00%)      0(0.00%)        0(0.00%)        0(0.00%)        2
u_LOGIC_CENTER/INBUF_U0/DLY_INDATA0_13 2(100.00%) 0(0.00%) 0(0.00%) 0(0.00%) 0(0.00%)      0(0.00%)        0(0.00%)        0(0.00%)        2
u_LOGIC_CENTER/INBUF_U0/DLY_INDATA0_0 2(100.00%) 0(0.00%) 0(0.00%) 0(0.00%) 0(0.00%)       0(0.00%)        0(0.00%)        0(0.00%)        2
u_LOGIC_CENTER/INBUF_U0/DLY_INDATA0_14 2(100.00%) 0(0.00%) 0(0.00%) 0(0.00%) 0(0.00%)      0(0.00%)        0(0.00%)        0(0.00%)        2
u_LOGIC_CENTER/INBUF_U0/DLY_INDATA0_1 2(100.00%) 0(0.00%) 0(0.00%) 0(0.00%) 0(0.00%)       0(0.00%)        0(0.00%)        0(0.00%)        2
u_LOGIC_CENTER/INBUF_U0/DLY_INDATA0_2 2(100.00%) 0(0.00%) 0(0.00%) 0(0.00%) 0(0.00%)       0(0.00%)        0(0.00%)        0(0.00%)        2
u_LOGIC_CENTER/INBUF_U0/DLY_INDATA0_15 2(100.00%) 0(0.00%) 0(0.00%) 0(0.00%) 0(0.00%)      0(0.00%)        0(0.00%)        0(0.00%)        2
u_LOGIC_CENTER/INBUF_U0/DLY_INDATA0_16 2(100.00%) 0(0.00%) 0(0.00%) 0(0.00%) 0(0.00%)      0(0.00%)        0(0.00%)        0(0.00%)        2
u_LOGIC_CENTER/INBUF_U0/DLY_INDATA0_3 2(100.00%) 0(0.00%) 0(0.00%) 0(0.00%) 0(0.00%)       0(0.00%)        0(0.00%)        0(0.00%)        2
u_LOGIC_CENTER/INBUF_U0/DLY_INDATA0_17 2(100.00%) 0(0.00%) 0(0.00%) 0(0.00%) 0(0.00%)      0(0.00%)        0(0.00%)        0(0.00%)        2
u_LOGIC_CENTER/INBUF_U0/DLY_INDATA0_4 2(100.00%) 0(0.00%) 0(0.00%) 0(0.00%) 0(0.00%)       0(0.00%)        0(0.00%)        0(0.00%)        2
u_LOGIC_CENTER/INBUF_U0/DLY_INDATA0_5 2(100.00%) 0(0.00%) 0(0.00%) 0(0.00%) 0(0.00%)       0(0.00%)        0(0.00%)        0(0.00%)        2
u_LOGIC_CENTER/INBUF_U0/DLY_INDATA0_6 2(100.00%) 0(0.00%) 0(0.00%) 0(0.00%) 0(0.00%)       0(0.00%)        0(0.00%)        0(0.00%)        2
u_LOGIC_CENTER/INBUF_U0/DLY_INDATA0_7 2(100.00%) 0(0.00%) 0(0.00%) 0(0.00%) 0(0.00%)       0(0.00%)        0(0.00%)        0(0.00%)        2
u_LOGIC_CENTER/INBUF_U0/DLY_INDATA0_8 2(100.00%) 0(0.00%) 0(0.00%) 0(0.00%) 0(0.00%)       0(0.00%)        0(0.00%)        0(0.00%)        2
u_LOGIC_CENTER/INBUF_U1 36(100.00%) 0(0.00%)     0(0.00%)     0(0.00%)     0(0.00%)        0(0.00%)        0(0.00%)        0(0.00%)        36
u_LOGIC_CENTER/INBUF_U1/DLY_INDATA1_16 2(100.00%) 0(0.00%) 0(0.00%) 0(0.00%) 0(0.00%)      0(0.00%)        0(0.00%)        0(0.00%)        2
u_LOGIC_CENTER/INBUF_U1/DLY_INDATA1_17 2(100.00%) 0(0.00%) 0(0.00%) 0(0.00%) 0(0.00%)      0(0.00%)        0(0.00%)        0(0.00%)        2
u_LOGIC_CENTER/INBUF_U1/DLY_INDATA1_0 2(100.00%) 0(0.00%) 0(0.00%) 0(0.00%) 0(0.00%)       0(0.00%)        0(0.00%)        0(0.00%)        2
u_LOGIC_CENTER/INBUF_U1/DLY_INDATA1_1 2(100.00%) 0(0.00%) 0(0.00%) 0(0.00%) 0(0.00%)       0(0.00%)        0(0.00%)        0(0.00%)        2
u_LOGIC_CENTER/INBUF_U1/DLY_INDATA1_2 2(100.00%) 0(0.00%) 0(0.00%) 0(0.00%) 0(0.00%)       0(0.00%)        0(0.00%)        0(0.00%)        2
u_LOGIC_CENTER/INBUF_U1/DLY_INDATA1_3 2(100.00%) 0(0.00%) 0(0.00%) 0(0.00%) 0(0.00%)       0(0.00%)        0(0.00%)        0(0.00%)        2
u_LOGIC_CENTER/INBUF_U1/DLY_INDATA1_4 2(100.00%) 0(0.00%) 0(0.00%) 0(0.00%) 0(0.00%)       0(0.00%)        0(0.00%)        0(0.00%)        2
u_LOGIC_CENTER/INBUF_U1/DLY_INDATA1_5 2(100.00%) 0(0.00%) 0(0.00%) 0(0.00%) 0(0.00%)       0(0.00%)        0(0.00%)        0(0.00%)        2
u_LOGIC_CENTER/INBUF_U1/DLY_INDATA1_6 2(100.00%) 0(0.00%) 0(0.00%) 0(0.00%) 0(0.00%)       0(0.00%)        0(0.00%)        0(0.00%)        2
u_LOGIC_CENTER/INBUF_U1/DLY_INDATA1_7 2(100.00%) 0(0.00%) 0(0.00%) 0(0.00%) 0(0.00%)       0(0.00%)        0(0.00%)        0(0.00%)        2
u_LOGIC_CENTER/INBUF_U1/DLY_INDATA1_10 2(100.00%) 0(0.00%) 0(0.00%) 0(0.00%) 0(0.00%)      0(0.00%)        0(0.00%)        0(0.00%)        2
u_LOGIC_CENTER/INBUF_U1/DLY_INDATA1_8 2(100.00%) 0(0.00%) 0(0.00%) 0(0.00%) 0(0.00%)       0(0.00%)        0(0.00%)        0(0.00%)        2
u_LOGIC_CENTER/INBUF_U1/DLY_INDATA1_11 2(100.00%) 0(0.00%) 0(0.00%) 0(0.00%) 0(0.00%)      0(0.00%)        0(0.00%)        0(0.00%)        2
u_LOGIC_CENTER/INBUF_U1/DLY_INDATA1_9 2(100.00%) 0(0.00%) 0(0.00%) 0(0.00%) 0(0.00%)       0(0.00%)        0(0.00%)        0(0.00%)        2
u_LOGIC_CENTER/INBUF_U1/DLY_INDATA1_12 2(100.00%) 0(0.00%) 0(0.00%) 0(0.00%) 0(0.00%)      0(0.00%)        0(0.00%)        0(0.00%)        2
u_LOGIC_CENTER/INBUF_U1/DLY_INDATA1_13 2(100.00%) 0(0.00%) 0(0.00%) 0(0.00%) 0(0.00%)      0(0.00%)        0(0.00%)        0(0.00%)        2
u_LOGIC_CENTER/INBUF_U1/DLY_INDATA1_14 2(100.00%) 0(0.00%) 0(0.00%) 0(0.00%) 0(0.00%)      0(0.00%)        0(0.00%)        0(0.00%)        2
u_LOGIC_CENTER/INBUF_U1/DLY_INDATA1_15 2(100.00%) 0(0.00%) 0(0.00%) 0(0.00%) 0(0.00%)      0(0.00%)        0(0.00%)        0(0.00%)        2
u_LOGIC_CENTER/PAD_OBUF 8(100.00%)  0(0.00%)     0(0.00%)     0(0.00%)     0(0.00%)        0(0.00%)        0(0.00%)        0(0.00%)        8
u_LOGIC_CENTER/LINK_LOGIC 5151(100.00%) 0(0.00%) 0(0.00%)     0(0.00%)     0(0.00%)        0(0.00%)        0(0.00%)        0(0.00%)        5151
u_LOGIC_CENTER/LINK_LOGIC/SNPS_CG_CELL_DCLK1_KEY_RST_18UI_L1_EXTEND_reg_0 4(100.00%) 0(0.00%) 0(0.00%) 0(0.00%) 0(0.00%) 0(0.00%) 0(0.00%) 0(0.00%) 4
u_LOGIC_CENTER/LINK_LOGIC/CSPI_CMD_ALIGN_L0 814(100.00%) 0(0.00%) 0(0.00%) 0(0.00%) 0(0.00%) 0(0.00%)      0(0.00%)        0(0.00%)        814
u_LOGIC_CENTER/LINK_LOGIC/CSPI_CMD_ALIGN_L0/SNPS_CG_CELL_DCLK_DATA_POINT_LAT_TMP_reg_0 4(100.00%) 0(0.00%) 0(0.00%) 0(0.00%) 0(0.00%) 0(0.00%) 0(0.00%) 0(0.00%) 4
u_LOGIC_CENTER/LINK_LOGIC/CSPI_CMD_ALIGN_L0/iSP_UTC_DET_L0 284(100.00%) 0(0.00%) 0(0.00%) 0(0.00%) 0(0.00%) 0(0.00%) 0(0.00%) 0(0.00%)     284
u_LOGIC_CENTER/LINK_LOGIC/CSPI_CMD_ALIGN_L0/iSP_UTC_DET_L0/SNPS_CG_CELL_DCLK_SETTING_CNT_reg_0 4(100.00%) 0(0.00%) 0(0.00%) 0(0.00%) 0(0.00%) 0(0.00%) 0(0.00%) 0(0.00%) 4
u_LOGIC_CENTER/LINK_LOGIC/CSPI_CMD_ALIGN_L0/iSP_UTC_DET_L0/SNPS_CG_CELL_DCLK_FRM_UTC_ERR_CNT_reg_0 4(100.00%) 0(0.00%) 0(0.00%) 0(0.00%) 0(0.00%) 0(0.00%) 0(0.00%) 0(0.00%) 4
u_LOGIC_CENTER/LINK_LOGIC/CSPI_CMD_ALIGN_L0/iSP_UTC_DET_L0/SNPS_CG_CELL_DCLK_DATA_NUM_CNT_reg_0 4(100.00%) 0(0.00%) 0(0.00%) 0(0.00%) 0(0.00%) 0(0.00%) 0(0.00%) 0(0.00%) 4
u_LOGIC_CENTER/LINK_LOGIC/CSPI_CMD_ALIGN_L0/iSP_UTC_DET_L0/SNPS_CG_CELL_DCLK_UTC_CLR_reg_0 4(100.00%) 0(0.00%) 0(0.00%) 0(0.00%) 0(0.00%) 0(0.00%) 0(0.00%) 0(0.00%) 4
u_LOGIC_CENTER/LINK_LOGIC/CSPI_WD_BWDBL_POST 102(100.00%) 0(0.00%) 0(0.00%) 0(0.00%) 0(0.00%) 0(0.00%)     0(0.00%)        0(0.00%)        102
u_LOGIC_CENTER/LINK_LOGIC/CSPI_CMD_ALIGN_L1 817(100.00%) 0(0.00%) 0(0.00%) 0(0.00%) 0(0.00%) 0(0.00%)      0(0.00%)        0(0.00%)        817
u_LOGIC_CENTER/LINK_LOGIC/CSPI_CMD_ALIGN_L1/SNPS_CG_CELL_DCLK_DATA_POINT_LAT_TMP_reg_0 4(100.00%) 0(0.00%) 0(0.00%) 0(0.00%) 0(0.00%) 0(0.00%) 0(0.00%) 0(0.00%) 4
u_LOGIC_CENTER/LINK_LOGIC/CSPI_CMD_ALIGN_L1/iSP_UTC_DET_L1 279(100.00%) 0(0.00%) 0(0.00%) 0(0.00%) 0(0.00%) 0(0.00%) 0(0.00%) 0(0.00%)     279
u_LOGIC_CENTER/LINK_LOGIC/CSPI_CMD_ALIGN_L1/iSP_UTC_DET_L1/SNPS_CG_CELL_DCLK_SETTING_CNT_reg_0 4(100.00%) 0(0.00%) 0(0.00%) 0(0.00%) 0(0.00%) 0(0.00%) 0(0.00%) 0(0.00%) 4
u_LOGIC_CENTER/LINK_LOGIC/CSPI_CMD_ALIGN_L1/iSP_UTC_DET_L1/SNPS_CG_CELL_DCLK_FRM_UTC_ERR_CNT_reg_0 4(100.00%) 0(0.00%) 0(0.00%) 0(0.00%) 0(0.00%) 0(0.00%) 0(0.00%) 0(0.00%) 4
u_LOGIC_CENTER/LINK_LOGIC/CSPI_CMD_ALIGN_L1/iSP_UTC_DET_L1/SNPS_CG_CELL_DCLK_DATA_NUM_CNT_reg_0 4(100.00%) 0(0.00%) 0(0.00%) 0(0.00%) 0(0.00%) 0(0.00%) 0(0.00%) 0(0.00%) 4
u_LOGIC_CENTER/LINK_LOGIC/CSPI_CMD_ALIGN_L1/iSP_UTC_DET_L1/SNPS_CG_CELL_DCLK_UTC_CLR_reg_0 4(100.00%) 0(0.00%) 0(0.00%) 0(0.00%) 0(0.00%) 0(0.00%) 0(0.00%) 0(0.00%) 4
u_LOGIC_CENTER/LINK_LOGIC/REG_MAPPING_HV2M23 126(100.00%) 0(0.00%) 0(0.00%) 0(0.00%) 0(0.00%) 0(0.00%)     0(0.00%)        0(0.00%)        126
u_LOGIC_CENTER/LINK_LOGIC/LC_CSPIF_L0 1162(100.00%) 0(0.00%) 0(0.00%) 0(0.00%) 0(0.00%)    0(0.00%)        0(0.00%)        0(0.00%)        1162
u_LOGIC_CENTER/LINK_LOGIC/LC_CSPIF_L0/SNPS_CG_CELL_DCLK_RR_DATA_reg_0 4(100.00%) 0(0.00%) 0(0.00%) 0(0.00%) 0(0.00%) 0(0.00%) 0(0.00%) 0(0.00%) 4
u_LOGIC_CENTER/LINK_LOGIC/LC_CSPIF_L0/SNPS_CG_CELL_DCLK_B_DATA_reg_0 4(100.00%) 0(0.00%) 0(0.00%) 0(0.00%) 0(0.00%) 0(0.00%) 0(0.00%) 0(0.00%) 4
u_LOGIC_CENTER/LINK_LOGIC/LC_CSPIF_L0/CG_CELL_KEY_RST_DCLK 4(100.00%) 0(0.00%) 0(0.00%) 0(0.00%) 0(0.00%) 0(0.00%) 0(0.00%) 0(0.00%)       4
u_LOGIC_CENTER/LINK_LOGIC/LC_CSPIF_L0/SNPS_CG_CELL_DCLK_KEY_CODE_reg_0 4(100.00%) 0(0.00%) 0(0.00%) 0(0.00%) 0(0.00%) 0(0.00%) 0(0.00%) 0(0.00%) 4
u_LOGIC_CENTER/LINK_LOGIC/LC_CSPIF_L0/SNPS_CG_CELL_DCLK_SETTING_CNT_reg_0 4(100.00%) 0(0.00%) 0(0.00%) 0(0.00%) 0(0.00%) 0(0.00%) 0(0.00%) 0(0.00%) 4
u_LOGIC_CENTER/LINK_LOGIC/LC_CSPIF_L0/SNPS_CG_CELL_DCLK_DATA_24BIT_reg_0 4(100.00%) 0(0.00%) 0(0.00%) 0(0.00%) 0(0.00%) 0(0.00%) 0(0.00%) 0(0.00%) 4
u_LOGIC_CENTER/LINK_LOGIC/LC_CSPIF_L0/SNPS_CG_CELL_DCLK_DATA_24BIT_reg_1 4(100.00%) 0(0.00%) 0(0.00%) 0(0.00%) 0(0.00%) 0(0.00%) 0(0.00%) 0(0.00%) 4
u_LOGIC_CENTER/LINK_LOGIC/LC_CSPIF_L0/CG_CELL_HSR_DCLK 4(100.00%) 0(0.00%) 0(0.00%) 0(0.00%) 0(0.00%) 0(0.00%) 0(0.00%)    0(0.00%)        4
u_LOGIC_CENTER/LINK_LOGIC/LC_CSPIF_L0/CG_CELL_DLY_CNT_DCLK 4(100.00%) 0(0.00%) 0(0.00%) 0(0.00%) 0(0.00%) 0(0.00%) 0(0.00%) 0(0.00%)       4
u_LOGIC_CENTER/LINK_LOGIC/LC_CSPIF_L0/SNPS_CG_CELL_DCLK_DATA_NUM_CNT_reg_0 4(100.00%) 0(0.00%) 0(0.00%) 0(0.00%) 0(0.00%) 0(0.00%) 0(0.00%) 0(0.00%) 4
u_LOGIC_CENTER/LINK_LOGIC/LC_CSPIF_L0/SNPS_CG_CELL_HSR_DCLK_HSR_WIDTH_CNT_reg_0 4(100.00%) 0(0.00%) 0(0.00%) 0(0.00%) 0(0.00%) 0(0.00%) 0(0.00%) 0(0.00%) 4
u_LOGIC_CENTER/LINK_LOGIC/CSPI_WD_BWDBL 103(100.00%) 0(0.00%) 0(0.00%) 0(0.00%) 0(0.00%)   0(0.00%)        0(0.00%)        0(0.00%)        103
u_LOGIC_CENTER/LINK_LOGIC/LC_CSPIF_L1 535(100.00%) 0(0.00%) 0(0.00%) 0(0.00%) 0(0.00%)     0(0.00%)        0(0.00%)        0(0.00%)        535
u_LOGIC_CENTER/LINK_LOGIC/LC_CSPIF_L1/SNPS_CG_CELL_DCLK_B_DATA_reg_0 4(100.00%) 0(0.00%) 0(0.00%) 0(0.00%) 0(0.00%) 0(0.00%) 0(0.00%) 0(0.00%) 4
u_LOGIC_CENTER/LINK_LOGIC/LC_CSPIF_L1/SNPS_CG_CELL_DCLK_KEY_CODE_reg_0 4(100.00%) 0(0.00%) 0(0.00%) 0(0.00%) 0(0.00%) 0(0.00%) 0(0.00%) 0(0.00%) 4
u_LOGIC_CENTER/LINK_LOGIC/LC_CSPIF_L1/SNPS_CG_CELL_DCLK_RR_DATA_reg_0 4(100.00%) 0(0.00%) 0(0.00%) 0(0.00%) 0(0.00%) 0(0.00%) 0(0.00%) 0(0.00%) 4
u_LOGIC_CENTER/LINK_LOGIC/LC_CSPIF_L1/SNPS_CG_CELL_DCLK_DATA_24BIT_reg_0 4(100.00%) 0(0.00%) 0(0.00%) 0(0.00%) 0(0.00%) 0(0.00%) 0(0.00%) 0(0.00%) 4
u_LOGIC_CENTER/LINK_LOGIC/LC_CSPIF_L1/SNPS_CG_CELL_DCLK_DATA_24BIT_reg_1 4(100.00%) 0(0.00%) 0(0.00%) 0(0.00%) 0(0.00%) 0(0.00%) 0(0.00%) 0(0.00%) 4
u_LOGIC_CENTER/LINK_LOGIC/LC_MONBLOCK 107(100.00%) 0(0.00%) 0(0.00%) 0(0.00%) 0(0.00%)     0(0.00%)        0(0.00%)        0(0.00%)        107
u_LOGIC_CENTER/LINK_LOGIC/SNPS_CG_CELL_DCLK0_BKPOL_EN_P_L0_PRE_STORE_reg_0 4(100.00%) 0(0.00%) 0(0.00%) 0(0.00%) 0(0.00%) 0(0.00%) 0(0.00%) 0(0.00%) 4
u_LOGIC_CENTER/LINK_LOGIC/RSTN_POFF_CTL 39(100.00%) 0(0.00%) 0(0.00%) 0(0.00%) 0(0.00%)    0(0.00%)        0(0.00%)        0(0.00%)        39
u_LOGIC_CENTER/LINK_LOGIC/LC_CPUWR_HV2M23 556(100.00%) 0(0.00%) 0(0.00%) 0(0.00%) 0(0.00%) 0(0.00%)        0(0.00%)        0(0.00%)        556
u_LOGIC_CENTER/LINK_LOGIC/LC_CPUWR_HV2M23/SNPS_CG_CELL_WCK1_A_R_REG_0_reg_0 4(100.00%) 0(0.00%) 0(0.00%) 0(0.00%) 0(0.00%) 0(0.00%) 0(0.00%) 0(0.00%) 4
u_LOGIC_CENTER/LINK_LOGIC/LC_CPUWR_HV2M23/SNPS_CG_CELL_WCK1_A_R_REG_5_reg_0 4(100.00%) 0(0.00%) 0(0.00%) 0(0.00%) 0(0.00%) 0(0.00%) 0(0.00%) 0(0.00%) 4
u_LOGIC_CENTER/LINK_LOGIC/LC_CPUWR_HV2M23/SNPS_CG_CELL_WCK1_A_R_REG_1_reg_0 4(100.00%) 0(0.00%) 0(0.00%) 0(0.00%) 0(0.00%) 0(0.00%) 0(0.00%) 0(0.00%) 4
u_LOGIC_CENTER/LINK_LOGIC/LC_CPUWR_HV2M23/SNPS_CG_CELL_WCK1_A_R_REG_6_reg_0 4(100.00%) 0(0.00%) 0(0.00%) 0(0.00%) 0(0.00%) 0(0.00%) 0(0.00%) 0(0.00%) 4
u_LOGIC_CENTER/LINK_LOGIC/LC_CPUWR_HV2M23/SNPS_CG_CELL_WCK1_A_R_REG_34_reg_0 6(100.00%) 0(0.00%) 0(0.00%) 0(0.00%) 0(0.00%) 0(0.00%) 0(0.00%) 0(0.00%) 6
u_LOGIC_CENTER/LINK_LOGIC/LC_CPUWR_HV2M23/SNPS_CG_CELL_WCK1_A_R_REG_39_reg_0 4(100.00%) 0(0.00%) 0(0.00%) 0(0.00%) 0(0.00%) 0(0.00%) 0(0.00%) 0(0.00%) 4
u_LOGIC_CENTER/LINK_LOGIC/LC_CPUWR_HV2M23/SNPS_CG_CELL_WCK1_A_R_REG_10_reg_0 4(100.00%) 0(0.00%) 0(0.00%) 0(0.00%) 0(0.00%) 0(0.00%) 0(0.00%) 0(0.00%) 4
u_LOGIC_CENTER/LINK_LOGIC/LC_CPUWR_HV2M23/SNPS_CG_CELL_WCK1_A_R_REG_42_reg_0 4(100.00%) 0(0.00%) 0(0.00%) 0(0.00%) 0(0.00%) 0(0.00%) 0(0.00%) 0(0.00%) 4
u_LOGIC_CENTER/LINK_LOGIC/LC_CPUWR_HV2M23/SNPS_CG_CELL_WCK1_A_R_REG_2_reg_0 4(100.00%) 0(0.00%) 0(0.00%) 0(0.00%) 0(0.00%) 0(0.00%) 0(0.00%) 0(0.00%) 4
u_LOGIC_CENTER/LINK_LOGIC/LC_CPUWR_HV2M23/SNPS_CG_CELL_WCK1_A_R_REG_47_reg_0 4(100.00%) 0(0.00%) 0(0.00%) 0(0.00%) 0(0.00%) 0(0.00%) 0(0.00%) 0(0.00%) 4
u_LOGIC_CENTER/LINK_LOGIC/LC_CPUWR_HV2M23/SNPS_CG_CELL_WCK1_A_R_REG_7_reg_0 4(100.00%) 0(0.00%) 0(0.00%) 0(0.00%) 0(0.00%) 0(0.00%) 0(0.00%) 0(0.00%) 4
u_LOGIC_CENTER/LINK_LOGIC/LC_CPUWR_HV2M23/SNPS_CG_CELL_WCK1_A_R_REG_35_reg_0 6(100.00%) 0(0.00%) 0(0.00%) 0(0.00%) 0(0.00%) 0(0.00%) 0(0.00%) 0(0.00%) 6
u_LOGIC_CENTER/LINK_LOGIC/LC_CPUWR_HV2M23/SNPS_CG_CELL_WCK1_A_R_REG_50_reg_0 4(100.00%) 0(0.00%) 0(0.00%) 0(0.00%) 0(0.00%) 0(0.00%) 0(0.00%) 0(0.00%) 4
u_LOGIC_CENTER/LINK_LOGIC/LC_CPUWR_HV2M23/SNPS_CG_CELL_WCK1_A_R_REG_11_reg_0 4(100.00%) 0(0.00%) 0(0.00%) 0(0.00%) 0(0.00%) 0(0.00%) 0(0.00%) 0(0.00%) 4
u_LOGIC_CENTER/LINK_LOGIC/LC_CPUWR_HV2M23/SNPS_CG_CELL_WCK1_A_R_REG_43_reg_0 4(100.00%) 0(0.00%) 0(0.00%) 0(0.00%) 0(0.00%) 0(0.00%) 0(0.00%) 0(0.00%) 4
u_LOGIC_CENTER/LINK_LOGIC/LC_CPUWR_HV2M23/SNPS_CG_CELL_WCK1_A_R_REG_3_reg_0 4(100.00%) 0(0.00%) 0(0.00%) 0(0.00%) 0(0.00%) 0(0.00%) 0(0.00%) 0(0.00%) 4
u_LOGIC_CENTER/LINK_LOGIC/LC_CPUWR_HV2M23/SNPS_CG_CELL_WCK1_A_R_REG_31_reg_0 4(100.00%) 0(0.00%) 0(0.00%) 0(0.00%) 0(0.00%) 0(0.00%) 0(0.00%) 0(0.00%) 4
u_LOGIC_CENTER/LINK_LOGIC/LC_CPUWR_HV2M23/SNPS_CG_CELL_WCK1_A_R_REG_48_reg_0 4(100.00%) 0(0.00%) 0(0.00%) 0(0.00%) 0(0.00%) 0(0.00%) 0(0.00%) 0(0.00%) 4
u_LOGIC_CENTER/LINK_LOGIC/LC_CPUWR_HV2M23/SNPS_CG_CELL_WCK1_A_R_REG_8_reg_0 4(100.00%) 0(0.00%) 0(0.00%) 0(0.00%) 0(0.00%) 0(0.00%) 0(0.00%) 0(0.00%) 4
u_LOGIC_CENTER/LINK_LOGIC/LC_CPUWR_HV2M23/SNPS_CG_CELL_WCK1_A_R_REG_36_reg_0 4(100.00%) 0(0.00%) 0(0.00%) 0(0.00%) 0(0.00%) 0(0.00%) 0(0.00%) 0(0.00%) 4
u_LOGIC_CENTER/LINK_LOGIC/LC_CPUWR_HV2M23/SNPS_CG_CELL_WCK1_A_R_REG_12_reg_0 4(100.00%) 0(0.00%) 0(0.00%) 0(0.00%) 0(0.00%) 0(0.00%) 0(0.00%) 0(0.00%) 4
u_LOGIC_CENTER/LINK_LOGIC/LC_CPUWR_HV2M23/SNPS_CG_CELL_WCK1_A_R_REG_44_reg_0 4(100.00%) 0(0.00%) 0(0.00%) 0(0.00%) 0(0.00%) 0(0.00%) 0(0.00%) 0(0.00%) 4
u_LOGIC_CENTER/LINK_LOGIC/LC_CPUWR_HV2M23/SNPS_CG_CELL_WCK1_A_R_REG_4_reg_0 4(100.00%) 0(0.00%) 0(0.00%) 0(0.00%) 0(0.00%) 0(0.00%) 0(0.00%) 0(0.00%) 4
u_LOGIC_CENTER/LINK_LOGIC/LC_CPUWR_HV2M23/SNPS_CG_CELL_WCK1_A_R_REG_32_reg_0 4(100.00%) 0(0.00%) 0(0.00%) 0(0.00%) 0(0.00%) 0(0.00%) 0(0.00%) 0(0.00%) 4
u_LOGIC_CENTER/LINK_LOGIC/LC_CPUWR_HV2M23/SNPS_CG_CELL_WCK1_A_R_REG_9_reg_0 4(100.00%) 0(0.00%) 0(0.00%) 0(0.00%) 0(0.00%) 0(0.00%) 0(0.00%) 0(0.00%) 4
u_LOGIC_CENTER/LINK_LOGIC/LC_CPUWR_HV2M23/SNPS_CG_CELL_WCK1_A_R_REG_49_reg_0 4(100.00%) 0(0.00%) 0(0.00%) 0(0.00%) 0(0.00%) 0(0.00%) 0(0.00%) 0(0.00%) 4
u_LOGIC_CENTER/LINK_LOGIC/LC_CPUWR_HV2M23/SNPS_CG_CELL_WCK1_A_R_REG_37_reg_0 7(100.00%) 0(0.00%) 0(0.00%) 0(0.00%) 0(0.00%) 0(0.00%) 0(0.00%) 0(0.00%) 7
u_LOGIC_CENTER/LINK_LOGIC/LC_CPUWR_HV2M23/SNPS_CG_CELL_WCK1_A_R_REG_40_reg_0 4(100.00%) 0(0.00%) 0(0.00%) 0(0.00%) 0(0.00%) 0(0.00%) 0(0.00%) 0(0.00%) 4
u_LOGIC_CENTER/LINK_LOGIC/LC_CPUWR_HV2M23/SNPS_CG_CELL_WCK1_A_R_REG_45_reg_0 4(100.00%) 0(0.00%) 0(0.00%) 0(0.00%) 0(0.00%) 0(0.00%) 0(0.00%) 0(0.00%) 4
u_LOGIC_CENTER/LINK_LOGIC/LC_CPUWR_HV2M23/SNPS_CG_CELL_WCK1_A_R_REG_60_reg_0 4(100.00%) 0(0.00%) 0(0.00%) 0(0.00%) 0(0.00%) 0(0.00%) 0(0.00%) 0(0.00%) 4
u_LOGIC_CENTER/LINK_LOGIC/LC_CPUWR_HV2M23/SNPS_CG_CELL_WCK1_A_R_REG_38_reg_0 4(100.00%) 0(0.00%) 0(0.00%) 0(0.00%) 0(0.00%) 0(0.00%) 0(0.00%) 0(0.00%) 4
u_LOGIC_CENTER/LINK_LOGIC/LC_CPUWR_HV2M23/SNPS_CG_CELL_WCK1_A_R_REG_41_reg_0 4(100.00%) 0(0.00%) 0(0.00%) 0(0.00%) 0(0.00%) 0(0.00%) 0(0.00%) 0(0.00%) 4
u_LOGIC_CENTER/LINK_LOGIC/LC_CPUWR_HV2M23/SNPS_CG_CELL_WCK1_A_R_REG_46_reg_0 4(100.00%) 0(0.00%) 0(0.00%) 0(0.00%) 0(0.00%) 0(0.00%) 0(0.00%) 0(0.00%) 4
u_LOGIC_CENTER/LINK_LOGIC/U_SYNC_L0L1 715(100.00%) 0(0.00%) 0(0.00%) 0(0.00%) 0(0.00%)     0(0.00%)        0(0.00%)        0(0.00%)        715
u_LOGIC_CENTER/LINK_LOGIC/U_SYNC_L0L1/U_L0_CIRC_DELAY_BUF 393(100.00%) 0(0.00%) 0(0.00%) 0(0.00%) 0(0.00%) 0(0.00%) 0(0.00%) 0(0.00%)      393
u_LOGIC_CENTER/LINK_LOGIC/U_SYNC_L0L1/U_L0_CIRC_DELAY_BUF/SNPS_CG_CELL_DCLK0_L0_BUF4_reg_0 4(100.00%) 0(0.00%) 0(0.00%) 0(0.00%) 0(0.00%) 0(0.00%) 0(0.00%) 0(0.00%) 4
u_LOGIC_CENTER/LINK_LOGIC/U_SYNC_L0L1/U_L0_CIRC_DELAY_BUF/SNPS_CG_CELL_DCLK0_L0_BUF_CNT_FIX_SEL_reg_0 6(100.00%) 0(0.00%) 0(0.00%) 0(0.00%) 0(0.00%) 0(0.00%) 0(0.00%) 0(0.00%) 6
u_LOGIC_CENTER/LINK_LOGIC/U_SYNC_L0L1/U_L0_CIRC_DELAY_BUF/SNPS_CG_CELL_DCLK0_L0_BUF0_reg_0 4(100.00%) 0(0.00%) 0(0.00%) 0(0.00%) 0(0.00%) 0(0.00%) 0(0.00%) 0(0.00%) 4
u_LOGIC_CENTER/LINK_LOGIC/U_SYNC_L0L1/U_L0_CIRC_DELAY_BUF/SNPS_CG_CELL_DCLK0_L0_BUF5_reg_0 4(100.00%) 0(0.00%) 0(0.00%) 0(0.00%) 0(0.00%) 0(0.00%) 0(0.00%) 0(0.00%) 4
u_LOGIC_CENTER/LINK_LOGIC/U_SYNC_L0L1/U_L0_CIRC_DELAY_BUF/SNPS_CG_CELL_DCLK0_L0_BUF1_reg_0 4(100.00%) 0(0.00%) 0(0.00%) 0(0.00%) 0(0.00%) 0(0.00%) 0(0.00%) 0(0.00%) 4
u_LOGIC_CENTER/LINK_LOGIC/U_SYNC_L0L1/U_L0_CIRC_DELAY_BUF/SNPS_CG_CELL_DCLK0_L0_BUF6_reg_0 4(100.00%) 0(0.00%) 0(0.00%) 0(0.00%) 0(0.00%) 0(0.00%) 0(0.00%) 0(0.00%) 4
u_LOGIC_CENTER/LINK_LOGIC/U_SYNC_L0L1/U_L0_CIRC_DELAY_BUF/SNPS_CG_CELL_DCLK0_L0_BUF2_reg_0 4(100.00%) 0(0.00%) 0(0.00%) 0(0.00%) 0(0.00%) 0(0.00%) 0(0.00%) 0(0.00%) 4
u_LOGIC_CENTER/LINK_LOGIC/U_SYNC_L0L1/U_L0_CIRC_DELAY_BUF/SNPS_CG_CELL_DCLK0_L0_BUF_CNT_SEL_reg_0 4(100.00%) 0(0.00%) 0(0.00%) 0(0.00%) 0(0.00%) 0(0.00%) 0(0.00%) 0(0.00%) 4
u_LOGIC_CENTER/LINK_LOGIC/U_SYNC_L0L1/U_L0_CIRC_DELAY_BUF/SNPS_CG_CELL_DCLK0_L0_BUF3_reg_0 4(100.00%) 0(0.00%) 0(0.00%) 0(0.00%) 0(0.00%) 0(0.00%) 0(0.00%) 0(0.00%) 4
u_LOGIC_CENTER/LINK_LOGIC/U_SYNC_L0L1/SNPS_CG_CELL_DCLK1_L1_BUF1_reg_0 4(100.00%) 0(0.00%) 0(0.00%) 0(0.00%) 0(0.00%) 0(0.00%) 0(0.00%) 0(0.00%) 4
u_LOGIC_CENTER/LINK_LOGIC/U_SYNC_L0L1/SNPS_CG_CELL_DCLK1_L1_BUF2_reg_0 4(100.00%) 0(0.00%) 0(0.00%) 0(0.00%) 0(0.00%) 0(0.00%) 0(0.00%) 0(0.00%) 4
u_LOGIC_CENTER/LINK_LOGIC/LC_CPUWR_HV2M23_VGMA 327(100.00%) 0(0.00%) 0(0.00%) 0(0.00%) 0(0.00%) 0(0.00%)   0(0.00%)        0(0.00%)        327
u_LOGIC_CENTER/LINK_LOGIC/LC_CPUWR_HV2M23_VGMA/SNPS_CG_CELL_WCK1_A_R_REG_30_reg_0 4(100.00%) 0(0.00%) 0(0.00%) 0(0.00%) 0(0.00%) 0(0.00%) 0(0.00%) 0(0.00%) 4
u_LOGIC_CENTER/LINK_LOGIC/LC_CPUWR_HV2M23_VGMA/SNPS_CG_CELL_WCK1_A_R_REG_17_reg_0 4(100.00%) 0(0.00%) 0(0.00%) 0(0.00%) 0(0.00%) 0(0.00%) 0(0.00%) 0(0.00%) 4
u_LOGIC_CENTER/LINK_LOGIC/LC_CPUWR_HV2M23_VGMA/SNPS_CG_CELL_WCK1_A_R_REG_29_reg_0 4(100.00%) 0(0.00%) 0(0.00%) 0(0.00%) 0(0.00%) 0(0.00%) 0(0.00%) 0(0.00%) 4
u_LOGIC_CENTER/LINK_LOGIC/LC_CPUWR_HV2M23_VGMA/SNPS_CG_CELL_WCK1_A_R_REG_19_reg_0 4(100.00%) 0(0.00%) 0(0.00%) 0(0.00%) 0(0.00%) 0(0.00%) 0(0.00%) 0(0.00%) 4
u_LOGIC_CENTER/LINK_LOGIC/LC_CPUWR_HV2M23_VGMA/SNPS_CG_CELL_WCK1_A_R_REG_16_reg_0 4(100.00%) 0(0.00%) 0(0.00%) 0(0.00%) 0(0.00%) 0(0.00%) 0(0.00%) 0(0.00%) 4
u_LOGIC_CENTER/LINK_LOGIC/LC_CPUWR_HV2M23_VGMA/SNPS_CG_CELL_WCK1_A_R_REG_28_reg_0 4(100.00%) 0(0.00%) 0(0.00%) 0(0.00%) 0(0.00%) 0(0.00%) 0(0.00%) 0(0.00%) 4
u_LOGIC_CENTER/LINK_LOGIC/LC_CPUWR_HV2M23_VGMA/SNPS_CG_CELL_WCK1_A_R_REG_25_reg_0 4(100.00%) 0(0.00%) 0(0.00%) 0(0.00%) 0(0.00%) 0(0.00%) 0(0.00%) 0(0.00%) 4
u_LOGIC_CENTER/LINK_LOGIC/LC_CPUWR_HV2M23_VGMA/SNPS_CG_CELL_WCK1_A_R_REG_18_reg_0 4(100.00%) 0(0.00%) 0(0.00%) 0(0.00%) 0(0.00%) 0(0.00%) 0(0.00%) 0(0.00%) 4
u_LOGIC_CENTER/LINK_LOGIC/LC_CPUWR_HV2M23_VGMA/SNPS_CG_CELL_WCK1_A_R_REG_15_reg_0 4(100.00%) 0(0.00%) 0(0.00%) 0(0.00%) 0(0.00%) 0(0.00%) 0(0.00%) 0(0.00%) 4
u_LOGIC_CENTER/LINK_LOGIC/LC_CPUWR_HV2M23_VGMA/SNPS_CG_CELL_WCK1_A_R_REG_27_reg_0 4(100.00%) 0(0.00%) 0(0.00%) 0(0.00%) 0(0.00%) 0(0.00%) 0(0.00%) 0(0.00%) 4
u_LOGIC_CENTER/LINK_LOGIC/LC_CPUWR_HV2M23_VGMA/SNPS_CG_CELL_WCK1_A_R_REG_24_reg_0 4(100.00%) 0(0.00%) 0(0.00%) 0(0.00%) 0(0.00%) 0(0.00%) 0(0.00%) 0(0.00%) 4
u_LOGIC_CENTER/LINK_LOGIC/LC_CPUWR_HV2M23_VGMA/SNPS_CG_CELL_WCK1_A_R_REG_14_reg_0 4(100.00%) 0(0.00%) 0(0.00%) 0(0.00%) 0(0.00%) 0(0.00%) 0(0.00%) 0(0.00%) 4
u_LOGIC_CENTER/LINK_LOGIC/LC_CPUWR_HV2M23_VGMA/SNPS_CG_CELL_WCK1_A_R_REG_26_reg_0 4(100.00%) 0(0.00%) 0(0.00%) 0(0.00%) 0(0.00%) 0(0.00%) 0(0.00%) 0(0.00%) 4
u_LOGIC_CENTER/LINK_LOGIC/LC_CPUWR_HV2M23_VGMA/SNPS_CG_CELL_WCK1_A_R_REG_23_reg_0 4(100.00%) 0(0.00%) 0(0.00%) 0(0.00%) 0(0.00%) 0(0.00%) 0(0.00%) 0(0.00%) 4
u_LOGIC_CENTER/LINK_LOGIC/LC_CPUWR_HV2M23_VGMA/SNPS_CG_CELL_WCK1_A_R_REG_20_reg_0 4(100.00%) 0(0.00%) 0(0.00%) 0(0.00%) 0(0.00%) 0(0.00%) 0(0.00%) 0(0.00%) 4
u_LOGIC_CENTER/LINK_LOGIC/LC_CPUWR_HV2M23_VGMA/SNPS_CG_CELL_WCK1_A_R_REG_13_reg_0 4(100.00%) 0(0.00%) 0(0.00%) 0(0.00%) 0(0.00%) 0(0.00%) 0(0.00%) 0(0.00%) 4
u_LOGIC_CENTER/LINK_LOGIC/LC_CPUWR_HV2M23_VGMA/SNPS_CG_CELL_WCK1_A_R_REG_22_reg_0 4(100.00%) 0(0.00%) 0(0.00%) 0(0.00%) 0(0.00%) 0(0.00%) 0(0.00%) 0(0.00%) 4
u_LOGIC_CENTER/LINK_LOGIC/LC_CPUWR_HV2M23_VGMA/SNPS_CG_CELL_WCK1_A_R_REG_21_reg_0 4(100.00%) 0(0.00%) 0(0.00%) 0(0.00%) 0(0.00%) 0(0.00%) 0(0.00%) 0(0.00%) 4
u_LOGIC_CENTER/CENTER1 3326(100.00%) 0(0.00%)    0(0.00%)     0(0.00%)     0(0.00%)        0(0.00%)        0(0.00%)        0(0.00%)        3326
u_LOGIC_CENTER/CENTER1/TOTAL_DTCTL 1680(100.00%) 0(0.00%) 0(0.00%) 0(0.00%) 0(0.00%)       0(0.00%)        0(0.00%)        0(0.00%)        1680
u_LOGIC_CENTER/CENTER1/TOTAL_DTCTL/DTCTL_L1_COMB 46(100.00%) 0(0.00%) 0(0.00%) 0(0.00%) 0(0.00%) 0(0.00%)  0(0.00%)        0(0.00%)        46
u_LOGIC_CENTER/CENTER1/TOTAL_DTCTL/DTCTL_L0 955(100.00%) 0(0.00%) 0(0.00%) 0(0.00%) 0(0.00%) 0(0.00%)      0(0.00%)        0(0.00%)        955
u_LOGIC_CENTER/CENTER1/TOTAL_DTCTL/DTCTL_L0/SNPS_CG_CELL_DTCLK_CH_CNT_pre_reg_0 4(100.00%) 0(0.00%) 0(0.00%) 0(0.00%) 0(0.00%) 0(0.00%) 0(0.00%) 0(0.00%) 4
u_LOGIC_CENTER/CENTER1/TOTAL_DTCTL/DTCTL_L0/DPLC_PRE_REV 109(100.00%) 0(0.00%) 0(0.00%) 0(0.00%) 0(0.00%) 0(0.00%) 0(0.00%) 0(0.00%)       109
u_LOGIC_CENTER/CENTER1/TOTAL_DTCTL/DTCTL_L0/u_H120VMAP_H120V_CH1446_1440 242(100.00%) 0(0.00%) 0(0.00%) 0(0.00%) 0(0.00%) 0(0.00%) 0(0.00%) 0(0.00%) 242
u_LOGIC_CENTER/CENTER1/TOTAL_DTCTL/DTCTL_L0/CG_CELL_DTCLK 4(100.00%) 0(0.00%) 0(0.00%) 0(0.00%) 0(0.00%) 0(0.00%) 0(0.00%) 0(0.00%)        4
u_LOGIC_CENTER/CENTER1/TOTAL_DTCTL/DTCTL_L0/CG_CELL_DTCLK_1P 4(100.00%) 0(0.00%) 0(0.00%) 0(0.00%) 0(0.00%) 0(0.00%) 0(0.00%) 0(0.00%)     4
u_LOGIC_CENTER/CENTER1/TOTAL_DTCTL/DTCTL_L1 443(100.00%) 0(0.00%) 0(0.00%) 0(0.00%) 0(0.00%) 0(0.00%)      0(0.00%)        0(0.00%)        443
u_LOGIC_CENTER/CENTER1/TOTAL_DTCTL/DTCTL_L1/CG_CELL_DTCLK 4(100.00%) 0(0.00%) 0(0.00%) 0(0.00%) 0(0.00%) 0(0.00%) 0(0.00%) 0(0.00%)        4
u_LOGIC_CENTER/CENTER1/TOTAL_DTCTL/DTCTL_COMB 258(100.00%) 0(0.00%) 0(0.00%) 0(0.00%) 0(0.00%) 0(0.00%)    0(0.00%)        0(0.00%)        258
u_LOGIC_CENTER/CENTER1/TOTAL_DTCTL/DTCTL_L0_COMB 208(100.00%) 0(0.00%) 0(0.00%) 0(0.00%) 0(0.00%) 0(0.00%) 0(0.00%)        0(0.00%)        208
u_LOGIC_CENTER/CENTER1/DRD_OD 1419(100.00%) 0(0.00%) 0(0.00%) 0(0.00%)     0(0.00%)        0(0.00%)        0(0.00%)        0(0.00%)        1419
u_LOGIC_CENTER/CENTER1/DRD_OD/DRD_OD_ADD_WEIGHT 661(100.00%) 0(0.00%) 0(0.00%) 0(0.00%) 0(0.00%) 0(0.00%)  0(0.00%)        0(0.00%)        661
u_LOGIC_CENTER/CENTER1/DRD_OD/DRD_OD_ADD_WEIGHT/SNPS_CG_CELL_CLK_L0_line_cnt_od_reg_0 4(100.00%) 0(0.00%) 0(0.00%) 0(0.00%) 0(0.00%) 0(0.00%) 0(0.00%) 0(0.00%) 4
u_LOGIC_CENTER/CENTER1/DRD_OD/DRD_OD_ADD_WEIGHT/SNPS_CG_CELL_CLK_L0_shift_sel_od_reg_0 4(100.00%) 0(0.00%) 0(0.00%) 0(0.00%) 0(0.00%) 0(0.00%) 0(0.00%) 0(0.00%) 4
u_LOGIC_CENTER/CENTER1/DRD_OD/DRD_OD_PATTERN_DETECT 287(100.00%) 0(0.00%) 0(0.00%) 0(0.00%) 0(0.00%) 0(0.00%) 0(0.00%)     0(0.00%)        287
u_LOGIC_CENTER/CENTER1/DRD_OD/CG_CELL_CLK_L0_OD_WG 4(100.00%) 0(0.00%) 0(0.00%) 0(0.00%) 0(0.00%) 0(0.00%) 0(0.00%)        0(0.00%)        4
u_LOGIC_CENTER/CENTER1/DRD_OD/SNPS_CG_CELL_DTCLK_L1_DATAI_L1_OD_WEIGHT_d1_reg_0 4(100.00%) 0(0.00%) 0(0.00%) 0(0.00%) 0(0.00%) 0(0.00%) 0(0.00%) 0(0.00%) 4
u_LOGIC_CENTER/CENTER1/DRD_OD/SNPS_CG_CELL_DTCLK_L0_DATAI_L0_OD_WEIGHT_d1_reg_0 4(100.00%) 0(0.00%) 0(0.00%) 0(0.00%) 0(0.00%) 0(0.00%) 0(0.00%) 0(0.00%) 4
u_LOGIC_CENTER/CENTER1/ANCTL_COMB 147(100.00%) 0(0.00%) 0(0.00%) 0(0.00%)  0(0.00%)        0(0.00%)        0(0.00%)        0(0.00%)        147
u_LOGIC_CENTER/CENTER1/ANCTL 146(100.00%) 0(0.00%) 0(0.00%)   0(0.00%)     0(0.00%)        0(0.00%)        0(0.00%)        0(0.00%)        146
u_LOGIC_CENTER/CENTER1/ANCTL/SNPS_CG_CELL_CLK_OD_time_cnt_reg_0 4(100.00%) 0(0.00%) 0(0.00%) 0(0.00%) 0(0.00%) 0(0.00%) 0(0.00%) 0(0.00%)  4
u_LOGIC_CENTER/BISR_OBUF_L 107(100.00%) 0(0.00%) 0(0.00%)     0(0.00%)     0(0.00%)        0(0.00%)        0(0.00%)        0(0.00%)        107
u_LOGIC_CENTER/BISR_OBUF_R 107(100.00%) 0(0.00%) 0(0.00%)     0(0.00%)     0(0.00%)        0(0.00%)        0(0.00%)        0(0.00%)        107
APR_CDM_0         0(0%)             0(0%)        0(0%)        0(0%)        0(0%)           0(0%)           0(0%)           0(0%)           0
APR_CDM_1         0(0%)             0(0%)        0(0%)        0(0%)        0(0%)           0(0%)           0(0%)           0(0%)           0
APR_CDM_2         0(0%)             0(0%)        0(0%)        0(0%)        0(0%)           0(0%)           0(0%)           0(0%)           0
APR_CDM_3         0(0%)             0(0%)        0(0%)        0(0%)        0(0%)           0(0%)           0(0%)           0(0%)           0
APR_CDM_4         0(0%)             0(0%)        0(0%)        0(0%)        0(0%)           0(0%)           0(0%)           0(0%)           0
APR_CDM_5         0(0%)             0(0%)        0(0%)        0(0%)        0(0%)           0(0%)           0(0%)           0(0%)           0
APR_CDM_6         0(0%)             0(0%)        0(0%)        0(0%)        0(0%)           0(0%)           0(0%)           0(0%)           0
APR_CDM_7         0(0%)             0(0%)        0(0%)        0(0%)        0(0%)           0(0%)           0(0%)           0(0%)           0
APR_CDM_8         0(0%)             0(0%)        0(0%)        0(0%)        0(0%)           0(0%)           0(0%)           0(0%)           0
APR_CDM_9         0(0%)             0(0%)        0(0%)        0(0%)        0(0%)           0(0%)           0(0%)           0(0%)           0
----------------------------------------------------------------------------------------------------------------------------------------------------
1
