Loading db file '/eda/process/015/ENEXCHIP/standcell/M31HSSC900EL150SL_00.01.000/ccs_db/M31HSSC900EL150SL_25CTT1P8_typ_ccs.db'
Loading verilog file '/project/HV2M23/designer/AD/yzhao/release/HV2M23_digital_top/timing/latest/HV2M23_digital_top.v.gz'
Loading db file '/eda/process/015/ENEXCHIP/standcell/M31HSSC900EL150SS_01.05.000/ccs_db/M31HSSC900EL150SS_25CTT1P8_typ_ccs.db'
Linking design HV2M23_digital_top...
Warning: Unable to resolve reference to 'APR_CDM' in 'HV2M23_digital_top'. (LNK-005)
Information: Creating black box for APR_CDM_10/APR_CDM... (LNK-043)
Information: Creating black box for APR_CDM_11/APR_CDM... (LNK-043)
Information: Creating black box for APR_CDM_12/APR_CDM... (LNK-043)
Information: Creating black box for APR_CDM_13/APR_CDM... (LNK-043)
Information: Creating black box for APR_CDM_14/APR_CDM... (LNK-043)
Information: Creating black box for APR_CDM_15/APR_CDM... (LNK-043)
Information: Creating black box for APR_CDM_16/APR_CDM... (LNK-043)
Information: Creating black box for APR_CDM_17/APR_CDM... (LNK-043)
Information: Creating black box for APR_CDM_18/APR_CDM... (LNK-043)
Information: Creating black box for APR_CDM_19/APR_CDM... (LNK-043)
Information: Creating black box for APR_CDM_20/APR_CDM... (LNK-043)
Information: Creating black box for APR_CDM_21/APR_CDM... (LNK-043)
Information: Creating black box for APR_CDM_22/APR_CDM... (LNK-043)
Information: Creating black box for APR_CDM_23/APR_CDM... (LNK-043)
Information: Creating black box for APR_CDM_24/APR_CDM... (LNK-043)
Information: Creating black box for APR_CDM_25/APR_CDM... (LNK-043)
Information: Creating black box for APR_CDM_26/APR_CDM... (LNK-043)
Information: Creating black box for APR_CDM_27/APR_CDM... (LNK-043)
Information: Creating black box for APR_CDM_28/APR_CDM... (LNK-043)
Information: Creating black box for APR_CDM_29/APR_CDM... (LNK-043)
Information: Creating black box for APR_CDM_30/APR_CDM... (LNK-043)
Information: Creating black box for APR_CDM_31/APR_CDM... (LNK-043)
Information: Creating black box for APR_CDM_32/APR_CDM... (LNK-043)
Information: Creating black box for APR_CDM_33/APR_CDM... (LNK-043)
Information: Creating black box for APR_CDM_34/APR_CDM... (LNK-043)
Information: Creating black box for APR_CDM_35/APR_CDM... (LNK-043)
Information: Creating black box for APR_CDM_36/APR_CDM... (LNK-043)
Information: Creating black box for APR_CDM_37/APR_CDM... (LNK-043)
Information: Creating black box for APR_CDM_38/APR_CDM... (LNK-043)
Information: Creating black box for APR_CDM_39/APR_CDM... (LNK-043)
Information: Creating black box for APR_CDM_40/APR_CDM... (LNK-043)
Information: Creating black box for APR_CDM_41/APR_CDM... (LNK-043)
Information: Creating black box for APR_CDM_42/APR_CDM... (LNK-043)
Information: Creating black box for APR_CDM_43/APR_CDM... (LNK-043)
Information: Creating black box for APR_CDM_44/APR_CDM... (LNK-043)
Information: Creating black box for APR_CDM_45/APR_CDM... (LNK-043)
Information: Creating black box for APR_CDM_46/APR_CDM... (LNK-043)
Information: Creating black box for APR_CDM_47/APR_CDM... (LNK-043)
Information: Creating black box for APR_CDM_48/APR_CDM... (LNK-043)
Information: Creating black box for APR_CDM_49/APR_CDM... (LNK-043)
Information: Creating black box for APR_CDM_50/APR_CDM... (LNK-043)
Information: Creating black box for APR_CDM_51/APR_CDM... (LNK-043)
Information: Creating black box for APR_CDM_0/APR_CDM... (LNK-043)
Information: Creating black box for APR_CDM_1/APR_CDM... (LNK-043)
Information: Creating black box for APR_CDM_2/APR_CDM... (LNK-043)
Information: Creating black box for APR_CDM_3/APR_CDM... (LNK-043)
Information: Creating black box for APR_CDM_4/APR_CDM... (LNK-043)
Information: Creating black box for APR_CDM_5/APR_CDM... (LNK-043)
Information: Creating black box for APR_CDM_6/APR_CDM... (LNK-043)
Information: Creating black box for APR_CDM_7/APR_CDM... (LNK-043)
Information: Creating black box for APR_CDM_8/APR_CDM... (LNK-043)
Information: Creating black box for APR_CDM_9/APR_CDM... (LNK-043)
Information: Removing 191 unneeded designs..... (LNK-034)
Information: 676 (100.00%) library cells are unused in library M31HSSC900EL150SL_25CTT1P8_typ_ccs..... (LNK-045)
Information: 535 (72.89%) library cells are unused in library M31HSSC900EL150SS_25CTT1P8_typ_ccs..... (LNK-045)
Error: Missing param_fall for pull_downError: Missing param_fall and param_rise line.
Error: Missing param_rise for pull_upError: Missing param_fall and param_rise line.
Information: total 1211 library cells are unused (LNK-046)
Design 'HV2M23_digital_top' was successfully linked.
Information: There are 9971 leaf cells, ports, hiers and 15041 nets in the design (LNK-047)
1
