****************************************
Report : Switching Activity
	-average_activity
	-hierarchy
Design : HV2M23_digital_top
Version: M-2017.06-SP3-3
Date   : Wed Aug 12 16:31:33 2026
****************************************

 Switching Activities per period is with respect to time period 31000.000000 ns
 Simulation time for toggle count is 31000 ns
------------------------------------------------------------------------------------------------------------------------
Object                            Toggle Count       Toggle Rate      Glitch Count   Glitch Rate      # Nets
                                  Per Net            Per Period       Per Net        Per Period       Included
                                                     Per Net                         Per Net          
------------------------------------------------------------------------------------------------------------------------
HV2M23_digital_top                357.93             0.012            0.16           5.1e-06          10112
APR_CDM_10                        0                  0                0              0                0
APR_CDM_11                        0                  0                0              0                0
APR_CDM_12                        0                  0                0              0                0
APR_CDM_13                        0                  0                0              0                0
APR_CDM_14                        0                  0                0              0                0
APR_CDM_15                        0                  0                0              0                0
APR_CDM_16                        0                  0                0              0                0
APR_CDM_17                        0                  0                0              0                0
APR_CDM_18                        0                  0                0              0                0
APR_CDM_19                        0                  0                0              0                0
APR_CDM_20                        0                  0                0              0                0
APR_CDM_21                        0                  0                0              0                0
APR_CDM_22                        0                  0                0              0                0
APR_CDM_23                        0                  0                0              0                0
APR_CDM_24                        0                  0                0              0                0
APR_CDM_25                        0                  0                0              0                0
APR_CDM_26                        0                  0                0              0                0
APR_CDM_27                        0                  0                0              0                0
APR_CDM_28                        0                  0                0              0                0
APR_CDM_29                        0                  0                0              0                0
APR_CDM_30                        0                  0                0              0                0
APR_CDM_31                        0                  0                0              0                0
APR_CDM_32                        0                  0                0              0                0
APR_CDM_33                        0                  0                0              0                0
APR_CDM_34                        0                  0                0              0                0
APR_CDM_35                        0                  0                0              0                0
APR_CDM_36                        0                  0                0              0                0
APR_CDM_37                        0                  0                0              0                0
APR_CDM_38                        0                  0                0              0                0
APR_CDM_39                        0                  0                0              0                0
APR_CDM_40                        0                  0                0              0                0
APR_CDM_41                        0                  0                0              0                0
APR_CDM_42                        0                  0                0              0                0
APR_CDM_43                        0                  0                0              0                0
APR_CDM_44                        0                  0                0              0                0
APR_CDM_45                        0                  0                0              0                0
APR_CDM_46                        0                  0                0              0                0
APR_CDM_47                        0                  0                0              0                0
APR_CDM_48                        0                  0                0              0                0
APR_CDM_49                        0                  0                0              0                0
APR_CDM_50                        0                  0                0              0                0
APR_CDM_51                        0                  0                0              0                0
u_LOGIC_CENTER                    382.41             0.012            0.17           5.6e-06          9260
u_LOGIC_CENTER/DRA_OBUF           0.43               1.4e-05          0              0                23
u_LOGIC_CENTER/CLKGEN_U0          4924.55            0.16             0              0                124
u_LOGIC_CENTER/CLKGEN_U0/U_DCLK0_OD_DIV2 5335        0.17             0              0                6
u_LOGIC_CENTER/CLKGEN_U0/U_DCLK0_DIV1P5 2955.54      0.095            0              0                26
u_LOGIC_CENTER/CLKGEN_U0/CG_CELL_SETTING_DCLK0_DIV 1067 0.034         0              0                4
u_LOGIC_CENTER/CLKGEN_U0/U_DCLK0_OD_DIV1P5 9475.24   0.31             0              0                50
u_LOGIC_CENTER/CLKGEN_U1          4754.62            0.15             0              0                92
u_LOGIC_CENTER/CLKGEN_U1/U_DCLK1_DIV1P5 3162.59      0.1              0              0                27
u_LOGIC_CENTER/CLKGEN_U1/U_DCLK1_OD_DIV1P5 7389.10   0.24             0              0                41
u_LOGIC_CENTER/CLKGEN_U1/U_DCLK1_OD_DIV2 0           0                0              0                7
u_LOGIC_CENTER/PAD_INBUF          0                  0                0              0                12
u_LOGIC_CENTER/PAD_INBUF/SDA_DLY_BUF 0               0                0              0                9
u_LOGIC_CENTER/GMA_OBUF           0.29               9.2e-06          0              0                21
u_LOGIC_CENTER/I2C_CTL            0.66               2.1e-05          0              0                225
u_LOGIC_CENTER/I2C_CTL/I2C_EN_CTL 0                  0                0              0                35
u_LOGIC_CENTER/I2C_CTL/I2C_ST     0.76               2.4e-05          0              0                196
u_LOGIC_CENTER/I2C_CTL/I2C_ST/SNPS_CG_CELL_SCL_INV_REG_DATA_reg_0 0 0 0              0                4
u_LOGIC_CENTER/I2C_CTL/I2C_CLK_GEN 0                 0                0              0                13
u_LOGIC_CENTER/DC_INBUF           0                  0                0              0                16
u_LOGIC_CENTER/INBUF_U0           835.49             0.027            0              0                39
u_LOGIC_CENTER/INBUF_U0/DLY_INDATA0_9 1488           0.048            0              0                2
u_LOGIC_CENTER/INBUF_U0/DLY_INDATA0_10 924           0.03             0              0                2
u_LOGIC_CENTER/INBUF_U0/DLY_INDATA0_11 652           0.021            0              0                2
u_LOGIC_CENTER/INBUF_U0/DLY_INDATA0_12 281           0.0091           0              0                2
u_LOGIC_CENTER/INBUF_U0/DLY_INDATA0_13 470           0.015            0              0                2
u_LOGIC_CENTER/INBUF_U0/DLY_INDATA0_0 1498           0.048            0              0                2
u_LOGIC_CENTER/INBUF_U0/DLY_INDATA0_14 370           0.012            0              0                2
u_LOGIC_CENTER/INBUF_U0/DLY_INDATA0_1 944            0.03             0              0                2
u_LOGIC_CENTER/INBUF_U0/DLY_INDATA0_2 652            0.021            0              0                2
u_LOGIC_CENTER/INBUF_U0/DLY_INDATA0_15 420           0.014            0              0                2
u_LOGIC_CENTER/INBUF_U0/DLY_INDATA0_16 550           0.018            0              0                2
u_LOGIC_CENTER/INBUF_U0/DLY_INDATA0_3 281            0.0091           0              0                2
u_LOGIC_CENTER/INBUF_U0/DLY_INDATA0_17 2986          0.096            0              0                2
u_LOGIC_CENTER/INBUF_U0/DLY_INDATA0_4 460            0.015            0              0                2
u_LOGIC_CENTER/INBUF_U0/DLY_INDATA0_5 380            0.012            0              0                2
u_LOGIC_CENTER/INBUF_U0/DLY_INDATA0_6 410            0.013            0              0                2
u_LOGIC_CENTER/INBUF_U0/DLY_INDATA0_7 550            0.018            0              0                2
u_LOGIC_CENTER/INBUF_U0/DLY_INDATA0_8 2976           0.096            0              0                2
u_LOGIC_CENTER/INBUF_U1           0                  0                0              0                36
u_LOGIC_CENTER/INBUF_U1/DLY_INDATA1_16 0             0                0              0                2
u_LOGIC_CENTER/INBUF_U1/DLY_INDATA1_17 0             0                0              0                2
u_LOGIC_CENTER/INBUF_U1/DLY_INDATA1_0 0              0                0              0                2
u_LOGIC_CENTER/INBUF_U1/DLY_INDATA1_1 0              0                0              0                2
u_LOGIC_CENTER/INBUF_U1/DLY_INDATA1_2 0              0                0              0                2
u_LOGIC_CENTER/INBUF_U1/DLY_INDATA1_3 0              0                0              0                2
u_LOGIC_CENTER/INBUF_U1/DLY_INDATA1_4 0              0                0              0                2
u_LOGIC_CENTER/INBUF_U1/DLY_INDATA1_5 0              0                0              0                2
u_LOGIC_CENTER/INBUF_U1/DLY_INDATA1_6 0              0                0              0                2
u_LOGIC_CENTER/INBUF_U1/DLY_INDATA1_7 0              0                0              0                2
u_LOGIC_CENTER/INBUF_U1/DLY_INDATA1_10 0             0                0              0                2
u_LOGIC_CENTER/INBUF_U1/DLY_INDATA1_8 0              0                0              0                2
u_LOGIC_CENTER/INBUF_U1/DLY_INDATA1_11 0             0                0              0                2
u_LOGIC_CENTER/INBUF_U1/DLY_INDATA1_9 0              0                0              0                2
u_LOGIC_CENTER/INBUF_U1/DLY_INDATA1_12 0             0                0              0                2
u_LOGIC_CENTER/INBUF_U1/DLY_INDATA1_13 0             0                0              0                2
u_LOGIC_CENTER/INBUF_U1/DLY_INDATA1_14 0             0                0              0                2
u_LOGIC_CENTER/INBUF_U1/DLY_INDATA1_15 0             0                0              0                2
u_LOGIC_CENTER/PAD_OBUF           0                  0                0              0                8
u_LOGIC_CENTER/LINK_LOGIC         234.31             0.0076           0.14           4.7e-06          5151
u_LOGIC_CENTER/LINK_LOGIC/SNPS_CG_CELL_DCLK1_KEY_RST_18UI_L1_EXTEND_reg_0 2667.50 0.086 0 0           4
u_LOGIC_CENTER/LINK_LOGIC/CSPI_CMD_ALIGN_L0 313.91   0.01             0.74           2.4e-05          814
u_LOGIC_CENTER/LINK_LOGIC/CSPI_CMD_ALIGN_L0/SNPS_CG_CELL_DCLK_DATA_POINT_LAT_TMP_reg_0 1605.50 0.052 0 0 4
u_LOGIC_CENTER/LINK_LOGIC/CSPI_CMD_ALIGN_L0/iSP_UTC_DET_L0 297.07 0.0096 2.11        6.8e-05          284
u_LOGIC_CENTER/LINK_LOGIC/CSPI_CMD_ALIGN_L0/iSP_UTC_DET_L0/SNPS_CG_CELL_DCLK_SETTING_CNT_reg_0 1600.50 0.052 0 0 4
u_LOGIC_CENTER/LINK_LOGIC/CSPI_CMD_ALIGN_L0/iSP_UTC_DET_L0/SNPS_CG_CELL_DCLK_FRM_UTC_ERR_CNT_reg_0 1600.50 0.052 0 0 4
u_LOGIC_CENTER/LINK_LOGIC/CSPI_CMD_ALIGN_L0/iSP_UTC_DET_L0/SNPS_CG_CELL_DCLK_DATA_NUM_CNT_reg_0 3093.50 0.1 0 0 4
u_LOGIC_CENTER/LINK_LOGIC/CSPI_CMD_ALIGN_L0/iSP_UTC_DET_L0/SNPS_CG_CELL_DCLK_UTC_CLR_reg_0 3201 0.1 0 0 4
u_LOGIC_CENTER/LINK_LOGIC/CSPI_WD_BWDBL_POST 5.62    0.00018          0.03           8.2e-07          102
u_LOGIC_CENTER/LINK_LOGIC/CSPI_CMD_ALIGN_L1 34.02    0.0011           0              0                817
u_LOGIC_CENTER/LINK_LOGIC/CSPI_CMD_ALIGN_L1/SNPS_CG_CELL_DCLK_DATA_POINT_LAT_TMP_reg_0 1600.50 0.052 0 0 4
u_LOGIC_CENTER/LINK_LOGIC/CSPI_CMD_ALIGN_L1/iSP_UTC_DET_L1 91.78 0.003 0             0                279
u_LOGIC_CENTER/LINK_LOGIC/CSPI_CMD_ALIGN_L1/iSP_UTC_DET_L1/SNPS_CG_CELL_DCLK_SETTING_CNT_reg_0 1600.50 0.052 0 0 4
u_LOGIC_CENTER/LINK_LOGIC/CSPI_CMD_ALIGN_L1/iSP_UTC_DET_L1/SNPS_CG_CELL_DCLK_FRM_UTC_ERR_CNT_reg_0 1600.50 0.052 0 0 4
u_LOGIC_CENTER/LINK_LOGIC/CSPI_CMD_ALIGN_L1/iSP_UTC_DET_L1/SNPS_CG_CELL_DCLK_DATA_NUM_CNT_reg_0 1600.50 0.052 0 0 4
u_LOGIC_CENTER/LINK_LOGIC/CSPI_CMD_ALIGN_L1/iSP_UTC_DET_L1/SNPS_CG_CELL_DCLK_UTC_CLR_reg_0 3201 0.1 0 0 4
u_LOGIC_CENTER/LINK_LOGIC/REG_MAPPING_HV2M23 0.08    2.6e-06          0              0                126
u_LOGIC_CENTER/LINK_LOGIC/LC_CSPIF_L0 475.63         0.015            0.12           4e-06            1162
u_LOGIC_CENTER/LINK_LOGIC/LC_CSPIF_L0/SNPS_CG_CELL_DCLK_RR_DATA_reg_0 3734.50 0.12 0 0                4
u_LOGIC_CENTER/LINK_LOGIC/LC_CSPIF_L0/SNPS_CG_CELL_DCLK_B_DATA_reg_0 3201 0.1 0      0                4
u_LOGIC_CENTER/LINK_LOGIC/LC_CSPIF_L0/CG_CELL_KEY_RST_DCLK 1605.50 0.052 0           0                4
u_LOGIC_CENTER/LINK_LOGIC/LC_CSPIF_L0/SNPS_CG_CELL_DCLK_KEY_CODE_reg_0 3201 0.1 0    0                4
u_LOGIC_CENTER/LINK_LOGIC/LC_CSPIF_L0/SNPS_CG_CELL_DCLK_SETTING_CNT_reg_0 1600.50 0.052 0 0           4
u_LOGIC_CENTER/LINK_LOGIC/LC_CSPIF_L0/SNPS_CG_CELL_DCLK_DATA_24BIT_reg_0 3201 0.1 0  0                4
u_LOGIC_CENTER/LINK_LOGIC/LC_CSPIF_L0/SNPS_CG_CELL_DCLK_DATA_24BIT_reg_1 3201 0.1 0  0                4
u_LOGIC_CENTER/LINK_LOGIC/LC_CSPIF_L0/CG_CELL_HSR_DCLK 1730.50 0.056  0              0                4
u_LOGIC_CENTER/LINK_LOGIC/LC_CSPIF_L0/CG_CELL_DLY_CNT_DCLK 1680.50 0.054 0           0                4
u_LOGIC_CENTER/LINK_LOGIC/LC_CSPIF_L0/SNPS_CG_CELL_DCLK_DATA_NUM_CNT_reg_0 3093.50 0.1 0 0            4
u_LOGIC_CENTER/LINK_LOGIC/LC_CSPIF_L0/SNPS_CG_CELL_HSR_DCLK_HSR_WIDTH_CNT_reg_0 210.00 0.0068 0 0     4
u_LOGIC_CENTER/LINK_LOGIC/CSPI_WD_BWDBL 7.04         0.00023          0              0                103
u_LOGIC_CENTER/LINK_LOGIC/LC_CSPIF_L1 327.11         0.011            0              0                535
u_LOGIC_CENTER/LINK_LOGIC/LC_CSPIF_L1/SNPS_CG_CELL_DCLK_B_DATA_reg_0 3201 0.1 0      0                4
u_LOGIC_CENTER/LINK_LOGIC/LC_CSPIF_L1/SNPS_CG_CELL_DCLK_KEY_CODE_reg_0 3201 0.1 0    0                4
u_LOGIC_CENTER/LINK_LOGIC/LC_CSPIF_L1/SNPS_CG_CELL_DCLK_RR_DATA_reg_0 3734.75 0.12 0 0                4
u_LOGIC_CENTER/LINK_LOGIC/LC_CSPIF_L1/SNPS_CG_CELL_DCLK_DATA_24BIT_reg_0 3201.25 0.1 0 0              4
u_LOGIC_CENTER/LINK_LOGIC/LC_CSPIF_L1/SNPS_CG_CELL_DCLK_DATA_24BIT_reg_1 3201.25 0.1 0 0              4
u_LOGIC_CENTER/LINK_LOGIC/LC_MONBLOCK 485.21         0.016            0              0                107
u_LOGIC_CENTER/LINK_LOGIC/SNPS_CG_CELL_DCLK0_BKPOL_EN_P_L0_PRE_STORE_reg_0 1605.50 0.052 0 0          4
u_LOGIC_CENTER/LINK_LOGIC/RSTN_POFF_CTL 3.79         0.00012          0              0                39
u_LOGIC_CENTER/LINK_LOGIC/LC_CPUWR_HV2M23 131.75     0.0042           0              0                556
u_LOGIC_CENTER/LINK_LOGIC/LC_CPUWR_HV2M23/SNPS_CG_CELL_WCK1_A_R_REG_0_reg_0 0 0 0    0                4
u_LOGIC_CENTER/LINK_LOGIC/LC_CPUWR_HV2M23/SNPS_CG_CELL_WCK1_A_R_REG_5_reg_0 0 0 0    0                4
u_LOGIC_CENTER/LINK_LOGIC/LC_CPUWR_HV2M23/SNPS_CG_CELL_WCK1_A_R_REG_1_reg_0 0 0 0    0                4
u_LOGIC_CENTER/LINK_LOGIC/LC_CPUWR_HV2M23/SNPS_CG_CELL_WCK1_A_R_REG_6_reg_0 0 0 0    0                4
u_LOGIC_CENTER/LINK_LOGIC/LC_CPUWR_HV2M23/SNPS_CG_CELL_WCK1_A_R_REG_34_reg_0 0 0 0   0                6
u_LOGIC_CENTER/LINK_LOGIC/LC_CPUWR_HV2M23/SNPS_CG_CELL_WCK1_A_R_REG_39_reg_0 0 0 0   0                4
u_LOGIC_CENTER/LINK_LOGIC/LC_CPUWR_HV2M23/SNPS_CG_CELL_WCK1_A_R_REG_10_reg_0 0 0 0   0                4
u_LOGIC_CENTER/LINK_LOGIC/LC_CPUWR_HV2M23/SNPS_CG_CELL_WCK1_A_R_REG_42_reg_0 0 0 0   0                4
u_LOGIC_CENTER/LINK_LOGIC/LC_CPUWR_HV2M23/SNPS_CG_CELL_WCK1_A_R_REG_2_reg_0 0 0 0    0                4
u_LOGIC_CENTER/LINK_LOGIC/LC_CPUWR_HV2M23/SNPS_CG_CELL_WCK1_A_R_REG_47_reg_0 0 0 0   0                4
u_LOGIC_CENTER/LINK_LOGIC/LC_CPUWR_HV2M23/SNPS_CG_CELL_WCK1_A_R_REG_7_reg_0 0 0 0    0                4
u_LOGIC_CENTER/LINK_LOGIC/LC_CPUWR_HV2M23/SNPS_CG_CELL_WCK1_A_R_REG_35_reg_0 0 0 0   0                6
u_LOGIC_CENTER/LINK_LOGIC/LC_CPUWR_HV2M23/SNPS_CG_CELL_WCK1_A_R_REG_50_reg_0 0 0 0   0                4
u_LOGIC_CENTER/LINK_LOGIC/LC_CPUWR_HV2M23/SNPS_CG_CELL_WCK1_A_R_REG_11_reg_0 0 0 0   0                4
u_LOGIC_CENTER/LINK_LOGIC/LC_CPUWR_HV2M23/SNPS_CG_CELL_WCK1_A_R_REG_43_reg_0 0 0 0   0                4
u_LOGIC_CENTER/LINK_LOGIC/LC_CPUWR_HV2M23/SNPS_CG_CELL_WCK1_A_R_REG_3_reg_0 0 0 0    0                4
u_LOGIC_CENTER/LINK_LOGIC/LC_CPUWR_HV2M23/SNPS_CG_CELL_WCK1_A_R_REG_31_reg_0 0 0 0   0                4
u_LOGIC_CENTER/LINK_LOGIC/LC_CPUWR_HV2M23/SNPS_CG_CELL_WCK1_A_R_REG_48_reg_0 0 0 0   0                4
u_LOGIC_CENTER/LINK_LOGIC/LC_CPUWR_HV2M23/SNPS_CG_CELL_WCK1_A_R_REG_8_reg_0 0 0 0    0                4
u_LOGIC_CENTER/LINK_LOGIC/LC_CPUWR_HV2M23/SNPS_CG_CELL_WCK1_A_R_REG_36_reg_0 0 0 0   0                4
u_LOGIC_CENTER/LINK_LOGIC/LC_CPUWR_HV2M23/SNPS_CG_CELL_WCK1_A_R_REG_12_reg_0 0 0 0   0                4
u_LOGIC_CENTER/LINK_LOGIC/LC_CPUWR_HV2M23/SNPS_CG_CELL_WCK1_A_R_REG_44_reg_0 0 0 0   0                4
u_LOGIC_CENTER/LINK_LOGIC/LC_CPUWR_HV2M23/SNPS_CG_CELL_WCK1_A_R_REG_4_reg_0 0 0 0    0                4
u_LOGIC_CENTER/LINK_LOGIC/LC_CPUWR_HV2M23/SNPS_CG_CELL_WCK1_A_R_REG_32_reg_0 0 0 0   0                4
u_LOGIC_CENTER/LINK_LOGIC/LC_CPUWR_HV2M23/SNPS_CG_CELL_WCK1_A_R_REG_9_reg_0 0 0 0    0                4
u_LOGIC_CENTER/LINK_LOGIC/LC_CPUWR_HV2M23/SNPS_CG_CELL_WCK1_A_R_REG_49_reg_0 0 0 0   0                4
u_LOGIC_CENTER/LINK_LOGIC/LC_CPUWR_HV2M23/SNPS_CG_CELL_WCK1_A_R_REG_37_reg_0 0 0 0   0                7
u_LOGIC_CENTER/LINK_LOGIC/LC_CPUWR_HV2M23/SNPS_CG_CELL_WCK1_A_R_REG_40_reg_0 0 0 0   0                4
u_LOGIC_CENTER/LINK_LOGIC/LC_CPUWR_HV2M23/SNPS_CG_CELL_WCK1_A_R_REG_45_reg_0 0 0 0   0                4
u_LOGIC_CENTER/LINK_LOGIC/LC_CPUWR_HV2M23/SNPS_CG_CELL_WCK1_A_R_REG_60_reg_0 0 0 0   0                4
u_LOGIC_CENTER/LINK_LOGIC/LC_CPUWR_HV2M23/SNPS_CG_CELL_WCK1_A_R_REG_38_reg_0 0 0 0   0                4
u_LOGIC_CENTER/LINK_LOGIC/LC_CPUWR_HV2M23/SNPS_CG_CELL_WCK1_A_R_REG_41_reg_0 0 0 0   0                4
u_LOGIC_CENTER/LINK_LOGIC/LC_CPUWR_HV2M23/SNPS_CG_CELL_WCK1_A_R_REG_46_reg_0 0 0 0   0                4
u_LOGIC_CENTER/LINK_LOGIC/U_SYNC_L0L1 243.00         0.0078           0              0                715
u_LOGIC_CENTER/LINK_LOGIC/U_SYNC_L0L1/U_L0_CIRC_DELAY_BUF 295.36 0.0095 0            0                393
u_LOGIC_CENTER/LINK_LOGIC/U_SYNC_L0L1/U_L0_CIRC_DELAY_BUF/SNPS_CG_CELL_DCLK0_L0_BUF4_reg_0 2058.25 0.066 0 0 4
u_LOGIC_CENTER/LINK_LOGIC/U_SYNC_L0L1/U_L0_CIRC_DELAY_BUF/SNPS_CG_CELL_DCLK0_L0_BUF_CNT_FIX_SEL_reg_0 1067 0.034 0 0 6
u_LOGIC_CENTER/LINK_LOGIC/U_SYNC_L0L1/U_L0_CIRC_DELAY_BUF/SNPS_CG_CELL_DCLK0_L0_BUF0_reg_0 2057.50 0.066 0 0 4
u_LOGIC_CENTER/LINK_LOGIC/U_SYNC_L0L1/U_L0_CIRC_DELAY_BUF/SNPS_CG_CELL_DCLK0_L0_BUF5_reg_0 2057.75 0.066 0 0 4
u_LOGIC_CENTER/LINK_LOGIC/U_SYNC_L0L1/U_L0_CIRC_DELAY_BUF/SNPS_CG_CELL_DCLK0_L0_BUF1_reg_0 2057.50 0.066 0 0 4
u_LOGIC_CENTER/LINK_LOGIC/U_SYNC_L0L1/U_L0_CIRC_DELAY_BUF/SNPS_CG_CELL_DCLK0_L0_BUF6_reg_0 2057.50 0.066 0 0 4
u_LOGIC_CENTER/LINK_LOGIC/U_SYNC_L0L1/U_L0_CIRC_DELAY_BUF/SNPS_CG_CELL_DCLK0_L0_BUF2_reg_0 2057.75 0.066 0 0 4
u_LOGIC_CENTER/LINK_LOGIC/U_SYNC_L0L1/U_L0_CIRC_DELAY_BUF/SNPS_CG_CELL_DCLK0_L0_BUF_CNT_SEL_reg_0 1623 0.052 0 0 4
u_LOGIC_CENTER/LINK_LOGIC/U_SYNC_L0L1/U_L0_CIRC_DELAY_BUF/SNPS_CG_CELL_DCLK0_L0_BUF3_reg_0 2058.25 0.066 0 0 4
u_LOGIC_CENTER/LINK_LOGIC/U_SYNC_L0L1/SNPS_CG_CELL_DCLK1_L1_BUF1_reg_0 2667.75 0.086 0 0              4
u_LOGIC_CENTER/LINK_LOGIC/U_SYNC_L0L1/SNPS_CG_CELL_DCLK1_L1_BUF2_reg_0 2667.50 0.086 0 0              4
u_LOGIC_CENTER/LINK_LOGIC/LC_CPUWR_HV2M23_VGMA 109.13 0.0035          0              0                327
u_LOGIC_CENTER/LINK_LOGIC/LC_CPUWR_HV2M23_VGMA/SNPS_CG_CELL_WCK1_A_R_REG_30_reg_0 0 0 0 0             4
u_LOGIC_CENTER/LINK_LOGIC/LC_CPUWR_HV2M23_VGMA/SNPS_CG_CELL_WCK1_A_R_REG_17_reg_0 0 0 0 0             4
u_LOGIC_CENTER/LINK_LOGIC/LC_CPUWR_HV2M23_VGMA/SNPS_CG_CELL_WCK1_A_R_REG_29_reg_0 0 0 0 0             4
u_LOGIC_CENTER/LINK_LOGIC/LC_CPUWR_HV2M23_VGMA/SNPS_CG_CELL_WCK1_A_R_REG_19_reg_0 0 0 0 0             4
u_LOGIC_CENTER/LINK_LOGIC/LC_CPUWR_HV2M23_VGMA/SNPS_CG_CELL_WCK1_A_R_REG_16_reg_0 0 0 0 0             4
u_LOGIC_CENTER/LINK_LOGIC/LC_CPUWR_HV2M23_VGMA/SNPS_CG_CELL_WCK1_A_R_REG_28_reg_0 0 0 0 0             4
u_LOGIC_CENTER/LINK_LOGIC/LC_CPUWR_HV2M23_VGMA/SNPS_CG_CELL_WCK1_A_R_REG_25_reg_0 0 0 0 0             4
u_LOGIC_CENTER/LINK_LOGIC/LC_CPUWR_HV2M23_VGMA/SNPS_CG_CELL_WCK1_A_R_REG_18_reg_0 0 0 0 0             4
u_LOGIC_CENTER/LINK_LOGIC/LC_CPUWR_HV2M23_VGMA/SNPS_CG_CELL_WCK1_A_R_REG_15_reg_0 0 0 0 0             4
u_LOGIC_CENTER/LINK_LOGIC/LC_CPUWR_HV2M23_VGMA/SNPS_CG_CELL_WCK1_A_R_REG_27_reg_0 0 0 0 0             4
u_LOGIC_CENTER/LINK_LOGIC/LC_CPUWR_HV2M23_VGMA/SNPS_CG_CELL_WCK1_A_R_REG_24_reg_0 0 0 0 0             4
u_LOGIC_CENTER/LINK_LOGIC/LC_CPUWR_HV2M23_VGMA/SNPS_CG_CELL_WCK1_A_R_REG_14_reg_0 0 0 0 0             4
u_LOGIC_CENTER/LINK_LOGIC/LC_CPUWR_HV2M23_VGMA/SNPS_CG_CELL_WCK1_A_R_REG_26_reg_0 0 0 0 0             4
u_LOGIC_CENTER/LINK_LOGIC/LC_CPUWR_HV2M23_VGMA/SNPS_CG_CELL_WCK1_A_R_REG_23_reg_0 0 0 0 0             4
u_LOGIC_CENTER/LINK_LOGIC/LC_CPUWR_HV2M23_VGMA/SNPS_CG_CELL_WCK1_A_R_REG_20_reg_0 0 0 0 0             4
u_LOGIC_CENTER/LINK_LOGIC/LC_CPUWR_HV2M23_VGMA/SNPS_CG_CELL_WCK1_A_R_REG_13_reg_0 0 0 0 0             4
u_LOGIC_CENTER/LINK_LOGIC/LC_CPUWR_HV2M23_VGMA/SNPS_CG_CELL_WCK1_A_R_REG_22_reg_0 0 0 0 0             4
u_LOGIC_CENTER/LINK_LOGIC/LC_CPUWR_HV2M23_VGMA/SNPS_CG_CELL_WCK1_A_R_REG_21_reg_0 0 0 0 0             4
u_LOGIC_CENTER/CENTER1            363.13             0.012            0.26           8.3e-06          3326
u_LOGIC_CENTER/CENTER1/TOTAL_DTCTL 351.96            0.011            0.10           3.2e-06          1680
u_LOGIC_CENTER/CENTER1/TOTAL_DTCTL/DTCTL_L1_COMB 1497.70 0.048        0              0                46
u_LOGIC_CENTER/CENTER1/TOTAL_DTCTL/DTCTL_L0 315.35   0.01             0.17           5.5e-06          955
u_LOGIC_CENTER/CENTER1/TOTAL_DTCTL/DTCTL_L0/SNPS_CG_CELL_DTCLK_CH_CNT_pre_reg_0 2014.00 0.065 0 0     4
u_LOGIC_CENTER/CENTER1/TOTAL_DTCTL/DTCTL_L0/DPLC_PRE_REV 344.22 0.011 0              0                109
u_LOGIC_CENTER/CENTER1/TOTAL_DTCTL/DTCTL_L0/u_H120VMAP_H120V_CH1446_1440 220.37 0.0071 0 0            242
u_LOGIC_CENTER/CENTER1/TOTAL_DTCTL/DTCTL_L0/CG_CELL_DTCLK 2076.50 0.067 0            0                4
u_LOGIC_CENTER/CENTER1/TOTAL_DTCTL/DTCTL_L0/CG_CELL_DTCLK_1P 1039.50 0.034 0         0                4
u_LOGIC_CENTER/CENTER1/TOTAL_DTCTL/DTCTL_L1 388.45   0.013            0.01           3.7e-07          443
u_LOGIC_CENTER/CENTER1/TOTAL_DTCTL/DTCTL_L1/CG_CELL_DTCLK 2076.50 0.067 0            0                4
u_LOGIC_CENTER/CENTER1/TOTAL_DTCTL/DTCTL_COMB 287.10 0.0093           0              0                258
u_LOGIC_CENTER/CENTER1/TOTAL_DTCTL/DTCTL_L0_COMB 499.35 0.016         0              0                208
u_LOGIC_CENTER/CENTER1/DRD_OD     466.65             0.015            0.48           1.6e-05          1419
u_LOGIC_CENTER/CENTER1/DRD_OD/DRD_OD_ADD_WEIGHT 283.77 0.0092         0.18           5.9e-06          661
u_LOGIC_CENTER/CENTER1/DRD_OD/DRD_OD_ADD_WEIGHT/SNPS_CG_CELL_CLK_L0_line_cnt_od_reg_0 2.50 8.1e-05 0 0 4
u_LOGIC_CENTER/CENTER1/DRD_OD/DRD_OD_ADD_WEIGHT/SNPS_CG_CELL_CLK_L0_shift_sel_od_reg_0 0 0 0 0        4
u_LOGIC_CENTER/CENTER1/DRD_OD/DRD_OD_PATTERN_DETECT 171.16 0.0055     0              0                287
u_LOGIC_CENTER/CENTER1/DRD_OD/CG_CELL_CLK_L0_OD_WG 1067 0.034         0              0                4
u_LOGIC_CENTER/CENTER1/DRD_OD/SNPS_CG_CELL_DTCLK_L1_DATAI_L1_OD_WEIGHT_d1_reg_0 2014.00 0.065 0 0     4
u_LOGIC_CENTER/CENTER1/DRD_OD/SNPS_CG_CELL_DTCLK_L0_DATAI_L0_OD_WEIGHT_d1_reg_0 2014.00 0.065 0 0     4
u_LOGIC_CENTER/CENTER1/ANCTL_COMB 1.23               4e-05            0              0                147
u_LOGIC_CENTER/CENTER1/ANCTL      176.98             0.0057           0              0                146
u_LOGIC_CENTER/CENTER1/ANCTL/SNPS_CG_CELL_CLK_OD_time_cnt_reg_0 3201 0.1 0           0                4
u_LOGIC_CENTER/BISR_OBUF_L        19.25              0.00062          0              0                107
u_LOGIC_CENTER/BISR_OBUF_R        9.59               0.00031          0              0                107
APR_CDM_0                         0                  0                0              0                0
APR_CDM_1                         0                  0                0              0                0
APR_CDM_2                         0                  0                0              0                0
APR_CDM_3                         0                  0                0              0                0
APR_CDM_4                         0                  0                0              0                0
APR_CDM_5                         0                  0                0              0                0
APR_CDM_6                         0                  0                0              0                0
APR_CDM_7                         0                  0                0              0                0
APR_CDM_8                         0                  0                0              0                0
APR_CDM_9                         0                  0                0              0                0
------------------------------------------------------------------------------------------------------------------------
1
