Warning: The hierarchical cell 'APR_CDM_10' is an empty cell (PWR-278)
Warning: The hierarchical cell 'APR_CDM_11' is an empty cell (PWR-278)
Warning: The hierarchical cell 'APR_CDM_12' is an empty cell (PWR-278)
Warning: The hierarchical cell 'APR_CDM_13' is an empty cell (PWR-278)
Warning: The hierarchical cell 'APR_CDM_14' is an empty cell (PWR-278)
Warning: The hierarchical cell 'APR_CDM_15' is an empty cell (PWR-278)
Warning: The hierarchical cell 'APR_CDM_16' is an empty cell (PWR-278)
Warning: The hierarchical cell 'APR_CDM_17' is an empty cell (PWR-278)
Warning: The hierarchical cell 'APR_CDM_18' is an empty cell (PWR-278)
Warning: The hierarchical cell 'APR_CDM_19' is an empty cell (PWR-278)
Warning: The hierarchical cell 'APR_CDM_20' is an empty cell (PWR-278)
Warning: The hierarchical cell 'APR_CDM_21' is an empty cell (PWR-278)
Warning: The hierarchical cell 'APR_CDM_22' is an empty cell (PWR-278)
Warning: The hierarchical cell 'APR_CDM_23' is an empty cell (PWR-278)
Warning: The hierarchical cell 'APR_CDM_24' is an empty cell (PWR-278)
Warning: The hierarchical cell 'APR_CDM_25' is an empty cell (PWR-278)
Warning: The hierarchical cell 'APR_CDM_26' is an empty cell (PWR-278)
Warning: The hierarchical cell 'APR_CDM_27' is an empty cell (PWR-278)
Warning: The hierarchical cell 'APR_CDM_28' is an empty cell (PWR-278)
Warning: The hierarchical cell 'APR_CDM_29' is an empty cell (PWR-278)
Warning: The hierarchical cell 'APR_CDM_30' is an empty cell (PWR-278)
Warning: The hierarchical cell 'APR_CDM_31' is an empty cell (PWR-278)
Warning: The hierarchical cell 'APR_CDM_32' is an empty cell (PWR-278)
Warning: The hierarchical cell 'APR_CDM_33' is an empty cell (PWR-278)
Warning: The hierarchical cell 'APR_CDM_34' is an empty cell (PWR-278)
Warning: The hierarchical cell 'APR_CDM_35' is an empty cell (PWR-278)
Warning: The hierarchical cell 'APR_CDM_36' is an empty cell (PWR-278)
Warning: The hierarchical cell 'APR_CDM_37' is an empty cell (PWR-278)
Warning: The hierarchical cell 'APR_CDM_38' is an empty cell (PWR-278)
Warning: The hierarchical cell 'APR_CDM_39' is an empty cell (PWR-278)
Warning: The hierarchical cell 'APR_CDM_40' is an empty cell (PWR-278)
Warning: The hierarchical cell 'APR_CDM_41' is an empty cell (PWR-278)
Warning: The hierarchical cell 'APR_CDM_42' is an empty cell (PWR-278)
Warning: The hierarchical cell 'APR_CDM_43' is an empty cell (PWR-278)
Warning: The hierarchical cell 'APR_CDM_44' is an empty cell (PWR-278)
Warning: The hierarchical cell 'APR_CDM_45' is an empty cell (PWR-278)
Warning: The hierarchical cell 'APR_CDM_46' is an empty cell (PWR-278)
Warning: The hierarchical cell 'APR_CDM_47' is an empty cell (PWR-278)
Warning: The hierarchical cell 'APR_CDM_48' is an empty cell (PWR-278)
Warning: The hierarchical cell 'APR_CDM_49' is an empty cell (PWR-278)
Warning: The hierarchical cell 'APR_CDM_50' is an empty cell (PWR-278)
Warning: The hierarchical cell 'APR_CDM_51' is an empty cell (PWR-278)
Warning: The hierarchical cell 'APR_CDM_0' is an empty cell (PWR-278)
Warning: The hierarchical cell 'APR_CDM_1' is an empty cell (PWR-278)
Warning: The hierarchical cell 'APR_CDM_2' is an empty cell (PWR-278)
Warning: The hierarchical cell 'APR_CDM_3' is an empty cell (PWR-278)
Warning: The hierarchical cell 'APR_CDM_4' is an empty cell (PWR-278)
Warning: The hierarchical cell 'APR_CDM_5' is an empty cell (PWR-278)
Warning: The hierarchical cell 'APR_CDM_6' is an empty cell (PWR-278)
Warning: The hierarchical cell 'APR_CDM_7' is an empty cell (PWR-278)
Warning: The hierarchical cell 'APR_CDM_8' is an empty cell (PWR-278)
Warning: The hierarchical cell 'APR_CDM_9' is an empty cell (PWR-278)
Warning: The hierarchical cell 'u_LOGIC_CENTER/BISR_OBUF_L' is an empty cell (PWR-278)
Information: Running time_based power analysis... (PWR-601)
Information: The waveform options are:
		File name:	primetime_px.fsdb
		File format:	fsdb
		Time interval:	0.001ns
		Hierarchical level:	all

Information: Power analysis is running, please wait ...

Information: analysis is done for time window (445500ns - 460600ns)

Warning: Switching activity for constant net N_5__IOBUF is reset by SAIF/VCD.  (PSW-208)
Warning: Switching activity for constant net DPSEL_I is reset by SAIF/VCD.  (PSW-208)
Warning: Switching activity for constant net u_LOGIC_CENTER/FE_OFN361_I_DP_SEL is reset by SAIF/VCD.  (PSW-208)
Warning: Switching activity for constant net u_LOGIC_CENTER/FE_OFN686_n is reset by SAIF/VCD.  (PSW-208)
Warning: Switching activity for constant net u_LOGIC_CENTER/I_DP_SEL is reset by SAIF/VCD.  (PSW-208)
Warning: Switching activity for constant net u_LOGIC_CENTER/FE_OFN207_N_5__IOBUF is reset by SAIF/VCD.  (PSW-208)
Warning: Switching activity for constant net u_LOGIC_CENTER/FE_OFN205_N_5__IOBUF is reset by SAIF/VCD.  (PSW-208)
Warning: Switching activity for constant net u_LOGIC_CENTER/FE_OFN683_n is reset by SAIF/VCD.  (PSW-208)
Warning: Switching activity for constant net u_LOGIC_CENTER/CENTER1/DRD_OD/n216 is reset by SAIF/VCD.  (PSW-208)
Warning: Switching activity for constant net u_LOGIC_CENTER/CENTER1/DRD_OD/n217 is reset by SAIF/VCD.  (PSW-208)
Warning: Switching activity for constant net u_LOGIC_CENTER/CENTER1/DRD_OD/n218 is reset by SAIF/VCD.  (PSW-208)
Warning: Switching activity for constant net u_LOGIC_CENTER/CENTER1/DRD_OD/n12 is reset by SAIF/VCD.  (PSW-208)
Warning: Switching activity for constant net u_LOGIC_CENTER/CENTER1/DRD_OD/n15 is reset by SAIF/VCD.  (PSW-208)
Warning: Switching activity for constant net u_LOGIC_CENTER/CENTER1/DRD_OD/n17 is reset by SAIF/VCD.  (PSW-208)
Warning: Switching activity for constant net u_LOGIC_CENTER/CENTER1/DRD_OD/n223 is reset by SAIF/VCD.  (PSW-208)
Warning: Switching activity for constant net u_LOGIC_CENTER/CENTER1/DRD_OD/n225 is reset by SAIF/VCD.  (PSW-208)
Warning: Switching activity for constant net u_LOGIC_CENTER/CENTER1/DRD_OD/FE_OFN398_n216 is reset by SAIF/VCD.  (PSW-208)
Warning: Switching activity for constant net u_LOGIC_CENTER/CENTER1/DRD_OD/n20 is reset by SAIF/VCD.  (PSW-208)
Warning: Switching activity for constant net u_LOGIC_CENTER/CENTER1/DRD_OD/n23 is reset by SAIF/VCD.  (PSW-208)
Warning: Switching activity for constant net u_LOGIC_CENTER/CENTER1/DRD_OD/n26 is reset by SAIF/VCD.  (PSW-208)
Warning: Switching activity for constant net u_LOGIC_CENTER/CENTER1/DRD_OD/n29 is reset by SAIF/VCD.  (PSW-208)
Warning: Switching activity for constant net u_LOGIC_CENTER/CENTER1/DRD_OD/n32 is reset by SAIF/VCD.  (PSW-208)
Warning: Switching activity for constant net u_LOGIC_CENTER/CENTER1/DRD_OD/n35 is reset by SAIF/VCD.  (PSW-208)
Warning: Switching activity for constant net u_LOGIC_CENTER/CENTER1/DRD_OD/n39 is reset by SAIF/VCD.  (PSW-208)
Warning: Switching activity for constant net u_LOGIC_CENTER/CENTER1/DRD_OD/FE_OFN399_n216 is reset by SAIF/VCD.  (PSW-208)
Warning: Switching activity for constant net u_LOGIC_CENTER/CENTER1/DRD_OD/n41 is reset by SAIF/VCD.  (PSW-208)
Warning: Switching activity for constant net u_LOGIC_CENTER/CENTER1/DRD_OD/n44 is reset by SAIF/VCD.  (PSW-208)
Warning: Switching activity for constant net u_LOGIC_CENTER/CENTER1/DRD_OD/n47 is reset by SAIF/VCD.  (PSW-208)
Warning: Switching activity for constant net u_LOGIC_CENTER/CENTER1/DRD_OD/FE_PHN105_n199 is reset by SAIF/VCD.  (PSW-208)
Warning: Switching activity for constant net u_LOGIC_CENTER/CENTER1/DRD_OD/FE_OFN208_N_5__IOBUF is reset by SAIF/VCD.  (PSW-208)
Warning: Switching activity for constant net u_LOGIC_CENTER/CENTER1/DRD_OD/n50 is reset by SAIF/VCD.  (PSW-208)
Warning: Switching activity for constant net u_LOGIC_CENTER/CENTER1/DRD_OD/n53 is reset by SAIF/VCD.  (PSW-208)
Warning: Switching activity for constant net u_LOGIC_CENTER/CENTER1/DRD_OD/n56 is reset by SAIF/VCD.  (PSW-208)
Warning: Switching activity for constant net u_LOGIC_CENTER/CENTER1/DRD_OD/n59 is reset by SAIF/VCD.  (PSW-208)
Warning: Switching activity for constant net u_LOGIC_CENTER/CENTER1/DRD_OD/FE_PHN110_n197 is reset by SAIF/VCD.  (PSW-208)
Warning: Switching activity for constant net u_LOGIC_CENTER/CENTER1/DRD_OD/n62 is reset by SAIF/VCD.  (PSW-208)
Warning: Switching activity for constant net u_LOGIC_CENTER/CENTER1/DRD_OD/n65 is reset by SAIF/VCD.  (PSW-208)
Warning: Switching activity for constant net u_LOGIC_CENTER/CENTER1/DRD_OD/n69 is reset by SAIF/VCD.  (PSW-208)
Warning: Switching activity for constant net u_LOGIC_CENTER/CENTER1/DRD_OD/FE_PHN112_n170 is reset by SAIF/VCD.  (PSW-208)
Warning: Switching activity for constant net u_LOGIC_CENTER/CENTER1/DRD_OD/n73 is reset by SAIF/VCD.  (PSW-208)
Warning: Switching activity for constant net u_LOGIC_CENTER/CENTER1/DRD_OD/n77 is reset by SAIF/VCD.  (PSW-208)
Warning: Switching activity for constant net u_LOGIC_CENTER/CENTER1/DRD_OD/FE_PHN161_n196 is reset by SAIF/VCD.  (PSW-208)
Warning: Switching activity for constant net u_LOGIC_CENTER/CENTER1/DRD_OD/n81 is reset by SAIF/VCD.  (PSW-208)
Warning: Switching activity for constant net u_LOGIC_CENTER/CENTER1/DRD_OD/n85 is reset by SAIF/VCD.  (PSW-208)
Warning: Switching activity for constant net u_LOGIC_CENTER/CENTER1/DRD_OD/FE_PHN109_n168 is reset by SAIF/VCD.  (PSW-208)
Warning: Switching activity for constant net u_LOGIC_CENTER/CENTER1/DRD_OD/n89 is reset by SAIF/VCD.  (PSW-208)
Warning: Switching activity for constant net u_LOGIC_CENTER/CENTER1/DRD_OD/FE_PHN113_n176 is reset by SAIF/VCD.  (PSW-208)
Warning: Switching activity for constant net u_LOGIC_CENTER/CENTER1/DRD_OD/FE_PHN163_n176 is reset by SAIF/VCD.  (PSW-208)
Warning: Switching activity for constant net u_LOGIC_CENTER/CENTER1/DRD_OD/n92 is reset by SAIF/VCD.  (PSW-208)
Warning: Switching activity for constant net u_LOGIC_CENTER/CENTER1/DRD_OD/n93 is reset by SAIF/VCD.  (PSW-208)
Warning: Switching activity for constant net u_LOGIC_CENTER/CENTER1/DRD_OD/n96 is reset by SAIF/VCD.  (PSW-208)
Warning: Switching activity for constant net u_LOGIC_CENTER/CENTER1/DRD_OD/n99 is reset by SAIF/VCD.  (PSW-208)
Warning: Switching activity for constant net u_LOGIC_CENTER/CENTER1/DRD_OD/n101 is reset by SAIF/VCD.  (PSW-208)
Warning: Switching activity for constant net u_LOGIC_CENTER/CENTER1/DRD_OD/FE_PHN108_n195 is reset by SAIF/VCD.  (PSW-208)
Warning: Switching activity for constant net u_LOGIC_CENTER/CENTER1/DRD_OD/n104 is reset by SAIF/VCD.  (PSW-208)
Warning: Switching activity for constant net u_LOGIC_CENTER/CENTER1/DRD_OD/n107 is reset by SAIF/VCD.  (PSW-208)
Warning: Switching activity for constant net u_LOGIC_CENTER/CENTER1/DRD_OD/FE_PHN164_n169 is reset by SAIF/VCD.  (PSW-208)
Warning: Switching activity for constant net u_LOGIC_CENTER/CENTER1/DRD_OD/n111 is reset by SAIF/VCD.  (PSW-208)
Warning: Switching activity for constant net u_LOGIC_CENTER/CENTER1/DRD_OD/n115 is reset by SAIF/VCD.  (PSW-208)
Warning: Switching activity for constant net u_LOGIC_CENTER/CENTER1/DRD_OD/n119 is reset by SAIF/VCD.  (PSW-208)
Warning: Switching activity for constant net u_LOGIC_CENTER/CENTER1/DRD_OD/n7 is reset by SAIF/VCD.  (PSW-208)
Warning: Switching activity for constant net u_LOGIC_CENTER/CENTER1/DRD_OD/n9 is reset by SAIF/VCD.  (PSW-208)
Warning: Switching activity for constant net u_LOGIC_CENTER/CENTER1/DRD_OD/FE_PHN159_n194 is reset by SAIF/VCD.  (PSW-208)
Warning: Switching activity for constant net u_LOGIC_CENTER/CENTER1/DRD_OD/FE_OFN456_n92 is reset by SAIF/VCD.  (PSW-208)
Warning: Switching activity for constant net u_LOGIC_CENTER/CENTER1/DRD_OD/n123 is reset by SAIF/VCD.  (PSW-208)
Warning: Switching activity for constant net u_LOGIC_CENTER/CENTER1/DRD_OD/n127 is reset by SAIF/VCD.  (PSW-208)
Warning: Switching activity for constant net u_LOGIC_CENTER/CENTER1/DRD_OD/FE_PHN115_n173 is reset by SAIF/VCD.  (PSW-208)
Warning: Switching activity for constant net u_LOGIC_CENTER/CENTER1/DRD_OD/n131 is reset by SAIF/VCD.  (PSW-208)
Warning: Switching activity for constant net u_LOGIC_CENTER/CENTER1/DRD_OD/n137 is reset by SAIF/VCD.  (PSW-208)
Warning: Switching activity for constant net u_LOGIC_CENTER/CENTER1/DRD_OD/FE_PHN120_n171 is reset by SAIF/VCD.  (PSW-208)
Warning: Switching activity for constant net u_LOGIC_CENTER/CENTER1/DRD_OD/n140 is reset by SAIF/VCD.  (PSW-208)
Warning: Switching activity for constant net u_LOGIC_CENTER/CENTER1/DRD_OD/n144 is reset by SAIF/VCD.  (PSW-208)
Warning: Switching activity for constant net u_LOGIC_CENTER/CENTER1/DRD_OD/FE_PHN116_n177 is reset by SAIF/VCD.  (PSW-208)
Warning: Switching activity for constant net u_LOGIC_CENTER/CENTER1/DRD_OD/n148 is reset by SAIF/VCD.  (PSW-208)
Warning: Switching activity for constant net u_LOGIC_CENTER/CENTER1/DRD_OD/FE_PHN92_n194 is reset by SAIF/VCD.  (PSW-208)
Warning: Switching activity for constant net u_LOGIC_CENTER/CENTER1/DRD_OD/FE_PHN165_n199 is reset by SAIF/VCD.  (PSW-208)
Warning: Switching activity for constant net u_LOGIC_CENTER/CENTER1/DRD_OD/n152 is reset by SAIF/VCD.  (PSW-208)
Warning: Switching activity for constant net u_LOGIC_CENTER/CENTER1/DRD_OD/n157 is reset by SAIF/VCD.  (PSW-208)
Warning: Switching activity for constant net u_LOGIC_CENTER/CENTER1/DRD_OD/FE_PHN121_n175 is reset by SAIF/VCD.  (PSW-208)
Warning: Switching activity for constant net u_LOGIC_CENTER/CENTER1/DRD_OD/n168 is reset by SAIF/VCD.  (PSW-208)
Warning: Switching activity for constant net u_LOGIC_CENTER/CENTER1/DRD_OD/n169 is reset by SAIF/VCD.  (PSW-208)
Warning: Switching activity for constant net u_LOGIC_CENTER/CENTER1/DRD_OD/n170 is reset by SAIF/VCD.  (PSW-208)
Warning: Switching activity for constant net u_LOGIC_CENTER/CENTER1/DRD_OD/FE_OFN462_n223 is reset by SAIF/VCD.  (PSW-208)
Warning: Switching activity for constant net u_LOGIC_CENTER/CENTER1/DRD_OD/n171 is reset by SAIF/VCD.  (PSW-208)
Warning: Switching activity for constant net u_LOGIC_CENTER/CENTER1/DRD_OD/n172 is reset by SAIF/VCD.  (PSW-208)
Warning: Switching activity for constant net u_LOGIC_CENTER/CENTER1/DRD_OD/n173 is reset by SAIF/VCD.  (PSW-208)
Warning: Switching activity for constant net u_LOGIC_CENTER/CENTER1/DRD_OD/n174 is reset by SAIF/VCD.  (PSW-208)
Warning: Switching activity for constant net u_LOGIC_CENTER/CENTER1/DRD_OD/n175 is reset by SAIF/VCD.  (PSW-208)
Warning: Switching activity for constant net u_LOGIC_CENTER/CENTER1/DRD_OD/n176 is reset by SAIF/VCD.  (PSW-208)
Warning: Switching activity for constant net u_LOGIC_CENTER/CENTER1/DRD_OD/n177 is reset by SAIF/VCD.  (PSW-208)
Warning: Switching activity for constant net u_LOGIC_CENTER/CENTER1/DRD_OD/FE_PHN118_n174 is reset by SAIF/VCD.  (PSW-208)
Warning: Switching activity for constant net u_LOGIC_CENTER/CENTER1/DRD_OD/FE_PHN119_n172 is reset by SAIF/VCD.  (PSW-208)
Warning: Switching activity for constant net u_LOGIC_CENTER/CENTER1/DRD_OD/n194 is reset by SAIF/VCD.  (PSW-208)
Warning: Switching activity for constant net u_LOGIC_CENTER/CENTER1/DRD_OD/n195 is reset by SAIF/VCD.  (PSW-208)
Warning: Switching activity for constant net u_LOGIC_CENTER/CENTER1/DRD_OD/n196 is reset by SAIF/VCD.  (PSW-208)
Warning: Switching activity for constant net u_LOGIC_CENTER/CENTER1/DRD_OD/FE_PHN101_n196 is reset by SAIF/VCD.  (PSW-208)
Warning: Switching activity for constant net u_LOGIC_CENTER/CENTER1/DRD_OD/n197 is reset by SAIF/VCD.  (PSW-208)
Warning: Switching activity for constant net u_LOGIC_CENTER/CENTER1/DRD_OD/n198 is reset by SAIF/VCD.  (PSW-208)
Warning: Switching activity for constant net u_LOGIC_CENTER/CENTER1/DRD_OD/n199 is reset by SAIF/VCD.  (PSW-208)
Warning: Switching activity for constant net u_LOGIC_CENTER/CENTER1/DRD_OD/FE_PHN103_n169 is reset by SAIF/VCD.  (PSW-208)
Warning: Switching activity for constant net u_LOGIC_CENTER/CENTER1/DRD_OD/n203 is reset by SAIF/VCD.  (PSW-208)
Warning: Switching activity for constant net u_LOGIC_CENTER/CENTER1/DRD_OD/n207 is reset by SAIF/VCD.  (PSW-208)
Warning: Switching activity for constant net u_LOGIC_CENTER/CENTER1/DRD_OD/FE_PHN102_n198 is reset by SAIF/VCD.  (PSW-208)
Warning: Switching activity for constant net u_LOGIC_CENTER/CENTER1/DRD_OD/n211 is reset by SAIF/VCD.  (PSW-208)
Warning: Switching activity for constant net u_LOGIC_CENTER/CENTER1/TOTAL_DTCTL/DTCTL_L1/n52 is reset by SAIF/VCD.  (PSW-208)
Warning: Switching activity for constant net u_LOGIC_CENTER/CENTER1/TOTAL_DTCTL/DTCTL_L0/n28 is reset by SAIF/VCD.  (PSW-208)
Warning: Switching activity for constant net u_LOGIC_CENTER/CENTER1/TOTAL_DTCTL/DTCTL_L0/n34 is reset by SAIF/VCD.  (PSW-208)
Warning: Switching activity for constant net u_LOGIC_CENTER/CENTER1/TOTAL_DTCTL/DTCTL_L0/n49 is reset by SAIF/VCD.  (PSW-208)
Warning: Switching activity for constant net u_LOGIC_CENTER/CENTER1/TOTAL_DTCTL/DTCTL_L0/FE_OFN411_n143 is reset by SAIF/VCD.  (PSW-208)
Warning: Switching activity for constant net u_LOGIC_CENTER/CENTER1/TOTAL_DTCTL/DTCTL_L0/n66 is reset by SAIF/VCD.  (PSW-208)
Warning: Switching activity for constant net u_LOGIC_CENTER/CENTER1/TOTAL_DTCTL/DTCTL_L0/n98 is reset by SAIF/VCD.  (PSW-208)
Warning: Switching activity for constant net u_LOGIC_CENTER/CENTER1/TOTAL_DTCTL/DTCTL_L0/n112 is reset by SAIF/VCD.  (PSW-208)
Warning: Switching activity for constant net u_LOGIC_CENTER/CENTER1/TOTAL_DTCTL/DTCTL_L0/n135 is reset by SAIF/VCD.  (PSW-208)
Warning: Switching activity for constant net u_LOGIC_CENTER/CENTER1/TOTAL_DTCTL/DTCTL_L0/n143 is reset by SAIF/VCD.  (PSW-208)
Warning: Switching activity for constant net u_LOGIC_CENTER/CENTER1/TOTAL_DTCTL/DTCTL_L0/n149 is reset by SAIF/VCD.  (PSW-208)
Warning: Switching activity for constant net u_LOGIC_CENTER/LINK_LOGIC/CSPI_CMD_ALIGN_L1/iSP_UTC_DET_L1/FE_OFN740_n is reset by SAIF/VCD.  (PSW-208)
Warning: Switching activity for constant net u_LOGIC_CENTER/LINK_LOGIC/CSPI_CMD_ALIGN_L1/iSP_UTC_DET_L1/FE_OFN741_n is reset by SAIF/VCD.  (PSW-208)
Warning: Switching activity for constant net u_LOGIC_CENTER/INBUF_U0/I_RSTN_1P is reset by SAIF/VCD.  (PSW-208)
1
