Warning: The hierarchical cell 'APR_CDM_10' is an empty cell (PWR-278)
Warning: The hierarchical cell 'APR_CDM_11' is an empty cell (PWR-278)
Warning: The hierarchical cell 'APR_CDM_12' is an empty cell (PWR-278)
Warning: The hierarchical cell 'APR_CDM_13' is an empty cell (PWR-278)
Warning: The hierarchical cell 'APR_CDM_14' is an empty cell (PWR-278)
Warning: The hierarchical cell 'APR_CDM_15' is an empty cell (PWR-278)
Warning: The hierarchical cell 'APR_CDM_16' is an empty cell (PWR-278)
Warning: The hierarchical cell 'APR_CDM_17' is an empty cell (PWR-278)
Warning: The hierarchical cell 'APR_CDM_18' is an empty cell (PWR-278)
Warning: The hierarchical cell 'APR_CDM_19' is an empty cell (PWR-278)
Warning: The hierarchical cell 'APR_CDM_20' is an empty cell (PWR-278)
Warning: The hierarchical cell 'APR_CDM_21' is an empty cell (PWR-278)
Warning: The hierarchical cell 'APR_CDM_22' is an empty cell (PWR-278)
Warning: The hierarchical cell 'APR_CDM_23' is an empty cell (PWR-278)
Warning: The hierarchical cell 'APR_CDM_24' is an empty cell (PWR-278)
Warning: The hierarchical cell 'APR_CDM_25' is an empty cell (PWR-278)
Warning: The hierarchical cell 'APR_CDM_26' is an empty cell (PWR-278)
Warning: The hierarchical cell 'APR_CDM_27' is an empty cell (PWR-278)
Warning: The hierarchical cell 'APR_CDM_28' is an empty cell (PWR-278)
Warning: The hierarchical cell 'APR_CDM_29' is an empty cell (PWR-278)
Warning: The hierarchical cell 'APR_CDM_30' is an empty cell (PWR-278)
Warning: The hierarchical cell 'APR_CDM_31' is an empty cell (PWR-278)
Warning: The hierarchical cell 'APR_CDM_32' is an empty cell (PWR-278)
Warning: The hierarchical cell 'APR_CDM_33' is an empty cell (PWR-278)
Warning: The hierarchical cell 'APR_CDM_34' is an empty cell (PWR-278)
Warning: The hierarchical cell 'APR_CDM_35' is an empty cell (PWR-278)
Warning: The hierarchical cell 'APR_CDM_36' is an empty cell (PWR-278)
Warning: The hierarchical cell 'APR_CDM_37' is an empty cell (PWR-278)
Warning: The hierarchical cell 'APR_CDM_38' is an empty cell (PWR-278)
Warning: The hierarchical cell 'APR_CDM_39' is an empty cell (PWR-278)
Warning: The hierarchical cell 'APR_CDM_40' is an empty cell (PWR-278)
Warning: The hierarchical cell 'APR_CDM_41' is an empty cell (PWR-278)
Warning: The hierarchical cell 'APR_CDM_42' is an empty cell (PWR-278)
Warning: The hierarchical cell 'APR_CDM_43' is an empty cell (PWR-278)
Warning: The hierarchical cell 'APR_CDM_44' is an empty cell (PWR-278)
Warning: The hierarchical cell 'APR_CDM_45' is an empty cell (PWR-278)
Warning: The hierarchical cell 'APR_CDM_46' is an empty cell (PWR-278)
Warning: The hierarchical cell 'APR_CDM_47' is an empty cell (PWR-278)
Warning: The hierarchical cell 'APR_CDM_48' is an empty cell (PWR-278)
Warning: The hierarchical cell 'APR_CDM_49' is an empty cell (PWR-278)
Warning: The hierarchical cell 'APR_CDM_50' is an empty cell (PWR-278)
Warning: The hierarchical cell 'APR_CDM_51' is an empty cell (PWR-278)
Warning: The hierarchical cell 'APR_CDM_0' is an empty cell (PWR-278)
Warning: The hierarchical cell 'APR_CDM_1' is an empty cell (PWR-278)
Warning: The hierarchical cell 'APR_CDM_2' is an empty cell (PWR-278)
Warning: The hierarchical cell 'APR_CDM_3' is an empty cell (PWR-278)
Warning: The hierarchical cell 'APR_CDM_4' is an empty cell (PWR-278)
Warning: The hierarchical cell 'APR_CDM_5' is an empty cell (PWR-278)
Warning: The hierarchical cell 'APR_CDM_6' is an empty cell (PWR-278)
Warning: The hierarchical cell 'APR_CDM_7' is an empty cell (PWR-278)
Warning: The hierarchical cell 'APR_CDM_8' is an empty cell (PWR-278)
Warning: The hierarchical cell 'APR_CDM_9' is an empty cell (PWR-278)
Warning: The hierarchical cell 'u_LOGIC_CENTER/BISR_OBUF_L' is an empty cell (PWR-278)
Information: Running time_based power analysis... (PWR-601)
Information: The waveform options are:
		File name:	primetime_px.fsdb
		File format:	fsdb
		Time interval:	0.001ns
		Hierarchical level:	all

Information: Power analysis is running, please wait ...

Information: analysis is done for time window (444600ns - 459600ns)

1
